INFO:werkzeug: * Running on http://127.0.0.1:5000/ (Press CTRL+C to quit)
INFO:werkzeug: * Restarting with watchdog (inotify)
WARNING:werkzeug: * Debugger is active!
INFO:werkzeug: * Debugger PIN: 122-158-031
DEBUG:watchdog.observers.inotify_buffer:in-event <InotifyEvent: src_path=b'/home/rabbia/To-DoList/insertion.py', wd=1, mask=IN_MODIFY, cookie=0, name=insertion.py>
DEBUG:watchdog.observers.inotify_buffer:in-event <InotifyEvent: src_path=b'/home/rabbia/To-DoList/insertion.py', wd=1, mask=IN_MODIFY, cookie=0, name=insertion.py>
INFO:werkzeug: * Detected change in '/home/rabbia/To-DoList/insertion.py', reloading
DEBUG:watchdog.observers.inotify_buffer:in-event <InotifyEvent: src_path=b'/home/rabbia/To-DoList/test.log', wd=1, mask=IN_MODIFY, cookie=0, name=test.log>
DEBUG:watchdog.observers.inotify_buffer:in-event <InotifyEvent: src_path=b'/home/rabbia/To-DoList/test.log', wd=1, mask=IN_MODIFY, cookie=0, name=test.log>
DEBUG:watchdog.observers.inotify_buffer:in-event <InotifyEvent: src_path=b'/home/rabbia/To-DoList/test.log', wd=1, mask=IN_MODIFY, cookie=0, name=test.log>
DEBUG:watchdog.observers.inotify_buffer:in-event <InotifyEvent: src_path=b'/home/rabbia/To-DoList/test.log', wd=1, mask=IN_MODIFY, cookie=0, name=test.log>
DEBUG:watchdog.observers.inotify_buffer:in-event <InotifyEvent: src_path=b'/home/rabbia/To-DoList/test.log', wd=1, mask=IN_MODIFY, cookie=0, name=test.log>
DEBUG:watchdog.observers.inotify_buffer:in-event <InotifyEvent: src_path=b'/home/rabbia/To-DoList/test.log', wd=1, mask=IN_MODIFY, cookie=0, name=test.log>
DEBUG:watchdog.observers.inotify_buffer:in-event <InotifyEvent: src_path=b'/home/rabbia/To-DoList/test.log', wd=1, mask=IN_MODIFY, cookie=0, name=test.log>
INFO:werkzeug: * Detected change in '/home/rabbia/To-DoList/insertion.py', reloading
DEBUG:watchdog.observers.inotify_buffer:in-event <InotifyEvent: src_path=b'/home/rabbia/To-DoList/test.log', wd=1, mask=IN_MODIFY, cookie=0, name=test.log>
DEBUG:watchdog.observers.inotify_buffer:in-event <InotifyEvent: src_path=b'/home/rabbia/To-DoList/test.log', wd=1, mask=IN_MODIFY, cookie=0, name=test.log>
DEBUG:watchdog.observers.inotify_buffer:in-event <InotifyEvent: src_path=b'/home/rabbia/To-DoList/test.log', wd=1, mask=IN_MODIFY, cookie=0, name=test.log>
DEBUG:watchdog.observers.inotify_buffer:in-event <InotifyEvent: src_path=b'/home/rabbia/To-DoList/test.log', wd=1, mask=IN_MODIFY, cookie=0, name=test.log>
DEBUG:watchdog.observers.inotify_buffer:in-event <InotifyEvent: src_path=b'/home/rabbia/To-DoList/test.log', wd=1, mask=IN_MODIFY, cookie=0, name=test.log>
DEBUG:watchdog.observers.inotify_buffer:in-event <InotifyEvent: src_path=b'/home/rabbia/To-DoList/test.log', wd=1, mask=IN_MODIFY, cookie=0, name=test.log>
DEBUG:watchdog.observers.inotify_buffer:in-event <InotifyEvent: src_path=b'/home/rabbia/To-DoList/test.log', wd=1, mask=IN_MODIFY, cookie=0, name=test.log>
DEBUG:watchdog.observers.inotify_buffer:in-event <InotifyEvent: src_path=b'/home/rabbia/To-DoList/test.log', wd=1, mask=IN_MODIFY, cookie=0, name=test.log>
DEBUG:watchdog.observers.inotify_buffer:in-event <InotifyEvent: src_path=b'/home/rabbia/To-DoList/test.log', wd=1, mask=IN_MODIFY, cookie=0, name=test.log>
DEBUG:watchdog.observers.inotify_buffer:in-event <InotifyEvent: src_path=b'/home/rabbia/To-DoList/test.log', wd=1, mask=IN_MODIFY, cookie=0, name=test.log>
DEBUG:watchdog.observers.inotify_buffer:in-event <InotifyEvent: src_path=b'/home/rabbia/To-DoList/test.log', wd=1, mask=IN_MODIFY, cookie=0, name=test.log>
DEBUG:watchdog.observers.inotify_buffer:in-event <InotifyEvent: src_path=b'/home/rabbia/To-DoList/test.log', wd=1, mask=IN_MODIFY, cookie=0, name=test.log>
DEBUG:watchdog.observers.inotify_buffer:in-event <InotifyEvent: src_path=b'/home/rabbia/To-DoList/test.log', wd=1, mask=IN_MODIFY, cookie=0, name=test.log>
DEBUG:watchdog.observers.inotify_buffer:in-event <InotifyEvent: src_path=b'/home/rabbia/To-DoList/test.log', wd=1, mask=IN_MODIFY, cookie=0, name=test.log>
DEBUG:watchdog.observers.inotify_buffer:in-event <InotifyEvent: src_path=b'/home/rabbia/To-DoList/test.log', wd=1, mask=IN_MODIFY, cookie=0, name=test.log>
DEBUG:watchdog.observers.inotify_buffer:in-event <InotifyEvent: src_path=b'/home/rabbia/To-DoList/test.log', wd=1, mask=IN_MODIFY, cookie=0, name=test.log>
DEBUG:watchdog.observers.inotify_buffer:in-event <InotifyEvent: src_path=b'/home/rabbia/To-DoList/test.log', wd=1, mask=IN_MODIFY, cookie=0, name=test.log>
DEBUG:watchdog.observers.inotify_buffer:in-event <InotifyEvent: src_path=b'/home/rabbia/To-DoList/test.log', wd=1, mask=IN_MODIFY, cookie=0, name=test.log>
DEBUG:watchdog.observers.inotify_buffer:in-event <InotifyEvent: src_path=b'/home/rabbia/To-DoList/test.log', wd=1, mask=IN_MODIFY, cookie=0, name=test.log>
DEBUG:watchdog.observers.inotify_buffer:in-event <InotifyEvent: src_path=b'/home/rabbia/To-DoList/test.log', wd=1, mask=IN_MODIFY, cookie=0, name=test.log>
DEBUG:watchdog.observers.inotify_buffer:in-event <InotifyEvent: src_path=b'/home/rabbia/To-DoList/test.log', wd=1, mask=IN_MODIFY, cookie=0, name=test.log>
DEBUG:watchdog.observers.inotify_buffer:in-event <InotifyEvent: src_path=b'/home/rabbia/To-DoList/insertion.py', wd=1, mask=IN_CLOSE_WRITE, cookie=0, name=insertion.py>
DEBUG:watchdog.observers.inotify_buffer:in-event <InotifyEvent: src_path=b'/home/rabbia/To-DoList/test.log', wd=1, mask=IN_MODIFY, cookie=0, name=test.log>
DEBUG:watchdog.observers.inotify_buffer:in-event <InotifyEvent: src_path=b'/home/rabbia/To-DoList/test.log', wd=1, mask=IN_MODIFY, cookie=0, name=test.log>
DEBUG:watchdog.observers.inotify_buffer:in-event <InotifyEvent: src_path=b'/home/rabbia/To-DoList/test.log', wd=1, mask=IN_MODIFY, cookie=0, name=test.log>
INFO:werkzeug: * Detected change in '/home/rabbia/To-DoList/insertion.py', reloading
DEBUG:watchdog.observers.inotify_buffer:in-event <InotifyEvent: src_path=b'/home/rabbia/To-DoList/test.log', wd=1, mask=IN_MODIFY, cookie=0, name=test.log>
DEBUG:watchdog.observers.inotify_buffer:in-event <InotifyEvent: src_path=b'/home/rabbia/To-DoList/test.log', wd=1, mask=IN_MODIFY, cookie=0, name=test.log>
DEBUG:watchdog.observers.inotify_buffer:in-event <InotifyEvent: src_path=b'/home/rabbia/To-DoList/test.log', wd=1, mask=IN_MODIFY, cookie=0, name=test.log>
DEBUG:watchdog.observers.inotify_buffer:in-event <InotifyEvent: src_path=b'/home/rabbia/To-DoList/test.log', wd=1, mask=IN_MODIFY, cookie=0, name=test.log>
DEBUG:watchdog.observers.inotify_buffer:in-event <InotifyEvent: src_path=b'/home/rabbia/To-DoList/test.log', wd=1, mask=IN_MODIFY, cookie=0, name=test.log>
DEBUG:watchdog.observers.inotify_buffer:in-event <InotifyEvent: src_path=b'/home/rabbia/To-DoList/test.log', wd=1, mask=IN_MODIFY, cookie=0, name=test.log>
DEBUG:watchdog.observers.inotify_buffer:in-event <InotifyEvent: src_path=b'/home/rabbia/To-DoList/test.log', wd=1, mask=IN_MODIFY, cookie=0, name=test.log>
DEBUG:watchdog.observers.inotify_buffer:in-event <InotifyEvent: src_path=b'/home/rabbia/To-DoList/test.log', wd=1, mask=IN_MODIFY, cookie=0, name=test.log>
DEBUG:watchdog.observers.inotify_buffer:in-event <InotifyEvent: src_path=b'/home/rabbia/To-DoList/test.log', wd=1, mask=IN_MODIFY, cookie=0, name=test.log>
DEBUG:watchdog.observers.inotify_buffer:in-event <InotifyEvent: src_path=b'/home/rabbia/To-DoList/test.log', wd=1, mask=IN_MODIFY, cookie=0, name=test.log>
DEBUG:watchdog.observers.inotify_buffer:in-event <InotifyEvent: src_path=b'/home/rabbia/To-DoList/test.log', wd=1, mask=IN_MODIFY, cookie=0, name=test.log>
DEBUG:watchdog.observers.inotify_buffer:in-event <InotifyEvent: src_path=b'/home/rabbia/To-DoList/test.log', wd=1, mask=IN_MODIFY, cookie=0, name=test.log>
DEBUG:watchdog.observers.inotify_buffer:in-event <InotifyEvent: src_path=b'/home/rabbia/To-DoList/test.log', wd=1, mask=IN_MODIFY, cookie=0, name=test.log>
DEBUG:watchdog.observers.inotify_buffer:in-event <InotifyEvent: src_path=b'/home/rabbia/To-DoList/test.log', wd=1, mask=IN_MODIFY, cookie=0, name=test.log>
DEBUG:watchdog.observers.inotify_buffer:in-event <InotifyEvent: src_path=b'/home/rabbia/To-DoList/test.log', wd=1, mask=IN_MODIFY, cookie=0, name=test.log>
DEBUG:watchdog.observers.inotify_buffer:in-event <InotifyEvent: src_path=b'/home/rabbia/To-DoList/test.log', wd=1, mask=IN_MODIFY, cookie=0, name=test.log>
DEBUG:watchdog.observers.inotify_buffer:in-event <InotifyEvent: src_path=b'/home/rabbia/To-DoList/test.log', wd=1, mask=IN_MODIFY, cookie=0, name=test.log>
DEBUG:watchdog.observers.inotify_buffer:in-event <InotifyEvent: src_path=b'/home/rabbia/To-DoList/test.log', wd=1, mask=IN_MODIFY, cookie=0, name=test.log>
DEBUG:watchdog.observers.inotify_buffer:in-event <InotifyEvent: src_path=b'/home/rabbia/To-DoList/test.log', wd=1, mask=IN_MODIFY, cookie=0, name=test.log>
DEBUG:watchdog.observers.inotify_buffer:in-event <InotifyEvent: src_path=b'/home/rabbia/To-DoList/test.log', wd=1, mask=IN_MODIFY, cookie=0, name=test.log>
DEBUG:watchdog.observers.inotify_buffer:in-event <InotifyEvent: src_path=b'/home/rabbia/To-DoList/test.log', wd=1, mask=IN_MODIFY, cookie=0, name=test.log>
DEBUG:watchdog.observers.inotify_buffer:in-event <InotifyEvent: src_path=b'/home/rabbia/To-DoList/test.log', wd=1, mask=IN_MODIFY, cookie=0, name=test.log>
DEBUG:watchdog.observers.inotify_buffer:in-event <InotifyEvent: src_path=b'/home/rabbia/To-DoList/test.log', wd=1, mask=IN_MODIFY, cookie=0, name=test.log>
DEBUG:watchdog.observers.inotify_buffer:in-event <InotifyEvent: src_path=b'/home/rabbia/To-DoList/test.log', wd=1, mask=IN_MODIFY, cookie=0, name=test.log>
DEBUG:watchdog.observers.inotify_buffer:in-event <InotifyEvent: src_path=b'/home/rabbia/To-DoList/test.log', wd=1, mask=IN_MODIFY, cookie=0, name=test.log>
DEBUG:watchdog.observers.inotify_buffer:in-event <InotifyEvent: src_path=b'/home/rabbia/To-DoList/test.log', wd=1, mask=IN_MODIFY, cookie=0, name=test.log>
DEBUG:watchdog.observers.inotify_buffer:in-event <InotifyEvent: src_path=b'/home/rabbia/To-DoList/test.log', wd=1, mask=IN_MODIFY, cookie=0, name=test.log>
DEBUG:watchdog.observers.inotify_buffer:in-event <InotifyEvent: src_path=b'/home/rabbia/To-DoList/test.log', wd=1, mask=IN_MODIFY, cookie=0, name=test.log>
DEBUG:watchdog.observers.inotify_buffer:in-event <InotifyEvent: src_path=b'/home/rabbia/To-DoList/test.log', wd=1, mask=IN_MODIFY, cookie=0, name=test.log>
DEBUG:watchdog.observers.inotify_buffer:in-event <InotifyEvent: src_path=b'/home/rabbia/To-DoList/test.log', wd=1, mask=IN_MODIFY, cookie=0, name=test.log>
DEBUG:watchdog.observers.inotify_buffer:in-event <InotifyEvent: src_path=b'/home/rabbia/To-DoList/test.log', wd=1, mask=IN_MODIFY, cookie=0, name=test.log>
DEBUG:watchdog.observers.inotify_buffer:in-event <InotifyEvent: src_path=b'/home/rabbia/To-DoList/test.log', wd=1, mask=IN_MODIFY, cookie=0, name=test.log>
DEBUG:watchdog.observers.inotify_buffer:in-event <InotifyEvent: src_path=b'/home/rabbia/To-DoList/test.log', wd=1, mask=IN_MODIFY, cookie=0, name=test.log>
DEBUG:watchdog.observers.inotify_buffer:in-event <InotifyEvent: src_path=b'/home/rabbia/To-DoList/test.log', wd=1, mask=IN_MODIFY, cookie=0, name=test.log>
DEBUG:watchdog.observers.inotify_buffer:in-event <InotifyEvent: src_path=b'/home/rabbia/To-DoList/test.log', wd=1, mask=IN_MODIFY, cookie=0, name=test.log>
DEBUG:watchdog.observers.inotify_buffer:in-event <InotifyEvent: src_path=b'/home/rabbia/To-DoList/test.log', wd=1, mask=IN_MODIFY, cookie=0, name=test.log>
DEBUG:watchdog.observers.inotify_buffer:in-event <InotifyEvent: src_path=b'/home/rabbia/To-DoList/test.log', wd=1, mask=IN_MODIFY, cookie=0, name=test.log>
DEBUG:watchdog.observers.inotify_buffer:in-event <InotifyEvent: src_path=b'/home/rabbia/To-DoList/test.log', wd=1, mask=IN_MODIFY, cookie=0, name=test.log>
DEBUG:watchdog.observers.inotify_buffer:in-event <InotifyEvent: src_path=b'/home/rabbia/To-DoList/test.log', wd=1, mask=IN_MODIFY, cookie=0, name=test.log>
DEBUG:watchdog.observers.inotify_buffer:in-event <InotifyEvent: src_path=b'/home/rabbia/To-DoList/test.log', wd=1, mask=IN_MODIFY, cookie=0, name=test.log>
DEBUG:watchdog.observers.inotify_buffer:in-event <InotifyEvent: src_path=b'/home/rabbia/To-DoList/test.log', wd=1, mask=IN_MODIFY, cookie=0, name=test.log>
DEBUG:watchdog.observers.inotify_buffer:in-event <InotifyEvent: src_path=b'/home/rabbia/To-DoList/test.log', wd=1, mask=IN_MODIFY, cookie=0, name=test.log>
DEBUG:watchdog.observers.inotify_buffer:in-event <InotifyEvent: src_path=b'/home/rabbia/To-DoList/test.log', wd=1, mask=IN_MODIFY, cookie=0, name=test.log>
DEBUG:watchdog.observers.inotify_buffer:in-event <InotifyEvent: src_path=b'/home/rabbia/To-DoList/test.log', wd=1, mask=IN_MODIFY, cookie=0, name=test.log>
DEBUG:watchdog.observers.inotify_buffer:in-event <InotifyEvent: src_path=b'/home/rabbia/To-DoList/test.log', wd=1, mask=IN_MODIFY, cookie=0, name=test.log>
DEBUG:watchdog.observers.inotify_buffer:in-event <InotifyEvent: src_path=b'/home/rabbia/To-DoList/test.log', wd=1, mask=IN_MODIFY, cookie=0, name=test.log>
DEBUG:watchdog.observers.inotify_buffer:in-event <InotifyEvent: src_path=b'/home/rabbia/To-DoList/test.log', wd=1, mask=IN_MODIFY, cookie=0, name=test.log>
DEBUG:watchdog.observers.inotify_buffer:in-event <InotifyEvent: src_path=b'/home/rabbia/To-DoList/test.log', wd=1, mask=IN_MODIFY, cookie=0, name=test.log>
DEBUG:watchdog.observers.inotify_buffer:in-event <InotifyEvent: src_path=b'/home/rabbia/To-DoList/test.log', wd=1, mask=IN_MODIFY, cookie=0, name=test.log>
DEBUG:watchdog.observers.inotify_buffer:in-event <InotifyEvent: src_path=b'/home/rabbia/To-DoList/test.log', wd=1, mask=IN_MODIFY, cookie=0, name=test.log>
DEBUG:watchdog.observers.inotify_buffer:in-event <InotifyEvent: src_path=b'/home/rabbia/To-DoList/test.log', wd=1, mask=IN_MODIFY, cookie=0, name=test.log>
DEBUG:watchdog.observers.inotify_buffer:in-event <InotifyEvent: src_path=b'/home/rabbia/To-DoList/test.log', wd=1, mask=IN_MODIFY, cookie=0, name=test.log>
DEBUG:watchdog.observers.inotify_buffer:in-event <InotifyEvent: src_path=b'/home/rabbia/To-DoList/test.log', wd=1, mask=IN_MODIFY, cookie=0, name=test.log>
DEBUG:watchdog.observers.inotify_buffer:in-event <InotifyEvent: src_path=b'/home/rabbia/To-DoList/test.log', wd=1, mask=IN_MODIFY, cookie=0, name=test.log>
DEBUG:watchdog.observers.inotify_buffer:in-event <InotifyEvent: src_path=b'/home/rabbia/To-DoList/test.log', wd=1, mask=IN_MODIFY, cookie=0, name=test.log>
DEBUG:watchdog.observers.inotify_buffer:in-event <InotifyEvent: src_path=b'/home/rabbia/To-DoList/test.log', wd=1, mask=IN_MODIFY, cookie=0, name=test.log>
DEBUG:watchdog.observers.inotify_buffer:in-event <InotifyEvent: src_path=b'/home/rabbia/To-DoList/test.log', wd=1, mask=IN_MODIFY, cookie=0, name=test.log>
DEBUG:watchdog.observers.inotify_buffer:in-event <InotifyEvent: src_path=b'/home/rabbia/To-DoList/test.log', wd=1, mask=IN_MODIFY, cookie=0, name=test.log>
DEBUG:watchdog.observers.inotify_buffer:in-event <InotifyEvent: src_path=b'/home/rabbia/To-DoList/test.log', wd=1, mask=IN_MODIFY, cookie=0, name=test.log>
DEBUG:watchdog.observers.inotify_buffer:in-event <InotifyEvent: src_path=b'/home/rabbia/To-DoList/test.log', wd=1, mask=IN_MODIFY, cookie=0, name=test.log>
DEBUG:watchdog.observers.inotify_buffer:in-event <InotifyEvent: src_path=b'/home/rabbia/To-DoList/test.log', wd=1, mask=IN_MODIFY, cookie=0, name=test.log>
DEBUG:watchdog.observers.inotify_buffer:in-event <InotifyEvent: src_path=b'/home/rabbia/To-DoList/test.log', wd=1, mask=IN_MODIFY, cookie=0, name=test.log>
DEBUG:watchdog.observers.inotify_buffer:in-event <InotifyEvent: src_path=b'/home/rabbia/To-DoList/test.log', wd=1, mask=IN_MODIFY, cookie=0, name=test.log>
DEBUG:watchdog.observers.inotify_buffer:in-event <InotifyEvent: src_path=b'/home/rabbia/To-DoList/test.log', wd=1, mask=IN_MODIFY, cookie=0, name=test.log>
DEBUG:watchdog.observers.inotify_buffer:in-event <InotifyEvent: src_path=b'/home/rabbia/To-DoList/test.log', wd=1, mask=IN_MODIFY, cookie=0, name=test.log>
DEBUG:watchdog.observers.inotify_buffer:in-event <InotifyEvent: src_path=b'/home/rabbia/To-DoList/test.log', wd=1, mask=IN_MODIFY, cookie=0, name=test.log>
DEBUG:watchdog.observers.inotify_buffer:in-event <InotifyEvent: src_path=b'/home/rabbia/To-DoList/test.log', wd=1, mask=IN_MODIFY, cookie=0, name=test.log>
DEBUG:watchdog.observers.inotify_buffer:in-event <InotifyEvent: src_path=b'/home/rabbia/To-DoList/test.log', wd=1, mask=IN_MODIFY, cookie=0, name=test.log>
DEBUG:watchdog.observers.inotify_buffer:in-event <InotifyEvent: src_path=b'/home/rabbia/To-DoList/test.log', wd=1, mask=IN_MODIFY, cookie=0, name=test.log>
DEBUG:watchdog.observers.inotify_buffer:in-event <InotifyEvent: src_path=b'/home/rabbia/To-DoList/test.log', wd=1, mask=IN_MODIFY, cookie=0, name=test.log>
DEBUG:watchdog.observers.inotify_buffer:in-event <InotifyEvent: src_path=b'/home/rabbia/To-DoList/test.log', wd=1, mask=IN_MODIFY, cookie=0, name=test.log>
DEBUG:watchdog.observers.inotify_buffer:in-event <InotifyEvent: src_path=b'/home/rabbia/To-DoList/test.log', wd=1, mask=IN_MODIFY, cookie=0, name=test.log>
DEBUG:watchdog.observers.inotify_buffer:in-event <InotifyEvent: src_path=b'/home/rabbia/To-DoList/test.log', wd=1, mask=IN_MODIFY, cookie=0, name=test.log>
DEBUG:watchdog.observers.inotify_buffer:in-event <InotifyEvent: src_path=b'/home/rabbia/To-DoList/test.log', wd=1, mask=IN_MODIFY, cookie=0, name=test.log>
DEBUG:watchdog.observers.inotify_buffer:in-event <InotifyEvent: src_path=b'/home/rabbia/To-DoList/test.log', wd=1, mask=IN_MODIFY, cookie=0, name=test.log>
DEBUG:watchdog.observers.inotify_buffer:in-event <InotifyEvent: src_path=b'/home/rabbia/To-DoList/test.log', wd=1, mask=IN_MODIFY, cookie=0, name=test.log>
DEBUG:watchdog.observers.inotify_buffer:in-event <InotifyEvent: src_path=b'/home/rabbia/To-DoList/test.log', wd=1, mask=IN_MODIFY, cookie=0, name=test.log>
DEBUG:watchdog.observers.inotify_buffer:in-event <InotifyEvent: src_path=b'/home/rabbia/To-DoList/test.log', wd=1, mask=IN_MODIFY, cookie=0, name=test.log>
DEBUG:watchdog.observers.inotify_buffer:in-event <InotifyEvent: src_path=b'/home/rabbia/To-DoList/test.log', wd=1, mask=IN_MODIFY, cookie=0, name=test.log>
DEBUG:watchdog.observers.inotify_buffer:in-event <InotifyEvent: src_path=b'/home/rabbia/To-DoList/test.log', wd=1, mask=IN_MODIFY, cookie=0, name=test.log>
DEBUG:watchdog.observers.inotify_buffer:in-event <InotifyEvent: src_path=b'/home/rabbia/To-DoList/test.log', wd=1, mask=IN_MODIFY, cookie=0, name=test.log>
DEBUG:watchdog.observers.inotify_buffer:in-event <InotifyEvent: src_path=b'/home/rabbia/To-DoList/test.log', wd=1, mask=IN_MODIFY, cookie=0, name=test.log>
DEBUG:watchdog.observers.inotify_buffer:in-event <InotifyEvent: src_path=b'/home/rabbia/To-DoList/test.log', wd=1, mask=IN_MODIFY, cookie=0, name=test.log>
DEBUG:watchdog.observers.inotify_buffer:in-event <InotifyEvent: src_path=b'/home/rabbia/To-DoList/test.log', wd=1, mask=IN_MODIFY, cookie=0, name=test.log>
DEBUG:watchdog.observers.inotify_buffer:in-event <InotifyEvent: src_path=b'/home/rabbia/To-DoList/test.log', wd=1, mask=IN_MODIFY, cookie=0, name=test.log>
DEBUG:watchdog.observers.inotify_buffer:in-event <InotifyEvent: src_path=b'/home/rabbia/To-DoList/test.log', wd=1, mask=IN_MODIFY, cookie=0, name=test.log>
DEBUG:watchdog.observers.inotify_buffer:in-event <InotifyEvent: src_path=b'/home/rabbia/To-DoList/test.log', wd=1, mask=IN_MODIFY, cookie=0, name=test.log>
DEBUG:watchdog.observers.inotify_buffer:in-event <InotifyEvent: src_path=b'/home/rabbia/To-DoList/test.log', wd=1, mask=IN_MODIFY, cookie=0, name=test.log>
DEBUG:watchdog.observers.inotify_buffer:in-event <InotifyEvent: src_path=b'/home/rabbia/To-DoList/test.log', wd=1, mask=IN_MODIFY, cookie=0, name=test.log>
DEBUG:watchdog.observers.inotify_buffer:in-event <InotifyEvent: src_path=b'/home/rabbia/To-DoList/test.log', wd=1, mask=IN_MODIFY, cookie=0, name=test.log>
DEBUG:watchdog.observers.inotify_buffer:in-event <InotifyEvent: src_path=b'/home/rabbia/To-DoList/test.log', wd=1, mask=IN_MODIFY, cookie=0, name=test.log>
DEBUG:watchdog.observers.inotify_buffer:in-event <InotifyEvent: src_path=b'/home/rabbia/To-DoList/test.log', wd=1, mask=IN_MODIFY, cookie=0, name=test.log>
DEBUG:watchdog.observers.inotify_buffer:in-event <InotifyEvent: src_path=b'/home/rabbia/To-DoList/test.log', wd=1, mask=IN_MODIFY, cookie=0, name=test.log>
DEBUG:watchdog.observers.inotify_buffer:in-event <InotifyEvent: src_path=b'/home/rabbia/To-DoList/test.log', wd=1, mask=IN_MODIFY, cookie=0, name=test.log>
DEBUG:watchdog.observers.inotify_buffer:in-event <InotifyEvent: src_path=b'/home/rabbia/To-DoList/test.log', wd=1, mask=IN_MODIFY, cookie=0, name=test.log>
DEBUG:watchdog.observers.inotify_buffer:in-event <InotifyEvent: src_path=b'/home/rabbia/To-DoList/test.log', wd=1, mask=IN_MODIFY, cookie=0, name=test.log>
DEBUG:watchdog.observers.inotify_buffer:in-event <InotifyEvent: src_path=b'/home/rabbia/To-DoList/test.log', wd=1, mask=IN_MODIFY, cookie=0, name=test.log>
DEBUG:watchdog.observers.inotify_buffer:in-event <InotifyEvent: src_path=b'/home/rabbia/To-DoList/test.log', wd=1, mask=IN_MODIFY, cookie=0, name=test.log>
DEBUG:watchdog.observers.inotify_buffer:in-event <InotifyEvent: src_path=b'/home/rabbia/To-DoList/test.log', wd=1, mask=IN_MODIFY, cookie=0, name=test.log>
DEBUG:watchdog.observers.inotify_buffer:in-event <InotifyEvent: src_path=b'/home/rabbia/To-DoList/test.log', wd=1, mask=IN_MODIFY, cookie=0, name=test.log>
DEBUG:watchdog.observers.inotify_buffer:in-event <InotifyEvent: src_path=b'/home/rabbia/To-DoList/test.log', wd=1, mask=IN_MODIFY, cookie=0, name=test.log>
DEBUG:watchdog.observers.inotify_buffer:in-event <InotifyEvent: src_path=b'/home/rabbia/To-DoList/test.log', wd=1, mask=IN_MODIFY, cookie=0, name=test.log>
DEBUG:watchdog.observers.inotify_buffer:in-event <InotifyEvent: src_path=b'/home/rabbia/To-DoList/test.log', wd=1, mask=IN_MODIFY, cookie=0, name=test.log>
DEBUG:watchdog.observers.inotify_buffer:in-event <InotifyEvent: src_path=b'/home/rabbia/To-DoList/test.log', wd=1, mask=IN_MODIFY, cookie=0, name=test.log>
DEBUG:watchdog.observers.inotify_buffer:in-event <InotifyEvent: src_path=b'/home/rabbia/To-DoList/test.log', wd=1, mask=IN_MODIFY, cookie=0, name=test.log>
DEBUG:watchdog.observers.inotify_buffer:in-event <InotifyEvent: src_path=b'/home/rabbia/To-DoList/test.log', wd=1, mask=IN_MODIFY, cookie=0, name=test.log>
DEBUG:watchdog.observers.inotify_buffer:in-event <InotifyEvent: src_path=b'/home/rabbia/To-DoList/test.log', wd=1, mask=IN_MODIFY, cookie=0, name=test.log>
DEBUG:watchdog.observers.inotify_buffer:in-event <InotifyEvent: src_path=b'/home/rabbia/To-DoList/test.log', wd=1, mask=IN_MODIFY, cookie=0, name=test.log>
DEBUG:watchdog.observers.inotify_buffer:in-event <InotifyEvent: src_path=b'/home/rabbia/To-DoList/test.log', wd=1, mask=IN_MODIFY, cookie=0, name=test.log>
DEBUG:watchdog.observers.inotify_buffer:in-event <InotifyEvent: src_path=b'/home/rabbia/To-DoList/test.log', wd=1, mask=IN_MODIFY, cookie=0, name=test.log>
DEBUG:watchdog.observers.inotify_buffer:in-event <InotifyEvent: src_path=b'/home/rabbia/To-DoList/test.log', wd=1, mask=IN_MODIFY, cookie=0, name=test.log>
DEBUG:watchdog.observers.inotify_buffer:in-event <InotifyEvent: src_path=b'/home/rabbia/To-DoList/test.log', wd=1, mask=IN_MODIFY, cookie=0, name=test.log>
DEBUG:watchdog.observers.inotify_buffer:in-event <InotifyEvent: src_path=b'/home/rabbia/To-DoList/test.log', wd=1, mask=IN_MODIFY, cookie=0, name=test.log>
DEBUG:watchdog.observers.inotify_buffer:in-event <InotifyEvent: src_path=b'/home/rabbia/To-DoList/test.log', wd=1, mask=IN_MODIFY, cookie=0, name=test.log>
DEBUG:watchdog.observers.inotify_buffer:in-event <InotifyEvent: src_path=b'/home/rabbia/To-DoList/test.log', wd=1, mask=IN_MODIFY, cookie=0, name=test.log>
DEBUG:watchdog.observers.inotify_buffer:in-event <InotifyEvent: src_path=b'/home/rabbia/To-DoList/test.log', wd=1, mask=IN_MODIFY, cookie=0, name=test.log>
DEBUG:watchdog.observers.inotify_buffer:in-event <InotifyEvent: src_path=b'/home/rabbia/To-DoList/test.log', wd=1, mask=IN_MODIFY, cookie=0, name=test.log>
DEBUG:watchdog.observers.inotify_buffer:in-event <InotifyEvent: src_path=b'/home/rabbia/To-DoList/test.log', wd=1, mask=IN_MODIFY, cookie=0, name=test.log>
DEBUG:watchdog.observers.inotify_buffer:in-event <InotifyEvent: src_path=b'/home/rabbia/To-DoList/test.log', wd=1, mask=IN_MODIFY, cookie=0, name=test.log>
DEBUG:watchdog.observers.inotify_buffer:in-event <InotifyEvent: src_path=b'/home/rabbia/To-DoList/test.log', wd=1, mask=IN_MODIFY, cookie=0, name=test.log>
DEBUG:watchdog.observers.inotify_buffer:in-event <InotifyEvent: src_path=b'/home/rabbia/To-DoList/test.log', wd=1, mask=IN_MODIFY, cookie=0, name=test.log>
DEBUG:watchdog.observers.inotify_buffer:in-event <InotifyEvent: src_path=b'/home/rabbia/To-DoList/test.log', wd=1, mask=IN_MODIFY, cookie=0, name=test.log>
DEBUG:watchdog.observers.inotify_buffer:in-event <InotifyEvent: src_path=b'/home/rabbia/To-DoList/test.log', wd=1, mask=IN_MODIFY, cookie=0, name=test.log>
DEBUG:watchdog.observers.inotify_buffer:in-event <InotifyEvent: src_path=b'/home/rabbia/To-DoList/test.log', wd=1, mask=IN_MODIFY, cookie=0, name=test.log>
DEBUG:watchdog.observers.inotify_buffer:in-event <InotifyEvent: src_path=b'/home/rabbia/To-DoList/test.log', wd=1, mask=IN_MODIFY, cookie=0, name=test.log>
DEBUG:watchdog.observers.inotify_buffer:in-event <InotifyEvent: src_path=b'/home/rabbia/To-DoList/test.log', wd=1, mask=IN_MODIFY, cookie=0, name=test.log>
DEBUG:watchdog.observers.inotify_buffer:in-event <InotifyEvent: src_path=b'/home/rabbia/To-DoList/test.log', wd=1, mask=IN_MODIFY, cookie=0, name=test.log>
DEBUG:watchdog.observers.inotify_buffer:in-event <InotifyEvent: src_path=b'/home/rabbia/To-DoList/test.log', wd=1, mask=IN_MODIFY, cookie=0, name=test.log>
DEBUG:watchdog.observers.inotify_buffer:in-event <InotifyEvent: src_path=b'/home/rabbia/To-DoList/test.log', wd=1, mask=IN_MODIFY, cookie=0, name=test.log>
DEBUG:watchdog.observers.inotify_buffer:in-event <InotifyEvent: src_path=b'/home/rabbia/To-DoList/test.log', wd=1, mask=IN_MODIFY, cookie=0, name=test.log>
DEBUG:watchdog.observers.inotify_buffer:in-event <InotifyEvent: src_path=b'/home/rabbia/To-DoList/test.log', wd=1, mask=IN_MODIFY, cookie=0, name=test.log>
DEBUG:watchdog.observers.inotify_buffer:in-event <InotifyEvent: src_path=b'/home/rabbia/To-DoList/test.log', wd=1, mask=IN_MODIFY, cookie=0, name=test.log>
DEBUG:watchdog.observers.inotify_buffer:in-event <InotifyEvent: src_path=b'/home/rabbia/To-DoList/test.log', wd=1, mask=IN_MODIFY, cookie=0, name=test.log>
DEBUG:watchdog.observers.inotify_buffer:in-event <InotifyEvent: src_path=b'/home/rabbia/To-DoList/test.log', wd=1, mask=IN_MODIFY, cookie=0, name=test.log>
DEBUG:watchdog.observers.inotify_buffer:in-event <InotifyEvent: src_path=b'/home/rabbia/To-DoList/test.log', wd=1, mask=IN_MODIFY, cookie=0, name=test.log>
DEBUG:watchdog.observers.inotify_buffer:in-event <InotifyEvent: src_path=b'/home/rabbia/To-DoList/test.log', wd=1, mask=IN_MODIFY, cookie=0, name=test.log>
DEBUG:watchdog.observers.inotify_buffer:in-event <InotifyEvent: src_path=b'/home/rabbia/To-DoList/test.log', wd=1, mask=IN_MODIFY, cookie=0, name=test.log>
DEBUG:watchdog.observers.inotify_buffer:in-event <InotifyEvent: src_path=b'/home/rabbia/To-DoList/test.log', wd=1, mask=IN_MODIFY, cookie=0, name=test.log>
DEBUG:watchdog.observers.inotify_buffer:in-event <InotifyEvent: src_path=b'/home/rabbia/To-DoList/test.log', wd=1, mask=IN_MODIFY, cookie=0, name=test.log>
DEBUG:watchdog.observers.inotify_buffer:in-event <InotifyEvent: src_path=b'/home/rabbia/To-DoList/test.log', wd=1, mask=IN_MODIFY, cookie=0, name=test.log>
DEBUG:watchdog.observers.inotify_buffer:in-event <InotifyEvent: src_path=b'/home/rabbia/To-DoList/test.log', wd=1, mask=IN_MODIFY, cookie=0, name=test.log>
DEBUG:watchdog.observers.inotify_buffer:in-event <InotifyEvent: src_path=b'/home/rabbia/To-DoList/test.log', wd=1, mask=IN_MODIFY, cookie=0, name=test.log>
DEBUG:watchdog.observers.inotify_buffer:in-event <InotifyEvent: src_path=b'/home/rabbia/To-DoList/test.log', wd=1, mask=IN_MODIFY, cookie=0, name=test.log>
DEBUG:watchdog.observers.inotify_buffer:in-event <InotifyEvent: src_path=b'/home/rabbia/To-DoList/test.log', wd=1, mask=IN_MODIFY, cookie=0, name=test.log>
DEBUG:watchdog.observers.inotify_buffer:in-event <InotifyEvent: src_path=b'/home/rabbia/To-DoList/test.log', wd=1, mask=IN_MODIFY, cookie=0, name=test.log>
DEBUG:watchdog.observers.inotify_buffer:in-event <InotifyEvent: src_path=b'/home/rabbia/To-DoList/test.log', wd=1, mask=IN_MODIFY, cookie=0, name=test.log>
DEBUG:watchdog.observers.inotify_buffer:in-event <InotifyEvent: src_path=b'/home/rabbia/To-DoList/test.log', wd=1, mask=IN_MODIFY, cookie=0, name=test.log>
DEBUG:watchdog.observers.inotify_buffer:in-event <InotifyEvent: src_path=b'/home/rabbia/To-DoList/test.log', wd=1, mask=IN_MODIFY, cookie=0, name=test.log>
DEBUG:watchdog.observers.inotify_buffer:in-event <InotifyEvent: src_path=b'/home/rabbia/To-DoList/test.log', wd=1, mask=IN_MODIFY, cookie=0, name=test.log>
DEBUG:watchdog.observers.inotify_buffer:in-event <InotifyEvent: src_path=b'/home/rabbia/To-DoList/test.log', wd=1, mask=IN_MODIFY, cookie=0, name=test.log>
DEBUG:watchdog.observers.inotify_buffer:in-event <InotifyEvent: src_path=b'/home/rabbia/To-DoList/test.log', wd=1, mask=IN_MODIFY, cookie=0, name=test.log>
DEBUG:watchdog.observers.inotify_buffer:in-event <InotifyEvent: src_path=b'/home/rabbia/To-DoList/test.log', wd=1, mask=IN_MODIFY, cookie=0, name=test.log>
DEBUG:watchdog.observers.inotify_buffer:in-event <InotifyEvent: src_path=b'/home/rabbia/To-DoList/test.log', wd=1, mask=IN_MODIFY, cookie=0, name=test.log>
DEBUG:watchdog.observers.inotify_buffer:in-event <InotifyEvent: src_path=b'/home/rabbia/To-DoList/test.log', wd=1, mask=IN_MODIFY, cookie=0, name=test.log>
DEBUG:watchdog.observers.inotify_buffer:in-event <InotifyEvent: src_path=b'/home/rabbia/To-DoList/test.log', wd=1, mask=IN_MODIFY, cookie=0, name=test.log>
DEBUG:watchdog.observers.inotify_buffer:in-event <InotifyEvent: src_path=b'/home/rabbia/To-DoList/test.log', wd=1, mask=IN_MODIFY, cookie=0, name=test.log>
DEBUG:watchdog.observers.inotify_buffer:in-event <InotifyEvent: src_path=b'/home/rabbia/To-DoList/test.log', wd=1, mask=IN_MODIFY, cookie=0, name=test.log>
DEBUG:watchdog.observers.inotify_buffer:in-event <InotifyEvent: src_path=b'/home/rabbia/To-DoList/test.log', wd=1, mask=IN_MODIFY, cookie=0, name=test.log>
DEBUG:watchdog.observers.inotify_buffer:in-event <InotifyEvent: src_path=b'/home/rabbia/To-DoList/test.log', wd=1, mask=IN_MODIFY, cookie=0, name=test.log>
DEBUG:watchdog.observers.inotify_buffer:in-event <InotifyEvent: src_path=b'/home/rabbia/To-DoList/test.log', wd=1, mask=IN_MODIFY, cookie=0, name=test.log>
DEBUG:watchdog.observers.inotify_buffer:in-event <InotifyEvent: src_path=b'/home/rabbia/To-DoList/test.log', wd=1, mask=IN_MODIFY, cookie=0, name=test.log>
DEBUG:watchdog.observers.inotify_buffer:in-event <InotifyEvent: src_path=b'/home/rabbia/To-DoList/test.log', wd=1, mask=IN_MODIFY, cookie=0, name=test.log>
DEBUG:watchdog.observers.inotify_buffer:in-event <InotifyEvent: src_path=b'/home/rabbia/To-DoList/test.log', wd=1, mask=IN_MODIFY, cookie=0, name=test.log>
DEBUG:watchdog.observers.inotify_buffer:in-event <InotifyEvent: src_path=b'/home/rabbia/To-DoList/test.log', wd=1, mask=IN_MODIFY, cookie=0, name=test.log>
DEBUG:watchdog.observers.inotify_buffer:in-event <InotifyEvent: src_path=b'/home/rabbia/To-DoList/test.log', wd=1, mask=IN_MODIFY, cookie=0, name=test.log>
DEBUG:watchdog.observers.inotify_buffer:in-event <InotifyEvent: src_path=b'/home/rabbia/To-DoList/test.log', wd=1, mask=IN_MODIFY, cookie=0, name=test.log>
DEBUG:watchdog.observers.inotify_buffer:in-event <InotifyEvent: src_path=b'/home/rabbia/To-DoList/test.log', wd=1, mask=IN_MODIFY, cookie=0, name=test.log>
DEBUG:watchdog.observers.inotify_buffer:in-event <InotifyEvent: src_path=b'/home/rabbia/To-DoList/test.log', wd=1, mask=IN_MODIFY, cookie=0, name=test.log>
DEBUG:watchdog.observers.inotify_buffer:in-event <InotifyEvent: src_path=b'/home/rabbia/To-DoList/test.log', wd=1, mask=IN_MODIFY, cookie=0, name=test.log>
DEBUG:watchdog.observers.inotify_buffer:in-event <InotifyEvent: src_path=b'/home/rabbia/To-DoList/test.log', wd=1, mask=IN_MODIFY, cookie=0, name=test.log>
DEBUG:watchdog.observers.inotify_buffer:in-event <InotifyEvent: src_path=b'/home/rabbia/To-DoList/test.log', wd=1, mask=IN_MODIFY, cookie=0, name=test.log>
DEBUG:watchdog.observers.inotify_buffer:in-event <InotifyEvent: src_path=b'/home/rabbia/To-DoList/test.log', wd=1, mask=IN_MODIFY, cookie=0, name=test.log>
DEBUG:watchdog.observers.inotify_buffer:in-event <InotifyEvent: src_path=b'/home/rabbia/To-DoList/test.log', wd=1, mask=IN_MODIFY, cookie=0, name=test.log>
DEBUG:watchdog.observers.inotify_buffer:in-event <InotifyEvent: src_path=b'/home/rabbia/To-DoList/test.log', wd=1, mask=IN_MODIFY, cookie=0, name=test.log>
DEBUG:watchdog.observers.inotify_buffer:in-event <InotifyEvent: src_path=b'/home/rabbia/To-DoList/test.log', wd=1, mask=IN_MODIFY, cookie=0, name=test.log>
DEBUG:watchdog.observers.inotify_buffer:in-event <InotifyEvent: src_path=b'/home/rabbia/To-DoList/test.log', wd=1, mask=IN_MODIFY, cookie=0, name=test.log>
DEBUG:watchdog.observers.inotify_buffer:in-event <InotifyEvent: src_path=b'/home/rabbia/To-DoList/test.log', wd=1, mask=IN_MODIFY, cookie=0, name=test.log>
DEBUG:watchdog.observers.inotify_buffer:in-event <InotifyEvent: src_path=b'/home/rabbia/To-DoList/test.log', wd=1, mask=IN_MODIFY, cookie=0, name=test.log>
DEBUG:watchdog.observers.inotify_buffer:in-event <InotifyEvent: src_path=b'/home/rabbia/To-DoList/test.log', wd=1, mask=IN_MODIFY, cookie=0, name=test.log>
DEBUG:watchdog.observers.inotify_buffer:in-event <InotifyEvent: src_path=b'/home/rabbia/To-DoList/test.log', wd=1, mask=IN_MODIFY, cookie=0, name=test.log>
DEBUG:watchdog.observers.inotify_buffer:in-event <InotifyEvent: src_path=b'/home/rabbia/To-DoList/test.log', wd=1, mask=IN_MODIFY, cookie=0, name=test.log>
DEBUG:watchdog.observers.inotify_buffer:in-event <InotifyEvent: src_path=b'/home/rabbia/To-DoList/test.log', wd=1, mask=IN_MODIFY, cookie=0, name=test.log>
DEBUG:watchdog.observers.inotify_buffer:in-event <InotifyEvent: src_path=b'/home/rabbia/To-DoList/test.log', wd=1, mask=IN_MODIFY, cookie=0, name=test.log>
DEBUG:watchdog.observers.inotify_buffer:in-event <InotifyEvent: src_path=b'/home/rabbia/To-DoList/test.log', wd=1, mask=IN_MODIFY, cookie=0, name=test.log>
DEBUG:watchdog.observers.inotify_buffer:in-event <InotifyEvent: src_path=b'/home/rabbia/To-DoList/test.log', wd=1, mask=IN_MODIFY, cookie=0, name=test.log>
DEBUG:watchdog.observers.inotify_buffer:in-event <InotifyEvent: src_path=b'/home/rabbia/To-DoList/test.log', wd=1, mask=IN_MODIFY, cookie=0, name=test.log>
DEBUG:watchdog.observers.inotify_buffer:in-event <InotifyEvent: src_path=b'/home/rabbia/To-DoList/test.log', wd=1, mask=IN_MODIFY, cookie=0, name=test.log>
DEBUG:watchdog.observers.inotify_buffer:in-event <InotifyEvent: src_path=b'/home/rabbia/To-DoList/test.log', wd=1, mask=IN_MODIFY, cookie=0, name=test.log>
DEBUG:watchdog.observers.inotify_buffer:in-event <InotifyEvent: src_path=b'/home/rabbia/To-DoList/test.log', wd=1, mask=IN_MODIFY, cookie=0, name=test.log>
DEBUG:watchdog.observers.inotify_buffer:in-event <InotifyEvent: src_path=b'/home/rabbia/To-DoList/test.log', wd=1, mask=IN_MODIFY, cookie=0, name=test.log>
DEBUG:watchdog.observers.inotify_buffer:in-event <InotifyEvent: src_path=b'/home/rabbia/To-DoList/test.log', wd=1, mask=IN_MODIFY, cookie=0, name=test.log>
DEBUG:watchdog.observers.inotify_buffer:in-event <InotifyEvent: src_path=b'/home/rabbia/To-DoList/test.log', wd=1, mask=IN_MODIFY, cookie=0, name=test.log>
DEBUG:watchdog.observers.inotify_buffer:in-event <InotifyEvent: src_path=b'/home/rabbia/To-DoList/test.log', wd=1, mask=IN_MODIFY, cookie=0, name=test.log>
DEBUG:watchdog.observers.inotify_buffer:in-event <InotifyEvent: src_path=b'/home/rabbia/To-DoList/test.log', wd=1, mask=IN_MODIFY, cookie=0, name=test.log>
DEBUG:watchdog.observers.inotify_buffer:in-event <InotifyEvent: src_path=b'/home/rabbia/To-DoList/test.log', wd=1, mask=IN_MODIFY, cookie=0, name=test.log>
DEBUG:watchdog.observers.inotify_buffer:in-event <InotifyEvent: src_path=b'/home/rabbia/To-DoList/test.log', wd=1, mask=IN_MODIFY, cookie=0, name=test.log>
DEBUG:watchdog.observers.inotify_buffer:in-event <InotifyEvent: src_path=b'/home/rabbia/To-DoList/test.log', wd=1, mask=IN_MODIFY, cookie=0, name=test.log>
DEBUG:watchdog.observers.inotify_buffer:in-event <InotifyEvent: src_path=b'/home/rabbia/To-DoList/test.log', wd=1, mask=IN_MODIFY, cookie=0, name=test.log>
DEBUG:watchdog.observers.inotify_buffer:in-event <InotifyEvent: src_path=b'/home/rabbia/To-DoList/test.log', wd=1, mask=IN_MODIFY, cookie=0, name=test.log>
DEBUG:watchdog.observers.inotify_buffer:in-event <InotifyEvent: src_path=b'/home/rabbia/To-DoList/test.log', wd=1, mask=IN_MODIFY, cookie=0, name=test.log>
DEBUG:watchdog.observers.inotify_buffer:in-event <InotifyEvent: src_path=b'/home/rabbia/To-DoList/test.log', wd=1, mask=IN_MODIFY, cookie=0, name=test.log>
DEBUG:watchdog.observers.inotify_buffer:in-event <InotifyEvent: src_path=b'/home/rabbia/To-DoList/test.log', wd=1, mask=IN_MODIFY, cookie=0, name=test.log>
DEBUG:watchdog.observers.inotify_buffer:in-event <InotifyEvent: src_path=b'/home/rabbia/To-DoList/test.log', wd=1, mask=IN_MODIFY, cookie=0, name=test.log>
DEBUG:watchdog.observers.inotify_buffer:in-event <InotifyEvent: src_path=b'/home/rabbia/To-DoList/test.log', wd=1, mask=IN_MODIFY, cookie=0, name=test.log>
DEBUG:watchdog.observers.inotify_buffer:in-event <InotifyEvent: src_path=b'/home/rabbia/To-DoList/test.log', wd=1, mask=IN_MODIFY, cookie=0, name=test.log>
DEBUG:watchdog.observers.inotify_buffer:in-event <InotifyEvent: src_path=b'/home/rabbia/To-DoList/test.log', wd=1, mask=IN_MODIFY, cookie=0, name=test.log>
DEBUG:watchdog.observers.inotify_buffer:in-event <InotifyEvent: src_path=b'/home/rabbia/To-DoList/test.log', wd=1, mask=IN_MODIFY, cookie=0, name=test.log>
DEBUG:watchdog.observers.inotify_buffer:in-event <InotifyEvent: src_path=b'/home/rabbia/To-DoList/test.log', wd=1, mask=IN_MODIFY, cookie=0, name=test.log>
DEBUG:watchdog.observers.inotify_buffer:in-event <InotifyEvent: src_path=b'/home/rabbia/To-DoList/test.log', wd=1, mask=IN_MODIFY, cookie=0, name=test.log>
DEBUG:watchdog.observers.inotify_buffer:in-event <InotifyEvent: src_path=b'/home/rabbia/To-DoList/test.log', wd=1, mask=IN_MODIFY, cookie=0, name=test.log>
DEBUG:watchdog.observers.inotify_buffer:in-event <InotifyEvent: src_path=b'/home/rabbia/To-DoList/test.log', wd=1, mask=IN_MODIFY, cookie=0, name=test.log>
DEBUG:watchdog.observers.inotify_buffer:in-event <InotifyEvent: src_path=b'/home/rabbia/To-DoList/test.log', wd=1, mask=IN_MODIFY, cookie=0, name=test.log>
DEBUG:watchdog.observers.inotify_buffer:in-event <InotifyEvent: src_path=b'/home/rabbia/To-DoList/test.log', wd=1, mask=IN_MODIFY, cookie=0, name=test.log>
DEBUG:watchdog.observers.inotify_buffer:in-event <InotifyEvent: src_path=b'/home/rabbia/To-DoList/test.log', wd=1, mask=IN_MODIFY, cookie=0, name=test.log>
DEBUG:watchdog.observers.inotify_buffer:in-event <InotifyEvent: src_path=b'/home/rabbia/To-DoList/test.log', wd=1, mask=IN_MODIFY, cookie=0, name=test.log>
DEBUG:watchdog.observers.inotify_buffer:in-event <InotifyEvent: src_path=b'/home/rabbia/To-DoList/test.log', wd=1, mask=IN_MODIFY, cookie=0, name=test.log>
DEBUG:watchdog.observers.inotify_buffer:in-event <InotifyEvent: src_path=b'/home/rabbia/To-DoList/test.log', wd=1, mask=IN_MODIFY, cookie=0, name=test.log>
DEBUG:watchdog.observers.inotify_buffer:in-event <InotifyEvent: src_path=b'/home/rabbia/To-DoList/test.log', wd=1, mask=IN_MODIFY, cookie=0, name=test.log>
DEBUG:watchdog.observers.inotify_buffer:in-event <InotifyEvent: src_path=b'/home/rabbia/To-DoList/test.log', wd=1, mask=IN_MODIFY, cookie=0, name=test.log>
DEBUG:watchdog.observers.inotify_buffer:in-event <InotifyEvent: src_path=b'/home/rabbia/To-DoList/test.log', wd=1, mask=IN_MODIFY, cookie=0, name=test.log>
DEBUG:watchdog.observers.inotify_buffer:in-event <InotifyEvent: src_path=b'/home/rabbia/To-DoList/test.log', wd=1, mask=IN_MODIFY, cookie=0, name=test.log>
DEBUG:watchdog.observers.inotify_buffer:in-event <InotifyEvent: src_path=b'/home/rabbia/To-DoList/test.log', wd=1, mask=IN_MODIFY, cookie=0, name=test.log>
DEBUG:watchdog.observers.inotify_buffer:in-event <InotifyEvent: src_path=b'/home/rabbia/To-DoList/test.log', wd=1, mask=IN_MODIFY, cookie=0, name=test.log>
DEBUG:watchdog.observers.inotify_buffer:in-event <InotifyEvent: src_path=b'/home/rabbia/To-DoList/test.log', wd=1, mask=IN_MODIFY, cookie=0, name=test.log>
DEBUG:watchdog.observers.inotify_buffer:in-event <InotifyEvent: src_path=b'/home/rabbia/To-DoList/test.log', wd=1, mask=IN_MODIFY, cookie=0, name=test.log>
DEBUG:watchdog.observers.inotify_buffer:in-event <InotifyEvent: src_path=b'/home/rabbia/To-DoList/test.log', wd=1, mask=IN_MODIFY, cookie=0, name=test.log>
DEBUG:watchdog.observers.inotify_buffer:in-event <InotifyEvent: src_path=b'/home/rabbia/To-DoList/test.log', wd=1, mask=IN_MODIFY, cookie=0, name=test.log>
DEBUG:watchdog.observers.inotify_buffer:in-event <InotifyEvent: src_path=b'/home/rabbia/To-DoList/test.log', wd=1, mask=IN_MODIFY, cookie=0, name=test.log>
DEBUG:watchdog.observers.inotify_buffer:in-event <InotifyEvent: src_path=b'/home/rabbia/To-DoList/test.log', wd=1, mask=IN_MODIFY, cookie=0, name=test.log>
DEBUG:watchdog.observers.inotify_buffer:in-event <InotifyEvent: src_path=b'/home/rabbia/To-DoList/test.log', wd=1, mask=IN_MODIFY, cookie=0, name=test.log>
DEBUG:watchdog.observers.inotify_buffer:in-event <InotifyEvent: src_path=b'/home/rabbia/To-DoList/test.log', wd=1, mask=IN_MODIFY, cookie=0, name=test.log>
DEBUG:watchdog.observers.inotify_buffer:in-event <InotifyEvent: src_path=b'/home/rabbia/To-DoList/test.log', wd=1, mask=IN_MODIFY, cookie=0, name=test.log>
DEBUG:watchdog.observers.inotify_buffer:in-event <InotifyEvent: src_path=b'/home/rabbia/To-DoList/test.log', wd=1, mask=IN_MODIFY, cookie=0, name=test.log>
DEBUG:watchdog.observers.inotify_buffer:in-event <InotifyEvent: src_path=b'/home/rabbia/To-DoList/test.log', wd=1, mask=IN_MODIFY, cookie=0, name=test.log>
DEBUG:watchdog.observers.inotify_buffer:in-event <InotifyEvent: src_path=b'/home/rabbia/To-DoList/test.log', wd=1, mask=IN_MODIFY, cookie=0, name=test.log>
DEBUG:watchdog.observers.inotify_buffer:in-event <InotifyEvent: src_path=b'/home/rabbia/To-DoList/test.log', wd=1, mask=IN_MODIFY, cookie=0, name=test.log>
DEBUG:watchdog.observers.inotify_buffer:in-event <InotifyEvent: src_path=b'/home/rabbia/To-DoList/test.log', wd=1, mask=IN_MODIFY, cookie=0, name=test.log>
DEBUG:watchdog.observers.inotify_buffer:in-event <InotifyEvent: src_path=b'/home/rabbia/To-DoList/test.log', wd=1, mask=IN_MODIFY, cookie=0, name=test.log>
DEBUG:watchdog.observers.inotify_buffer:in-event <InotifyEvent: src_path=b'/home/rabbia/To-DoList/test.log', wd=1, mask=IN_MODIFY, cookie=0, name=test.log>
DEBUG:watchdog.observers.inotify_buffer:in-event <InotifyEvent: src_path=b'/home/rabbia/To-DoList/test.log', wd=1, mask=IN_MODIFY, cookie=0, name=test.log>
DEBUG:watchdog.observers.inotify_buffer:in-event <InotifyEvent: src_path=b'/home/rabbia/To-DoList/test.log', wd=1, mask=IN_MODIFY, cookie=0, name=test.log>
DEBUG:watchdog.observers.inotify_buffer:in-event <InotifyEvent: src_path=b'/home/rabbia/To-DoList/test.log', wd=1, mask=IN_MODIFY, cookie=0, name=test.log>
DEBUG:watchdog.observers.inotify_buffer:in-event <InotifyEvent: src_path=b'/home/rabbia/To-DoList/test.log', wd=1, mask=IN_MODIFY, cookie=0, name=test.log>
DEBUG:watchdog.observers.inotify_buffer:in-event <InotifyEvent: src_path=b'/home/rabbia/To-DoList/test.log', wd=1, mask=IN_MODIFY, cookie=0, name=test.log>
DEBUG:watchdog.observers.inotify_buffer:in-event <InotifyEvent: src_path=b'/home/rabbia/To-DoList/test.log', wd=1, mask=IN_MODIFY, cookie=0, name=test.log>
DEBUG:watchdog.observers.inotify_buffer:in-event <InotifyEvent: src_path=b'/home/rabbia/To-DoList/test.log', wd=1, mask=IN_MODIFY, cookie=0, name=test.log>
DEBUG:watchdog.observers.inotify_buffer:in-event <InotifyEvent: src_path=b'/home/rabbia/To-DoList/test.log', wd=1, mask=IN_MODIFY, cookie=0, name=test.log>
DEBUG:watchdog.observers.inotify_buffer:in-event <InotifyEvent: src_path=b'/home/rabbia/To-DoList/test.log', wd=1, mask=IN_MODIFY, cookie=0, name=test.log>
DEBUG:watchdog.observers.inotify_buffer:in-event <InotifyEvent: src_path=b'/home/rabbia/To-DoList/test.log', wd=1, mask=IN_MODIFY, cookie=0, name=test.log>
DEBUG:watchdog.observers.inotify_buffer:in-event <InotifyEvent: src_path=b'/home/rabbia/To-DoList/test.log', wd=1, mask=IN_MODIFY, cookie=0, name=test.log>
DEBUG:watchdog.observers.inotify_buffer:in-event <InotifyEvent: src_path=b'/home/rabbia/To-DoList/test.log', wd=1, mask=IN_MODIFY, cookie=0, name=test.log>
DEBUG:watchdog.observers.inotify_buffer:in-event <InotifyEvent: src_path=b'/home/rabbia/To-DoList/test.log', wd=1, mask=IN_MODIFY, cookie=0, name=test.log>
DEBUG:watchdog.observers.inotify_buffer:in-event <InotifyEvent: src_path=b'/home/rabbia/To-DoList/test.log', wd=1, mask=IN_MODIFY, cookie=0, name=test.log>
DEBUG:watchdog.observers.inotify_buffer:in-event <InotifyEvent: src_path=b'/home/rabbia/To-DoList/test.log', wd=1, mask=IN_MODIFY, cookie=0, name=test.log>
DEBUG:watchdog.observers.inotify_buffer:in-event <InotifyEvent: src_path=b'/home/rabbia/To-DoList/test.log', wd=1, mask=IN_MODIFY, cookie=0, name=test.log>
DEBUG:watchdog.observers.inotify_buffer:in-event <InotifyEvent: src_path=b'/home/rabbia/To-DoList/test.log', wd=1, mask=IN_MODIFY, cookie=0, name=test.log>
DEBUG:watchdog.observers.inotify_buffer:in-event <InotifyEvent: src_path=b'/home/rabbia/To-DoList/test.log', wd=1, mask=IN_MODIFY, cookie=0, name=test.log>
DEBUG:watchdog.observers.inotify_buffer:in-event <InotifyEvent: src_path=b'/home/rabbia/To-DoList/test.log', wd=1, mask=IN_MODIFY, cookie=0, name=test.log>
DEBUG:watchdog.observers.inotify_buffer:in-event <InotifyEvent: src_path=b'/home/rabbia/To-DoList/test.log', wd=1, mask=IN_MODIFY, cookie=0, name=test.log>
DEBUG:watchdog.observers.inotify_buffer:in-event <InotifyEvent: src_path=b'/home/rabbia/To-DoList/test.log', wd=1, mask=IN_MODIFY, cookie=0, name=test.log>
DEBUG:watchdog.observers.inotify_buffer:in-event <InotifyEvent: src_path=b'/home/rabbia/To-DoList/test.log', wd=1, mask=IN_MODIFY, cookie=0, name=test.log>
DEBUG:watchdog.observers.inotify_buffer:in-event <InotifyEvent: src_path=b'/home/rabbia/To-DoList/test.log', wd=1, mask=IN_MODIFY, cookie=0, name=test.log>
DEBUG:watchdog.observers.inotify_buffer:in-event <InotifyEvent: src_path=b'/home/rabbia/To-DoList/test.log', wd=1, mask=IN_MODIFY, cookie=0, name=test.log>
DEBUG:watchdog.observers.inotify_buffer:in-event <InotifyEvent: src_path=b'/home/rabbia/To-DoList/test.log', wd=1, mask=IN_MODIFY, cookie=0, name=test.log>
DEBUG:watchdog.observers.inotify_buffer:in-event <InotifyEvent: src_path=b'/home/rabbia/To-DoList/test.log', wd=1, mask=IN_MODIFY, cookie=0, name=test.log>
DEBUG:watchdog.observers.inotify_buffer:in-event <InotifyEvent: src_path=b'/home/rabbia/To-DoList/test.log', wd=1, mask=IN_MODIFY, cookie=0, name=test.log>
DEBUG:watchdog.observers.inotify_buffer:in-event <InotifyEvent: src_path=b'/home/rabbia/To-DoList/test.log', wd=1, mask=IN_MODIFY, cookie=0, name=test.log>
DEBUG:watchdog.observers.inotify_buffer:in-event <InotifyEvent: src_path=b'/home/rabbia/To-DoList/test.log', wd=1, mask=IN_MODIFY, cookie=0, name=test.log>
DEBUG:watchdog.observers.inotify_buffer:in-event <InotifyEvent: src_path=b'/home/rabbia/To-DoList/test.log', wd=1, mask=IN_MODIFY, cookie=0, name=test.log>
DEBUG:watchdog.observers.inotify_buffer:in-event <InotifyEvent: src_path=b'/home/rabbia/To-DoList/test.log', wd=1, mask=IN_MODIFY, cookie=0, name=test.log>
DEBUG:watchdog.observers.inotify_buffer:in-event <InotifyEvent: src_path=b'/home/rabbia/To-DoList/test.log', wd=1, mask=IN_MODIFY, cookie=0, name=test.log>
DEBUG:watchdog.observers.inotify_buffer:in-event <InotifyEvent: src_path=b'/home/rabbia/To-DoList/test.log', wd=1, mask=IN_MODIFY, cookie=0, name=test.log>
DEBUG:watchdog.observers.inotify_buffer:in-event <InotifyEvent: src_path=b'/home/rabbia/To-DoList/test.log', wd=1, mask=IN_MODIFY, cookie=0, name=test.log>
DEBUG:watchdog.observers.inotify_buffer:in-event <InotifyEvent: src_path=b'/home/rabbia/To-DoList/test.log', wd=1, mask=IN_MODIFY, cookie=0, name=test.log>
DEBUG:watchdog.observers.inotify_buffer:in-event <InotifyEvent: src_path=b'/home/rabbia/To-DoList/test.log', wd=1, mask=IN_MODIFY, cookie=0, name=test.log>
DEBUG:watchdog.observers.inotify_buffer:in-event <InotifyEvent: src_path=b'/home/rabbia/To-DoList/test.log', wd=1, mask=IN_MODIFY, cookie=0, name=test.log>
DEBUG:watchdog.observers.inotify_buffer:in-event <InotifyEvent: src_path=b'/home/rabbia/To-DoList/test.log', wd=1, mask=IN_MODIFY, cookie=0, name=test.log>
DEBUG:watchdog.observers.inotify_buffer:in-event <InotifyEvent: src_path=b'/home/rabbia/To-DoList/test.log', wd=1, mask=IN_MODIFY, cookie=0, name=test.log>
DEBUG:watchdog.observers.inotify_buffer:in-event <InotifyEvent: src_path=b'/home/rabbia/To-DoList/test.log', wd=1, mask=IN_MODIFY, cookie=0, name=test.log>
DEBUG:watchdog.observers.inotify_buffer:in-event <InotifyEvent: src_path=b'/home/rabbia/To-DoList/test.log', wd=1, mask=IN_MODIFY, cookie=0, name=test.log>
DEBUG:watchdog.observers.inotify_buffer:in-event <InotifyEvent: src_path=b'/home/rabbia/To-DoList/test.log', wd=1, mask=IN_MODIFY, cookie=0, name=test.log>
DEBUG:watchdog.observers.inotify_buffer:in-event <InotifyEvent: src_path=b'/home/rabbia/To-DoList/test.log', wd=1, mask=IN_MODIFY, cookie=0, name=test.log>
DEBUG:watchdog.observers.inotify_buffer:in-event <InotifyEvent: src_path=b'/home/rabbia/To-DoList/test.log', wd=1, mask=IN_MODIFY, cookie=0, name=test.log>
DEBUG:watchdog.observers.inotify_buffer:in-event <InotifyEvent: src_path=b'/home/rabbia/To-DoList/test.log', wd=1, mask=IN_MODIFY, cookie=0, name=test.log>
DEBUG:watchdog.observers.inotify_buffer:in-event <InotifyEvent: src_path=b'/home/rabbia/To-DoList/test.log', wd=1, mask=IN_MODIFY, cookie=0, name=test.log>
DEBUG:watchdog.observers.inotify_buffer:in-event <InotifyEvent: src_path=b'/home/rabbia/To-DoList/test.log', wd=1, mask=IN_MODIFY, cookie=0, name=test.log>
DEBUG:watchdog.observers.inotify_buffer:in-event <InotifyEvent: src_path=b'/home/rabbia/To-DoList/test.log', wd=1, mask=IN_MODIFY, cookie=0, name=test.log>
DEBUG:watchdog.observers.inotify_buffer:in-event <InotifyEvent: src_path=b'/home/rabbia/To-DoList/test.log', wd=1, mask=IN_MODIFY, cookie=0, name=test.log>
DEBUG:watchdog.observers.inotify_buffer:in-event <InotifyEvent: src_path=b'/home/rabbia/To-DoList/test.log', wd=1, mask=IN_MODIFY, cookie=0, name=test.log>
DEBUG:watchdog.observers.inotify_buffer:in-event <InotifyEvent: src_path=b'/home/rabbia/To-DoList/test.log', wd=1, mask=IN_MODIFY, cookie=0, name=test.log>
DEBUG:watchdog.observers.inotify_buffer:in-event <InotifyEvent: src_path=b'/home/rabbia/To-DoList/test.log', wd=1, mask=IN_MODIFY, cookie=0, name=test.log>
DEBUG:watchdog.observers.inotify_buffer:in-event <InotifyEvent: src_path=b'/home/rabbia/To-DoList/test.log', wd=1, mask=IN_MODIFY, cookie=0, name=test.log>
DEBUG:watchdog.observers.inotify_buffer:in-event <InotifyEvent: src_path=b'/home/rabbia/To-DoList/test.log', wd=1, mask=IN_MODIFY, cookie=0, name=test.log>
DEBUG:watchdog.observers.inotify_buffer:in-event <InotifyEvent: src_path=b'/home/rabbia/To-DoList/test.log', wd=1, mask=IN_MODIFY, cookie=0, name=test.log>
DEBUG:watchdog.observers.inotify_buffer:in-event <InotifyEvent: src_path=b'/home/rabbia/To-DoList/test.log', wd=1, mask=IN_MODIFY, cookie=0, name=test.log>
DEBUG:watchdog.observers.inotify_buffer:in-event <InotifyEvent: src_path=b'/home/rabbia/To-DoList/test.log', wd=1, mask=IN_MODIFY, cookie=0, name=test.log>
DEBUG:watchdog.observers.inotify_buffer:in-event <InotifyEvent: src_path=b'/home/rabbia/To-DoList/test.log', wd=1, mask=IN_MODIFY, cookie=0, name=test.log>
DEBUG:watchdog.observers.inotify_buffer:in-event <InotifyEvent: src_path=b'/home/rabbia/To-DoList/test.log', wd=1, mask=IN_MODIFY, cookie=0, name=test.log>
DEBUG:watchdog.observers.inotify_buffer:in-event <InotifyEvent: src_path=b'/home/rabbia/To-DoList/test.log', wd=1, mask=IN_MODIFY, cookie=0, name=test.log>
DEBUG:watchdog.observers.inotify_buffer:in-event <InotifyEvent: src_path=b'/home/rabbia/To-DoList/test.log', wd=1, mask=IN_MODIFY, cookie=0, name=test.log>
DEBUG:watchdog.observers.inotify_buffer:in-event <InotifyEvent: src_path=b'/home/rabbia/To-DoList/test.log', wd=1, mask=IN_MODIFY, cookie=0, name=test.log>
DEBUG:watchdog.observers.inotify_buffer:in-event <InotifyEvent: src_path=b'/home/rabbia/To-DoList/test.log', wd=1, mask=IN_MODIFY, cookie=0, name=test.log>
DEBUG:watchdog.observers.inotify_buffer:in-event <InotifyEvent: src_path=b'/home/rabbia/To-DoList/test.log', wd=1, mask=IN_MODIFY, cookie=0, name=test.log>
DEBUG:watchdog.observers.inotify_buffer:in-event <InotifyEvent: src_path=b'/home/rabbia/To-DoList/test.log', wd=1, mask=IN_MODIFY, cookie=0, name=test.log>
DEBUG:watchdog.observers.inotify_buffer:in-event <InotifyEvent: src_path=b'/home/rabbia/To-DoList/test.log', wd=1, mask=IN_MODIFY, cookie=0, name=test.log>
DEBUG:watchdog.observers.inotify_buffer:in-event <InotifyEvent: src_path=b'/home/rabbia/To-DoList/test.log', wd=1, mask=IN_MODIFY, cookie=0, name=test.log>
DEBUG:watchdog.observers.inotify_buffer:in-event <InotifyEvent: src_path=b'/home/rabbia/To-DoList/test.log', wd=1, mask=IN_MODIFY, cookie=0, name=test.log>
DEBUG:watchdog.observers.inotify_buffer:in-event <InotifyEvent: src_path=b'/home/rabbia/To-DoList/test.log', wd=1, mask=IN_MODIFY, cookie=0, name=test.log>
DEBUG:watchdog.observers.inotify_buffer:in-event <InotifyEvent: src_path=b'/home/rabbia/To-DoList/test.log', wd=1, mask=IN_MODIFY, cookie=0, name=test.log>
DEBUG:watchdog.observers.inotify_buffer:in-event <InotifyEvent: src_path=b'/home/rabbia/To-DoList/test.log', wd=1, mask=IN_MODIFY, cookie=0, name=test.log>
DEBUG:watchdog.observers.inotify_buffer:in-event <InotifyEvent: src_path=b'/home/rabbia/To-DoList/test.log', wd=1, mask=IN_MODIFY, cookie=0, name=test.log>
DEBUG:watchdog.observers.inotify_buffer:in-event <InotifyEvent: src_path=b'/home/rabbia/To-DoList/test.log', wd=1, mask=IN_MODIFY, cookie=0, name=test.log>
DEBUG:watchdog.observers.inotify_buffer:in-event <InotifyEvent: src_path=b'/home/rabbia/To-DoList/test.log', wd=1, mask=IN_MODIFY, cookie=0, name=test.log>
DEBUG:watchdog.observers.inotify_buffer:in-event <InotifyEvent: src_path=b'/home/rabbia/To-DoList/test.log', wd=1, mask=IN_MODIFY, cookie=0, name=test.log>
DEBUG:watchdog.observers.inotify_buffer:in-event <InotifyEvent: src_path=b'/home/rabbia/To-DoList/test.log', wd=1, mask=IN_MODIFY, cookie=0, name=test.log>
DEBUG:watchdog.observers.inotify_buffer:in-event <InotifyEvent: src_path=b'/home/rabbia/To-DoList/test.log', wd=1, mask=IN_MODIFY, cookie=0, name=test.log>
DEBUG:watchdog.observers.inotify_buffer:in-event <InotifyEvent: src_path=b'/home/rabbia/To-DoList/test.log', wd=1, mask=IN_MODIFY, cookie=0, name=test.log>
DEBUG:watchdog.observers.inotify_buffer:in-event <InotifyEvent: src_path=b'/home/rabbia/To-DoList/test.log', wd=1, mask=IN_MODIFY, cookie=0, name=test.log>
DEBUG:watchdog.observers.inotify_buffer:in-event <InotifyEvent: src_path=b'/home/rabbia/To-DoList/test.log', wd=1, mask=IN_MODIFY, cookie=0, name=test.log>
DEBUG:watchdog.observers.inotify_buffer:in-event <InotifyEvent: src_path=b'/home/rabbia/To-DoList/test.log', wd=1, mask=IN_MODIFY, cookie=0, name=test.log>
DEBUG:watchdog.observers.inotify_buffer:in-event <InotifyEvent: src_path=b'/home/rabbia/To-DoList/test.log', wd=1, mask=IN_MODIFY, cookie=0, name=test.log>
DEBUG:watchdog.observers.inotify_buffer:in-event <InotifyEvent: src_path=b'/home/rabbia/To-DoList/test.log', wd=1, mask=IN_MODIFY, cookie=0, name=test.log>
DEBUG:watchdog.observers.inotify_buffer:in-event <InotifyEvent: src_path=b'/home/rabbia/To-DoList/test.log', wd=1, mask=IN_MODIFY, cookie=0, name=test.log>
DEBUG:watchdog.observers.inotify_buffer:in-event <InotifyEvent: src_path=b'/home/rabbia/To-DoList/test.log', wd=1, mask=IN_MODIFY, cookie=0, name=test.log>
DEBUG:watchdog.observers.inotify_buffer:in-event <InotifyEvent: src_path=b'/home/rabbia/To-DoList/test.log', wd=1, mask=IN_MODIFY, cookie=0, name=test.log>
DEBUG:watchdog.observers.inotify_buffer:in-event <InotifyEvent: src_path=b'/home/rabbia/To-DoList/test.log', wd=1, mask=IN_MODIFY, cookie=0, name=test.log>
DEBUG:watchdog.observers.inotify_buffer:in-event <InotifyEvent: src_path=b'/home/rabbia/To-DoList/test.log', wd=1, mask=IN_MODIFY, cookie=0, name=test.log>
DEBUG:watchdog.observers.inotify_buffer:in-event <InotifyEvent: src_path=b'/home/rabbia/To-DoList/test.log', wd=1, mask=IN_MODIFY, cookie=0, name=test.log>
DEBUG:watchdog.observers.inotify_buffer:in-event <InotifyEvent: src_path=b'/home/rabbia/To-DoList/test.log', wd=1, mask=IN_MODIFY, cookie=0, name=test.log>
DEBUG:watchdog.observers.inotify_buffer:in-event <InotifyEvent: src_path=b'/home/rabbia/To-DoList/test.log', wd=1, mask=IN_MODIFY, cookie=0, name=test.log>
DEBUG:watchdog.observers.inotify_buffer:in-event <InotifyEvent: src_path=b'/home/rabbia/To-DoList/test.log', wd=1, mask=IN_MODIFY, cookie=0, name=test.log>
DEBUG:watchdog.observers.inotify_buffer:in-event <InotifyEvent: src_path=b'/home/rabbia/To-DoList/test.log', wd=1, mask=IN_MODIFY, cookie=0, name=test.log>
DEBUG:watchdog.observers.inotify_buffer:in-event <InotifyEvent: src_path=b'/home/rabbia/To-DoList/test.log', wd=1, mask=IN_MODIFY, cookie=0, name=test.log>
DEBUG:watchdog.observers.inotify_buffer:in-event <InotifyEvent: src_path=b'/home/rabbia/To-DoList/test.log', wd=1, mask=IN_MODIFY, cookie=0, name=test.log>
DEBUG:watchdog.observers.inotify_buffer:in-event <InotifyEvent: src_path=b'/home/rabbia/To-DoList/test.log', wd=1, mask=IN_MODIFY, cookie=0, name=test.log>
DEBUG:watchdog.observers.inotify_buffer:in-event <InotifyEvent: src_path=b'/home/rabbia/To-DoList/test.log', wd=1, mask=IN_MODIFY, cookie=0, name=test.log>
DEBUG:watchdog.observers.inotify_buffer:in-event <InotifyEvent: src_path=b'/home/rabbia/To-DoList/test.log', wd=1, mask=IN_MODIFY, cookie=0, name=test.log>
DEBUG:watchdog.observers.inotify_buffer:in-event <InotifyEvent: src_path=b'/home/rabbia/To-DoList/test.log', wd=1, mask=IN_MODIFY, cookie=0, name=test.log>
DEBUG:watchdog.observers.inotify_buffer:in-event <InotifyEvent: src_path=b'/home/rabbia/To-DoList/test.log', wd=1, mask=IN_MODIFY, cookie=0, name=test.log>
DEBUG:watchdog.observers.inotify_buffer:in-event <InotifyEvent: src_path=b'/home/rabbia/To-DoList/test.log', wd=1, mask=IN_MODIFY, cookie=0, name=test.log>
DEBUG:watchdog.observers.inotify_buffer:in-event <InotifyEvent: src_path=b'/home/rabbia/To-DoList/test.log', wd=1, mask=IN_MODIFY, cookie=0, name=test.log>
DEBUG:watchdog.observers.inotify_buffer:in-event <InotifyEvent: src_path=b'/home/rabbia/To-DoList/test.log', wd=1, mask=IN_MODIFY, cookie=0, name=test.log>
DEBUG:watchdog.observers.inotify_buffer:in-event <InotifyEvent: src_path=b'/home/rabbia/To-DoList/test.log', wd=1, mask=IN_MODIFY, cookie=0, name=test.log>
DEBUG:watchdog.observers.inotify_buffer:in-event <InotifyEvent: src_path=b'/home/rabbia/To-DoList/test.log', wd=1, mask=IN_MODIFY, cookie=0, name=test.log>
DEBUG:watchdog.observers.inotify_buffer:in-event <InotifyEvent: src_path=b'/home/rabbia/To-DoList/test.log', wd=1, mask=IN_MODIFY, cookie=0, name=test.log>
DEBUG:watchdog.observers.inotify_buffer:in-event <InotifyEvent: src_path=b'/home/rabbia/To-DoList/test.log', wd=1, mask=IN_MODIFY, cookie=0, name=test.log>
DEBUG:watchdog.observers.inotify_buffer:in-event <InotifyEvent: src_path=b'/home/rabbia/To-DoList/test.log', wd=1, mask=IN_MODIFY, cookie=0, name=test.log>
DEBUG:watchdog.observers.inotify_buffer:in-event <InotifyEvent: src_path=b'/home/rabbia/To-DoList/test.log', wd=1, mask=IN_MODIFY, cookie=0, name=test.log>
DEBUG:watchdog.observers.inotify_buffer:in-event <InotifyEvent: src_path=b'/home/rabbia/To-DoList/test.log', wd=1, mask=IN_MODIFY, cookie=0, name=test.log>
DEBUG:watchdog.observers.inotify_buffer:in-event <InotifyEvent: src_path=b'/home/rabbia/To-DoList/test.log', wd=1, mask=IN_MODIFY, cookie=0, name=test.log>
DEBUG:watchdog.observers.inotify_buffer:in-event <InotifyEvent: src_path=b'/home/rabbia/To-DoList/test.log', wd=1, mask=IN_MODIFY, cookie=0, name=test.log>
DEBUG:watchdog.observers.inotify_buffer:in-event <InotifyEvent: src_path=b'/home/rabbia/To-DoList/test.log', wd=1, mask=IN_MODIFY, cookie=0, name=test.log>
DEBUG:watchdog.observers.inotify_buffer:in-event <InotifyEvent: src_path=b'/home/rabbia/To-DoList/test.log', wd=1, mask=IN_MODIFY, cookie=0, name=test.log>
DEBUG:watchdog.observers.inotify_buffer:in-event <InotifyEvent: src_path=b'/home/rabbia/To-DoList/test.log', wd=1, mask=IN_MODIFY, cookie=0, name=test.log>
DEBUG:watchdog.observers.inotify_buffer:in-event <InotifyEvent: src_path=b'/home/rabbia/To-DoList/test.log', wd=1, mask=IN_MODIFY, cookie=0, name=test.log>
DEBUG:watchdog.observers.inotify_buffer:in-event <InotifyEvent: src_path=b'/home/rabbia/To-DoList/test.log', wd=1, mask=IN_MODIFY, cookie=0, name=test.log>
DEBUG:watchdog.observers.inotify_buffer:in-event <InotifyEvent: src_path=b'/home/rabbia/To-DoList/test.log', wd=1, mask=IN_MODIFY, cookie=0, name=test.log>
DEBUG:watchdog.observers.inotify_buffer:in-event <InotifyEvent: src_path=b'/home/rabbia/To-DoList/test.log', wd=1, mask=IN_MODIFY, cookie=0, name=test.log>
DEBUG:watchdog.observers.inotify_buffer:in-event <InotifyEvent: src_path=b'/home/rabbia/To-DoList/test.log', wd=1, mask=IN_MODIFY, cookie=0, name=test.log>
DEBUG:watchdog.observers.inotify_buffer:in-event <InotifyEvent: src_path=b'/home/rabbia/To-DoList/test.log', wd=1, mask=IN_MODIFY, cookie=0, name=test.log>
DEBUG:watchdog.observers.inotify_buffer:in-event <InotifyEvent: src_path=b'/home/rabbia/To-DoList/test.log', wd=1, mask=IN_MODIFY, cookie=0, name=test.log>
DEBUG:watchdog.observers.inotify_buffer:in-event <InotifyEvent: src_path=b'/home/rabbia/To-DoList/test.log', wd=1, mask=IN_MODIFY, cookie=0, name=test.log>
DEBUG:watchdog.observers.inotify_buffer:in-event <InotifyEvent: src_path=b'/home/rabbia/To-DoList/test.log', wd=1, mask=IN_MODIFY, cookie=0, name=test.log>
DEBUG:watchdog.observers.inotify_buffer:in-event <InotifyEvent: src_path=b'/home/rabbia/To-DoList/test.log', wd=1, mask=IN_MODIFY, cookie=0, name=test.log>
DEBUG:watchdog.observers.inotify_buffer:in-event <InotifyEvent: src_path=b'/home/rabbia/To-DoList/test.log', wd=1, mask=IN_MODIFY, cookie=0, name=test.log>
DEBUG:watchdog.observers.inotify_buffer:in-event <InotifyEvent: src_path=b'/home/rabbia/To-DoList/test.log', wd=1, mask=IN_MODIFY, cookie=0, name=test.log>
DEBUG:watchdog.observers.inotify_buffer:in-event <InotifyEvent: src_path=b'/home/rabbia/To-DoList/test.log', wd=1, mask=IN_MODIFY, cookie=0, name=test.log>
DEBUG:watchdog.observers.inotify_buffer:in-event <InotifyEvent: src_path=b'/home/rabbia/To-DoList/test.log', wd=1, mask=IN_MODIFY, cookie=0, name=test.log>
DEBUG:watchdog.observers.inotify_buffer:in-event <InotifyEvent: src_path=b'/home/rabbia/To-DoList/test.log', wd=1, mask=IN_MODIFY, cookie=0, name=test.log>
DEBUG:watchdog.observers.inotify_buffer:in-event <InotifyEvent: src_path=b'/home/rabbia/To-DoList/test.log', wd=1, mask=IN_MODIFY, cookie=0, name=test.log>
DEBUG:watchdog.observers.inotify_buffer:in-event <InotifyEvent: src_path=b'/home/rabbia/To-DoList/test.log', wd=1, mask=IN_MODIFY, cookie=0, name=test.log>
DEBUG:watchdog.observers.inotify_buffer:in-event <InotifyEvent: src_path=b'/home/rabbia/To-DoList/test.log', wd=1, mask=IN_MODIFY, cookie=0, name=test.log>
DEBUG:watchdog.observers.inotify_buffer:in-event <InotifyEvent: src_path=b'/home/rabbia/To-DoList/test.log', wd=1, mask=IN_MODIFY, cookie=0, name=test.log>
DEBUG:watchdog.observers.inotify_buffer:in-event <InotifyEvent: src_path=b'/home/rabbia/To-DoList/test.log', wd=1, mask=IN_MODIFY, cookie=0, name=test.log>
DEBUG:watchdog.observers.inotify_buffer:in-event <InotifyEvent: src_path=b'/home/rabbia/To-DoList/test.log', wd=1, mask=IN_MODIFY, cookie=0, name=test.log>
DEBUG:watchdog.observers.inotify_buffer:in-event <InotifyEvent: src_path=b'/home/rabbia/To-DoList/test.log', wd=1, mask=IN_MODIFY, cookie=0, name=test.log>
DEBUG:watchdog.observers.inotify_buffer:in-event <InotifyEvent: src_path=b'/home/rabbia/To-DoList/test.log', wd=1, mask=IN_MODIFY, cookie=0, name=test.log>
DEBUG:watchdog.observers.inotify_buffer:in-event <InotifyEvent: src_path=b'/home/rabbia/To-DoList/test.log', wd=1, mask=IN_MODIFY, cookie=0, name=test.log>
DEBUG:watchdog.observers.inotify_buffer:in-event <InotifyEvent: src_path=b'/home/rabbia/To-DoList/test.log', wd=1, mask=IN_MODIFY, cookie=0, name=test.log>
DEBUG:watchdog.observers.inotify_buffer:in-event <InotifyEvent: src_path=b'/home/rabbia/To-DoList/test.log', wd=1, mask=IN_MODIFY, cookie=0, name=test.log>
DEBUG:watchdog.observers.inotify_buffer:in-event <InotifyEvent: src_path=b'/home/rabbia/To-DoList/test.log', wd=1, mask=IN_MODIFY, cookie=0, name=test.log>
DEBUG:watchdog.observers.inotify_buffer:in-event <InotifyEvent: src_path=b'/home/rabbia/To-DoList/test.log', wd=1, mask=IN_MODIFY, cookie=0, name=test.log>
DEBUG:watchdog.observers.inotify_buffer:in-event <InotifyEvent: src_path=b'/home/rabbia/To-DoList/test.log', wd=1, mask=IN_MODIFY, cookie=0, name=test.log>
DEBUG:watchdog.observers.inotify_buffer:in-event <InotifyEvent: src_path=b'/home/rabbia/To-DoList/test.log', wd=1, mask=IN_MODIFY, cookie=0, name=test.log>
DEBUG:watchdog.observers.inotify_buffer:in-event <InotifyEvent: src_path=b'/home/rabbia/To-DoList/test.log', wd=1, mask=IN_MODIFY, cookie=0, name=test.log>
DEBUG:watchdog.observers.inotify_buffer:in-event <InotifyEvent: src_path=b'/home/rabbia/To-DoList/test.log', wd=1, mask=IN_MODIFY, cookie=0, name=test.log>
DEBUG:watchdog.observers.inotify_buffer:in-event <InotifyEvent: src_path=b'/home/rabbia/To-DoList/test.log', wd=1, mask=IN_MODIFY, cookie=0, name=test.log>
DEBUG:watchdog.observers.inotify_buffer:in-event <InotifyEvent: src_path=b'/home/rabbia/To-DoList/test.log', wd=1, mask=IN_MODIFY, cookie=0, name=test.log>
DEBUG:watchdog.observers.inotify_buffer:in-event <InotifyEvent: src_path=b'/home/rabbia/To-DoList/test.log', wd=1, mask=IN_MODIFY, cookie=0, name=test.log>
DEBUG:watchdog.observers.inotify_buffer:in-event <InotifyEvent: src_path=b'/home/rabbia/To-DoList/test.log', wd=1, mask=IN_MODIFY, cookie=0, name=test.log>
DEBUG:watchdog.observers.inotify_buffer:in-event <InotifyEvent: src_path=b'/home/rabbia/To-DoList/test.log', wd=1, mask=IN_MODIFY, cookie=0, name=test.log>
DEBUG:watchdog.observers.inotify_buffer:in-event <InotifyEvent: src_path=b'/home/rabbia/To-DoList/test.log', wd=1, mask=IN_MODIFY, cookie=0, name=test.log>
DEBUG:watchdog.observers.inotify_buffer:in-event <InotifyEvent: src_path=b'/home/rabbia/To-DoList/test.log', wd=1, mask=IN_MODIFY, cookie=0, name=test.log>
DEBUG:watchdog.observers.inotify_buffer:in-event <InotifyEvent: src_path=b'/home/rabbia/To-DoList/test.log', wd=1, mask=IN_MODIFY, cookie=0, name=test.log>
DEBUG:watchdog.observers.inotify_buffer:in-event <InotifyEvent: src_path=b'/home/rabbia/To-DoList/test.log', wd=1, mask=IN_MODIFY, cookie=0, name=test.log>
DEBUG:watchdog.observers.inotify_buffer:in-event <InotifyEvent: src_path=b'/home/rabbia/To-DoList/test.log', wd=1, mask=IN_MODIFY, cookie=0, name=test.log>
DEBUG:watchdog.observers.inotify_buffer:in-event <InotifyEvent: src_path=b'/home/rabbia/To-DoList/test.log', wd=1, mask=IN_MODIFY, cookie=0, name=test.log>
DEBUG:watchdog.observers.inotify_buffer:in-event <InotifyEvent: src_path=b'/home/rabbia/To-DoList/test.log', wd=1, mask=IN_MODIFY, cookie=0, name=test.log>
DEBUG:watchdog.observers.inotify_buffer:in-event <InotifyEvent: src_path=b'/home/rabbia/To-DoList/test.log', wd=1, mask=IN_MODIFY, cookie=0, name=test.log>
DEBUG:watchdog.observers.inotify_buffer:in-event <InotifyEvent: src_path=b'/home/rabbia/To-DoList/test.log', wd=1, mask=IN_MODIFY, cookie=0, name=test.log>
DEBUG:watchdog.observers.inotify_buffer:in-event <InotifyEvent: src_path=b'/home/rabbia/To-DoList/test.log', wd=1, mask=IN_MODIFY, cookie=0, name=test.log>
DEBUG:watchdog.observers.inotify_buffer:in-event <InotifyEvent: src_path=b'/home/rabbia/To-DoList/test.log', wd=1, mask=IN_MODIFY, cookie=0, name=test.log>
DEBUG:watchdog.observers.inotify_buffer:in-event <InotifyEvent: src_path=b'/home/rabbia/To-DoList/test.log', wd=1, mask=IN_MODIFY, cookie=0, name=test.log>
DEBUG:watchdog.observers.inotify_buffer:in-event <InotifyEvent: src_path=b'/home/rabbia/To-DoList/test.log', wd=1, mask=IN_MODIFY, cookie=0, name=test.log>
DEBUG:watchdog.observers.inotify_buffer:in-event <InotifyEvent: src_path=b'/home/rabbia/To-DoList/test.log', wd=1, mask=IN_MODIFY, cookie=0, name=test.log>
DEBUG:watchdog.observers.inotify_buffer:in-event <InotifyEvent: src_path=b'/home/rabbia/To-DoList/test.log', wd=1, mask=IN_MODIFY, cookie=0, name=test.log>
DEBUG:watchdog.observers.inotify_buffer:in-event <InotifyEvent: src_path=b'/home/rabbia/To-DoList/test.log', wd=1, mask=IN_MODIFY, cookie=0, name=test.log>
DEBUG:watchdog.observers.inotify_buffer:in-event <InotifyEvent: src_path=b'/home/rabbia/To-DoList/test.log', wd=1, mask=IN_MODIFY, cookie=0, name=test.log>
DEBUG:watchdog.observers.inotify_buffer:in-event <InotifyEvent: src_path=b'/home/rabbia/To-DoList/test.log', wd=1, mask=IN_MODIFY, cookie=0, name=test.log>
DEBUG:watchdog.observers.inotify_buffer:in-event <InotifyEvent: src_path=b'/home/rabbia/To-DoList/test.log', wd=1, mask=IN_MODIFY, cookie=0, name=test.log>
DEBUG:watchdog.observers.inotify_buffer:in-event <InotifyEvent: src_path=b'/home/rabbia/To-DoList/test.log', wd=1, mask=IN_MODIFY, cookie=0, name=test.log>
DEBUG:watchdog.observers.inotify_buffer:in-event <InotifyEvent: src_path=b'/home/rabbia/To-DoList/test.log', wd=1, mask=IN_MODIFY, cookie=0, name=test.log>
DEBUG:watchdog.observers.inotify_buffer:in-event <InotifyEvent: src_path=b'/home/rabbia/To-DoList/test.log', wd=1, mask=IN_MODIFY, cookie=0, name=test.log>
DEBUG:watchdog.observers.inotify_buffer:in-event <InotifyEvent: src_path=b'/home/rabbia/To-DoList/test.log', wd=1, mask=IN_MODIFY, cookie=0, name=test.log>
DEBUG:watchdog.observers.inotify_buffer:in-event <InotifyEvent: src_path=b'/home/rabbia/To-DoList/test.log', wd=1, mask=IN_MODIFY, cookie=0, name=test.log>
DEBUG:watchdog.observers.inotify_buffer:in-event <InotifyEvent: src_path=b'/home/rabbia/To-DoList/test.log', wd=1, mask=IN_MODIFY, cookie=0, name=test.log>
DEBUG:watchdog.observers.inotify_buffer:in-event <InotifyEvent: src_path=b'/home/rabbia/To-DoList/test.log', wd=1, mask=IN_MODIFY, cookie=0, name=test.log>
DEBUG:watchdog.observers.inotify_buffer:in-event <InotifyEvent: src_path=b'/home/rabbia/To-DoList/test.log', wd=1, mask=IN_MODIFY, cookie=0, name=test.log>
DEBUG:watchdog.observers.inotify_buffer:in-event <InotifyEvent: src_path=b'/home/rabbia/To-DoList/test.log', wd=1, mask=IN_MODIFY, cookie=0, name=test.log>
DEBUG:watchdog.observers.inotify_buffer:in-event <InotifyEvent: src_path=b'/home/rabbia/To-DoList/test.log', wd=1, mask=IN_MODIFY, cookie=0, name=test.log>
DEBUG:watchdog.observers.inotify_buffer:in-event <InotifyEvent: src_path=b'/home/rabbia/To-DoList/test.log', wd=1, mask=IN_MODIFY, cookie=0, name=test.log>
DEBUG:watchdog.observers.inotify_buffer:in-event <InotifyEvent: src_path=b'/home/rabbia/To-DoList/test.log', wd=1, mask=IN_MODIFY, cookie=0, name=test.log>
DEBUG:watchdog.observers.inotify_buffer:in-event <InotifyEvent: src_path=b'/home/rabbia/To-DoList/test.log', wd=1, mask=IN_MODIFY, cookie=0, name=test.log>
DEBUG:watchdog.observers.inotify_buffer:in-event <InotifyEvent: src_path=b'/home/rabbia/To-DoList/test.log', wd=1, mask=IN_MODIFY, cookie=0, name=test.log>
DEBUG:watchdog.observers.inotify_buffer:in-event <InotifyEvent: src_path=b'/home/rabbia/To-DoList/test.log', wd=1, mask=IN_MODIFY, cookie=0, name=test.log>
DEBUG:watchdog.observers.inotify_buffer:in-event <InotifyEvent: src_path=b'/home/rabbia/To-DoList/test.log', wd=1, mask=IN_MODIFY, cookie=0, name=test.log>
DEBUG:watchdog.observers.inotify_buffer:in-event <InotifyEvent: src_path=b'/home/rabbia/To-DoList/test.log', wd=1, mask=IN_MODIFY, cookie=0, name=test.log>
DEBUG:watchdog.observers.inotify_buffer:in-event <InotifyEvent: src_path=b'/home/rabbia/To-DoList/test.log', wd=1, mask=IN_MODIFY, cookie=0, name=test.log>
DEBUG:watchdog.observers.inotify_buffer:in-event <InotifyEvent: src_path=b'/home/rabbia/To-DoList/test.log', wd=1, mask=IN_MODIFY, cookie=0, name=test.log>
DEBUG:watchdog.observers.inotify_buffer:in-event <InotifyEvent: src_path=b'/home/rabbia/To-DoList/test.log', wd=1, mask=IN_MODIFY, cookie=0, name=test.log>
DEBUG:watchdog.observers.inotify_buffer:in-event <InotifyEvent: src_path=b'/home/rabbia/To-DoList/test.log', wd=1, mask=IN_MODIFY, cookie=0, name=test.log>
DEBUG:watchdog.observers.inotify_buffer:in-event <InotifyEvent: src_path=b'/home/rabbia/To-DoList/test.log', wd=1, mask=IN_MODIFY, cookie=0, name=test.log>
DEBUG:watchdog.observers.inotify_buffer:in-event <InotifyEvent: src_path=b'/home/rabbia/To-DoList/test.log', wd=1, mask=IN_MODIFY, cookie=0, name=test.log>
DEBUG:watchdog.observers.inotify_buffer:in-event <InotifyEvent: src_path=b'/home/rabbia/To-DoList/test.log', wd=1, mask=IN_MODIFY, cookie=0, name=test.log>
DEBUG:watchdog.observers.inotify_buffer:in-event <InotifyEvent: src_path=b'/home/rabbia/To-DoList/test.log', wd=1, mask=IN_MODIFY, cookie=0, name=test.log>
DEBUG:watchdog.observers.inotify_buffer:in-event <InotifyEvent: src_path=b'/home/rabbia/To-DoList/test.log', wd=1, mask=IN_MODIFY, cookie=0, name=test.log>
DEBUG:watchdog.observers.inotify_buffer:in-event <InotifyEvent: src_path=b'/home/rabbia/To-DoList/test.log', wd=1, mask=IN_MODIFY, cookie=0, name=test.log>
DEBUG:watchdog.observers.inotify_buffer:in-event <InotifyEvent: src_path=b'/home/rabbia/To-DoList/test.log', wd=1, mask=IN_MODIFY, cookie=0, name=test.log>
DEBUG:watchdog.observers.inotify_buffer:in-event <InotifyEvent: src_path=b'/home/rabbia/To-DoList/test.log', wd=1, mask=IN_MODIFY, cookie=0, name=test.log>
DEBUG:watchdog.observers.inotify_buffer:in-event <InotifyEvent: src_path=b'/home/rabbia/To-DoList/test.log', wd=1, mask=IN_MODIFY, cookie=0, name=test.log>
DEBUG:watchdog.observers.inotify_buffer:in-event <InotifyEvent: src_path=b'/home/rabbia/To-DoList/test.log', wd=1, mask=IN_MODIFY, cookie=0, name=test.log>
DEBUG:watchdog.observers.inotify_buffer:in-event <InotifyEvent: src_path=b'/home/rabbia/To-DoList/test.log', wd=1, mask=IN_MODIFY, cookie=0, name=test.log>
DEBUG:watchdog.observers.inotify_buffer:in-event <InotifyEvent: src_path=b'/home/rabbia/To-DoList/test.log', wd=1, mask=IN_MODIFY, cookie=0, name=test.log>
DEBUG:watchdog.observers.inotify_buffer:in-event <InotifyEvent: src_path=b'/home/rabbia/To-DoList/test.log', wd=1, mask=IN_MODIFY, cookie=0, name=test.log>
DEBUG:watchdog.observers.inotify_buffer:in-event <InotifyEvent: src_path=b'/home/rabbia/To-DoList/test.log', wd=1, mask=IN_MODIFY, cookie=0, name=test.log>
DEBUG:watchdog.observers.inotify_buffer:in-event <InotifyEvent: src_path=b'/home/rabbia/To-DoList/test.log', wd=1, mask=IN_MODIFY, cookie=0, name=test.log>
DEBUG:watchdog.observers.inotify_buffer:in-event <InotifyEvent: src_path=b'/home/rabbia/To-DoList/test.log', wd=1, mask=IN_MODIFY, cookie=0, name=test.log>
DEBUG:watchdog.observers.inotify_buffer:in-event <InotifyEvent: src_path=b'/home/rabbia/To-DoList/test.log', wd=1, mask=IN_MODIFY, cookie=0, name=test.log>
DEBUG:watchdog.observers.inotify_buffer:in-event <InotifyEvent: src_path=b'/home/rabbia/To-DoList/test.log', wd=1, mask=IN_MODIFY, cookie=0, name=test.log>
DEBUG:watchdog.observers.inotify_buffer:in-event <InotifyEvent: src_path=b'/home/rabbia/To-DoList/test.log', wd=1, mask=IN_MODIFY, cookie=0, name=test.log>
DEBUG:watchdog.observers.inotify_buffer:in-event <InotifyEvent: src_path=b'/home/rabbia/To-DoList/test.log', wd=1, mask=IN_MODIFY, cookie=0, name=test.log>
DEBUG:watchdog.observers.inotify_buffer:in-event <InotifyEvent: src_path=b'/home/rabbia/To-DoList/test.log', wd=1, mask=IN_MODIFY, cookie=0, name=test.log>
DEBUG:watchdog.observers.inotify_buffer:in-event <InotifyEvent: src_path=b'/home/rabbia/To-DoList/test.log', wd=1, mask=IN_MODIFY, cookie=0, name=test.log>
DEBUG:watchdog.observers.inotify_buffer:in-event <InotifyEvent: src_path=b'/home/rabbia/To-DoList/test.log', wd=1, mask=IN_MODIFY, cookie=0, name=test.log>
DEBUG:watchdog.observers.inotify_buffer:in-event <InotifyEvent: src_path=b'/home/rabbia/To-DoList/test.log', wd=1, mask=IN_MODIFY, cookie=0, name=test.log>
DEBUG:watchdog.observers.inotify_buffer:in-event <InotifyEvent: src_path=b'/home/rabbia/To-DoList/test.log', wd=1, mask=IN_MODIFY, cookie=0, name=test.log>
DEBUG:watchdog.observers.inotify_buffer:in-event <InotifyEvent: src_path=b'/home/rabbia/To-DoList/test.log', wd=1, mask=IN_MODIFY, cookie=0, name=test.log>
DEBUG:watchdog.observers.inotify_buffer:in-event <InotifyEvent: src_path=b'/home/rabbia/To-DoList/test.log', wd=1, mask=IN_MODIFY, cookie=0, name=test.log>
DEBUG:watchdog.observers.inotify_buffer:in-event <InotifyEvent: src_path=b'/home/rabbia/To-DoList/test.log', wd=1, mask=IN_MODIFY, cookie=0, name=test.log>
DEBUG:watchdog.observers.inotify_buffer:in-event <InotifyEvent: src_path=b'/home/rabbia/To-DoList/test.log', wd=1, mask=IN_MODIFY, cookie=0, name=test.log>
DEBUG:watchdog.observers.inotify_buffer:in-event <InotifyEvent: src_path=b'/home/rabbia/To-DoList/test.log', wd=1, mask=IN_MODIFY, cookie=0, name=test.log>
DEBUG:watchdog.observers.inotify_buffer:in-event <InotifyEvent: src_path=b'/home/rabbia/To-DoList/test.log', wd=1, mask=IN_MODIFY, cookie=0, name=test.log>
DEBUG:watchdog.observers.inotify_buffer:in-event <InotifyEvent: src_path=b'/home/rabbia/To-DoList/test.log', wd=1, mask=IN_MODIFY, cookie=0, name=test.log>
DEBUG:watchdog.observers.inotify_buffer:in-event <InotifyEvent: src_path=b'/home/rabbia/To-DoList/test.log', wd=1, mask=IN_MODIFY, cookie=0, name=test.log>
DEBUG:watchdog.observers.inotify_buffer:in-event <InotifyEvent: src_path=b'/home/rabbia/To-DoList/test.log', wd=1, mask=IN_MODIFY, cookie=0, name=test.log>
DEBUG:watchdog.observers.inotify_buffer:in-event <InotifyEvent: src_path=b'/home/rabbia/To-DoList/test.log', wd=1, mask=IN_MODIFY, cookie=0, name=test.log>
DEBUG:watchdog.observers.inotify_buffer:in-event <InotifyEvent: src_path=b'/home/rabbia/To-DoList/test.log', wd=1, mask=IN_MODIFY, cookie=0, name=test.log>
DEBUG:watchdog.observers.inotify_buffer:in-event <InotifyEvent: src_path=b'/home/rabbia/To-DoList/test.log', wd=1, mask=IN_MODIFY, cookie=0, name=test.log>
DEBUG:watchdog.observers.inotify_buffer:in-event <InotifyEvent: src_path=b'/home/rabbia/To-DoList/test.log', wd=1, mask=IN_MODIFY, cookie=0, name=test.log>
DEBUG:watchdog.observers.inotify_buffer:in-event <InotifyEvent: src_path=b'/home/rabbia/To-DoList/test.log', wd=1, mask=IN_MODIFY, cookie=0, name=test.log>
DEBUG:watchdog.observers.inotify_buffer:in-event <InotifyEvent: src_path=b'/home/rabbia/To-DoList/test.log', wd=1, mask=IN_MODIFY, cookie=0, name=test.log>
DEBUG:watchdog.observers.inotify_buffer:in-event <InotifyEvent: src_path=b'/home/rabbia/To-DoList/test.log', wd=1, mask=IN_MODIFY, cookie=0, name=test.log>
DEBUG:watchdog.observers.inotify_buffer:in-event <InotifyEvent: src_path=b'/home/rabbia/To-DoList/test.log', wd=1, mask=IN_MODIFY, cookie=0, name=test.log>
DEBUG:watchdog.observers.inotify_buffer:in-event <InotifyEvent: src_path=b'/home/rabbia/To-DoList/test.log', wd=1, mask=IN_MODIFY, cookie=0, name=test.log>
DEBUG:watchdog.observers.inotify_buffer:in-event <InotifyEvent: src_path=b'/home/rabbia/To-DoList/test.log', wd=1, mask=IN_MODIFY, cookie=0, name=test.log>
DEBUG:watchdog.observers.inotify_buffer:in-event <InotifyEvent: src_path=b'/home/rabbia/To-DoList/test.log', wd=1, mask=IN_MODIFY, cookie=0, name=test.log>
DEBUG:watchdog.observers.inotify_buffer:in-event <InotifyEvent: src_path=b'/home/rabbia/To-DoList/test.log', wd=1, mask=IN_MODIFY, cookie=0, name=test.log>
DEBUG:watchdog.observers.inotify_buffer:in-event <InotifyEvent: src_path=b'/home/rabbia/To-DoList/test.log', wd=1, mask=IN_MODIFY, cookie=0, name=test.log>
DEBUG:watchdog.observers.inotify_buffer:in-event <InotifyEvent: src_path=b'/home/rabbia/To-DoList/test.log', wd=1, mask=IN_MODIFY, cookie=0, name=test.log>
DEBUG:watchdog.observers.inotify_buffer:in-event <InotifyEvent: src_path=b'/home/rabbia/To-DoList/test.log', wd=1, mask=IN_MODIFY, cookie=0, name=test.log>
DEBUG:watchdog.observers.inotify_buffer:in-event <InotifyEvent: src_path=b'/home/rabbia/To-DoList/test.log', wd=1, mask=IN_MODIFY, cookie=0, name=test.log>
DEBUG:watchdog.observers.inotify_buffer:in-event <InotifyEvent: src_path=b'/home/rabbia/To-DoList/test.log', wd=1, mask=IN_MODIFY, cookie=0, name=test.log>
DEBUG:watchdog.observers.inotify_buffer:in-event <InotifyEvent: src_path=b'/home/rabbia/To-DoList/test.log', wd=1, mask=IN_MODIFY, cookie=0, name=test.log>
DEBUG:watchdog.observers.inotify_buffer:in-event <InotifyEvent: src_path=b'/home/rabbia/To-DoList/test.log', wd=1, mask=IN_MODIFY, cookie=0, name=test.log>
DEBUG:watchdog.observers.inotify_buffer:in-event <InotifyEvent: src_path=b'/home/rabbia/To-DoList/test.log', wd=1, mask=IN_MODIFY, cookie=0, name=test.log>
DEBUG:watchdog.observers.inotify_buffer:in-event <InotifyEvent: src_path=b'/home/rabbia/To-DoList/test.log', wd=1, mask=IN_MODIFY, cookie=0, name=test.log>
DEBUG:watchdog.observers.inotify_buffer:in-event <InotifyEvent: src_path=b'/home/rabbia/To-DoList/test.log', wd=1, mask=IN_MODIFY, cookie=0, name=test.log>
DEBUG:watchdog.observers.inotify_buffer:in-event <InotifyEvent: src_path=b'/home/rabbia/To-DoList/test.log', wd=1, mask=IN_MODIFY, cookie=0, name=test.log>
DEBUG:watchdog.observers.inotify_buffer:in-event <InotifyEvent: src_path=b'/home/rabbia/To-DoList/test.log', wd=1, mask=IN_MODIFY, cookie=0, name=test.log>
DEBUG:watchdog.observers.inotify_buffer:in-event <InotifyEvent: src_path=b'/home/rabbia/To-DoList/test.log', wd=1, mask=IN_MODIFY, cookie=0, name=test.log>
DEBUG:watchdog.observers.inotify_buffer:in-event <InotifyEvent: src_path=b'/home/rabbia/To-DoList/test.log', wd=1, mask=IN_MODIFY, cookie=0, name=test.log>
DEBUG:watchdog.observers.inotify_buffer:in-event <InotifyEvent: src_path=b'/home/rabbia/To-DoList/test.log', wd=1, mask=IN_MODIFY, cookie=0, name=test.log>
DEBUG:watchdog.observers.inotify_buffer:in-event <InotifyEvent: src_path=b'/home/rabbia/To-DoList/test.log', wd=1, mask=IN_MODIFY, cookie=0, name=test.log>
DEBUG:watchdog.observers.inotify_buffer:in-event <InotifyEvent: src_path=b'/home/rabbia/To-DoList/test.log', wd=1, mask=IN_MODIFY, cookie=0, name=test.log>
DEBUG:watchdog.observers.inotify_buffer:in-event <InotifyEvent: src_path=b'/home/rabbia/To-DoList/test.log', wd=1, mask=IN_MODIFY, cookie=0, name=test.log>
DEBUG:watchdog.observers.inotify_buffer:in-event <InotifyEvent: src_path=b'/home/rabbia/To-DoList/test.log', wd=1, mask=IN_MODIFY, cookie=0, name=test.log>
DEBUG:watchdog.observers.inotify_buffer:in-event <InotifyEvent: src_path=b'/home/rabbia/To-DoList/test.log', wd=1, mask=IN_MODIFY, cookie=0, name=test.log>
DEBUG:watchdog.observers.inotify_buffer:in-event <InotifyEvent: src_path=b'/home/rabbia/To-DoList/test.log', wd=1, mask=IN_MODIFY, cookie=0, name=test.log>
DEBUG:watchdog.observers.inotify_buffer:in-event <InotifyEvent: src_path=b'/home/rabbia/To-DoList/test.log', wd=1, mask=IN_MODIFY, cookie=0, name=test.log>
DEBUG:watchdog.observers.inotify_buffer:in-event <InotifyEvent: src_path=b'/home/rabbia/To-DoList/test.log', wd=1, mask=IN_MODIFY, cookie=0, name=test.log>
DEBUG:watchdog.observers.inotify_buffer:in-event <InotifyEvent: src_path=b'/home/rabbia/To-DoList/test.log', wd=1, mask=IN_MODIFY, cookie=0, name=test.log>
DEBUG:watchdog.observers.inotify_buffer:in-event <InotifyEvent: src_path=b'/home/rabbia/To-DoList/test.log', wd=1, mask=IN_MODIFY, cookie=0, name=test.log>
DEBUG:watchdog.observers.inotify_buffer:in-event <InotifyEvent: src_path=b'/home/rabbia/To-DoList/test.log', wd=1, mask=IN_MODIFY, cookie=0, name=test.log>
DEBUG:watchdog.observers.inotify_buffer:in-event <InotifyEvent: src_path=b'/home/rabbia/To-DoList/test.log', wd=1, mask=IN_MODIFY, cookie=0, name=test.log>
DEBUG:watchdog.observers.inotify_buffer:in-event <InotifyEvent: src_path=b'/home/rabbia/To-DoList/test.log', wd=1, mask=IN_MODIFY, cookie=0, name=test.log>
DEBUG:watchdog.observers.inotify_buffer:in-event <InotifyEvent: src_path=b'/home/rabbia/To-DoList/test.log', wd=1, mask=IN_MODIFY, cookie=0, name=test.log>
DEBUG:watchdog.observers.inotify_buffer:in-event <InotifyEvent: src_path=b'/home/rabbia/To-DoList/test.log', wd=1, mask=IN_MODIFY, cookie=0, name=test.log>
DEBUG:watchdog.observers.inotify_buffer:in-event <InotifyEvent: src_path=b'/home/rabbia/To-DoList/test.log', wd=1, mask=IN_MODIFY, cookie=0, name=test.log>
DEBUG:watchdog.observers.inotify_buffer:in-event <InotifyEvent: src_path=b'/home/rabbia/To-DoList/test.log', wd=1, mask=IN_MODIFY, cookie=0, name=test.log>
DEBUG:watchdog.observers.inotify_buffer:in-event <InotifyEvent: src_path=b'/home/rabbia/To-DoList/test.log', wd=1, mask=IN_MODIFY, cookie=0, name=test.log>
DEBUG:watchdog.observers.inotify_buffer:in-event <InotifyEvent: src_path=b'/home/rabbia/To-DoList/test.log', wd=1, mask=IN_MODIFY, cookie=0, name=test.log>
DEBUG:watchdog.observers.inotify_buffer:in-event <InotifyEvent: src_path=b'/home/rabbia/To-DoList/test.log', wd=1, mask=IN_MODIFY, cookie=0, name=test.log>
DEBUG:watchdog.observers.inotify_buffer:in-event <InotifyEvent: src_path=b'/home/rabbia/To-DoList/test.log', wd=1, mask=IN_MODIFY, cookie=0, name=test.log>
DEBUG:watchdog.observers.inotify_buffer:in-event <InotifyEvent: src_path=b'/home/rabbia/To-DoList/test.log', wd=1, mask=IN_MODIFY, cookie=0, name=test.log>
DEBUG:watchdog.observers.inotify_buffer:in-event <InotifyEvent: src_path=b'/home/rabbia/To-DoList/test.log', wd=1, mask=IN_MODIFY, cookie=0, name=test.log>
DEBUG:watchdog.observers.inotify_buffer:in-event <InotifyEvent: src_path=b'/home/rabbia/To-DoList/test.log', wd=1, mask=IN_MODIFY, cookie=0, name=test.log>
DEBUG:watchdog.observers.inotify_buffer:in-event <InotifyEvent: src_path=b'/home/rabbia/To-DoList/test.log', wd=1, mask=IN_MODIFY, cookie=0, name=test.log>
DEBUG:watchdog.observers.inotify_buffer:in-event <InotifyEvent: src_path=b'/home/rabbia/To-DoList/test.log', wd=1, mask=IN_MODIFY, cookie=0, name=test.log>
DEBUG:watchdog.observers.inotify_buffer:in-event <InotifyEvent: src_path=b'/home/rabbia/To-DoList/test.log', wd=1, mask=IN_MODIFY, cookie=0, name=test.log>
DEBUG:watchdog.observers.inotify_buffer:in-event <InotifyEvent: src_path=b'/home/rabbia/To-DoList/test.log', wd=1, mask=IN_MODIFY, cookie=0, name=test.log>
DEBUG:watchdog.observers.inotify_buffer:in-event <InotifyEvent: src_path=b'/home/rabbia/To-DoList/test.log', wd=1, mask=IN_MODIFY, cookie=0, name=test.log>
DEBUG:watchdog.observers.inotify_buffer:in-event <InotifyEvent: src_path=b'/home/rabbia/To-DoList/test.log', wd=1, mask=IN_MODIFY, cookie=0, name=test.log>
DEBUG:watchdog.observers.inotify_buffer:in-event <InotifyEvent: src_path=b'/home/rabbia/To-DoList/test.log', wd=1, mask=IN_MODIFY, cookie=0, name=test.log>
DEBUG:watchdog.observers.inotify_buffer:in-event <InotifyEvent: src_path=b'/home/rabbia/To-DoList/test.log', wd=1, mask=IN_MODIFY, cookie=0, name=test.log>
DEBUG:watchdog.observers.inotify_buffer:in-event <InotifyEvent: src_path=b'/home/rabbia/To-DoList/test.log', wd=1, mask=IN_MODIFY, cookie=0, name=test.log>
DEBUG:watchdog.observers.inotify_buffer:in-event <InotifyEvent: src_path=b'/home/rabbia/To-DoList/test.log', wd=1, mask=IN_MODIFY, cookie=0, name=test.log>
DEBUG:watchdog.observers.inotify_buffer:in-event <InotifyEvent: src_path=b'/home/rabbia/To-DoList/test.log', wd=1, mask=IN_MODIFY, cookie=0, name=test.log>
DEBUG:watchdog.observers.inotify_buffer:in-event <InotifyEvent: src_path=b'/home/rabbia/To-DoList/test.log', wd=1, mask=IN_MODIFY, cookie=0, name=test.log>
DEBUG:watchdog.observers.inotify_buffer:in-event <InotifyEvent: src_path=b'/home/rabbia/To-DoList/test.log', wd=1, mask=IN_MODIFY, cookie=0, name=test.log>
DEBUG:watchdog.observers.inotify_buffer:in-event <InotifyEvent: src_path=b'/home/rabbia/To-DoList/test.log', wd=1, mask=IN_MODIFY, cookie=0, name=test.log>
DEBUG:watchdog.observers.inotify_buffer:in-event <InotifyEvent: src_path=b'/home/rabbia/To-DoList/test.log', wd=1, mask=IN_MODIFY, cookie=0, name=test.log>
DEBUG:watchdog.observers.inotify_buffer:in-event <InotifyEvent: src_path=b'/home/rabbia/To-DoList/test.log', wd=1, mask=IN_MODIFY, cookie=0, name=test.log>
DEBUG:watchdog.observers.inotify_buffer:in-event <InotifyEvent: src_path=b'/home/rabbia/To-DoList/test.log', wd=1, mask=IN_MODIFY, cookie=0, name=test.log>
DEBUG:watchdog.observers.inotify_buffer:in-event <InotifyEvent: src_path=b'/home/rabbia/To-DoList/test.log', wd=1, mask=IN_MODIFY, cookie=0, name=test.log>
DEBUG:watchdog.observers.inotify_buffer:in-event <InotifyEvent: src_path=b'/home/rabbia/To-DoList/test.log', wd=1, mask=IN_MODIFY, cookie=0, name=test.log>
DEBUG:watchdog.observers.inotify_buffer:in-event <InotifyEvent: src_path=b'/home/rabbia/To-DoList/test.log', wd=1, mask=IN_MODIFY, cookie=0, name=test.log>
DEBUG:watchdog.observers.inotify_buffer:in-event <InotifyEvent: src_path=b'/home/rabbia/To-DoList/test.log', wd=1, mask=IN_MODIFY, cookie=0, name=test.log>
DEBUG:watchdog.observers.inotify_buffer:in-event <InotifyEvent: src_path=b'/home/rabbia/To-DoList/test.log', wd=1, mask=IN_MODIFY, cookie=0, name=test.log>
DEBUG:watchdog.observers.inotify_buffer:in-event <InotifyEvent: src_path=b'/home/rabbia/To-DoList/test.log', wd=1, mask=IN_MODIFY, cookie=0, name=test.log>
DEBUG:watchdog.observers.inotify_buffer:in-event <InotifyEvent: src_path=b'/home/rabbia/To-DoList/test.log', wd=1, mask=IN_MODIFY, cookie=0, name=test.log>
DEBUG:watchdog.observers.inotify_buffer:in-event <InotifyEvent: src_path=b'/home/rabbia/To-DoList/test.log', wd=1, mask=IN_MODIFY, cookie=0, name=test.log>
DEBUG:watchdog.observers.inotify_buffer:in-event <InotifyEvent: src_path=b'/home/rabbia/To-DoList/test.log', wd=1, mask=IN_MODIFY, cookie=0, name=test.log>
DEBUG:watchdog.observers.inotify_buffer:in-event <InotifyEvent: src_path=b'/home/rabbia/To-DoList/test.log', wd=1, mask=IN_MODIFY, cookie=0, name=test.log>
DEBUG:watchdog.observers.inotify_buffer:in-event <InotifyEvent: src_path=b'/home/rabbia/To-DoList/test.log', wd=1, mask=IN_MODIFY, cookie=0, name=test.log>
DEBUG:watchdog.observers.inotify_buffer:in-event <InotifyEvent: src_path=b'/home/rabbia/To-DoList/test.log', wd=1, mask=IN_MODIFY, cookie=0, name=test.log>
DEBUG:watchdog.observers.inotify_buffer:in-event <InotifyEvent: src_path=b'/home/rabbia/To-DoList/test.log', wd=1, mask=IN_MODIFY, cookie=0, name=test.log>
DEBUG:watchdog.observers.inotify_buffer:in-event <InotifyEvent: src_path=b'/home/rabbia/To-DoList/test.log', wd=1, mask=IN_MODIFY, cookie=0, name=test.log>
DEBUG:watchdog.observers.inotify_buffer:in-event <InotifyEvent: src_path=b'/home/rabbia/To-DoList/test.log', wd=1, mask=IN_MODIFY, cookie=0, name=test.log>
DEBUG:watchdog.observers.inotify_buffer:in-event <InotifyEvent: src_path=b'/home/rabbia/To-DoList/test.log', wd=1, mask=IN_MODIFY, cookie=0, name=test.log>
DEBUG:watchdog.observers.inotify_buffer:in-event <InotifyEvent: src_path=b'/home/rabbia/To-DoList/test.log', wd=1, mask=IN_MODIFY, cookie=0, name=test.log>
DEBUG:watchdog.observers.inotify_buffer:in-event <InotifyEvent: src_path=b'/home/rabbia/To-DoList/test.log', wd=1, mask=IN_MODIFY, cookie=0, name=test.log>
DEBUG:watchdog.observers.inotify_buffer:in-event <InotifyEvent: src_path=b'/home/rabbia/To-DoList/test.log', wd=1, mask=IN_MODIFY, cookie=0, name=test.log>
DEBUG:watchdog.observers.inotify_buffer:in-event <InotifyEvent: src_path=b'/home/rabbia/To-DoList/test.log', wd=1, mask=IN_MODIFY, cookie=0, name=test.log>
DEBUG:watchdog.observers.inotify_buffer:in-event <InotifyEvent: src_path=b'/home/rabbia/To-DoList/test.log', wd=1, mask=IN_MODIFY, cookie=0, name=test.log>
DEBUG:watchdog.observers.inotify_buffer:in-event <InotifyEvent: src_path=b'/home/rabbia/To-DoList/test.log', wd=1, mask=IN_MODIFY, cookie=0, name=test.log>
DEBUG:watchdog.observers.inotify_buffer:in-event <InotifyEvent: src_path=b'/home/rabbia/To-DoList/test.log', wd=1, mask=IN_MODIFY, cookie=0, name=test.log>
DEBUG:watchdog.observers.inotify_buffer:in-event <InotifyEvent: src_path=b'/home/rabbia/To-DoList/test.log', wd=1, mask=IN_MODIFY, cookie=0, name=test.log>
DEBUG:watchdog.observers.inotify_buffer:in-event <InotifyEvent: src_path=b'/home/rabbia/To-DoList/test.log', wd=1, mask=IN_MODIFY, cookie=0, name=test.log>
DEBUG:watchdog.observers.inotify_buffer:in-event <InotifyEvent: src_path=b'/home/rabbia/To-DoList/test.log', wd=1, mask=IN_MODIFY, cookie=0, name=test.log>
DEBUG:watchdog.observers.inotify_buffer:in-event <InotifyEvent: src_path=b'/home/rabbia/To-DoList/test.log', wd=1, mask=IN_MODIFY, cookie=0, name=test.log>
DEBUG:watchdog.observers.inotify_buffer:in-event <InotifyEvent: src_path=b'/home/rabbia/To-DoList/test.log', wd=1, mask=IN_MODIFY, cookie=0, name=test.log>
DEBUG:watchdog.observers.inotify_buffer:in-event <InotifyEvent: src_path=b'/home/rabbia/To-DoList/test.log', wd=1, mask=IN_MODIFY, cookie=0, name=test.log>
DEBUG:watchdog.observers.inotify_buffer:in-event <InotifyEvent: src_path=b'/home/rabbia/To-DoList/test.log', wd=1, mask=IN_MODIFY, cookie=0, name=test.log>
DEBUG:watchdog.observers.inotify_buffer:in-event <InotifyEvent: src_path=b'/home/rabbia/To-DoList/test.log', wd=1, mask=IN_MODIFY, cookie=0, name=test.log>
DEBUG:watchdog.observers.inotify_buffer:in-event <InotifyEvent: src_path=b'/home/rabbia/To-DoList/test.log', wd=1, mask=IN_MODIFY, cookie=0, name=test.log>
DEBUG:watchdog.observers.inotify_buffer:in-event <InotifyEvent: src_path=b'/home/rabbia/To-DoList/test.log', wd=1, mask=IN_MODIFY, cookie=0, name=test.log>
DEBUG:watchdog.observers.inotify_buffer:in-event <InotifyEvent: src_path=b'/home/rabbia/To-DoList/test.log', wd=1, mask=IN_MODIFY, cookie=0, name=test.log>
DEBUG:watchdog.observers.inotify_buffer:in-event <InotifyEvent: src_path=b'/home/rabbia/To-DoList/test.log', wd=1, mask=IN_MODIFY, cookie=0, name=test.log>
DEBUG:watchdog.observers.inotify_buffer:in-event <InotifyEvent: src_path=b'/home/rabbia/To-DoList/test.log', wd=1, mask=IN_MODIFY, cookie=0, name=test.log>
DEBUG:watchdog.observers.inotify_buffer:in-event <InotifyEvent: src_path=b'/home/rabbia/To-DoList/test.log', wd=1, mask=IN_MODIFY, cookie=0, name=test.log>
DEBUG:watchdog.observers.inotify_buffer:in-event <InotifyEvent: src_path=b'/home/rabbia/To-DoList/test.log', wd=1, mask=IN_MODIFY, cookie=0, name=test.log>
DEBUG:watchdog.observers.inotify_buffer:in-event <InotifyEvent: src_path=b'/home/rabbia/To-DoList/test.log', wd=1, mask=IN_MODIFY, cookie=0, name=test.log>
DEBUG:watchdog.observers.inotify_buffer:in-event <InotifyEvent: src_path=b'/home/rabbia/To-DoList/test.log', wd=1, mask=IN_MODIFY, cookie=0, name=test.log>
DEBUG:watchdog.observers.inotify_buffer:in-event <InotifyEvent: src_path=b'/home/rabbia/To-DoList/test.log', wd=1, mask=IN_MODIFY, cookie=0, name=test.log>
DEBUG:watchdog.observers.inotify_buffer:in-event <InotifyEvent: src_path=b'/home/rabbia/To-DoList/test.log', wd=1, mask=IN_MODIFY, cookie=0, name=test.log>
DEBUG:watchdog.observers.inotify_buffer:in-event <InotifyEvent: src_path=b'/home/rabbia/To-DoList/test.log', wd=1, mask=IN_MODIFY, cookie=0, name=test.log>
DEBUG:watchdog.observers.inotify_buffer:in-event <InotifyEvent: src_path=b'/home/rabbia/To-DoList/test.log', wd=1, mask=IN_MODIFY, cookie=0, name=test.log>
DEBUG:watchdog.observers.inotify_buffer:in-event <InotifyEvent: src_path=b'/home/rabbia/To-DoList/test.log', wd=1, mask=IN_MODIFY, cookie=0, name=test.log>
DEBUG:watchdog.observers.inotify_buffer:in-event <InotifyEvent: src_path=b'/home/rabbia/To-DoList/test.log', wd=1, mask=IN_MODIFY, cookie=0, name=test.log>
DEBUG:watchdog.observers.inotify_buffer:in-event <InotifyEvent: src_path=b'/home/rabbia/To-DoList/test.log', wd=1, mask=IN_MODIFY, cookie=0, name=test.log>
DEBUG:watchdog.observers.inotify_buffer:in-event <InotifyEvent: src_path=b'/home/rabbia/To-DoList/test.log', wd=1, mask=IN_MODIFY, cookie=0, name=test.log>
DEBUG:watchdog.observers.inotify_buffer:in-event <InotifyEvent: src_path=b'/home/rabbia/To-DoList/test.log', wd=1, mask=IN_MODIFY, cookie=0, name=test.log>
DEBUG:watchdog.observers.inotify_buffer:in-event <InotifyEvent: src_path=b'/home/rabbia/To-DoList/test.log', wd=1, mask=IN_MODIFY, cookie=0, name=test.log>
DEBUG:watchdog.observers.inotify_buffer:in-event <InotifyEvent: src_path=b'/home/rabbia/To-DoList/test.log', wd=1, mask=IN_MODIFY, cookie=0, name=test.log>
DEBUG:watchdog.observers.inotify_buffer:in-event <InotifyEvent: src_path=b'/home/rabbia/To-DoList/test.log', wd=1, mask=IN_MODIFY, cookie=0, name=test.log>
DEBUG:watchdog.observers.inotify_buffer:in-event <InotifyEvent: src_path=b'/home/rabbia/To-DoList/test.log', wd=1, mask=IN_MODIFY, cookie=0, name=test.log>
DEBUG:watchdog.observers.inotify_buffer:in-event <InotifyEvent: src_path=b'/home/rabbia/To-DoList/test.log', wd=1, mask=IN_MODIFY, cookie=0, name=test.log>
DEBUG:watchdog.observers.inotify_buffer:in-event <InotifyEvent: src_path=b'/home/rabbia/To-DoList/test.log', wd=1, mask=IN_MODIFY, cookie=0, name=test.log>
DEBUG:watchdog.observers.inotify_buffer:in-event <InotifyEvent: src_path=b'/home/rabbia/To-DoList/test.log', wd=1, mask=IN_MODIFY, cookie=0, name=test.log>
DEBUG:watchdog.observers.inotify_buffer:in-event <InotifyEvent: src_path=b'/home/rabbia/To-DoList/test.log', wd=1, mask=IN_MODIFY, cookie=0, name=test.log>
DEBUG:watchdog.observers.inotify_buffer:in-event <InotifyEvent: src_path=b'/home/rabbia/To-DoList/test.log', wd=1, mask=IN_MODIFY, cookie=0, name=test.log>
DEBUG:watchdog.observers.inotify_buffer:in-event <InotifyEvent: src_path=b'/home/rabbia/To-DoList/test.log', wd=1, mask=IN_MODIFY, cookie=0, name=test.log>
DEBUG:watchdog.observers.inotify_buffer:in-event <InotifyEvent: src_path=b'/home/rabbia/To-DoList/test.log', wd=1, mask=IN_MODIFY, cookie=0, name=test.log>
DEBUG:watchdog.observers.inotify_buffer:in-event <InotifyEvent: src_path=b'/home/rabbia/To-DoList/test.log', wd=1, mask=IN_MODIFY, cookie=0, name=test.log>
DEBUG:watchdog.observers.inotify_buffer:in-event <InotifyEvent: src_path=b'/home/rabbia/To-DoList/test.log', wd=1, mask=IN_MODIFY, cookie=0, name=test.log>
DEBUG:watchdog.observers.inotify_buffer:in-event <InotifyEvent: src_path=b'/home/rabbia/To-DoList/test.log', wd=1, mask=IN_MODIFY, cookie=0, name=test.log>
DEBUG:watchdog.observers.inotify_buffer:in-event <InotifyEvent: src_path=b'/home/rabbia/To-DoList/test.log', wd=1, mask=IN_MODIFY, cookie=0, name=test.log>
DEBUG:watchdog.observers.inotify_buffer:in-event <InotifyEvent: src_path=b'/home/rabbia/To-DoList/test.log', wd=1, mask=IN_MODIFY, cookie=0, name=test.log>
DEBUG:watchdog.observers.inotify_buffer:in-event <InotifyEvent: src_path=b'/home/rabbia/To-DoList/test.log', wd=1, mask=IN_MODIFY, cookie=0, name=test.log>
DEBUG:watchdog.observers.inotify_buffer:in-event <InotifyEvent: src_path=b'/home/rabbia/To-DoList/test.log', wd=1, mask=IN_MODIFY, cookie=0, name=test.log>
DEBUG:watchdog.observers.inotify_buffer:in-event <InotifyEvent: src_path=b'/home/rabbia/To-DoList/test.log', wd=1, mask=IN_MODIFY, cookie=0, name=test.log>
DEBUG:watchdog.observers.inotify_buffer:in-event <InotifyEvent: src_path=b'/home/rabbia/To-DoList/test.log', wd=1, mask=IN_MODIFY, cookie=0, name=test.log>
DEBUG:watchdog.observers.inotify_buffer:in-event <InotifyEvent: src_path=b'/home/rabbia/To-DoList/test.log', wd=1, mask=IN_MODIFY, cookie=0, name=test.log>
DEBUG:watchdog.observers.inotify_buffer:in-event <InotifyEvent: src_path=b'/home/rabbia/To-DoList/test.log', wd=1, mask=IN_MODIFY, cookie=0, name=test.log>
DEBUG:watchdog.observers.inotify_buffer:in-event <InotifyEvent: src_path=b'/home/rabbia/To-DoList/test.log', wd=1, mask=IN_MODIFY, cookie=0, name=test.log>
DEBUG:watchdog.observers.inotify_buffer:in-event <InotifyEvent: src_path=b'/home/rabbia/To-DoList/test.log', wd=1, mask=IN_MODIFY, cookie=0, name=test.log>
DEBUG:watchdog.observers.inotify_buffer:in-event <InotifyEvent: src_path=b'/home/rabbia/To-DoList/test.log', wd=1, mask=IN_MODIFY, cookie=0, name=test.log>
DEBUG:watchdog.observers.inotify_buffer:in-event <InotifyEvent: src_path=b'/home/rabbia/To-DoList/test.log', wd=1, mask=IN_MODIFY, cookie=0, name=test.log>
DEBUG:watchdog.observers.inotify_buffer:in-event <InotifyEvent: src_path=b'/home/rabbia/To-DoList/test.log', wd=1, mask=IN_MODIFY, cookie=0, name=test.log>
DEBUG:watchdog.observers.inotify_buffer:in-event <InotifyEvent: src_path=b'/home/rabbia/To-DoList/test.log', wd=1, mask=IN_MODIFY, cookie=0, name=test.log>
DEBUG:watchdog.observers.inotify_buffer:in-event <InotifyEvent: src_path=b'/home/rabbia/To-DoList/test.log', wd=1, mask=IN_MODIFY, cookie=0, name=test.log>
DEBUG:watchdog.observers.inotify_buffer:in-event <InotifyEvent: src_path=b'/home/rabbia/To-DoList/test.log', wd=1, mask=IN_MODIFY, cookie=0, name=test.log>
DEBUG:watchdog.observers.inotify_buffer:in-event <InotifyEvent: src_path=b'/home/rabbia/To-DoList/test.log', wd=1, mask=IN_MODIFY, cookie=0, name=test.log>
DEBUG:watchdog.observers.inotify_buffer:in-event <InotifyEvent: src_path=b'/home/rabbia/To-DoList/test.log', wd=1, mask=IN_MODIFY, cookie=0, name=test.log>
DEBUG:watchdog.observers.inotify_buffer:in-event <InotifyEvent: src_path=b'/home/rabbia/To-DoList/test.log', wd=1, mask=IN_MODIFY, cookie=0, name=test.log>
DEBUG:watchdog.observers.inotify_buffer:in-event <InotifyEvent: src_path=b'/home/rabbia/To-DoList/test.log', wd=1, mask=IN_MODIFY, cookie=0, name=test.log>
DEBUG:watchdog.observers.inotify_buffer:in-event <InotifyEvent: src_path=b'/home/rabbia/To-DoList/test.log', wd=1, mask=IN_MODIFY, cookie=0, name=test.log>
DEBUG:watchdog.observers.inotify_buffer:in-event <InotifyEvent: src_path=b'/home/rabbia/To-DoList/test.log', wd=1, mask=IN_MODIFY, cookie=0, name=test.log>
DEBUG:watchdog.observers.inotify_buffer:in-event <InotifyEvent: src_path=b'/home/rabbia/To-DoList/test.log', wd=1, mask=IN_MODIFY, cookie=0, name=test.log>
DEBUG:watchdog.observers.inotify_buffer:in-event <InotifyEvent: src_path=b'/home/rabbia/To-DoList/test.log', wd=1, mask=IN_MODIFY, cookie=0, name=test.log>
DEBUG:watchdog.observers.inotify_buffer:in-event <InotifyEvent: src_path=b'/home/rabbia/To-DoList/test.log', wd=1, mask=IN_MODIFY, cookie=0, name=test.log>
DEBUG:watchdog.observers.inotify_buffer:in-event <InotifyEvent: src_path=b'/home/rabbia/To-DoList/test.log', wd=1, mask=IN_MODIFY, cookie=0, name=test.log>
DEBUG:watchdog.observers.inotify_buffer:in-event <InotifyEvent: src_path=b'/home/rabbia/To-DoList/test.log', wd=1, mask=IN_MODIFY, cookie=0, name=test.log>
DEBUG:watchdog.observers.inotify_buffer:in-event <InotifyEvent: src_path=b'/home/rabbia/To-DoList/test.log', wd=1, mask=IN_MODIFY, cookie=0, name=test.log>
DEBUG:watchdog.observers.inotify_buffer:in-event <InotifyEvent: src_path=b'/home/rabbia/To-DoList/test.log', wd=1, mask=IN_MODIFY, cookie=0, name=test.log>
DEBUG:watchdog.observers.inotify_buffer:in-event <InotifyEvent: src_path=b'/home/rabbia/To-DoList/test.log', wd=1, mask=IN_MODIFY, cookie=0, name=test.log>
DEBUG:watchdog.observers.inotify_buffer:in-event <InotifyEvent: src_path=b'/home/rabbia/To-DoList/test.log', wd=1, mask=IN_MODIFY, cookie=0, name=test.log>
DEBUG:watchdog.observers.inotify_buffer:in-event <InotifyEvent: src_path=b'/home/rabbia/To-DoList/test.log', wd=1, mask=IN_MODIFY, cookie=0, name=test.log>
DEBUG:watchdog.observers.inotify_buffer:in-event <InotifyEvent: src_path=b'/home/rabbia/To-DoList/test.log', wd=1, mask=IN_MODIFY, cookie=0, name=test.log>
DEBUG:watchdog.observers.inotify_buffer:in-event <InotifyEvent: src_path=b'/home/rabbia/To-DoList/test.log', wd=1, mask=IN_MODIFY, cookie=0, name=test.log>
DEBUG:watchdog.observers.inotify_buffer:in-event <InotifyEvent: src_path=b'/home/rabbia/To-DoList/test.log', wd=1, mask=IN_MODIFY, cookie=0, name=test.log>
DEBUG:watchdog.observers.inotify_buffer:in-event <InotifyEvent: src_path=b'/home/rabbia/To-DoList/test.log', wd=1, mask=IN_MODIFY, cookie=0, name=test.log>
DEBUG:watchdog.observers.inotify_buffer:in-event <InotifyEvent: src_path=b'/home/rabbia/To-DoList/test.log', wd=1, mask=IN_MODIFY, cookie=0, name=test.log>
DEBUG:watchdog.observers.inotify_buffer:in-event <InotifyEvent: src_path=b'/home/rabbia/To-DoList/test.log', wd=1, mask=IN_MODIFY, cookie=0, name=test.log>
DEBUG:watchdog.observers.inotify_buffer:in-event <InotifyEvent: src_path=b'/home/rabbia/To-DoList/test.log', wd=1, mask=IN_MODIFY, cookie=0, name=test.log>
DEBUG:watchdog.observers.inotify_buffer:in-event <InotifyEvent: src_path=b'/home/rabbia/To-DoList/test.log', wd=1, mask=IN_MODIFY, cookie=0, name=test.log>
DEBUG:watchdog.observers.inotify_buffer:in-event <InotifyEvent: src_path=b'/home/rabbia/To-DoList/test.log', wd=1, mask=IN_MODIFY, cookie=0, name=test.log>
DEBUG:watchdog.observers.inotify_buffer:in-event <InotifyEvent: src_path=b'/home/rabbia/To-DoList/test.log', wd=1, mask=IN_MODIFY, cookie=0, name=test.log>
DEBUG:watchdog.observers.inotify_buffer:in-event <InotifyEvent: src_path=b'/home/rabbia/To-DoList/test.log', wd=1, mask=IN_MODIFY, cookie=0, name=test.log>
DEBUG:watchdog.observers.inotify_buffer:in-event <InotifyEvent: src_path=b'/home/rabbia/To-DoList/test.log', wd=1, mask=IN_MODIFY, cookie=0, name=test.log>
DEBUG:watchdog.observers.inotify_buffer:in-event <InotifyEvent: src_path=b'/home/rabbia/To-DoList/test.log', wd=1, mask=IN_MODIFY, cookie=0, name=test.log>
DEBUG:watchdog.observers.inotify_buffer:in-event <InotifyEvent: src_path=b'/home/rabbia/To-DoList/test.log', wd=1, mask=IN_MODIFY, cookie=0, name=test.log>
DEBUG:watchdog.observers.inotify_buffer:in-event <InotifyEvent: src_path=b'/home/rabbia/To-DoList/test.log', wd=1, mask=IN_MODIFY, cookie=0, name=test.log>
DEBUG:watchdog.observers.inotify_buffer:in-event <InotifyEvent: src_path=b'/home/rabbia/To-DoList/test.log', wd=1, mask=IN_MODIFY, cookie=0, name=test.log>
DEBUG:watchdog.observers.inotify_buffer:in-event <InotifyEvent: src_path=b'/home/rabbia/To-DoList/test.log', wd=1, mask=IN_MODIFY, cookie=0, name=test.log>
DEBUG:watchdog.observers.inotify_buffer:in-event <InotifyEvent: src_path=b'/home/rabbia/To-DoList/test.log', wd=1, mask=IN_MODIFY, cookie=0, name=test.log>
DEBUG:watchdog.observers.inotify_buffer:in-event <InotifyEvent: src_path=b'/home/rabbia/To-DoList/test.log', wd=1, mask=IN_MODIFY, cookie=0, name=test.log>
DEBUG:watchdog.observers.inotify_buffer:in-event <InotifyEvent: src_path=b'/home/rabbia/To-DoList/test.log', wd=1, mask=IN_MODIFY, cookie=0, name=test.log>
DEBUG:watchdog.observers.inotify_buffer:in-event <InotifyEvent: src_path=b'/home/rabbia/To-DoList/test.log', wd=1, mask=IN_MODIFY, cookie=0, name=test.log>
DEBUG:watchdog.observers.inotify_buffer:in-event <InotifyEvent: src_path=b'/home/rabbia/To-DoList/test.log', wd=1, mask=IN_MODIFY, cookie=0, name=test.log>
DEBUG:watchdog.observers.inotify_buffer:in-event <InotifyEvent: src_path=b'/home/rabbia/To-DoList/test.log', wd=1, mask=IN_MODIFY, cookie=0, name=test.log>
DEBUG:watchdog.observers.inotify_buffer:in-event <InotifyEvent: src_path=b'/home/rabbia/To-DoList/test.log', wd=1, mask=IN_MODIFY, cookie=0, name=test.log>
DEBUG:watchdog.observers.inotify_buffer:in-event <InotifyEvent: src_path=b'/home/rabbia/To-DoList/test.log', wd=1, mask=IN_MODIFY, cookie=0, name=test.log>
DEBUG:watchdog.observers.inotify_buffer:in-event <InotifyEvent: src_path=b'/home/rabbia/To-DoList/test.log', wd=1, mask=IN_MODIFY, cookie=0, name=test.log>
DEBUG:watchdog.observers.inotify_buffer:in-event <InotifyEvent: src_path=b'/home/rabbia/To-DoList/test.log', wd=1, mask=IN_MODIFY, cookie=0, name=test.log>
DEBUG:watchdog.observers.inotify_buffer:in-event <InotifyEvent: src_path=b'/home/rabbia/To-DoList/test.log', wd=1, mask=IN_MODIFY, cookie=0, name=test.log>
DEBUG:watchdog.observers.inotify_buffer:in-event <InotifyEvent: src_path=b'/home/rabbia/To-DoList/test.log', wd=1, mask=IN_MODIFY, cookie=0, name=test.log>
DEBUG:watchdog.observers.inotify_buffer:in-event <InotifyEvent: src_path=b'/home/rabbia/To-DoList/test.log', wd=1, mask=IN_MODIFY, cookie=0, name=test.log>
DEBUG:watchdog.observers.inotify_buffer:in-event <InotifyEvent: src_path=b'/home/rabbia/To-DoList/test.log', wd=1, mask=IN_MODIFY, cookie=0, name=test.log>
DEBUG:watchdog.observers.inotify_buffer:in-event <InotifyEvent: src_path=b'/home/rabbia/To-DoList/test.log', wd=1, mask=IN_MODIFY, cookie=0, name=test.log>
DEBUG:watchdog.observers.inotify_buffer:in-event <InotifyEvent: src_path=b'/home/rabbia/To-DoList/test.log', wd=1, mask=IN_MODIFY, cookie=0, name=test.log>
DEBUG:watchdog.observers.inotify_buffer:in-event <InotifyEvent: src_path=b'/home/rabbia/To-DoList/test.log', wd=1, mask=IN_MODIFY, cookie=0, name=test.log>
DEBUG:watchdog.observers.inotify_buffer:in-event <InotifyEvent: src_path=b'/home/rabbia/To-DoList/test.log', wd=1, mask=IN_MODIFY, cookie=0, name=test.log>
DEBUG:watchdog.observers.inotify_buffer:in-event <InotifyEvent: src_path=b'/home/rabbia/To-DoList/test.log', wd=1, mask=IN_MODIFY, cookie=0, name=test.log>
DEBUG:watchdog.observers.inotify_buffer:in-event <InotifyEvent: src_path=b'/home/rabbia/To-DoList/test.log', wd=1, mask=IN_MODIFY, cookie=0, name=test.log>
DEBUG:watchdog.observers.inotify_buffer:in-event <InotifyEvent: src_path=b'/home/rabbia/To-DoList/test.log', wd=1, mask=IN_MODIFY, cookie=0, name=test.log>
DEBUG:watchdog.observers.inotify_buffer:in-event <InotifyEvent: src_path=b'/home/rabbia/To-DoList/test.log', wd=1, mask=IN_MODIFY, cookie=0, name=test.log>
DEBUG:watchdog.observers.inotify_buffer:in-event <InotifyEvent: src_path=b'/home/rabbia/To-DoList/test.log', wd=1, mask=IN_MODIFY, cookie=0, name=test.log>
DEBUG:watchdog.observers.inotify_buffer:in-event <InotifyEvent: src_path=b'/home/rabbia/To-DoList/test.log', wd=1, mask=IN_MODIFY, cookie=0, name=test.log>
DEBUG:watchdog.observers.inotify_buffer:in-event <InotifyEvent: src_path=b'/home/rabbia/To-DoList/test.log', wd=1, mask=IN_MODIFY, cookie=0, name=test.log>
DEBUG:watchdog.observers.inotify_buffer:in-event <InotifyEvent: src_path=b'/home/rabbia/To-DoList/test.log', wd=1, mask=IN_MODIFY, cookie=0, name=test.log>
DEBUG:watchdog.observers.inotify_buffer:in-event <InotifyEvent: src_path=b'/home/rabbia/To-DoList/test.log', wd=1, mask=IN_MODIFY, cookie=0, name=test.log>
DEBUG:watchdog.observers.inotify_buffer:in-event <InotifyEvent: src_path=b'/home/rabbia/To-DoList/test.log', wd=1, mask=IN_MODIFY, cookie=0, name=test.log>
DEBUG:watchdog.observers.inotify_buffer:in-event <InotifyEvent: src_path=b'/home/rabbia/To-DoList/test.log', wd=1, mask=IN_MODIFY, cookie=0, name=test.log>
DEBUG:watchdog.observers.inotify_buffer:in-event <InotifyEvent: src_path=b'/home/rabbia/To-DoList/test.log', wd=1, mask=IN_MODIFY, cookie=0, name=test.log>
DEBUG:watchdog.observers.inotify_buffer:in-event <InotifyEvent: src_path=b'/home/rabbia/To-DoList/test.log', wd=1, mask=IN_MODIFY, cookie=0, name=test.log>
DEBUG:watchdog.observers.inotify_buffer:in-event <InotifyEvent: src_path=b'/home/rabbia/To-DoList/test.log', wd=1, mask=IN_MODIFY, cookie=0, name=test.log>
DEBUG:watchdog.observers.inotify_buffer:in-event <InotifyEvent: src_path=b'/home/rabbia/To-DoList/test.log', wd=1, mask=IN_MODIFY, cookie=0, name=test.log>
DEBUG:watchdog.observers.inotify_buffer:in-event <InotifyEvent: src_path=b'/home/rabbia/To-DoList/test.log', wd=1, mask=IN_MODIFY, cookie=0, name=test.log>
DEBUG:watchdog.observers.inotify_buffer:in-event <InotifyEvent: src_path=b'/home/rabbia/To-DoList/test.log', wd=1, mask=IN_MODIFY, cookie=0, name=test.log>
DEBUG:watchdog.observers.inotify_buffer:in-event <InotifyEvent: src_path=b'/home/rabbia/To-DoList/test.log', wd=1, mask=IN_MODIFY, cookie=0, name=test.log>
DEBUG:watchdog.observers.inotify_buffer:in-event <InotifyEvent: src_path=b'/home/rabbia/To-DoList/test.log', wd=1, mask=IN_MODIFY, cookie=0, name=test.log>
DEBUG:watchdog.observers.inotify_buffer:in-event <InotifyEvent: src_path=b'/home/rabbia/To-DoList/test.log', wd=1, mask=IN_MODIFY, cookie=0, name=test.log>
DEBUG:watchdog.observers.inotify_buffer:in-event <InotifyEvent: src_path=b'/home/rabbia/To-DoList/test.log', wd=1, mask=IN_MODIFY, cookie=0, name=test.log>
DEBUG:watchdog.observers.inotify_buffer:in-event <InotifyEvent: src_path=b'/home/rabbia/To-DoList/test.log', wd=1, mask=IN_MODIFY, cookie=0, name=test.log>
DEBUG:watchdog.observers.inotify_buffer:in-event <InotifyEvent: src_path=b'/home/rabbia/To-DoList/test.log', wd=1, mask=IN_MODIFY, cookie=0, name=test.log>
DEBUG:watchdog.observers.inotify_buffer:in-event <InotifyEvent: src_path=b'/home/rabbia/To-DoList/test.log', wd=1, mask=IN_MODIFY, cookie=0, name=test.log>
DEBUG:watchdog.observers.inotify_buffer:in-event <InotifyEvent: src_path=b'/home/rabbia/To-DoList/test.log', wd=1, mask=IN_MODIFY, cookie=0, name=test.log>
DEBUG:watchdog.observers.inotify_buffer:in-event <InotifyEvent: src_path=b'/home/rabbia/To-DoList/test.log', wd=1, mask=IN_MODIFY, cookie=0, name=test.log>
DEBUG:watchdog.observers.inotify_buffer:in-event <InotifyEvent: src_path=b'/home/rabbia/To-DoList/test.log', wd=1, mask=IN_MODIFY, cookie=0, name=test.log>
DEBUG:watchdog.observers.inotify_buffer:in-event <InotifyEvent: src_path=b'/home/rabbia/To-DoList/test.log', wd=1, mask=IN_MODIFY, cookie=0, name=test.log>
DEBUG:watchdog.observers.inotify_buffer:in-event <InotifyEvent: src_path=b'/home/rabbia/To-DoList/test.log', wd=1, mask=IN_MODIFY, cookie=0, name=test.log>
DEBUG:watchdog.observers.inotify_buffer:in-event <InotifyEvent: src_path=b'/home/rabbia/To-DoList/test.log', wd=1, mask=IN_MODIFY, cookie=0, name=test.log>
DEBUG:watchdog.observers.inotify_buffer:in-event <InotifyEvent: src_path=b'/home/rabbia/To-DoList/test.log', wd=1, mask=IN_MODIFY, cookie=0, name=test.log>
DEBUG:watchdog.observers.inotify_buffer:in-event <InotifyEvent: src_path=b'/home/rabbia/To-DoList/test.log', wd=1, mask=IN_MODIFY, cookie=0, name=test.log>
DEBUG:watchdog.observers.inotify_buffer:in-event <InotifyEvent: src_path=b'/home/rabbia/To-DoList/test.log', wd=1, mask=IN_MODIFY, cookie=0, name=test.log>
DEBUG:watchdog.observers.inotify_buffer:in-event <InotifyEvent: src_path=b'/home/rabbia/To-DoList/test.log', wd=1, mask=IN_MODIFY, cookie=0, name=test.log>
DEBUG:watchdog.observers.inotify_buffer:in-event <InotifyEvent: src_path=b'/home/rabbia/To-DoList/test.log', wd=1, mask=IN_MODIFY, cookie=0, name=test.log>
DEBUG:watchdog.observers.inotify_buffer:in-event <InotifyEvent: src_path=b'/home/rabbia/To-DoList/test.log', wd=1, mask=IN_MODIFY, cookie=0, name=test.log>
DEBUG:watchdog.observers.inotify_buffer:in-event <InotifyEvent: src_path=b'/home/rabbia/To-DoList/test.log', wd=1, mask=IN_MODIFY, cookie=0, name=test.log>
DEBUG:watchdog.observers.inotify_buffer:in-event <InotifyEvent: src_path=b'/home/rabbia/To-DoList/test.log', wd=1, mask=IN_MODIFY, cookie=0, name=test.log>
DEBUG:watchdog.observers.inotify_buffer:in-event <InotifyEvent: src_path=b'/home/rabbia/To-DoList/test.log', wd=1, mask=IN_MODIFY, cookie=0, name=test.log>
DEBUG:watchdog.observers.inotify_buffer:in-event <InotifyEvent: src_path=b'/home/rabbia/To-DoList/test.log', wd=1, mask=IN_MODIFY, cookie=0, name=test.log>
DEBUG:watchdog.observers.inotify_buffer:in-event <InotifyEvent: src_path=b'/home/rabbia/To-DoList/test.log', wd=1, mask=IN_MODIFY, cookie=0, name=test.log>
DEBUG:watchdog.observers.inotify_buffer:in-event <InotifyEvent: src_path=b'/home/rabbia/To-DoList/test.log', wd=1, mask=IN_MODIFY, cookie=0, name=test.log>
DEBUG:watchdog.observers.inotify_buffer:in-event <InotifyEvent: src_path=b'/home/rabbia/To-DoList/test.log', wd=1, mask=IN_MODIFY, cookie=0, name=test.log>
DEBUG:watchdog.observers.inotify_buffer:in-event <InotifyEvent: src_path=b'/home/rabbia/To-DoList/test.log', wd=1, mask=IN_MODIFY, cookie=0, name=test.log>
DEBUG:watchdog.observers.inotify_buffer:in-event <InotifyEvent: src_path=b'/home/rabbia/To-DoList/test.log', wd=1, mask=IN_MODIFY, cookie=0, name=test.log>
DEBUG:watchdog.observers.inotify_buffer:in-event <InotifyEvent: src_path=b'/home/rabbia/To-DoList/test.log', wd=1, mask=IN_MODIFY, cookie=0, name=test.log>
DEBUG:watchdog.observers.inotify_buffer:in-event <InotifyEvent: src_path=b'/home/rabbia/To-DoList/test.log', wd=1, mask=IN_MODIFY, cookie=0, name=test.log>
DEBUG:watchdog.observers.inotify_buffer:in-event <InotifyEvent: src_path=b'/home/rabbia/To-DoList/test.log', wd=1, mask=IN_MODIFY, cookie=0, name=test.log>
DEBUG:watchdog.observers.inotify_buffer:in-event <InotifyEvent: src_path=b'/home/rabbia/To-DoList/test.log', wd=1, mask=IN_MODIFY, cookie=0, name=test.log>
DEBUG:watchdog.observers.inotify_buffer:in-event <InotifyEvent: src_path=b'/home/rabbia/To-DoList/test.log', wd=1, mask=IN_MODIFY, cookie=0, name=test.log>
DEBUG:watchdog.observers.inotify_buffer:in-event <InotifyEvent: src_path=b'/home/rabbia/To-DoList/test.log', wd=1, mask=IN_MODIFY, cookie=0, name=test.log>
DEBUG:watchdog.observers.inotify_buffer:in-event <InotifyEvent: src_path=b'/home/rabbia/To-DoList/test.log', wd=1, mask=IN_MODIFY, cookie=0, name=test.log>
DEBUG:watchdog.observers.inotify_buffer:in-event <InotifyEvent: src_path=b'/home/rabbia/To-DoList/test.log', wd=1, mask=IN_MODIFY, cookie=0, name=test.log>
DEBUG:watchdog.observers.inotify_buffer:in-event <InotifyEvent: src_path=b'/home/rabbia/To-DoList/test.log', wd=1, mask=IN_MODIFY, cookie=0, name=test.log>
DEBUG:watchdog.observers.inotify_buffer:in-event <InotifyEvent: src_path=b'/home/rabbia/To-DoList/test.log', wd=1, mask=IN_MODIFY, cookie=0, name=test.log>
DEBUG:watchdog.observers.inotify_buffer:in-event <InotifyEvent: src_path=b'/home/rabbia/To-DoList/test.log', wd=1, mask=IN_MODIFY, cookie=0, name=test.log>
DEBUG:watchdog.observers.inotify_buffer:in-event <InotifyEvent: src_path=b'/home/rabbia/To-DoList/test.log', wd=1, mask=IN_MODIFY, cookie=0, name=test.log>
DEBUG:watchdog.observers.inotify_buffer:in-event <InotifyEvent: src_path=b'/home/rabbia/To-DoList/test.log', wd=1, mask=IN_MODIFY, cookie=0, name=test.log>
DEBUG:watchdog.observers.inotify_buffer:in-event <InotifyEvent: src_path=b'/home/rabbia/To-DoList/test.log', wd=1, mask=IN_MODIFY, cookie=0, name=test.log>
DEBUG:watchdog.observers.inotify_buffer:in-event <InotifyEvent: src_path=b'/home/rabbia/To-DoList/test.log', wd=1, mask=IN_MODIFY, cookie=0, name=test.log>
DEBUG:watchdog.observers.inotify_buffer:in-event <InotifyEvent: src_path=b'/home/rabbia/To-DoList/test.log', wd=1, mask=IN_MODIFY, cookie=0, name=test.log>
DEBUG:watchdog.observers.inotify_buffer:in-event <InotifyEvent: src_path=b'/home/rabbia/To-DoList/test.log', wd=1, mask=IN_MODIFY, cookie=0, name=test.log>
DEBUG:watchdog.observers.inotify_buffer:in-event <InotifyEvent: src_path=b'/home/rabbia/To-DoList/test.log', wd=1, mask=IN_MODIFY, cookie=0, name=test.log>
DEBUG:watchdog.observers.inotify_buffer:in-event <InotifyEvent: src_path=b'/home/rabbia/To-DoList/test.log', wd=1, mask=IN_MODIFY, cookie=0, name=test.log>
DEBUG:watchdog.observers.inotify_buffer:in-event <InotifyEvent: src_path=b'/home/rabbia/To-DoList/test.log', wd=1, mask=IN_MODIFY, cookie=0, name=test.log>
DEBUG:watchdog.observers.inotify_buffer:in-event <InotifyEvent: src_path=b'/home/rabbia/To-DoList/test.log', wd=1, mask=IN_MODIFY, cookie=0, name=test.log>
DEBUG:watchdog.observers.inotify_buffer:in-event <InotifyEvent: src_path=b'/home/rabbia/To-DoList/test.log', wd=1, mask=IN_MODIFY, cookie=0, name=test.log>
DEBUG:watchdog.observers.inotify_buffer:in-event <InotifyEvent: src_path=b'/home/rabbia/To-DoList/test.log', wd=1, mask=IN_MODIFY, cookie=0, name=test.log>
DEBUG:watchdog.observers.inotify_buffer:in-event <InotifyEvent: src_path=b'/home/rabbia/To-DoList/test.log', wd=1, mask=IN_MODIFY, cookie=0, name=test.log>
DEBUG:watchdog.observers.inotify_buffer:in-event <InotifyEvent: src_path=b'/home/rabbia/To-DoList/test.log', wd=1, mask=IN_MODIFY, cookie=0, name=test.log>
DEBUG:watchdog.observers.inotify_buffer:in-event <InotifyEvent: src_path=b'/home/rabbia/To-DoList/test.log', wd=1, mask=IN_MODIFY, cookie=0, name=test.log>
DEBUG:watchdog.observers.inotify_buffer:in-event <InotifyEvent: src_path=b'/home/rabbia/To-DoList/test.log', wd=1, mask=IN_MODIFY, cookie=0, name=test.log>
DEBUG:watchdog.observers.inotify_buffer:in-event <InotifyEvent: src_path=b'/home/rabbia/To-DoList/test.log', wd=1, mask=IN_MODIFY, cookie=0, name=test.log>
DEBUG:watchdog.observers.inotify_buffer:in-event <InotifyEvent: src_path=b'/home/rabbia/To-DoList/test.log', wd=1, mask=IN_MODIFY, cookie=0, name=test.log>
DEBUG:watchdog.observers.inotify_buffer:in-event <InotifyEvent: src_path=b'/home/rabbia/To-DoList/test.log', wd=1, mask=IN_MODIFY, cookie=0, name=test.log>
DEBUG:watchdog.observers.inotify_buffer:in-event <InotifyEvent: src_path=b'/home/rabbia/To-DoList/test.log', wd=1, mask=IN_MODIFY, cookie=0, name=test.log>
DEBUG:watchdog.observers.inotify_buffer:in-event <InotifyEvent: src_path=b'/home/rabbia/To-DoList/test.log', wd=1, mask=IN_MODIFY, cookie=0, name=test.log>
DEBUG:watchdog.observers.inotify_buffer:in-event <InotifyEvent: src_path=b'/home/rabbia/To-DoList/test.log', wd=1, mask=IN_MODIFY, cookie=0, name=test.log>
DEBUG:watchdog.observers.inotify_buffer:in-event <InotifyEvent: src_path=b'/home/rabbia/To-DoList/test.log', wd=1, mask=IN_MODIFY, cookie=0, name=test.log>
DEBUG:watchdog.observers.inotify_buffer:in-event <InotifyEvent: src_path=b'/home/rabbia/To-DoList/test.log', wd=1, mask=IN_MODIFY, cookie=0, name=test.log>
DEBUG:watchdog.observers.inotify_buffer:in-event <InotifyEvent: src_path=b'/home/rabbia/To-DoList/test.log', wd=1, mask=IN_MODIFY, cookie=0, name=test.log>
DEBUG:watchdog.observers.inotify_buffer:in-event <InotifyEvent: src_path=b'/home/rabbia/To-DoList/test.log', wd=1, mask=IN_MODIFY, cookie=0, name=test.log>
DEBUG:watchdog.observers.inotify_buffer:in-event <InotifyEvent: src_path=b'/home/rabbia/To-DoList/test.log', wd=1, mask=IN_MODIFY, cookie=0, name=test.log>
DEBUG:watchdog.observers.inotify_buffer:in-event <InotifyEvent: src_path=b'/home/rabbia/To-DoList/test.log', wd=1, mask=IN_MODIFY, cookie=0, name=test.log>
DEBUG:watchdog.observers.inotify_buffer:in-event <InotifyEvent: src_path=b'/home/rabbia/To-DoList/test.log', wd=1, mask=IN_MODIFY, cookie=0, name=test.log>
DEBUG:watchdog.observers.inotify_buffer:in-event <InotifyEvent: src_path=b'/home/rabbia/To-DoList/test.log', wd=1, mask=IN_MODIFY, cookie=0, name=test.log>
DEBUG:watchdog.observers.inotify_buffer:in-event <InotifyEvent: src_path=b'/home/rabbia/To-DoList/test.log', wd=1, mask=IN_MODIFY, cookie=0, name=test.log>
DEBUG:watchdog.observers.inotify_buffer:in-event <InotifyEvent: src_path=b'/home/rabbia/To-DoList/test.log', wd=1, mask=IN_MODIFY, cookie=0, name=test.log>
DEBUG:watchdog.observers.inotify_buffer:in-event <InotifyEvent: src_path=b'/home/rabbia/To-DoList/test.log', wd=1, mask=IN_MODIFY, cookie=0, name=test.log>
DEBUG:watchdog.observers.inotify_buffer:in-event <InotifyEvent: src_path=b'/home/rabbia/To-DoList/test.log', wd=1, mask=IN_MODIFY, cookie=0, name=test.log>
DEBUG:watchdog.observers.inotify_buffer:in-event <InotifyEvent: src_path=b'/home/rabbia/To-DoList/test.log', wd=1, mask=IN_MODIFY, cookie=0, name=test.log>
DEBUG:watchdog.observers.inotify_buffer:in-event <InotifyEvent: src_path=b'/home/rabbia/To-DoList/test.log', wd=1, mask=IN_MODIFY, cookie=0, name=test.log>
DEBUG:watchdog.observers.inotify_buffer:in-event <InotifyEvent: src_path=b'/home/rabbia/To-DoList/test.log', wd=1, mask=IN_MODIFY, cookie=0, name=test.log>
DEBUG:watchdog.observers.inotify_buffer:in-event <InotifyEvent: src_path=b'/home/rabbia/To-DoList/test.log', wd=1, mask=IN_MODIFY, cookie=0, name=test.log>
DEBUG:watchdog.observers.inotify_buffer:in-event <InotifyEvent: src_path=b'/home/rabbia/To-DoList/test.log', wd=1, mask=IN_MODIFY, cookie=0, name=test.log>
DEBUG:watchdog.observers.inotify_buffer:in-event <InotifyEvent: src_path=b'/home/rabbia/To-DoList/test.log', wd=1, mask=IN_MODIFY, cookie=0, name=test.log>
DEBUG:watchdog.observers.inotify_buffer:in-event <InotifyEvent: src_path=b'/home/rabbia/To-DoList/test.log', wd=1, mask=IN_MODIFY, cookie=0, name=test.log>
DEBUG:watchdog.observers.inotify_buffer:in-event <InotifyEvent: src_path=b'/home/rabbia/To-DoList/test.log', wd=1, mask=IN_MODIFY, cookie=0, name=test.log>
DEBUG:watchdog.observers.inotify_buffer:in-event <InotifyEvent: src_path=b'/home/rabbia/To-DoList/test.log', wd=1, mask=IN_MODIFY, cookie=0, name=test.log>
DEBUG:watchdog.observers.inotify_buffer:in-event <InotifyEvent: src_path=b'/home/rabbia/To-DoList/test.log', wd=1, mask=IN_MODIFY, cookie=0, name=test.log>
DEBUG:watchdog.observers.inotify_buffer:in-event <InotifyEvent: src_path=b'/home/rabbia/To-DoList/test.log', wd=1, mask=IN_MODIFY, cookie=0, name=test.log>
DEBUG:watchdog.observers.inotify_buffer:in-event <InotifyEvent: src_path=b'/home/rabbia/To-DoList/test.log', wd=1, mask=IN_MODIFY, cookie=0, name=test.log>
DEBUG:watchdog.observers.inotify_buffer:in-event <InotifyEvent: src_path=b'/home/rabbia/To-DoList/test.log', wd=1, mask=IN_MODIFY, cookie=0, name=test.log>
DEBUG:watchdog.observers.inotify_buffer:in-event <InotifyEvent: src_path=b'/home/rabbia/To-DoList/test.log', wd=1, mask=IN_MODIFY, cookie=0, name=test.log>
DEBUG:watchdog.observers.inotify_buffer:in-event <InotifyEvent: src_path=b'/home/rabbia/To-DoList/test.log', wd=1, mask=IN_MODIFY, cookie=0, name=test.log>
DEBUG:watchdog.observers.inotify_buffer:in-event <InotifyEvent: src_path=b'/home/rabbia/To-DoList/test.log', wd=1, mask=IN_MODIFY, cookie=0, name=test.log>
DEBUG:watchdog.observers.inotify_buffer:in-event <InotifyEvent: src_path=b'/home/rabbia/To-DoList/test.log', wd=1, mask=IN_MODIFY, cookie=0, name=test.log>
DEBUG:watchdog.observers.inotify_buffer:in-event <InotifyEvent: src_path=b'/home/rabbia/To-DoList/test.log', wd=1, mask=IN_MODIFY, cookie=0, name=test.log>
DEBUG:watchdog.observers.inotify_buffer:in-event <InotifyEvent: src_path=b'/home/rabbia/To-DoList/test.log', wd=1, mask=IN_MODIFY, cookie=0, name=test.log>
DEBUG:watchdog.observers.inotify_buffer:in-event <InotifyEvent: src_path=b'/home/rabbia/To-DoList/test.log', wd=1, mask=IN_MODIFY, cookie=0, name=test.log>
DEBUG:watchdog.observers.inotify_buffer:in-event <InotifyEvent: src_path=b'/home/rabbia/To-DoList/test.log', wd=1, mask=IN_MODIFY, cookie=0, name=test.log>
DEBUG:watchdog.observers.inotify_buffer:in-event <InotifyEvent: src_path=b'/home/rabbia/To-DoList/test.log', wd=1, mask=IN_MODIFY, cookie=0, name=test.log>
DEBUG:watchdog.observers.inotify_buffer:in-event <InotifyEvent: src_path=b'/home/rabbia/To-DoList/test.log', wd=1, mask=IN_MODIFY, cookie=0, name=test.log>
DEBUG:watchdog.observers.inotify_buffer:in-event <InotifyEvent: src_path=b'/home/rabbia/To-DoList/test.log', wd=1, mask=IN_MODIFY, cookie=0, name=test.log>
DEBUG:watchdog.observers.inotify_buffer:in-event <InotifyEvent: src_path=b'/home/rabbia/To-DoList/test.log', wd=1, mask=IN_MODIFY, cookie=0, name=test.log>
DEBUG:watchdog.observers.inotify_buffer:in-event <InotifyEvent: src_path=b'/home/rabbia/To-DoList/test.log', wd=1, mask=IN_MODIFY, cookie=0, name=test.log>
DEBUG:watchdog.observers.inotify_buffer:in-event <InotifyEvent: src_path=b'/home/rabbia/To-DoList/test.log', wd=1, mask=IN_MODIFY, cookie=0, name=test.log>
DEBUG:watchdog.observers.inotify_buffer:in-event <InotifyEvent: src_path=b'/home/rabbia/To-DoList/test.log', wd=1, mask=IN_MODIFY, cookie=0, name=test.log>
DEBUG:watchdog.observers.inotify_buffer:in-event <InotifyEvent: src_path=b'/home/rabbia/To-DoList/test.log', wd=1, mask=IN_MODIFY, cookie=0, name=test.log>
DEBUG:watchdog.observers.inotify_buffer:in-event <InotifyEvent: src_path=b'/home/rabbia/To-DoList/test.log', wd=1, mask=IN_MODIFY, cookie=0, name=test.log>
DEBUG:watchdog.observers.inotify_buffer:in-event <InotifyEvent: src_path=b'/home/rabbia/To-DoList/test.log', wd=1, mask=IN_MODIFY, cookie=0, name=test.log>
DEBUG:watchdog.observers.inotify_buffer:in-event <InotifyEvent: src_path=b'/home/rabbia/To-DoList/test.log', wd=1, mask=IN_MODIFY, cookie=0, name=test.log>
DEBUG:watchdog.observers.inotify_buffer:in-event <InotifyEvent: src_path=b'/home/rabbia/To-DoList/test.log', wd=1, mask=IN_MODIFY, cookie=0, name=test.log>
DEBUG:watchdog.observers.inotify_buffer:in-event <InotifyEvent: src_path=b'/home/rabbia/To-DoList/test.log', wd=1, mask=IN_MODIFY, cookie=0, name=test.log>
DEBUG:watchdog.observers.inotify_buffer:in-event <InotifyEvent: src_path=b'/home/rabbia/To-DoList/test.log', wd=1, mask=IN_MODIFY, cookie=0, name=test.log>
DEBUG:watchdog.observers.inotify_buffer:in-event <InotifyEvent: src_path=b'/home/rabbia/To-DoList/test.log', wd=1, mask=IN_MODIFY, cookie=0, name=test.log>
DEBUG:watchdog.observers.inotify_buffer:in-event <InotifyEvent: src_path=b'/home/rabbia/To-DoList/test.log', wd=1, mask=IN_MODIFY, cookie=0, name=test.log>
DEBUG:watchdog.observers.inotify_buffer:in-event <InotifyEvent: src_path=b'/home/rabbia/To-DoList/test.log', wd=1, mask=IN_MODIFY, cookie=0, name=test.log>
DEBUG:watchdog.observers.inotify_buffer:in-event <InotifyEvent: src_path=b'/home/rabbia/To-DoList/test.log', wd=1, mask=IN_MODIFY, cookie=0, name=test.log>
DEBUG:watchdog.observers.inotify_buffer:in-event <InotifyEvent: src_path=b'/home/rabbia/To-DoList/test.log', wd=1, mask=IN_MODIFY, cookie=0, name=test.log>
DEBUG:watchdog.observers.inotify_buffer:in-event <InotifyEvent: src_path=b'/home/rabbia/To-DoList/test.log', wd=1, mask=IN_MODIFY, cookie=0, name=test.log>
DEBUG:watchdog.observers.inotify_buffer:in-event <InotifyEvent: src_path=b'/home/rabbia/To-DoList/test.log', wd=1, mask=IN_MODIFY, cookie=0, name=test.log>
DEBUG:watchdog.observers.inotify_buffer:in-event <InotifyEvent: src_path=b'/home/rabbia/To-DoList/test.log', wd=1, mask=IN_MODIFY, cookie=0, name=test.log>
DEBUG:watchdog.observers.inotify_buffer:in-event <InotifyEvent: src_path=b'/home/rabbia/To-DoList/test.log', wd=1, mask=IN_MODIFY, cookie=0, name=test.log>
DEBUG:watchdog.observers.inotify_buffer:in-event <InotifyEvent: src_path=b'/home/rabbia/To-DoList/test.log', wd=1, mask=IN_MODIFY, cookie=0, name=test.log>
DEBUG:watchdog.observers.inotify_buffer:in-event <InotifyEvent: src_path=b'/home/rabbia/To-DoList/test.log', wd=1, mask=IN_MODIFY, cookie=0, name=test.log>
DEBUG:watchdog.observers.inotify_buffer:in-event <InotifyEvent: src_path=b'/home/rabbia/To-DoList/test.log', wd=1, mask=IN_MODIFY, cookie=0, name=test.log>
DEBUG:watchdog.observers.inotify_buffer:in-event <InotifyEvent: src_path=b'/home/rabbia/To-DoList/test.log', wd=1, mask=IN_MODIFY, cookie=0, name=test.log>
DEBUG:watchdog.observers.inotify_buffer:in-event <InotifyEvent: src_path=b'/home/rabbia/To-DoList/test.log', wd=1, mask=IN_MODIFY, cookie=0, name=test.log>
DEBUG:watchdog.observers.inotify_buffer:in-event <InotifyEvent: src_path=b'/home/rabbia/To-DoList/test.log', wd=1, mask=IN_MODIFY, cookie=0, name=test.log>
DEBUG:watchdog.observers.inotify_buffer:in-event <InotifyEvent: src_path=b'/home/rabbia/To-DoList/test.log', wd=1, mask=IN_MODIFY, cookie=0, name=test.log>
DEBUG:watchdog.observers.inotify_buffer:in-event <InotifyEvent: src_path=b'/home/rabbia/To-DoList/test.log', wd=1, mask=IN_MODIFY, cookie=0, name=test.log>
DEBUG:watchdog.observers.inotify_buffer:in-event <InotifyEvent: src_path=b'/home/rabbia/To-DoList/test.log', wd=1, mask=IN_MODIFY, cookie=0, name=test.log>
DEBUG:watchdog.observers.inotify_buffer:in-event <InotifyEvent: src_path=b'/home/rabbia/To-DoList/test.log', wd=1, mask=IN_MODIFY, cookie=0, name=test.log>
DEBUG:watchdog.observers.inotify_buffer:in-event <InotifyEvent: src_path=b'/home/rabbia/To-DoList/test.log', wd=1, mask=IN_MODIFY, cookie=0, name=test.log>
DEBUG:watchdog.observers.inotify_buffer:in-event <InotifyEvent: src_path=b'/home/rabbia/To-DoList/test.log', wd=1, mask=IN_MODIFY, cookie=0, name=test.log>
DEBUG:watchdog.observers.inotify_buffer:in-event <InotifyEvent: src_path=b'/home/rabbia/To-DoList/test.log', wd=1, mask=IN_MODIFY, cookie=0, name=test.log>
DEBUG:watchdog.observers.inotify_buffer:in-event <InotifyEvent: src_path=b'/home/rabbia/To-DoList/test.log', wd=1, mask=IN_MODIFY, cookie=0, name=test.log>
DEBUG:watchdog.observers.inotify_buffer:in-event <InotifyEvent: src_path=b'/home/rabbia/To-DoList/test.log', wd=1, mask=IN_MODIFY, cookie=0, name=test.log>
DEBUG:watchdog.observers.inotify_buffer:in-event <InotifyEvent: src_path=b'/home/rabbia/To-DoList/test.log', wd=1, mask=IN_MODIFY, cookie=0, name=test.log>
DEBUG:watchdog.observers.inotify_buffer:in-event <InotifyEvent: src_path=b'/home/rabbia/To-DoList/test.log', wd=1, mask=IN_MODIFY, cookie=0, name=test.log>
DEBUG:watchdog.observers.inotify_buffer:in-event <InotifyEvent: src_path=b'/home/rabbia/To-DoList/test.log', wd=1, mask=IN_MODIFY, cookie=0, name=test.log>
DEBUG:watchdog.observers.inotify_buffer:in-event <InotifyEvent: src_path=b'/home/rabbia/To-DoList/test.log', wd=1, mask=IN_MODIFY, cookie=0, name=test.log>
DEBUG:watchdog.observers.inotify_buffer:in-event <InotifyEvent: src_path=b'/home/rabbia/To-DoList/test.log', wd=1, mask=IN_MODIFY, cookie=0, name=test.log>
DEBUG:watchdog.observers.inotify_buffer:in-event <InotifyEvent: src_path=b'/home/rabbia/To-DoList/test.log', wd=1, mask=IN_MODIFY, cookie=0, name=test.log>
DEBUG:watchdog.observers.inotify_buffer:in-event <InotifyEvent: src_path=b'/home/rabbia/To-DoList/test.log', wd=1, mask=IN_MODIFY, cookie=0, name=test.log>
DEBUG:watchdog.observers.inotify_buffer:in-event <InotifyEvent: src_path=b'/home/rabbia/To-DoList/test.log', wd=1, mask=IN_MODIFY, cookie=0, name=test.log>
DEBUG:watchdog.observers.inotify_buffer:in-event <InotifyEvent: src_path=b'/home/rabbia/To-DoList/test.log', wd=1, mask=IN_MODIFY, cookie=0, name=test.log>
DEBUG:watchdog.observers.inotify_buffer:in-event <InotifyEvent: src_path=b'/home/rabbia/To-DoList/test.log', wd=1, mask=IN_MODIFY, cookie=0, name=test.log>
DEBUG:watchdog.observers.inotify_buffer:in-event <InotifyEvent: src_path=b'/home/rabbia/To-DoList/test.log', wd=1, mask=IN_MODIFY, cookie=0, name=test.log>
DEBUG:watchdog.observers.inotify_buffer:in-event <InotifyEvent: src_path=b'/home/rabbia/To-DoList/test.log', wd=1, mask=IN_MODIFY, cookie=0, name=test.log>
DEBUG:watchdog.observers.inotify_buffer:in-event <InotifyEvent: src_path=b'/home/rabbia/To-DoList/test.log', wd=1, mask=IN_MODIFY, cookie=0, name=test.log>
DEBUG:watchdog.observers.inotify_buffer:in-event <InotifyEvent: src_path=b'/home/rabbia/To-DoList/test.log', wd=1, mask=IN_MODIFY, cookie=0, name=test.log>
DEBUG:watchdog.observers.inotify_buffer:in-event <InotifyEvent: src_path=b'/home/rabbia/To-DoList/test.log', wd=1, mask=IN_MODIFY, cookie=0, name=test.log>
DEBUG:watchdog.observers.inotify_buffer:in-event <InotifyEvent: src_path=b'/home/rabbia/To-DoList/test.log', wd=1, mask=IN_MODIFY, cookie=0, name=test.log>
DEBUG:watchdog.observers.inotify_buffer:in-event <InotifyEvent: src_path=b'/home/rabbia/To-DoList/test.log', wd=1, mask=IN_MODIFY, cookie=0, name=test.log>
DEBUG:watchdog.observers.inotify_buffer:in-event <InotifyEvent: src_path=b'/home/rabbia/To-DoList/test.log', wd=1, mask=IN_MODIFY, cookie=0, name=test.log>
DEBUG:watchdog.observers.inotify_buffer:in-event <InotifyEvent: src_path=b'/home/rabbia/To-DoList/test.log', wd=1, mask=IN_MODIFY, cookie=0, name=test.log>
DEBUG:watchdog.observers.inotify_buffer:in-event <InotifyEvent: src_path=b'/home/rabbia/To-DoList/test.log', wd=1, mask=IN_MODIFY, cookie=0, name=test.log>
DEBUG:watchdog.observers.inotify_buffer:in-event <InotifyEvent: src_path=b'/home/rabbia/To-DoList/test.log', wd=1, mask=IN_MODIFY, cookie=0, name=test.log>
DEBUG:watchdog.observers.inotify_buffer:in-event <InotifyEvent: src_path=b'/home/rabbia/To-DoList/test.log', wd=1, mask=IN_MODIFY, cookie=0, name=test.log>
DEBUG:watchdog.observers.inotify_buffer:in-event <InotifyEvent: src_path=b'/home/rabbia/To-DoList/test.log', wd=1, mask=IN_MODIFY, cookie=0, name=test.log>
DEBUG:watchdog.observers.inotify_buffer:in-event <InotifyEvent: src_path=b'/home/rabbia/To-DoList/test.log', wd=1, mask=IN_MODIFY, cookie=0, name=test.log>
DEBUG:watchdog.observers.inotify_buffer:in-event <InotifyEvent: src_path=b'/home/rabbia/To-DoList/test.log', wd=1, mask=IN_MODIFY, cookie=0, name=test.log>
DEBUG:watchdog.observers.inotify_buffer:in-event <InotifyEvent: src_path=b'/home/rabbia/To-DoList/test.log', wd=1, mask=IN_MODIFY, cookie=0, name=test.log>
DEBUG:watchdog.observers.inotify_buffer:in-event <InotifyEvent: src_path=b'/home/rabbia/To-DoList/test.log', wd=1, mask=IN_MODIFY, cookie=0, name=test.log>
DEBUG:watchdog.observers.inotify_buffer:in-event <InotifyEvent: src_path=b'/home/rabbia/To-DoList/test.log', wd=1, mask=IN_MODIFY, cookie=0, name=test.log>
DEBUG:watchdog.observers.inotify_buffer:in-event <InotifyEvent: src_path=b'/home/rabbia/To-DoList/test.log', wd=1, mask=IN_MODIFY, cookie=0, name=test.log>
DEBUG:watchdog.observers.inotify_buffer:in-event <InotifyEvent: src_path=b'/home/rabbia/To-DoList/test.log', wd=1, mask=IN_MODIFY, cookie=0, name=test.log>
DEBUG:watchdog.observers.inotify_buffer:in-event <InotifyEvent: src_path=b'/home/rabbia/To-DoList/test.log', wd=1, mask=IN_MODIFY, cookie=0, name=test.log>
DEBUG:watchdog.observers.inotify_buffer:in-event <InotifyEvent: src_path=b'/home/rabbia/To-DoList/test.log', wd=1, mask=IN_MODIFY, cookie=0, name=test.log>
DEBUG:watchdog.observers.inotify_buffer:in-event <InotifyEvent: src_path=b'/home/rabbia/To-DoList/test.log', wd=1, mask=IN_MODIFY, cookie=0, name=test.log>
DEBUG:watchdog.observers.inotify_buffer:in-event <InotifyEvent: src_path=b'/home/rabbia/To-DoList/test.log', wd=1, mask=IN_MODIFY, cookie=0, name=test.log>
DEBUG:watchdog.observers.inotify_buffer:in-event <InotifyEvent: src_path=b'/home/rabbia/To-DoList/test.log', wd=1, mask=IN_MODIFY, cookie=0, name=test.log>
DEBUG:watchdog.observers.inotify_buffer:in-event <InotifyEvent: src_path=b'/home/rabbia/To-DoList/test.log', wd=1, mask=IN_MODIFY, cookie=0, name=test.log>
DEBUG:watchdog.observers.inotify_buffer:in-event <InotifyEvent: src_path=b'/home/rabbia/To-DoList/test.log', wd=1, mask=IN_MODIFY, cookie=0, name=test.log>
DEBUG:watchdog.observers.inotify_buffer:in-event <InotifyEvent: src_path=b'/home/rabbia/To-DoList/test.log', wd=1, mask=IN_MODIFY, cookie=0, name=test.log>
DEBUG:watchdog.observers.inotify_buffer:in-event <InotifyEvent: src_path=b'/home/rabbia/To-DoList/test.log', wd=1, mask=IN_MODIFY, cookie=0, name=test.log>
DEBUG:watchdog.observers.inotify_buffer:in-event <InotifyEvent: src_path=b'/home/rabbia/To-DoList/test.log', wd=1, mask=IN_MODIFY, cookie=0, name=test.log>
DEBUG:watchdog.observers.inotify_buffer:in-event <InotifyEvent: src_path=b'/home/rabbia/To-DoList/test.log', wd=1, mask=IN_MODIFY, cookie=0, name=test.log>
DEBUG:watchdog.observers.inotify_buffer:in-event <InotifyEvent: src_path=b'/home/rabbia/To-DoList/test.log', wd=1, mask=IN_MODIFY, cookie=0, name=test.log>
DEBUG:watchdog.observers.inotify_buffer:in-event <InotifyEvent: src_path=b'/home/rabbia/To-DoList/test.log', wd=1, mask=IN_MODIFY, cookie=0, name=test.log>
DEBUG:watchdog.observers.inotify_buffer:in-event <InotifyEvent: src_path=b'/home/rabbia/To-DoList/test.log', wd=1, mask=IN_MODIFY, cookie=0, name=test.log>
DEBUG:watchdog.observers.inotify_buffer:in-event <InotifyEvent: src_path=b'/home/rabbia/To-DoList/test.log', wd=1, mask=IN_MODIFY, cookie=0, name=test.log>
DEBUG:watchdog.observers.inotify_buffer:in-event <InotifyEvent: src_path=b'/home/rabbia/To-DoList/test.log', wd=1, mask=IN_MODIFY, cookie=0, name=test.log>
DEBUG:watchdog.observers.inotify_buffer:in-event <InotifyEvent: src_path=b'/home/rabbia/To-DoList/test.log', wd=1, mask=IN_MODIFY, cookie=0, name=test.log>
DEBUG:watchdog.observers.inotify_buffer:in-event <InotifyEvent: src_path=b'/home/rabbia/To-DoList/test.log', wd=1, mask=IN_MODIFY, cookie=0, name=test.log>
DEBUG:watchdog.observers.inotify_buffer:in-event <InotifyEvent: src_path=b'/home/rabbia/To-DoList/test.log', wd=1, mask=IN_MODIFY, cookie=0, name=test.log>
DEBUG:watchdog.observers.inotify_buffer:in-event <InotifyEvent: src_path=b'/home/rabbia/To-DoList/test.log', wd=1, mask=IN_MODIFY, cookie=0, name=test.log>
DEBUG:watchdog.observers.inotify_buffer:in-event <InotifyEvent: src_path=b'/home/rabbia/To-DoList/test.log', wd=1, mask=IN_MODIFY, cookie=0, name=test.log>
DEBUG:watchdog.observers.inotify_buffer:in-event <InotifyEvent: src_path=b'/home/rabbia/To-DoList/test.log', wd=1, mask=IN_MODIFY, cookie=0, name=test.log>
DEBUG:watchdog.observers.inotify_buffer:in-event <InotifyEvent: src_path=b'/home/rabbia/To-DoList/test.log', wd=1, mask=IN_MODIFY, cookie=0, name=test.log>
DEBUG:watchdog.observers.inotify_buffer:in-event <InotifyEvent: src_path=b'/home/rabbia/To-DoList/test.log', wd=1, mask=IN_MODIFY, cookie=0, name=test.log>
DEBUG:watchdog.observers.inotify_buffer:in-event <InotifyEvent: src_path=b'/home/rabbia/To-DoList/test.log', wd=1, mask=IN_MODIFY, cookie=0, name=test.log>
DEBUG:watchdog.observers.inotify_buffer:in-event <InotifyEvent: src_path=b'/home/rabbia/To-DoList/test.log', wd=1, mask=IN_MODIFY, cookie=0, name=test.log>
DEBUG:watchdog.observers.inotify_buffer:in-event <InotifyEvent: src_path=b'/home/rabbia/To-DoList/test.log', wd=1, mask=IN_MODIFY, cookie=0, name=test.log>
DEBUG:watchdog.observers.inotify_buffer:in-event <InotifyEvent: src_path=b'/home/rabbia/To-DoList/test.log', wd=1, mask=IN_MODIFY, cookie=0, name=test.log>
DEBUG:watchdog.observers.inotify_buffer:in-event <InotifyEvent: src_path=b'/home/rabbia/To-DoList/test.log', wd=1, mask=IN_MODIFY, cookie=0, name=test.log>
DEBUG:watchdog.observers.inotify_buffer:in-event <InotifyEvent: src_path=b'/home/rabbia/To-DoList/test.log', wd=1, mask=IN_MODIFY, cookie=0, name=test.log>
DEBUG:watchdog.observers.inotify_buffer:in-event <InotifyEvent: src_path=b'/home/rabbia/To-DoList/test.log', wd=1, mask=IN_MODIFY, cookie=0, name=test.log>
DEBUG:watchdog.observers.inotify_buffer:in-event <InotifyEvent: src_path=b'/home/rabbia/To-DoList/test.log', wd=1, mask=IN_MODIFY, cookie=0, name=test.log>
DEBUG:watchdog.observers.inotify_buffer:in-event <InotifyEvent: src_path=b'/home/rabbia/To-DoList/test.log', wd=1, mask=IN_MODIFY, cookie=0, name=test.log>
DEBUG:watchdog.observers.inotify_buffer:in-event <InotifyEvent: src_path=b'/home/rabbia/To-DoList/test.log', wd=1, mask=IN_MODIFY, cookie=0, name=test.log>
DEBUG:watchdog.observers.inotify_buffer:in-event <InotifyEvent: src_path=b'/home/rabbia/To-DoList/test.log', wd=1, mask=IN_MODIFY, cookie=0, name=test.log>
DEBUG:watchdog.observers.inotify_buffer:in-event <InotifyEvent: src_path=b'/home/rabbia/To-DoList/test.log', wd=1, mask=IN_MODIFY, cookie=0, name=test.log>
DEBUG:watchdog.observers.inotify_buffer:in-event <InotifyEvent: src_path=b'/home/rabbia/To-DoList/test.log', wd=1, mask=IN_MODIFY, cookie=0, name=test.log>
DEBUG:watchdog.observers.inotify_buffer:in-event <InotifyEvent: src_path=b'/home/rabbia/To-DoList/test.log', wd=1, mask=IN_MODIFY, cookie=0, name=test.log>
DEBUG:watchdog.observers.inotify_buffer:in-event <InotifyEvent: src_path=b'/home/rabbia/To-DoList/test.log', wd=1, mask=IN_MODIFY, cookie=0, name=test.log>
DEBUG:watchdog.observers.inotify_buffer:in-event <InotifyEvent: src_path=b'/home/rabbia/To-DoList/test.log', wd=1, mask=IN_MODIFY, cookie=0, name=test.log>
DEBUG:watchdog.observers.inotify_buffer:in-event <InotifyEvent: src_path=b'/home/rabbia/To-DoList/test.log', wd=1, mask=IN_MODIFY, cookie=0, name=test.log>
DEBUG:watchdog.observers.inotify_buffer:in-event <InotifyEvent: src_path=b'/home/rabbia/To-DoList/test.log', wd=1, mask=IN_MODIFY, cookie=0, name=test.log>
DEBUG:watchdog.observers.inotify_buffer:in-event <InotifyEvent: src_path=b'/home/rabbia/To-DoList/test.log', wd=1, mask=IN_MODIFY, cookie=0, name=test.log>
DEBUG:watchdog.observers.inotify_buffer:in-event <InotifyEvent: src_path=b'/home/rabbia/To-DoList/test.log', wd=1, mask=IN_MODIFY, cookie=0, name=test.log>
DEBUG:watchdog.observers.inotify_buffer:in-event <InotifyEvent: src_path=b'/home/rabbia/To-DoList/test.log', wd=1, mask=IN_MODIFY, cookie=0, name=test.log>
DEBUG:watchdog.observers.inotify_buffer:in-event <InotifyEvent: src_path=b'/home/rabbia/To-DoList/test.log', wd=1, mask=IN_MODIFY, cookie=0, name=test.log>
DEBUG:watchdog.observers.inotify_buffer:in-event <InotifyEvent: src_path=b'/home/rabbia/To-DoList/test.log', wd=1, mask=IN_MODIFY, cookie=0, name=test.log>
DEBUG:watchdog.observers.inotify_buffer:in-event <InotifyEvent: src_path=b'/home/rabbia/To-DoList/test.log', wd=1, mask=IN_MODIFY, cookie=0, name=test.log>
DEBUG:watchdog.observers.inotify_buffer:in-event <InotifyEvent: src_path=b'/home/rabbia/To-DoList/test.log', wd=1, mask=IN_MODIFY, cookie=0, name=test.log>
DEBUG:watchdog.observers.inotify_buffer:in-event <InotifyEvent: src_path=b'/home/rabbia/To-DoList/test.log', wd=1, mask=IN_MODIFY, cookie=0, name=test.log>
DEBUG:watchdog.observers.inotify_buffer:in-event <InotifyEvent: src_path=b'/home/rabbia/To-DoList/test.log', wd=1, mask=IN_MODIFY, cookie=0, name=test.log>
DEBUG:watchdog.observers.inotify_buffer:in-event <InotifyEvent: src_path=b'/home/rabbia/To-DoList/test.log', wd=1, mask=IN_MODIFY, cookie=0, name=test.log>
DEBUG:watchdog.observers.inotify_buffer:in-event <InotifyEvent: src_path=b'/home/rabbia/To-DoList/test.log', wd=1, mask=IN_MODIFY, cookie=0, name=test.log>
DEBUG:watchdog.observers.inotify_buffer:in-event <InotifyEvent: src_path=b'/home/rabbia/To-DoList/test.log', wd=1, mask=IN_MODIFY, cookie=0, name=test.log>
DEBUG:watchdog.observers.inotify_buffer:in-event <InotifyEvent: src_path=b'/home/rabbia/To-DoList/test.log', wd=1, mask=IN_MODIFY, cookie=0, name=test.log>
DEBUG:watchdog.observers.inotify_buffer:in-event <InotifyEvent: src_path=b'/home/rabbia/To-DoList/test.log', wd=1, mask=IN_MODIFY, cookie=0, name=test.log>
DEBUG:watchdog.observers.inotify_buffer:in-event <InotifyEvent: src_path=b'/home/rabbia/To-DoList/test.log', wd=1, mask=IN_MODIFY, cookie=0, name=test.log>
DEBUG:watchdog.observers.inotify_buffer:in-event <InotifyEvent: src_path=b'/home/rabbia/To-DoList/test.log', wd=1, mask=IN_MODIFY, cookie=0, name=test.log>
DEBUG:watchdog.observers.inotify_buffer:in-event <InotifyEvent: src_path=b'/home/rabbia/To-DoList/test.log', wd=1, mask=IN_MODIFY, cookie=0, name=test.log>
DEBUG:watchdog.observers.inotify_buffer:in-event <InotifyEvent: src_path=b'/home/rabbia/To-DoList/test.log', wd=1, mask=IN_MODIFY, cookie=0, name=test.log>
DEBUG:watchdog.observers.inotify_buffer:in-event <InotifyEvent: src_path=b'/home/rabbia/To-DoList/test.log', wd=1, mask=IN_MODIFY, cookie=0, name=test.log>
DEBUG:watchdog.observers.inotify_buffer:in-event <InotifyEvent: src_path=b'/home/rabbia/To-DoList/test.log', wd=1, mask=IN_MODIFY, cookie=0, name=test.log>
DEBUG:watchdog.observers.inotify_buffer:in-event <InotifyEvent: src_path=b'/home/rabbia/To-DoList/test.log', wd=1, mask=IN_MODIFY, cookie=0, name=test.log>
DEBUG:watchdog.observers.inotify_buffer:in-event <InotifyEvent: src_path=b'/home/rabbia/To-DoList/test.log', wd=1, mask=IN_MODIFY, cookie=0, name=test.log>
DEBUG:watchdog.observers.inotify_buffer:in-event <InotifyEvent: src_path=b'/home/rabbia/To-DoList/test.log', wd=1, mask=IN_MODIFY, cookie=0, name=test.log>
DEBUG:watchdog.observers.inotify_buffer:in-event <InotifyEvent: src_path=b'/home/rabbia/To-DoList/test.log', wd=1, mask=IN_MODIFY, cookie=0, name=test.log>
DEBUG:watchdog.observers.inotify_buffer:in-event <InotifyEvent: src_path=b'/home/rabbia/To-DoList/test.log', wd=1, mask=IN_MODIFY, cookie=0, name=test.log>
DEBUG:watchdog.observers.inotify_buffer:in-event <InotifyEvent: src_path=b'/home/rabbia/To-DoList/test.log', wd=1, mask=IN_MODIFY, cookie=0, name=test.log>
DEBUG:watchdog.observers.inotify_buffer:in-event <InotifyEvent: src_path=b'/home/rabbia/To-DoList/test.log', wd=1, mask=IN_MODIFY, cookie=0, name=test.log>
DEBUG:watchdog.observers.inotify_buffer:in-event <InotifyEvent: src_path=b'/home/rabbia/To-DoList/test.log', wd=1, mask=IN_MODIFY, cookie=0, name=test.log>
DEBUG:watchdog.observers.inotify_buffer:in-event <InotifyEvent: src_path=b'/home/rabbia/To-DoList/test.log', wd=1, mask=IN_MODIFY, cookie=0, name=test.log>
DEBUG:watchdog.observers.inotify_buffer:in-event <InotifyEvent: src_path=b'/home/rabbia/To-DoList/test.log', wd=1, mask=IN_MODIFY, cookie=0, name=test.log>
DEBUG:watchdog.observers.inotify_buffer:in-event <InotifyEvent: src_path=b'/home/rabbia/To-DoList/test.log', wd=1, mask=IN_MODIFY, cookie=0, name=test.log>
DEBUG:watchdog.observers.inotify_buffer:in-event <InotifyEvent: src_path=b'/home/rabbia/To-DoList/test.log', wd=1, mask=IN_MODIFY, cookie=0, name=test.log>
DEBUG:watchdog.observers.inotify_buffer:in-event <InotifyEvent: src_path=b'/home/rabbia/To-DoList/test.log', wd=1, mask=IN_MODIFY, cookie=0, name=test.log>
DEBUG:watchdog.observers.inotify_buffer:in-event <InotifyEvent: src_path=b'/home/rabbia/To-DoList/test.log', wd=1, mask=IN_MODIFY, cookie=0, name=test.log>
DEBUG:watchdog.observers.inotify_buffer:in-event <InotifyEvent: src_path=b'/home/rabbia/To-DoList/test.log', wd=1, mask=IN_MODIFY, cookie=0, name=test.log>
DEBUG:watchdog.observers.inotify_buffer:in-event <InotifyEvent: src_path=b'/home/rabbia/To-DoList/test.log', wd=1, mask=IN_MODIFY, cookie=0, name=test.log>
DEBUG:watchdog.observers.inotify_buffer:in-event <InotifyEvent: src_path=b'/home/rabbia/To-DoList/test.log', wd=1, mask=IN_MODIFY, cookie=0, name=test.log>
DEBUG:watchdog.observers.inotify_buffer:in-event <InotifyEvent: src_path=b'/home/rabbia/To-DoList/test.log', wd=1, mask=IN_MODIFY, cookie=0, name=test.log>
DEBUG:watchdog.observers.inotify_buffer:in-event <InotifyEvent: src_path=b'/home/rabbia/To-DoList/test.log', wd=1, mask=IN_MODIFY, cookie=0, name=test.log>
DEBUG:watchdog.observers.inotify_buffer:in-event <InotifyEvent: src_path=b'/home/rabbia/To-DoList/test.log', wd=1, mask=IN_MODIFY, cookie=0, name=test.log>
DEBUG:watchdog.observers.inotify_buffer:in-event <InotifyEvent: src_path=b'/home/rabbia/To-DoList/test.log', wd=1, mask=IN_MODIFY, cookie=0, name=test.log>
DEBUG:watchdog.observers.inotify_buffer:in-event <InotifyEvent: src_path=b'/home/rabbia/To-DoList/test.log', wd=1, mask=IN_MODIFY, cookie=0, name=test.log>
DEBUG:watchdog.observers.inotify_buffer:in-event <InotifyEvent: src_path=b'/home/rabbia/To-DoList/test.log', wd=1, mask=IN_MODIFY, cookie=0, name=test.log>
DEBUG:watchdog.observers.inotify_buffer:in-event <InotifyEvent: src_path=b'/home/rabbia/To-DoList/test.log', wd=1, mask=IN_MODIFY, cookie=0, name=test.log>
DEBUG:watchdog.observers.inotify_buffer:in-event <InotifyEvent: src_path=b'/home/rabbia/To-DoList/test.log', wd=1, mask=IN_MODIFY, cookie=0, name=test.log>
DEBUG:watchdog.observers.inotify_buffer:in-event <InotifyEvent: src_path=b'/home/rabbia/To-DoList/test.log', wd=1, mask=IN_MODIFY, cookie=0, name=test.log>
DEBUG:watchdog.observers.inotify_buffer:in-event <InotifyEvent: src_path=b'/home/rabbia/To-DoList/test.log', wd=1, mask=IN_MODIFY, cookie=0, name=test.log>
DEBUG:watchdog.observers.inotify_buffer:in-event <InotifyEvent: src_path=b'/home/rabbia/To-DoList/test.log', wd=1, mask=IN_MODIFY, cookie=0, name=test.log>
DEBUG:watchdog.observers.inotify_buffer:in-event <InotifyEvent: src_path=b'/home/rabbia/To-DoList/test.log', wd=1, mask=IN_MODIFY, cookie=0, name=test.log>
DEBUG:watchdog.observers.inotify_buffer:in-event <InotifyEvent: src_path=b'/home/rabbia/To-DoList/test.log', wd=1, mask=IN_MODIFY, cookie=0, name=test.log>
DEBUG:watchdog.observers.inotify_buffer:in-event <InotifyEvent: src_path=b'/home/rabbia/To-DoList/test.log', wd=1, mask=IN_MODIFY, cookie=0, name=test.log>
DEBUG:watchdog.observers.inotify_buffer:in-event <InotifyEvent: src_path=b'/home/rabbia/To-DoList/test.log', wd=1, mask=IN_MODIFY, cookie=0, name=test.log>
DEBUG:watchdog.observers.inotify_buffer:in-event <InotifyEvent: src_path=b'/home/rabbia/To-DoList/test.log', wd=1, mask=IN_MODIFY, cookie=0, name=test.log>
DEBUG:watchdog.observers.inotify_buffer:in-event <InotifyEvent: src_path=b'/home/rabbia/To-DoList/test.log', wd=1, mask=IN_MODIFY, cookie=0, name=test.log>
DEBUG:watchdog.observers.inotify_buffer:in-event <InotifyEvent: src_path=b'/home/rabbia/To-DoList/test.log', wd=1, mask=IN_MODIFY, cookie=0, name=test.log>
DEBUG:watchdog.observers.inotify_buffer:in-event <InotifyEvent: src_path=b'/home/rabbia/To-DoList/test.log', wd=1, mask=IN_MODIFY, cookie=0, name=test.log>
DEBUG:watchdog.observers.inotify_buffer:in-event <InotifyEvent: src_path=b'/home/rabbia/To-DoList/test.log', wd=1, mask=IN_MODIFY, cookie=0, name=test.log>
DEBUG:watchdog.observers.inotify_buffer:in-event <InotifyEvent: src_path=b'/home/rabbia/To-DoList/test.log', wd=1, mask=IN_MODIFY, cookie=0, name=test.log>
DEBUG:watchdog.observers.inotify_buffer:in-event <InotifyEvent: src_path=b'/home/rabbia/To-DoList/test.log', wd=1, mask=IN_MODIFY, cookie=0, name=test.log>
DEBUG:watchdog.observers.inotify_buffer:in-event <InotifyEvent: src_path=b'/home/rabbia/To-DoList/test.log', wd=1, mask=IN_MODIFY, cookie=0, name=test.log>
DEBUG:watchdog.observers.inotify_buffer:in-event <InotifyEvent: src_path=b'/home/rabbia/To-DoList/test.log', wd=1, mask=IN_MODIFY, cookie=0, name=test.log>
DEBUG:watchdog.observers.inotify_buffer:in-event <InotifyEvent: src_path=b'/home/rabbia/To-DoList/test.log', wd=1, mask=IN_MODIFY, cookie=0, name=test.log>
DEBUG:watchdog.observers.inotify_buffer:in-event <InotifyEvent: src_path=b'/home/rabbia/To-DoList/test.log', wd=1, mask=IN_MODIFY, cookie=0, name=test.log>
DEBUG:watchdog.observers.inotify_buffer:in-event <InotifyEvent: src_path=b'/home/rabbia/To-DoList/test.log', wd=1, mask=IN_MODIFY, cookie=0, name=test.log>
DEBUG:watchdog.observers.inotify_buffer:in-event <InotifyEvent: src_path=b'/home/rabbia/To-DoList/test.log', wd=1, mask=IN_MODIFY, cookie=0, name=test.log>
DEBUG:watchdog.observers.inotify_buffer:in-event <InotifyEvent: src_path=b'/home/rabbia/To-DoList/test.log', wd=1, mask=IN_MODIFY, cookie=0, name=test.log>
DEBUG:watchdog.observers.inotify_buffer:in-event <InotifyEvent: src_path=b'/home/rabbia/To-DoList/test.log', wd=1, mask=IN_MODIFY, cookie=0, name=test.log>
DEBUG:watchdog.observers.inotify_buffer:in-event <InotifyEvent: src_path=b'/home/rabbia/To-DoList/test.log', wd=1, mask=IN_MODIFY, cookie=0, name=test.log>
DEBUG:watchdog.observers.inotify_buffer:in-event <InotifyEvent: src_path=b'/home/rabbia/To-DoList/test.log', wd=1, mask=IN_MODIFY, cookie=0, name=test.log>
DEBUG:watchdog.observers.inotify_buffer:in-event <InotifyEvent: src_path=b'/home/rabbia/To-DoList/test.log', wd=1, mask=IN_MODIFY, cookie=0, name=test.log>
DEBUG:watchdog.observers.inotify_buffer:in-event <InotifyEvent: src_path=b'/home/rabbia/To-DoList/test.log', wd=1, mask=IN_MODIFY, cookie=0, name=test.log>
DEBUG:watchdog.observers.inotify_buffer:in-event <InotifyEvent: src_path=b'/home/rabbia/To-DoList/test.log', wd=1, mask=IN_MODIFY, cookie=0, name=test.log>
DEBUG:watchdog.observers.inotify_buffer:in-event <InotifyEvent: src_path=b'/home/rabbia/To-DoList/test.log', wd=1, mask=IN_MODIFY, cookie=0, name=test.log>
DEBUG:watchdog.observers.inotify_buffer:in-event <InotifyEvent: src_path=b'/home/rabbia/To-DoList/test.log', wd=1, mask=IN_MODIFY, cookie=0, name=test.log>
DEBUG:watchdog.observers.inotify_buffer:in-event <InotifyEvent: src_path=b'/home/rabbia/To-DoList/test.log', wd=1, mask=IN_MODIFY, cookie=0, name=test.log>
DEBUG:watchdog.observers.inotify_buffer:in-event <InotifyEvent: src_path=b'/home/rabbia/To-DoList/test.log', wd=1, mask=IN_MODIFY, cookie=0, name=test.log>
DEBUG:watchdog.observers.inotify_buffer:in-event <InotifyEvent: src_path=b'/home/rabbia/To-DoList/test.log', wd=1, mask=IN_MODIFY, cookie=0, name=test.log>
DEBUG:watchdog.observers.inotify_buffer:in-event <InotifyEvent: src_path=b'/home/rabbia/To-DoList/test.log', wd=1, mask=IN_MODIFY, cookie=0, name=test.log>
DEBUG:watchdog.observers.inotify_buffer:in-event <InotifyEvent: src_path=b'/home/rabbia/To-DoList/test.log', wd=1, mask=IN_MODIFY, cookie=0, name=test.log>
DEBUG:watchdog.observers.inotify_buffer:in-event <InotifyEvent: src_path=b'/home/rabbia/To-DoList/test.log', wd=1, mask=IN_MODIFY, cookie=0, name=test.log>
DEBUG:watchdog.observers.inotify_buffer:in-event <InotifyEvent: src_path=b'/home/rabbia/To-DoList/test.log', wd=1, mask=IN_MODIFY, cookie=0, name=test.log>
DEBUG:watchdog.observers.inotify_buffer:in-event <InotifyEvent: src_path=b'/home/rabbia/To-DoList/test.log', wd=1, mask=IN_MODIFY, cookie=0, name=test.log>
DEBUG:watchdog.observers.inotify_buffer:in-event <InotifyEvent: src_path=b'/home/rabbia/To-DoList/test.log', wd=1, mask=IN_MODIFY, cookie=0, name=test.log>
DEBUG:watchdog.observers.inotify_buffer:in-event <InotifyEvent: src_path=b'/home/rabbia/To-DoList/test.log', wd=1, mask=IN_MODIFY, cookie=0, name=test.log>
DEBUG:watchdog.observers.inotify_buffer:in-event <InotifyEvent: src_path=b'/home/rabbia/To-DoList/test.log', wd=1, mask=IN_MODIFY, cookie=0, name=test.log>
DEBUG:watchdog.observers.inotify_buffer:in-event <InotifyEvent: src_path=b'/home/rabbia/To-DoList/test.log', wd=1, mask=IN_MODIFY, cookie=0, name=test.log>
DEBUG:watchdog.observers.inotify_buffer:in-event <InotifyEvent: src_path=b'/home/rabbia/To-DoList/test.log', wd=1, mask=IN_MODIFY, cookie=0, name=test.log>
DEBUG:watchdog.observers.inotify_buffer:in-event <InotifyEvent: src_path=b'/home/rabbia/To-DoList/test.log', wd=1, mask=IN_MODIFY, cookie=0, name=test.log>
DEBUG:watchdog.observers.inotify_buffer:in-event <InotifyEvent: src_path=b'/home/rabbia/To-DoList/test.log', wd=1, mask=IN_MODIFY, cookie=0, name=test.log>
DEBUG:watchdog.observers.inotify_buffer:in-event <InotifyEvent: src_path=b'/home/rabbia/To-DoList/test.log', wd=1, mask=IN_MODIFY, cookie=0, name=test.log>
DEBUG:watchdog.observers.inotify_buffer:in-event <InotifyEvent: src_path=b'/home/rabbia/To-DoList/test.log', wd=1, mask=IN_MODIFY, cookie=0, name=test.log>
DEBUG:watchdog.observers.inotify_buffer:in-event <InotifyEvent: src_path=b'/home/rabbia/To-DoList/test.log', wd=1, mask=IN_MODIFY, cookie=0, name=test.log>
DEBUG:watchdog.observers.inotify_buffer:in-event <InotifyEvent: src_path=b'/home/rabbia/To-DoList/test.log', wd=1, mask=IN_MODIFY, cookie=0, name=test.log>
DEBUG:watchdog.observers.inotify_buffer:in-event <InotifyEvent: src_path=b'/home/rabbia/To-DoList/test.log', wd=1, mask=IN_MODIFY, cookie=0, name=test.log>
DEBUG:watchdog.observers.inotify_buffer:in-event <InotifyEvent: src_path=b'/home/rabbia/To-DoList/test.log', wd=1, mask=IN_MODIFY, cookie=0, name=test.log>
DEBUG:watchdog.observers.inotify_buffer:in-event <InotifyEvent: src_path=b'/home/rabbia/To-DoList/test.log', wd=1, mask=IN_MODIFY, cookie=0, name=test.log>
DEBUG:watchdog.observers.inotify_buffer:in-event <InotifyEvent: src_path=b'/home/rabbia/To-DoList/test.log', wd=1, mask=IN_MODIFY, cookie=0, name=test.log>
DEBUG:watchdog.observers.inotify_buffer:in-event <InotifyEvent: src_path=b'/home/rabbia/To-DoList/test.log', wd=1, mask=IN_MODIFY, cookie=0, name=test.log>
DEBUG:watchdog.observers.inotify_buffer:in-event <InotifyEvent: src_path=b'/home/rabbia/To-DoList/test.log', wd=1, mask=IN_MODIFY, cookie=0, name=test.log>
DEBUG:watchdog.observers.inotify_buffer:in-event <InotifyEvent: src_path=b'/home/rabbia/To-DoList/test.log', wd=1, mask=IN_MODIFY, cookie=0, name=test.log>
DEBUG:watchdog.observers.inotify_buffer:in-event <InotifyEvent: src_path=b'/home/rabbia/To-DoList/test.log', wd=1, mask=IN_MODIFY, cookie=0, name=test.log>
DEBUG:watchdog.observers.inotify_buffer:in-event <InotifyEvent: src_path=b'/home/rabbia/To-DoList/test.log', wd=1, mask=IN_MODIFY, cookie=0, name=test.log>
DEBUG:watchdog.observers.inotify_buffer:in-event <InotifyEvent: src_path=b'/home/rabbia/To-DoList/test.log', wd=1, mask=IN_MODIFY, cookie=0, name=test.log>
DEBUG:watchdog.observers.inotify_buffer:in-event <InotifyEvent: src_path=b'/home/rabbia/To-DoList/test.log', wd=1, mask=IN_MODIFY, cookie=0, name=test.log>
DEBUG:watchdog.observers.inotify_buffer:in-event <InotifyEvent: src_path=b'/home/rabbia/To-DoList/test.log', wd=1, mask=IN_MODIFY, cookie=0, name=test.log>
DEBUG:watchdog.observers.inotify_buffer:in-event <InotifyEvent: src_path=b'/home/rabbia/To-DoList/test.log', wd=1, mask=IN_MODIFY, cookie=0, name=test.log>
DEBUG:watchdog.observers.inotify_buffer:in-event <InotifyEvent: src_path=b'/home/rabbia/To-DoList/test.log', wd=1, mask=IN_MODIFY, cookie=0, name=test.log>
DEBUG:watchdog.observers.inotify_buffer:in-event <InotifyEvent: src_path=b'/home/rabbia/To-DoList/test.log', wd=1, mask=IN_MODIFY, cookie=0, name=test.log>
DEBUG:watchdog.observers.inotify_buffer:in-event <InotifyEvent: src_path=b'/home/rabbia/To-DoList/test.log', wd=1, mask=IN_MODIFY, cookie=0, name=test.log>
DEBUG:watchdog.observers.inotify_buffer:in-event <InotifyEvent: src_path=b'/home/rabbia/To-DoList/test.log', wd=1, mask=IN_MODIFY, cookie=0, name=test.log>
DEBUG:watchdog.observers.inotify_buffer:in-event <InotifyEvent: src_path=b'/home/rabbia/To-DoList/test.log', wd=1, mask=IN_MODIFY, cookie=0, name=test.log>
DEBUG:watchdog.observers.inotify_buffer:in-event <InotifyEvent: src_path=b'/home/rabbia/To-DoList/test.log', wd=1, mask=IN_MODIFY, cookie=0, name=test.log>
DEBUG:watchdog.observers.inotify_buffer:in-event <InotifyEvent: src_path=b'/home/rabbia/To-DoList/test.log', wd=1, mask=IN_MODIFY, cookie=0, name=test.log>
DEBUG:watchdog.observers.inotify_buffer:in-event <InotifyEvent: src_path=b'/home/rabbia/To-DoList/test.log', wd=1, mask=IN_MODIFY, cookie=0, name=test.log>
DEBUG:watchdog.observers.inotify_buffer:in-event <InotifyEvent: src_path=b'/home/rabbia/To-DoList/test.log', wd=1, mask=IN_MODIFY, cookie=0, name=test.log>
DEBUG:watchdog.observers.inotify_buffer:in-event <InotifyEvent: src_path=b'/home/rabbia/To-DoList/test.log', wd=1, mask=IN_MODIFY, cookie=0, name=test.log>
DEBUG:watchdog.observers.inotify_buffer:in-event <InotifyEvent: src_path=b'/home/rabbia/To-DoList/test.log', wd=1, mask=IN_MODIFY, cookie=0, name=test.log>
DEBUG:watchdog.observers.inotify_buffer:in-event <InotifyEvent: src_path=b'/home/rabbia/To-DoList/test.log', wd=1, mask=IN_MODIFY, cookie=0, name=test.log>
DEBUG:watchdog.observers.inotify_buffer:in-event <InotifyEvent: src_path=b'/home/rabbia/To-DoList/test.log', wd=1, mask=IN_MODIFY, cookie=0, name=test.log>
DEBUG:watchdog.observers.inotify_buffer:in-event <InotifyEvent: src_path=b'/home/rabbia/To-DoList/test.log', wd=1, mask=IN_MODIFY, cookie=0, name=test.log>
DEBUG:watchdog.observers.inotify_buffer:in-event <InotifyEvent: src_path=b'/home/rabbia/To-DoList/test.log', wd=1, mask=IN_MODIFY, cookie=0, name=test.log>
DEBUG:watchdog.observers.inotify_buffer:in-event <InotifyEvent: src_path=b'/home/rabbia/To-DoList/test.log', wd=1, mask=IN_MODIFY, cookie=0, name=test.log>
DEBUG:watchdog.observers.inotify_buffer:in-event <InotifyEvent: src_path=b'/home/rabbia/To-DoList/test.log', wd=1, mask=IN_MODIFY, cookie=0, name=test.log>
DEBUG:watchdog.observers.inotify_buffer:in-event <InotifyEvent: src_path=b'/home/rabbia/To-DoList/test.log', wd=1, mask=IN_MODIFY, cookie=0, name=test.log>
DEBUG:watchdog.observers.inotify_buffer:in-event <InotifyEvent: src_path=b'/home/rabbia/To-DoList/test.log', wd=1, mask=IN_MODIFY, cookie=0, name=test.log>
DEBUG:watchdog.observers.inotify_buffer:in-event <InotifyEvent: src_path=b'/home/rabbia/To-DoList/test.log', wd=1, mask=IN_MODIFY, cookie=0, name=test.log>
DEBUG:watchdog.observers.inotify_buffer:in-event <InotifyEvent: src_path=b'/home/rabbia/To-DoList/test.log', wd=1, mask=IN_MODIFY, cookie=0, name=test.log>
DEBUG:watchdog.observers.inotify_buffer:in-event <InotifyEvent: src_path=b'/home/rabbia/To-DoList/test.log', wd=1, mask=IN_MODIFY, cookie=0, name=test.log>
DEBUG:watchdog.observers.inotify_buffer:in-event <InotifyEvent: src_path=b'/home/rabbia/To-DoList/test.log', wd=1, mask=IN_MODIFY, cookie=0, name=test.log>
DEBUG:watchdog.observers.inotify_buffer:in-event <InotifyEvent: src_path=b'/home/rabbia/To-DoList/test.log', wd=1, mask=IN_MODIFY, cookie=0, name=test.log>
DEBUG:watchdog.observers.inotify_buffer:in-event <InotifyEvent: src_path=b'/home/rabbia/To-DoList/test.log', wd=1, mask=IN_MODIFY, cookie=0, name=test.log>
DEBUG:watchdog.observers.inotify_buffer:in-event <InotifyEvent: src_path=b'/home/rabbia/To-DoList/test.log', wd=1, mask=IN_MODIFY, cookie=0, name=test.log>
DEBUG:watchdog.observers.inotify_buffer:in-event <InotifyEvent: src_path=b'/home/rabbia/To-DoList/test.log', wd=1, mask=IN_MODIFY, cookie=0, name=test.log>
DEBUG:watchdog.observers.inotify_buffer:in-event <InotifyEvent: src_path=b'/home/rabbia/To-DoList/test.log', wd=1, mask=IN_MODIFY, cookie=0, name=test.log>
DEBUG:watchdog.observers.inotify_buffer:in-event <InotifyEvent: src_path=b'/home/rabbia/To-DoList/test.log', wd=1, mask=IN_MODIFY, cookie=0, name=test.log>
DEBUG:watchdog.observers.inotify_buffer:in-event <InotifyEvent: src_path=b'/home/rabbia/To-DoList/test.log', wd=1, mask=IN_MODIFY, cookie=0, name=test.log>
DEBUG:watchdog.observers.inotify_buffer:in-event <InotifyEvent: src_path=b'/home/rabbia/To-DoList/test.log', wd=1, mask=IN_MODIFY, cookie=0, name=test.log>
DEBUG:watchdog.observers.inotify_buffer:in-event <InotifyEvent: src_path=b'/home/rabbia/To-DoList/test.log', wd=1, mask=IN_MODIFY, cookie=0, name=test.log>
DEBUG:watchdog.observers.inotify_buffer:in-event <InotifyEvent: src_path=b'/home/rabbia/To-DoList/test.log', wd=1, mask=IN_MODIFY, cookie=0, name=test.log>
DEBUG:watchdog.observers.inotify_buffer:in-event <InotifyEvent: src_path=b'/home/rabbia/To-DoList/test.log', wd=1, mask=IN_MODIFY, cookie=0, name=test.log>
DEBUG:watchdog.observers.inotify_buffer:in-event <InotifyEvent: src_path=b'/home/rabbia/To-DoList/test.log', wd=1, mask=IN_MODIFY, cookie=0, name=test.log>
DEBUG:watchdog.observers.inotify_buffer:in-event <InotifyEvent: src_path=b'/home/rabbia/To-DoList/test.log', wd=1, mask=IN_MODIFY, cookie=0, name=test.log>
DEBUG:watchdog.observers.inotify_buffer:in-event <InotifyEvent: src_path=b'/home/rabbia/To-DoList/test.log', wd=1, mask=IN_MODIFY, cookie=0, name=test.log>
DEBUG:watchdog.observers.inotify_buffer:in-event <InotifyEvent: src_path=b'/home/rabbia/To-DoList/test.log', wd=1, mask=IN_MODIFY, cookie=0, name=test.log>
DEBUG:watchdog.observers.inotify_buffer:in-event <InotifyEvent: src_path=b'/home/rabbia/To-DoList/test.log', wd=1, mask=IN_MODIFY, cookie=0, name=test.log>
DEBUG:watchdog.observers.inotify_buffer:in-event <InotifyEvent: src_path=b'/home/rabbia/To-DoList/test.log', wd=1, mask=IN_MODIFY, cookie=0, name=test.log>
DEBUG:watchdog.observers.inotify_buffer:in-event <InotifyEvent: src_path=b'/home/rabbia/To-DoList/test.log', wd=1, mask=IN_MODIFY, cookie=0, name=test.log>
DEBUG:watchdog.observers.inotify_buffer:in-event <InotifyEvent: src_path=b'/home/rabbia/To-DoList/test.log', wd=1, mask=IN_MODIFY, cookie=0, name=test.log>
DEBUG:watchdog.observers.inotify_buffer:in-event <InotifyEvent: src_path=b'/home/rabbia/To-DoList/test.log', wd=1, mask=IN_MODIFY, cookie=0, name=test.log>
DEBUG:watchdog.observers.inotify_buffer:in-event <InotifyEvent: src_path=b'/home/rabbia/To-DoList/test.log', wd=1, mask=IN_MODIFY, cookie=0, name=test.log>
DEBUG:watchdog.observers.inotify_buffer:in-event <InotifyEvent: src_path=b'/home/rabbia/To-DoList/test.log', wd=1, mask=IN_MODIFY, cookie=0, name=test.log>
DEBUG:watchdog.observers.inotify_buffer:in-event <InotifyEvent: src_path=b'/home/rabbia/To-DoList/test.log', wd=1, mask=IN_MODIFY, cookie=0, name=test.log>
DEBUG:watchdog.observers.inotify_buffer:in-event <InotifyEvent: src_path=b'/home/rabbia/To-DoList/test.log', wd=1, mask=IN_MODIFY, cookie=0, name=test.log>
DEBUG:watchdog.observers.inotify_buffer:in-event <InotifyEvent: src_path=b'/home/rabbia/To-DoList/test.log', wd=1, mask=IN_MODIFY, cookie=0, name=test.log>
DEBUG:watchdog.observers.inotify_buffer:in-event <InotifyEvent: src_path=b'/home/rabbia/To-DoList/test.log', wd=1, mask=IN_MODIFY, cookie=0, name=test.log>
DEBUG:watchdog.observers.inotify_buffer:in-event <InotifyEvent: src_path=b'/home/rabbia/To-DoList/test.log', wd=1, mask=IN_MODIFY, cookie=0, name=test.log>
DEBUG:watchdog.observers.inotify_buffer:in-event <InotifyEvent: src_path=b'/home/rabbia/To-DoList/test.log', wd=1, mask=IN_MODIFY, cookie=0, name=test.log>
DEBUG:watchdog.observers.inotify_buffer:in-event <InotifyEvent: src_path=b'/home/rabbia/To-DoList/test.log', wd=1, mask=IN_MODIFY, cookie=0, name=test.log>
DEBUG:watchdog.observers.inotify_buffer:in-event <InotifyEvent: src_path=b'/home/rabbia/To-DoList/test.log', wd=1, mask=IN_MODIFY, cookie=0, name=test.log>
DEBUG:watchdog.observers.inotify_buffer:in-event <InotifyEvent: src_path=b'/home/rabbia/To-DoList/test.log', wd=1, mask=IN_MODIFY, cookie=0, name=test.log>
DEBUG:watchdog.observers.inotify_buffer:in-event <InotifyEvent: src_path=b'/home/rabbia/To-DoList/test.log', wd=1, mask=IN_MODIFY, cookie=0, name=test.log>
DEBUG:watchdog.observers.inotify_buffer:in-event <InotifyEvent: src_path=b'/home/rabbia/To-DoList/test.log', wd=1, mask=IN_MODIFY, cookie=0, name=test.log>
DEBUG:watchdog.observers.inotify_buffer:in-event <InotifyEvent: src_path=b'/home/rabbia/To-DoList/test.log', wd=1, mask=IN_MODIFY, cookie=0, name=test.log>
DEBUG:watchdog.observers.inotify_buffer:in-event <InotifyEvent: src_path=b'/home/rabbia/To-DoList/test.log', wd=1, mask=IN_MODIFY, cookie=0, name=test.log>
DEBUG:watchdog.observers.inotify_buffer:in-event <InotifyEvent: src_path=b'/home/rabbia/To-DoList/test.log', wd=1, mask=IN_MODIFY, cookie=0, name=test.log>
DEBUG:watchdog.observers.inotify_buffer:in-event <InotifyEvent: src_path=b'/home/rabbia/To-DoList/test.log', wd=1, mask=IN_MODIFY, cookie=0, name=test.log>
DEBUG:watchdog.observers.inotify_buffer:in-event <InotifyEvent: src_path=b'/home/rabbia/To-DoList/test.log', wd=1, mask=IN_MODIFY, cookie=0, name=test.log>
DEBUG:watchdog.observers.inotify_buffer:in-event <InotifyEvent: src_path=b'/home/rabbia/To-DoList/test.log', wd=1, mask=IN_MODIFY, cookie=0, name=test.log>
DEBUG:watchdog.observers.inotify_buffer:in-event <InotifyEvent: src_path=b'/home/rabbia/To-DoList/test.log', wd=1, mask=IN_MODIFY, cookie=0, name=test.log>
DEBUG:watchdog.observers.inotify_buffer:in-event <InotifyEvent: src_path=b'/home/rabbia/To-DoList/test.log', wd=1, mask=IN_MODIFY, cookie=0, name=test.log>
DEBUG:watchdog.observers.inotify_buffer:in-event <InotifyEvent: src_path=b'/home/rabbia/To-DoList/test.log', wd=1, mask=IN_MODIFY, cookie=0, name=test.log>
DEBUG:watchdog.observers.inotify_buffer:in-event <InotifyEvent: src_path=b'/home/rabbia/To-DoList/test.log', wd=1, mask=IN_MODIFY, cookie=0, name=test.log>
DEBUG:watchdog.observers.inotify_buffer:in-event <InotifyEvent: src_path=b'/home/rabbia/To-DoList/test.log', wd=1, mask=IN_MODIFY, cookie=0, name=test.log>
DEBUG:watchdog.observers.inotify_buffer:in-event <InotifyEvent: src_path=b'/home/rabbia/To-DoList/test.log', wd=1, mask=IN_MODIFY, cookie=0, name=test.log>
DEBUG:watchdog.observers.inotify_buffer:in-event <InotifyEvent: src_path=b'/home/rabbia/To-DoList/test.log', wd=1, mask=IN_MODIFY, cookie=0, name=test.log>
DEBUG:watchdog.observers.inotify_buffer:in-event <InotifyEvent: src_path=b'/home/rabbia/To-DoList/test.log', wd=1, mask=IN_MODIFY, cookie=0, name=test.log>
DEBUG:watchdog.observers.inotify_buffer:in-event <InotifyEvent: src_path=b'/home/rabbia/To-DoList/test.log', wd=1, mask=IN_MODIFY, cookie=0, name=test.log>
DEBUG:watchdog.observers.inotify_buffer:in-event <InotifyEvent: src_path=b'/home/rabbia/To-DoList/test.log', wd=1, mask=IN_MODIFY, cookie=0, name=test.log>
DEBUG:watchdog.observers.inotify_buffer:in-event <InotifyEvent: src_path=b'/home/rabbia/To-DoList/test.log', wd=1, mask=IN_MODIFY, cookie=0, name=test.log>
DEBUG:watchdog.observers.inotify_buffer:in-event <InotifyEvent: src_path=b'/home/rabbia/To-DoList/test.log', wd=1, mask=IN_MODIFY, cookie=0, name=test.log>
DEBUG:watchdog.observers.inotify_buffer:in-event <InotifyEvent: src_path=b'/home/rabbia/To-DoList/test.log', wd=1, mask=IN_MODIFY, cookie=0, name=test.log>
DEBUG:watchdog.observers.inotify_buffer:in-event <InotifyEvent: src_path=b'/home/rabbia/To-DoList/test.log', wd=1, mask=IN_MODIFY, cookie=0, name=test.log>
DEBUG:watchdog.observers.inotify_buffer:in-event <InotifyEvent: src_path=b'/home/rabbia/To-DoList/test.log', wd=1, mask=IN_MODIFY, cookie=0, name=test.log>
DEBUG:watchdog.observers.inotify_buffer:in-event <InotifyEvent: src_path=b'/home/rabbia/To-DoList/test.log', wd=1, mask=IN_MODIFY, cookie=0, name=test.log>
DEBUG:watchdog.observers.inotify_buffer:in-event <InotifyEvent: src_path=b'/home/rabbia/To-DoList/test.log', wd=1, mask=IN_MODIFY, cookie=0, name=test.log>
DEBUG:watchdog.observers.inotify_buffer:in-event <InotifyEvent: src_path=b'/home/rabbia/To-DoList/test.log', wd=1, mask=IN_MODIFY, cookie=0, name=test.log>
DEBUG:watchdog.observers.inotify_buffer:in-event <InotifyEvent: src_path=b'/home/rabbia/To-DoList/test.log', wd=1, mask=IN_MODIFY, cookie=0, name=test.log>
DEBUG:watchdog.observers.inotify_buffer:in-event <InotifyEvent: src_path=b'/home/rabbia/To-DoList/test.log', wd=1, mask=IN_MODIFY, cookie=0, name=test.log>
DEBUG:watchdog.observers.inotify_buffer:in-event <InotifyEvent: src_path=b'/home/rabbia/To-DoList/test.log', wd=1, mask=IN_MODIFY, cookie=0, name=test.log>
DEBUG:watchdog.observers.inotify_buffer:in-event <InotifyEvent: src_path=b'/home/rabbia/To-DoList/test.log', wd=1, mask=IN_MODIFY, cookie=0, name=test.log>
DEBUG:watchdog.observers.inotify_buffer:in-event <InotifyEvent: src_path=b'/home/rabbia/To-DoList/test.log', wd=1, mask=IN_MODIFY, cookie=0, name=test.log>
DEBUG:watchdog.observers.inotify_buffer:in-event <InotifyEvent: src_path=b'/home/rabbia/To-DoList/test.log', wd=1, mask=IN_MODIFY, cookie=0, name=test.log>
DEBUG:watchdog.observers.inotify_buffer:in-event <InotifyEvent: src_path=b'/home/rabbia/To-DoList/test.log', wd=1, mask=IN_MODIFY, cookie=0, name=test.log>
DEBUG:watchdog.observers.inotify_buffer:in-event <InotifyEvent: src_path=b'/home/rabbia/To-DoList/test.log', wd=1, mask=IN_MODIFY, cookie=0, name=test.log>
DEBUG:watchdog.observers.inotify_buffer:in-event <InotifyEvent: src_path=b'/home/rabbia/To-DoList/test.log', wd=1, mask=IN_MODIFY, cookie=0, name=test.log>
DEBUG:watchdog.observers.inotify_buffer:in-event <InotifyEvent: src_path=b'/home/rabbia/To-DoList/test.log', wd=1, mask=IN_MODIFY, cookie=0, name=test.log>
DEBUG:watchdog.observers.inotify_buffer:in-event <InotifyEvent: src_path=b'/home/rabbia/To-DoList/test.log', wd=1, mask=IN_MODIFY, cookie=0, name=test.log>
DEBUG:watchdog.observers.inotify_buffer:in-event <InotifyEvent: src_path=b'/home/rabbia/To-DoList/test.log', wd=1, mask=IN_MODIFY, cookie=0, name=test.log>
DEBUG:watchdog.observers.inotify_buffer:in-event <InotifyEvent: src_path=b'/home/rabbia/To-DoList/test.log', wd=1, mask=IN_MODIFY, cookie=0, name=test.log>
DEBUG:watchdog.observers.inotify_buffer:in-event <InotifyEvent: src_path=b'/home/rabbia/To-DoList/test.log', wd=1, mask=IN_MODIFY, cookie=0, name=test.log>
DEBUG:watchdog.observers.inotify_buffer:in-event <InotifyEvent: src_path=b'/home/rabbia/To-DoList/test.log', wd=1, mask=IN_MODIFY, cookie=0, name=test.log>
DEBUG:watchdog.observers.inotify_buffer:in-event <InotifyEvent: src_path=b'/home/rabbia/To-DoList/test.log', wd=1, mask=IN_MODIFY, cookie=0, name=test.log>
DEBUG:watchdog.observers.inotify_buffer:in-event <InotifyEvent: src_path=b'/home/rabbia/To-DoList/test.log', wd=1, mask=IN_MODIFY, cookie=0, name=test.log>
DEBUG:watchdog.observers.inotify_buffer:in-event <InotifyEvent: src_path=b'/home/rabbia/To-DoList/test.log', wd=1, mask=IN_MODIFY, cookie=0, name=test.log>
DEBUG:watchdog.observers.inotify_buffer:in-event <InotifyEvent: src_path=b'/home/rabbia/To-DoList/test.log', wd=1, mask=IN_MODIFY, cookie=0, name=test.log>
DEBUG:watchdog.observers.inotify_buffer:in-event <InotifyEvent: src_path=b'/home/rabbia/To-DoList/test.log', wd=1, mask=IN_MODIFY, cookie=0, name=test.log>
DEBUG:watchdog.observers.inotify_buffer:in-event <InotifyEvent: src_path=b'/home/rabbia/To-DoList/test.log', wd=1, mask=IN_MODIFY, cookie=0, name=test.log>
DEBUG:watchdog.observers.inotify_buffer:in-event <InotifyEvent: src_path=b'/home/rabbia/To-DoList/test.log', wd=1, mask=IN_MODIFY, cookie=0, name=test.log>
DEBUG:watchdog.observers.inotify_buffer:in-event <InotifyEvent: src_path=b'/home/rabbia/To-DoList/test.log', wd=1, mask=IN_MODIFY, cookie=0, name=test.log>
DEBUG:watchdog.observers.inotify_buffer:in-event <InotifyEvent: src_path=b'/home/rabbia/To-DoList/test.log', wd=1, mask=IN_MODIFY, cookie=0, name=test.log>
DEBUG:watchdog.observers.inotify_buffer:in-event <InotifyEvent: src_path=b'/home/rabbia/To-DoList/test.log', wd=1, mask=IN_MODIFY, cookie=0, name=test.log>
DEBUG:watchdog.observers.inotify_buffer:in-event <InotifyEvent: src_path=b'/home/rabbia/To-DoList/test.log', wd=1, mask=IN_MODIFY, cookie=0, name=test.log>
DEBUG:watchdog.observers.inotify_buffer:in-event <InotifyEvent: src_path=b'/home/rabbia/To-DoList/test.log', wd=1, mask=IN_MODIFY, cookie=0, name=test.log>
DEBUG:watchdog.observers.inotify_buffer:in-event <InotifyEvent: src_path=b'/home/rabbia/To-DoList/test.log', wd=1, mask=IN_MODIFY, cookie=0, name=test.log>
DEBUG:watchdog.observers.inotify_buffer:in-event <InotifyEvent: src_path=b'/home/rabbia/To-DoList/test.log', wd=1, mask=IN_MODIFY, cookie=0, name=test.log>
DEBUG:watchdog.observers.inotify_buffer:in-event <InotifyEvent: src_path=b'/home/rabbia/To-DoList/test.log', wd=1, mask=IN_MODIFY, cookie=0, name=test.log>
DEBUG:watchdog.observers.inotify_buffer:in-event <InotifyEvent: src_path=b'/home/rabbia/To-DoList/test.log', wd=1, mask=IN_MODIFY, cookie=0, name=test.log>
DEBUG:watchdog.observers.inotify_buffer:in-event <InotifyEvent: src_path=b'/home/rabbia/To-DoList/test.log', wd=1, mask=IN_MODIFY, cookie=0, name=test.log>
DEBUG:watchdog.observers.inotify_buffer:in-event <InotifyEvent: src_path=b'/home/rabbia/To-DoList/test.log', wd=1, mask=IN_MODIFY, cookie=0, name=test.log>
DEBUG:watchdog.observers.inotify_buffer:in-event <InotifyEvent: src_path=b'/home/rabbia/To-DoList/test.log', wd=1, mask=IN_MODIFY, cookie=0, name=test.log>
DEBUG:watchdog.observers.inotify_buffer:in-event <InotifyEvent: src_path=b'/home/rabbia/To-DoList/test.log', wd=1, mask=IN_MODIFY, cookie=0, name=test.log>
DEBUG:watchdog.observers.inotify_buffer:in-event <InotifyEvent: src_path=b'/home/rabbia/To-DoList/test.log', wd=1, mask=IN_MODIFY, cookie=0, name=test.log>
DEBUG:watchdog.observers.inotify_buffer:in-event <InotifyEvent: src_path=b'/home/rabbia/To-DoList/test.log', wd=1, mask=IN_MODIFY, cookie=0, name=test.log>
DEBUG:watchdog.observers.inotify_buffer:in-event <InotifyEvent: src_path=b'/home/rabbia/To-DoList/test.log', wd=1, mask=IN_MODIFY, cookie=0, name=test.log>
DEBUG:watchdog.observers.inotify_buffer:in-event <InotifyEvent: src_path=b'/home/rabbia/To-DoList/test.log', wd=1, mask=IN_MODIFY, cookie=0, name=test.log>
DEBUG:watchdog.observers.inotify_buffer:in-event <InotifyEvent: src_path=b'/home/rabbia/To-DoList/test.log', wd=1, mask=IN_MODIFY, cookie=0, name=test.log>
DEBUG:watchdog.observers.inotify_buffer:in-event <InotifyEvent: src_path=b'/home/rabbia/To-DoList/test.log', wd=1, mask=IN_MODIFY, cookie=0, name=test.log>
DEBUG:watchdog.observers.inotify_buffer:in-event <InotifyEvent: src_path=b'/home/rabbia/To-DoList/test.log', wd=1, mask=IN_MODIFY, cookie=0, name=test.log>
DEBUG:watchdog.observers.inotify_buffer:in-event <InotifyEvent: src_path=b'/home/rabbia/To-DoList/test.log', wd=1, mask=IN_MODIFY, cookie=0, name=test.log>
DEBUG:watchdog.observers.inotify_buffer:in-event <InotifyEvent: src_path=b'/home/rabbia/To-DoList/test.log', wd=1, mask=IN_MODIFY, cookie=0, name=test.log>
DEBUG:watchdog.observers.inotify_buffer:in-event <InotifyEvent: src_path=b'/home/rabbia/To-DoList/test.log', wd=1, mask=IN_MODIFY, cookie=0, name=test.log>
DEBUG:watchdog.observers.inotify_buffer:in-event <InotifyEvent: src_path=b'/home/rabbia/To-DoList/test.log', wd=1, mask=IN_MODIFY, cookie=0, name=test.log>
DEBUG:watchdog.observers.inotify_buffer:in-event <InotifyEvent: src_path=b'/home/rabbia/To-DoList/test.log', wd=1, mask=IN_MODIFY, cookie=0, name=test.log>
DEBUG:watchdog.observers.inotify_buffer:in-event <InotifyEvent: src_path=b'/home/rabbia/To-DoList/test.log', wd=1, mask=IN_MODIFY, cookie=0, name=test.log>
DEBUG:watchdog.observers.inotify_buffer:in-event <InotifyEvent: src_path=b'/home/rabbia/To-DoList/test.log', wd=1, mask=IN_MODIFY, cookie=0, name=test.log>
DEBUG:watchdog.observers.inotify_buffer:in-event <InotifyEvent: src_path=b'/home/rabbia/To-DoList/test.log', wd=1, mask=IN_MODIFY, cookie=0, name=test.log>
DEBUG:watchdog.observers.inotify_buffer:in-event <InotifyEvent: src_path=b'/home/rabbia/To-DoList/test.log', wd=1, mask=IN_MODIFY, cookie=0, name=test.log>
DEBUG:watchdog.observers.inotify_buffer:in-event <InotifyEvent: src_path=b'/home/rabbia/To-DoList/test.log', wd=1, mask=IN_MODIFY, cookie=0, name=test.log>
DEBUG:watchdog.observers.inotify_buffer:in-event <InotifyEvent: src_path=b'/home/rabbia/To-DoList/test.log', wd=1, mask=IN_MODIFY, cookie=0, name=test.log>
DEBUG:watchdog.observers.inotify_buffer:in-event <InotifyEvent: src_path=b'/home/rabbia/To-DoList/test.log', wd=1, mask=IN_MODIFY, cookie=0, name=test.log>
DEBUG:watchdog.observers.inotify_buffer:in-event <InotifyEvent: src_path=b'/home/rabbia/To-DoList/test.log', wd=1, mask=IN_MODIFY, cookie=0, name=test.log>
DEBUG:watchdog.observers.inotify_buffer:in-event <InotifyEvent: src_path=b'/home/rabbia/To-DoList/test.log', wd=1, mask=IN_MODIFY, cookie=0, name=test.log>
DEBUG:watchdog.observers.inotify_buffer:in-event <InotifyEvent: src_path=b'/home/rabbia/To-DoList/test.log', wd=1, mask=IN_MODIFY, cookie=0, name=test.log>
DEBUG:watchdog.observers.inotify_buffer:in-event <InotifyEvent: src_path=b'/home/rabbia/To-DoList/test.log', wd=1, mask=IN_MODIFY, cookie=0, name=test.log>
DEBUG:watchdog.observers.inotify_buffer:in-event <InotifyEvent: src_path=b'/home/rabbia/To-DoList/test.log', wd=1, mask=IN_MODIFY, cookie=0, name=test.log>
DEBUG:watchdog.observers.inotify_buffer:in-event <InotifyEvent: src_path=b'/home/rabbia/To-DoList/test.log', wd=1, mask=IN_MODIFY, cookie=0, name=test.log>
DEBUG:watchdog.observers.inotify_buffer:in-event <InotifyEvent: src_path=b'/home/rabbia/To-DoList/test.log', wd=1, mask=IN_MODIFY, cookie=0, name=test.log>
DEBUG:watchdog.observers.inotify_buffer:in-event <InotifyEvent: src_path=b'/home/rabbia/To-DoList/test.log', wd=1, mask=IN_MODIFY, cookie=0, name=test.log>
DEBUG:watchdog.observers.inotify_buffer:in-event <InotifyEvent: src_path=b'/home/rabbia/To-DoList/test.log', wd=1, mask=IN_MODIFY, cookie=0, name=test.log>
DEBUG:watchdog.observers.inotify_buffer:in-event <InotifyEvent: src_path=b'/home/rabbia/To-DoList/test.log', wd=1, mask=IN_MODIFY, cookie=0, name=test.log>
DEBUG:watchdog.observers.inotify_buffer:in-event <InotifyEvent: src_path=b'/home/rabbia/To-DoList/test.log', wd=1, mask=IN_MODIFY, cookie=0, name=test.log>
DEBUG:watchdog.observers.inotify_buffer:in-event <InotifyEvent: src_path=b'/home/rabbia/To-DoList/test.log', wd=1, mask=IN_MODIFY, cookie=0, name=test.log>
DEBUG:watchdog.observers.inotify_buffer:in-event <InotifyEvent: src_path=b'/home/rabbia/To-DoList/test.log', wd=1, mask=IN_MODIFY, cookie=0, name=test.log>
DEBUG:watchdog.observers.inotify_buffer:in-event <InotifyEvent: src_path=b'/home/rabbia/To-DoList/test.log', wd=1, mask=IN_MODIFY, cookie=0, name=test.log>
DEBUG:watchdog.observers.inotify_buffer:in-event <InotifyEvent: src_path=b'/home/rabbia/To-DoList/test.log', wd=1, mask=IN_MODIFY, cookie=0, name=test.log>
DEBUG:watchdog.observers.inotify_buffer:in-event <InotifyEvent: src_path=b'/home/rabbia/To-DoList/test.log', wd=1, mask=IN_MODIFY, cookie=0, name=test.log>
DEBUG:watchdog.observers.inotify_buffer:in-event <InotifyEvent: src_path=b'/home/rabbia/To-DoList/test.log', wd=1, mask=IN_MODIFY, cookie=0, name=test.log>
DEBUG:watchdog.observers.inotify_buffer:in-event <InotifyEvent: src_path=b'/home/rabbia/To-DoList/test.log', wd=1, mask=IN_MODIFY, cookie=0, name=test.log>
DEBUG:watchdog.observers.inotify_buffer:in-event <InotifyEvent: src_path=b'/home/rabbia/To-DoList/test.log', wd=1, mask=IN_MODIFY, cookie=0, name=test.log>
DEBUG:watchdog.observers.inotify_buffer:in-event <InotifyEvent: src_path=b'/home/rabbia/To-DoList/test.log', wd=1, mask=IN_MODIFY, cookie=0, name=test.log>
DEBUG:watchdog.observers.inotify_buffer:in-event <InotifyEvent: src_path=b'/home/rabbia/To-DoList/test.log', wd=1, mask=IN_MODIFY, cookie=0, name=test.log>
DEBUG:watchdog.observers.inotify_buffer:in-event <InotifyEvent: src_path=b'/home/rabbia/To-DoList/test.log', wd=1, mask=IN_MODIFY, cookie=0, name=test.log>
DEBUG:watchdog.observers.inotify_buffer:in-event <InotifyEvent: src_path=b'/home/rabbia/To-DoList/test.log', wd=1, mask=IN_MODIFY, cookie=0, name=test.log>
DEBUG:watchdog.observers.inotify_buffer:in-event <InotifyEvent: src_path=b'/home/rabbia/To-DoList/test.log', wd=1, mask=IN_MODIFY, cookie=0, name=test.log>
DEBUG:watchdog.observers.inotify_buffer:in-event <InotifyEvent: src_path=b'/home/rabbia/To-DoList/test.log', wd=1, mask=IN_MODIFY, cookie=0, name=test.log>
DEBUG:watchdog.observers.inotify_buffer:in-event <InotifyEvent: src_path=b'/home/rabbia/To-DoList/test.log', wd=1, mask=IN_MODIFY, cookie=0, name=test.log>
DEBUG:watchdog.observers.inotify_buffer:in-event <InotifyEvent: src_path=b'/home/rabbia/To-DoList/test.log', wd=1, mask=IN_MODIFY, cookie=0, name=test.log>
DEBUG:watchdog.observers.inotify_buffer:in-event <InotifyEvent: src_path=b'/home/rabbia/To-DoList/test.log', wd=1, mask=IN_MODIFY, cookie=0, name=test.log>
DEBUG:watchdog.observers.inotify_buffer:in-event <InotifyEvent: src_path=b'/home/rabbia/To-DoList/test.log', wd=1, mask=IN_MODIFY, cookie=0, name=test.log>
DEBUG:watchdog.observers.inotify_buffer:in-event <InotifyEvent: src_path=b'/home/rabbia/To-DoList/test.log', wd=1, mask=IN_MODIFY, cookie=0, name=test.log>
DEBUG:watchdog.observers.inotify_buffer:in-event <InotifyEvent: src_path=b'/home/rabbia/To-DoList/test.log', wd=1, mask=IN_MODIFY, cookie=0, name=test.log>
DEBUG:watchdog.observers.inotify_buffer:in-event <InotifyEvent: src_path=b'/home/rabbia/To-DoList/test.log', wd=1, mask=IN_MODIFY, cookie=0, name=test.log>
DEBUG:watchdog.observers.inotify_buffer:in-event <InotifyEvent: src_path=b'/home/rabbia/To-DoList/test.log', wd=1, mask=IN_MODIFY, cookie=0, name=test.log>
DEBUG:watchdog.observers.inotify_buffer:in-event <InotifyEvent: src_path=b'/home/rabbia/To-DoList/test.log', wd=1, mask=IN_MODIFY, cookie=0, name=test.log>
DEBUG:watchdog.observers.inotify_buffer:in-event <InotifyEvent: src_path=b'/home/rabbia/To-DoList/test.log', wd=1, mask=IN_MODIFY, cookie=0, name=test.log>
DEBUG:watchdog.observers.inotify_buffer:in-event <InotifyEvent: src_path=b'/home/rabbia/To-DoList/test.log', wd=1, mask=IN_MODIFY, cookie=0, name=test.log>
DEBUG:watchdog.observers.inotify_buffer:in-event <InotifyEvent: src_path=b'/home/rabbia/To-DoList/test.log', wd=1, mask=IN_MODIFY, cookie=0, name=test.log>
DEBUG:watchdog.observers.inotify_buffer:in-event <InotifyEvent: src_path=b'/home/rabbia/To-DoList/test.log', wd=1, mask=IN_MODIFY, cookie=0, name=test.log>
DEBUG:watchdog.observers.inotify_buffer:in-event <InotifyEvent: src_path=b'/home/rabbia/To-DoList/test.log', wd=1, mask=IN_MODIFY, cookie=0, name=test.log>
DEBUG:watchdog.observers.inotify_buffer:in-event <InotifyEvent: src_path=b'/home/rabbia/To-DoList/test.log', wd=1, mask=IN_MODIFY, cookie=0, name=test.log>
DEBUG:watchdog.observers.inotify_buffer:in-event <InotifyEvent: src_path=b'/home/rabbia/To-DoList/test.log', wd=1, mask=IN_MODIFY, cookie=0, name=test.log>
DEBUG:watchdog.observers.inotify_buffer:in-event <InotifyEvent: src_path=b'/home/rabbia/To-DoList/test.log', wd=1, mask=IN_MODIFY, cookie=0, name=test.log>
DEBUG:watchdog.observers.inotify_buffer:in-event <InotifyEvent: src_path=b'/home/rabbia/To-DoList/test.log', wd=1, mask=IN_MODIFY, cookie=0, name=test.log>
DEBUG:watchdog.observers.inotify_buffer:in-event <InotifyEvent: src_path=b'/home/rabbia/To-DoList/test.log', wd=1, mask=IN_MODIFY, cookie=0, name=test.log>
DEBUG:watchdog.observers.inotify_buffer:in-event <InotifyEvent: src_path=b'/home/rabbia/To-DoList/test.log', wd=1, mask=IN_MODIFY, cookie=0, name=test.log>
DEBUG:watchdog.observers.inotify_buffer:in-event <InotifyEvent: src_path=b'/home/rabbia/To-DoList/test.log', wd=1, mask=IN_MODIFY, cookie=0, name=test.log>
DEBUG:watchdog.observers.inotify_buffer:in-event <InotifyEvent: src_path=b'/home/rabbia/To-DoList/test.log', wd=1, mask=IN_MODIFY, cookie=0, name=test.log>
DEBUG:watchdog.observers.inotify_buffer:in-event <InotifyEvent: src_path=b'/home/rabbia/To-DoList/test.log', wd=1, mask=IN_MODIFY, cookie=0, name=test.log>
DEBUG:watchdog.observers.inotify_buffer:in-event <InotifyEvent: src_path=b'/home/rabbia/To-DoList/test.log', wd=1, mask=IN_MODIFY, cookie=0, name=test.log>
DEBUG:watchdog.observers.inotify_buffer:in-event <InotifyEvent: src_path=b'/home/rabbia/To-DoList/test.log', wd=1, mask=IN_MODIFY, cookie=0, name=test.log>
DEBUG:watchdog.observers.inotify_buffer:in-event <InotifyEvent: src_path=b'/home/rabbia/To-DoList/test.log', wd=1, mask=IN_MODIFY, cookie=0, name=test.log>
DEBUG:watchdog.observers.inotify_buffer:in-event <InotifyEvent: src_path=b'/home/rabbia/To-DoList/test.log', wd=1, mask=IN_MODIFY, cookie=0, name=test.log>
DEBUG:watchdog.observers.inotify_buffer:in-event <InotifyEvent: src_path=b'/home/rabbia/To-DoList/test.log', wd=1, mask=IN_MODIFY, cookie=0, name=test.log>
DEBUG:watchdog.observers.inotify_buffer:in-event <InotifyEvent: src_path=b'/home/rabbia/To-DoList/test.log', wd=1, mask=IN_MODIFY, cookie=0, name=test.log>
DEBUG:watchdog.observers.inotify_buffer:in-event <InotifyEvent: src_path=b'/home/rabbia/To-DoList/test.log', wd=1, mask=IN_MODIFY, cookie=0, name=test.log>
DEBUG:watchdog.observers.inotify_buffer:in-event <InotifyEvent: src_path=b'/home/rabbia/To-DoList/test.log', wd=1, mask=IN_MODIFY, cookie=0, name=test.log>
DEBUG:watchdog.observers.inotify_buffer:in-event <InotifyEvent: src_path=b'/home/rabbia/To-DoList/test.log', wd=1, mask=IN_MODIFY, cookie=0, name=test.log>
DEBUG:watchdog.observers.inotify_buffer:in-event <InotifyEvent: src_path=b'/home/rabbia/To-DoList/test.log', wd=1, mask=IN_MODIFY, cookie=0, name=test.log>
DEBUG:watchdog.observers.inotify_buffer:in-event <InotifyEvent: src_path=b'/home/rabbia/To-DoList/test.log', wd=1, mask=IN_MODIFY, cookie=0, name=test.log>
DEBUG:watchdog.observers.inotify_buffer:in-event <InotifyEvent: src_path=b'/home/rabbia/To-DoList/test.log', wd=1, mask=IN_MODIFY, cookie=0, name=test.log>
DEBUG:watchdog.observers.inotify_buffer:in-event <InotifyEvent: src_path=b'/home/rabbia/To-DoList/test.log', wd=1, mask=IN_MODIFY, cookie=0, name=test.log>
DEBUG:watchdog.observers.inotify_buffer:in-event <InotifyEvent: src_path=b'/home/rabbia/To-DoList/test.log', wd=1, mask=IN_MODIFY, cookie=0, name=test.log>
DEBUG:watchdog.observers.inotify_buffer:in-event <InotifyEvent: src_path=b'/home/rabbia/To-DoList/test.log', wd=1, mask=IN_MODIFY, cookie=0, name=test.log>
DEBUG:watchdog.observers.inotify_buffer:in-event <InotifyEvent: src_path=b'/home/rabbia/To-DoList/test.log', wd=1, mask=IN_MODIFY, cookie=0, name=test.log>
DEBUG:watchdog.observers.inotify_buffer:in-event <InotifyEvent: src_path=b'/home/rabbia/To-DoList/test.log', wd=1, mask=IN_MODIFY, cookie=0, name=test.log>
DEBUG:watchdog.observers.inotify_buffer:in-event <InotifyEvent: src_path=b'/home/rabbia/To-DoList/test.log', wd=1, mask=IN_MODIFY, cookie=0, name=test.log>
DEBUG:watchdog.observers.inotify_buffer:in-event <InotifyEvent: src_path=b'/home/rabbia/To-DoList/test.log', wd=1, mask=IN_MODIFY, cookie=0, name=test.log>
DEBUG:watchdog.observers.inotify_buffer:in-event <InotifyEvent: src_path=b'/home/rabbia/To-DoList/test.log', wd=1, mask=IN_MODIFY, cookie=0, name=test.log>
DEBUG:watchdog.observers.inotify_buffer:in-event <InotifyEvent: src_path=b'/home/rabbia/To-DoList/test.log', wd=1, mask=IN_MODIFY, cookie=0, name=test.log>
DEBUG:watchdog.observers.inotify_buffer:in-event <InotifyEvent: src_path=b'/home/rabbia/To-DoList/test.log', wd=1, mask=IN_MODIFY, cookie=0, name=test.log>
DEBUG:watchdog.observers.inotify_buffer:in-event <InotifyEvent: src_path=b'/home/rabbia/To-DoList/test.log', wd=1, mask=IN_MODIFY, cookie=0, name=test.log>
DEBUG:watchdog.observers.inotify_buffer:in-event <InotifyEvent: src_path=b'/home/rabbia/To-DoList/test.log', wd=1, mask=IN_MODIFY, cookie=0, name=test.log>
DEBUG:watchdog.observers.inotify_buffer:in-event <InotifyEvent: src_path=b'/home/rabbia/To-DoList/test.log', wd=1, mask=IN_MODIFY, cookie=0, name=test.log>
DEBUG:watchdog.observers.inotify_buffer:in-event <InotifyEvent: src_path=b'/home/rabbia/To-DoList/test.log', wd=1, mask=IN_MODIFY, cookie=0, name=test.log>
DEBUG:watchdog.observers.inotify_buffer:in-event <InotifyEvent: src_path=b'/home/rabbia/To-DoList/test.log', wd=1, mask=IN_MODIFY, cookie=0, name=test.log>
DEBUG:watchdog.observers.inotify_buffer:in-event <InotifyEvent: src_path=b'/home/rabbia/To-DoList/test.log', wd=1, mask=IN_MODIFY, cookie=0, name=test.log>
DEBUG:watchdog.observers.inotify_buffer:in-event <InotifyEvent: src_path=b'/home/rabbia/To-DoList/test.log', wd=1, mask=IN_MODIFY, cookie=0, name=test.log>
DEBUG:watchdog.observers.inotify_buffer:in-event <InotifyEvent: src_path=b'/home/rabbia/To-DoList/test.log', wd=1, mask=IN_MODIFY, cookie=0, name=test.log>
DEBUG:watchdog.observers.inotify_buffer:in-event <InotifyEvent: src_path=b'/home/rabbia/To-DoList/test.log', wd=1, mask=IN_MODIFY, cookie=0, name=test.log>
DEBUG:watchdog.observers.inotify_buffer:in-event <InotifyEvent: src_path=b'/home/rabbia/To-DoList/test.log', wd=1, mask=IN_MODIFY, cookie=0, name=test.log>
DEBUG:watchdog.observers.inotify_buffer:in-event <InotifyEvent: src_path=b'/home/rabbia/To-DoList/test.log', wd=1, mask=IN_MODIFY, cookie=0, name=test.log>
DEBUG:watchdog.observers.inotify_buffer:in-event <InotifyEvent: src_path=b'/home/rabbia/To-DoList/test.log', wd=1, mask=IN_MODIFY, cookie=0, name=test.log>
DEBUG:watchdog.observers.inotify_buffer:in-event <InotifyEvent: src_path=b'/home/rabbia/To-DoList/test.log', wd=1, mask=IN_MODIFY, cookie=0, name=test.log>
DEBUG:watchdog.observers.inotify_buffer:in-event <InotifyEvent: src_path=b'/home/rabbia/To-DoList/test.log', wd=1, mask=IN_MODIFY, cookie=0, name=test.log>
DEBUG:watchdog.observers.inotify_buffer:in-event <InotifyEvent: src_path=b'/home/rabbia/To-DoList/test.log', wd=1, mask=IN_MODIFY, cookie=0, name=test.log>
DEBUG:watchdog.observers.inotify_buffer:in-event <InotifyEvent: src_path=b'/home/rabbia/To-DoList/test.log', wd=1, mask=IN_MODIFY, cookie=0, name=test.log>
DEBUG:watchdog.observers.inotify_buffer:in-event <InotifyEvent: src_path=b'/home/rabbia/To-DoList/test.log', wd=1, mask=IN_MODIFY, cookie=0, name=test.log>
DEBUG:watchdog.observers.inotify_buffer:in-event <InotifyEvent: src_path=b'/home/rabbia/To-DoList/test.log', wd=1, mask=IN_MODIFY, cookie=0, name=test.log>
DEBUG:watchdog.observers.inotify_buffer:in-event <InotifyEvent: src_path=b'/home/rabbia/To-DoList/test.log', wd=1, mask=IN_MODIFY, cookie=0, name=test.log>
DEBUG:watchdog.observers.inotify_buffer:in-event <InotifyEvent: src_path=b'/home/rabbia/To-DoList/test.log', wd=1, mask=IN_MODIFY, cookie=0, name=test.log>
DEBUG:watchdog.observers.inotify_buffer:in-event <InotifyEvent: src_path=b'/home/rabbia/To-DoList/test.log', wd=1, mask=IN_MODIFY, cookie=0, name=test.log>
DEBUG:watchdog.observers.inotify_buffer:in-event <InotifyEvent: src_path=b'/home/rabbia/To-DoList/test.log', wd=1, mask=IN_MODIFY, cookie=0, name=test.log>
DEBUG:watchdog.observers.inotify_buffer:in-event <InotifyEvent: src_path=b'/home/rabbia/To-DoList/test.log', wd=1, mask=IN_MODIFY, cookie=0, name=test.log>
DEBUG:watchdog.observers.inotify_buffer:in-event <InotifyEvent: src_path=b'/home/rabbia/To-DoList/test.log', wd=1, mask=IN_MODIFY, cookie=0, name=test.log>
DEBUG:watchdog.observers.inotify_buffer:in-event <InotifyEvent: src_path=b'/home/rabbia/To-DoList/test.log', wd=1, mask=IN_MODIFY, cookie=0, name=test.log>
DEBUG:watchdog.observers.inotify_buffer:in-event <InotifyEvent: src_path=b'/home/rabbia/To-DoList/test.log', wd=1, mask=IN_MODIFY, cookie=0, name=test.log>
DEBUG:watchdog.observers.inotify_buffer:in-event <InotifyEvent: src_path=b'/home/rabbia/To-DoList/test.log', wd=1, mask=IN_MODIFY, cookie=0, name=test.log>
DEBUG:watchdog.observers.inotify_buffer:in-event <InotifyEvent: src_path=b'/home/rabbia/To-DoList/test.log', wd=1, mask=IN_MODIFY, cookie=0, name=test.log>
DEBUG:watchdog.observers.inotify_buffer:in-event <InotifyEvent: src_path=b'/home/rabbia/To-DoList/test.log', wd=1, mask=IN_MODIFY, cookie=0, name=test.log>
DEBUG:watchdog.observers.inotify_buffer:in-event <InotifyEvent: src_path=b'/home/rabbia/To-DoList/test.log', wd=1, mask=IN_MODIFY, cookie=0, name=test.log>
DEBUG:watchdog.observers.inotify_buffer:in-event <InotifyEvent: src_path=b'/home/rabbia/To-DoList/test.log', wd=1, mask=IN_MODIFY, cookie=0, name=test.log>
DEBUG:watchdog.observers.inotify_buffer:in-event <InotifyEvent: src_path=b'/home/rabbia/To-DoList/test.log', wd=1, mask=IN_MODIFY, cookie=0, name=test.log>
DEBUG:watchdog.observers.inotify_buffer:in-event <InotifyEvent: src_path=b'/home/rabbia/To-DoList/test.log', wd=1, mask=IN_MODIFY, cookie=0, name=test.log>
DEBUG:watchdog.observers.inotify_buffer:in-event <InotifyEvent: src_path=b'/home/rabbia/To-DoList/test.log', wd=1, mask=IN_MODIFY, cookie=0, name=test.log>
DEBUG:watchdog.observers.inotify_buffer:in-event <InotifyEvent: src_path=b'/home/rabbia/To-DoList/test.log', wd=1, mask=IN_MODIFY, cookie=0, name=test.log>
DEBUG:watchdog.observers.inotify_buffer:in-event <InotifyEvent: src_path=b'/home/rabbia/To-DoList/test.log', wd=1, mask=IN_MODIFY, cookie=0, name=test.log>
DEBUG:watchdog.observers.inotify_buffer:in-event <InotifyEvent: src_path=b'/home/rabbia/To-DoList/test.log', wd=1, mask=IN_MODIFY, cookie=0, name=test.log>
DEBUG:watchdog.observers.inotify_buffer:in-event <InotifyEvent: src_path=b'/home/rabbia/To-DoList/test.log', wd=1, mask=IN_MODIFY, cookie=0, name=test.log>
DEBUG:watchdog.observers.inotify_buffer:in-event <InotifyEvent: src_path=b'/home/rabbia/To-DoList/test.log', wd=1, mask=IN_MODIFY, cookie=0, name=test.log>
DEBUG:watchdog.observers.inotify_buffer:in-event <InotifyEvent: src_path=b'/home/rabbia/To-DoList/test.log', wd=1, mask=IN_MODIFY, cookie=0, name=test.log>
DEBUG:watchdog.observers.inotify_buffer:in-event <InotifyEvent: src_path=b'/home/rabbia/To-DoList/test.log', wd=1, mask=IN_MODIFY, cookie=0, name=test.log>
DEBUG:watchdog.observers.inotify_buffer:in-event <InotifyEvent: src_path=b'/home/rabbia/To-DoList/test.log', wd=1, mask=IN_MODIFY, cookie=0, name=test.log>
DEBUG:watchdog.observers.inotify_buffer:in-event <InotifyEvent: src_path=b'/home/rabbia/To-DoList/test.log', wd=1, mask=IN_MODIFY, cookie=0, name=test.log>
DEBUG:watchdog.observers.inotify_buffer:in-event <InotifyEvent: src_path=b'/home/rabbia/To-DoList/test.log', wd=1, mask=IN_MODIFY, cookie=0, name=test.log>
DEBUG:watchdog.observers.inotify_buffer:in-event <InotifyEvent: src_path=b'/home/rabbia/To-DoList/test.log', wd=1, mask=IN_MODIFY, cookie=0, name=test.log>
DEBUG:watchdog.observers.inotify_buffer:in-event <InotifyEvent: src_path=b'/home/rabbia/To-DoList/test.log', wd=1, mask=IN_MODIFY, cookie=0, name=test.log>
DEBUG:watchdog.observers.inotify_buffer:in-event <InotifyEvent: src_path=b'/home/rabbia/To-DoList/test.log', wd=1, mask=IN_MODIFY, cookie=0, name=test.log>
DEBUG:watchdog.observers.inotify_buffer:in-event <InotifyEvent: src_path=b'/home/rabbia/To-DoList/test.log', wd=1, mask=IN_MODIFY, cookie=0, name=test.log>
DEBUG:watchdog.observers.inotify_buffer:in-event <InotifyEvent: src_path=b'/home/rabbia/To-DoList/test.log', wd=1, mask=IN_MODIFY, cookie=0, name=test.log>
DEBUG:watchdog.observers.inotify_buffer:in-event <InotifyEvent: src_path=b'/home/rabbia/To-DoList/test.log', wd=1, mask=IN_MODIFY, cookie=0, name=test.log>
DEBUG:watchdog.observers.inotify_buffer:in-event <InotifyEvent: src_path=b'/home/rabbia/To-DoList/test.log', wd=1, mask=IN_MODIFY, cookie=0, name=test.log>
DEBUG:watchdog.observers.inotify_buffer:in-event <InotifyEvent: src_path=b'/home/rabbia/To-DoList/test.log', wd=1, mask=IN_MODIFY, cookie=0, name=test.log>
DEBUG:watchdog.observers.inotify_buffer:in-event <InotifyEvent: src_path=b'/home/rabbia/To-DoList/test.log', wd=1, mask=IN_MODIFY, cookie=0, name=test.log>
DEBUG:watchdog.observers.inotify_buffer:in-event <InotifyEvent: src_path=b'/home/rabbia/To-DoList/test.log', wd=1, mask=IN_MODIFY, cookie=0, name=test.log>
DEBUG:watchdog.observers.inotify_buffer:in-event <InotifyEvent: src_path=b'/home/rabbia/To-DoList/test.log', wd=1, mask=IN_MODIFY, cookie=0, name=test.log>
DEBUG:watchdog.observers.inotify_buffer:in-event <InotifyEvent: src_path=b'/home/rabbia/To-DoList/test.log', wd=1, mask=IN_MODIFY, cookie=0, name=test.log>
DEBUG:watchdog.observers.inotify_buffer:in-event <InotifyEvent: src_path=b'/home/rabbia/To-DoList/test.log', wd=1, mask=IN_MODIFY, cookie=0, name=test.log>
DEBUG:watchdog.observers.inotify_buffer:in-event <InotifyEvent: src_path=b'/home/rabbia/To-DoList/test.log', wd=1, mask=IN_MODIFY, cookie=0, name=test.log>
DEBUG:watchdog.observers.inotify_buffer:in-event <InotifyEvent: src_path=b'/home/rabbia/To-DoList/test.log', wd=1, mask=IN_MODIFY, cookie=0, name=test.log>
DEBUG:watchdog.observers.inotify_buffer:in-event <InotifyEvent: src_path=b'/home/rabbia/To-DoList/test.log', wd=1, mask=IN_MODIFY, cookie=0, name=test.log>
DEBUG:watchdog.observers.inotify_buffer:in-event <InotifyEvent: src_path=b'/home/rabbia/To-DoList/test.log', wd=1, mask=IN_MODIFY, cookie=0, name=test.log>
DEBUG:watchdog.observers.inotify_buffer:in-event <InotifyEvent: src_path=b'/home/rabbia/To-DoList/test.log', wd=1, mask=IN_MODIFY, cookie=0, name=test.log>
DEBUG:watchdog.observers.inotify_buffer:in-event <InotifyEvent: src_path=b'/home/rabbia/To-DoList/test.log', wd=1, mask=IN_MODIFY, cookie=0, name=test.log>
DEBUG:watchdog.observers.inotify_buffer:in-event <InotifyEvent: src_path=b'/home/rabbia/To-DoList/test.log', wd=1, mask=IN_MODIFY, cookie=0, name=test.log>
DEBUG:watchdog.observers.inotify_buffer:in-event <InotifyEvent: src_path=b'/home/rabbia/To-DoList/test.log', wd=1, mask=IN_MODIFY, cookie=0, name=test.log>
DEBUG:watchdog.observers.inotify_buffer:in-event <InotifyEvent: src_path=b'/home/rabbia/To-DoList/test.log', wd=1, mask=IN_MODIFY, cookie=0, name=test.log>
DEBUG:watchdog.observers.inotify_buffer:in-event <InotifyEvent: src_path=b'/home/rabbia/To-DoList/test.log', wd=1, mask=IN_MODIFY, cookie=0, name=test.log>
DEBUG:watchdog.observers.inotify_buffer:in-event <InotifyEvent: src_path=b'/home/rabbia/To-DoList/test.log', wd=1, mask=IN_MODIFY, cookie=0, name=test.log>
DEBUG:watchdog.observers.inotify_buffer:in-event <InotifyEvent: src_path=b'/home/rabbia/To-DoList/test.log', wd=1, mask=IN_MODIFY, cookie=0, name=test.log>
DEBUG:watchdog.observers.inotify_buffer:in-event <InotifyEvent: src_path=b'/home/rabbia/To-DoList/test.log', wd=1, mask=IN_MODIFY, cookie=0, name=test.log>
DEBUG:watchdog.observers.inotify_buffer:in-event <InotifyEvent: src_path=b'/home/rabbia/To-DoList/test.log', wd=1, mask=IN_MODIFY, cookie=0, name=test.log>
DEBUG:watchdog.observers.inotify_buffer:in-event <InotifyEvent: src_path=b'/home/rabbia/To-DoList/test.log', wd=1, mask=IN_MODIFY, cookie=0, name=test.log>
DEBUG:watchdog.observers.inotify_buffer:in-event <InotifyEvent: src_path=b'/home/rabbia/To-DoList/test.log', wd=1, mask=IN_MODIFY, cookie=0, name=test.log>
DEBUG:watchdog.observers.inotify_buffer:in-event <InotifyEvent: src_path=b'/home/rabbia/To-DoList/test.log', wd=1, mask=IN_MODIFY, cookie=0, name=test.log>
DEBUG:watchdog.observers.inotify_buffer:in-event <InotifyEvent: src_path=b'/home/rabbia/To-DoList/test.log', wd=1, mask=IN_MODIFY, cookie=0, name=test.log>
DEBUG:watchdog.observers.inotify_buffer:in-event <InotifyEvent: src_path=b'/home/rabbia/To-DoList/test.log', wd=1, mask=IN_MODIFY, cookie=0, name=test.log>
DEBUG:watchdog.observers.inotify_buffer:in-event <InotifyEvent: src_path=b'/home/rabbia/To-DoList/test.log', wd=1, mask=IN_MODIFY, cookie=0, name=test.log>
DEBUG:watchdog.observers.inotify_buffer:in-event <InotifyEvent: src_path=b'/home/rabbia/To-DoList/test.log', wd=1, mask=IN_MODIFY, cookie=0, name=test.log>
DEBUG:watchdog.observers.inotify_buffer:in-event <InotifyEvent: src_path=b'/home/rabbia/To-DoList/test.log', wd=1, mask=IN_MODIFY, cookie=0, name=test.log>
DEBUG:watchdog.observers.inotify_buffer:in-event <InotifyEvent: src_path=b'/home/rabbia/To-DoList/test.log', wd=1, mask=IN_MODIFY, cookie=0, name=test.log>
DEBUG:watchdog.observers.inotify_buffer:in-event <InotifyEvent: src_path=b'/home/rabbia/To-DoList/test.log', wd=1, mask=IN_MODIFY, cookie=0, name=test.log>
DEBUG:watchdog.observers.inotify_buffer:in-event <InotifyEvent: src_path=b'/home/rabbia/To-DoList/test.log', wd=1, mask=IN_MODIFY, cookie=0, name=test.log>
DEBUG:watchdog.observers.inotify_buffer:in-event <InotifyEvent: src_path=b'/home/rabbia/To-DoList/test.log', wd=1, mask=IN_MODIFY, cookie=0, name=test.log>
DEBUG:watchdog.observers.inotify_buffer:in-event <InotifyEvent: src_path=b'/home/rabbia/To-DoList/test.log', wd=1, mask=IN_MODIFY, cookie=0, name=test.log>
DEBUG:watchdog.observers.inotify_buffer:in-event <InotifyEvent: src_path=b'/home/rabbia/To-DoList/test.log', wd=1, mask=IN_MODIFY, cookie=0, name=test.log>
DEBUG:watchdog.observers.inotify_buffer:in-event <InotifyEvent: src_path=b'/home/rabbia/To-DoList/test.log', wd=1, mask=IN_MODIFY, cookie=0, name=test.log>
DEBUG:watchdog.observers.inotify_buffer:in-event <InotifyEvent: src_path=b'/home/rabbia/To-DoList/test.log', wd=1, mask=IN_MODIFY, cookie=0, name=test.log>
DEBUG:watchdog.observers.inotify_buffer:in-event <InotifyEvent: src_path=b'/home/rabbia/To-DoList/test.log', wd=1, mask=IN_MODIFY, cookie=0, name=test.log>
DEBUG:watchdog.observers.inotify_buffer:in-event <InotifyEvent: src_path=b'/home/rabbia/To-DoList/test.log', wd=1, mask=IN_MODIFY, cookie=0, name=test.log>
DEBUG:watchdog.observers.inotify_buffer:in-event <InotifyEvent: src_path=b'/home/rabbia/To-DoList/test.log', wd=1, mask=IN_MODIFY, cookie=0, name=test.log>
DEBUG:watchdog.observers.inotify_buffer:in-event <InotifyEvent: src_path=b'/home/rabbia/To-DoList/test.log', wd=1, mask=IN_MODIFY, cookie=0, name=test.log>
DEBUG:watchdog.observers.inotify_buffer:in-event <InotifyEvent: src_path=b'/home/rabbia/To-DoList/test.log', wd=1, mask=IN_MODIFY, cookie=0, name=test.log>
DEBUG:watchdog.observers.inotify_buffer:in-event <InotifyEvent: src_path=b'/home/rabbia/To-DoList/test.log', wd=1, mask=IN_MODIFY, cookie=0, name=test.log>
DEBUG:watchdog.observers.inotify_buffer:in-event <InotifyEvent: src_path=b'/home/rabbia/To-DoList/test.log', wd=1, mask=IN_MODIFY, cookie=0, name=test.log>
DEBUG:watchdog.observers.inotify_buffer:in-event <InotifyEvent: src_path=b'/home/rabbia/To-DoList/test.log', wd=1, mask=IN_MODIFY, cookie=0, name=test.log>
DEBUG:watchdog.observers.inotify_buffer:in-event <InotifyEvent: src_path=b'/home/rabbia/To-DoList/test.log', wd=1, mask=IN_MODIFY, cookie=0, name=test.log>
DEBUG:watchdog.observers.inotify_buffer:in-event <InotifyEvent: src_path=b'/home/rabbia/To-DoList/test.log', wd=1, mask=IN_MODIFY, cookie=0, name=test.log>
DEBUG:watchdog.observers.inotify_buffer:in-event <InotifyEvent: src_path=b'/home/rabbia/To-DoList/test.log', wd=1, mask=IN_MODIFY, cookie=0, name=test.log>
DEBUG:watchdog.observers.inotify_buffer:in-event <InotifyEvent: src_path=b'/home/rabbia/To-DoList/test.log', wd=1, mask=IN_MODIFY, cookie=0, name=test.log>
DEBUG:watchdog.observers.inotify_buffer:in-event <InotifyEvent: src_path=b'/home/rabbia/To-DoList/test.log', wd=1, mask=IN_MODIFY, cookie=0, name=test.log>
DEBUG:watchdog.observers.inotify_buffer:in-event <InotifyEvent: src_path=b'/home/rabbia/To-DoList/test.log', wd=1, mask=IN_MODIFY, cookie=0, name=test.log>
DEBUG:watchdog.observers.inotify_buffer:in-event <InotifyEvent: src_path=b'/home/rabbia/To-DoList/test.log', wd=1, mask=IN_MODIFY, cookie=0, name=test.log>
DEBUG:watchdog.observers.inotify_buffer:in-event <InotifyEvent: src_path=b'/home/rabbia/To-DoList/test.log', wd=1, mask=IN_MODIFY, cookie=0, name=test.log>
DEBUG:watchdog.observers.inotify_buffer:in-event <InotifyEvent: src_path=b'/home/rabbia/To-DoList/test.log', wd=1, mask=IN_MODIFY, cookie=0, name=test.log>
DEBUG:watchdog.observers.inotify_buffer:in-event <InotifyEvent: src_path=b'/home/rabbia/To-DoList/test.log', wd=1, mask=IN_MODIFY, cookie=0, name=test.log>
DEBUG:watchdog.observers.inotify_buffer:in-event <InotifyEvent: src_path=b'/home/rabbia/To-DoList/test.log', wd=1, mask=IN_MODIFY, cookie=0, name=test.log>
DEBUG:watchdog.observers.inotify_buffer:in-event <InotifyEvent: src_path=b'/home/rabbia/To-DoList/test.log', wd=1, mask=IN_MODIFY, cookie=0, name=test.log>
DEBUG:watchdog.observers.inotify_buffer:in-event <InotifyEvent: src_path=b'/home/rabbia/To-DoList/test.log', wd=1, mask=IN_MODIFY, cookie=0, name=test.log>
DEBUG:watchdog.observers.inotify_buffer:in-event <InotifyEvent: src_path=b'/home/rabbia/To-DoList/test.log', wd=1, mask=IN_MODIFY, cookie=0, name=test.log>
DEBUG:watchdog.observers.inotify_buffer:in-event <InotifyEvent: src_path=b'/home/rabbia/To-DoList/test.log', wd=1, mask=IN_MODIFY, cookie=0, name=test.log>
DEBUG:watchdog.observers.inotify_buffer:in-event <InotifyEvent: src_path=b'/home/rabbia/To-DoList/test.log', wd=1, mask=IN_MODIFY, cookie=0, name=test.log>
DEBUG:watchdog.observers.inotify_buffer:in-event <InotifyEvent: src_path=b'/home/rabbia/To-DoList/test.log', wd=1, mask=IN_MODIFY, cookie=0, name=test.log>
DEBUG:watchdog.observers.inotify_buffer:in-event <InotifyEvent: src_path=b'/home/rabbia/To-DoList/test.log', wd=1, mask=IN_MODIFY, cookie=0, name=test.log>
DEBUG:watchdog.observers.inotify_buffer:in-event <InotifyEvent: src_path=b'/home/rabbia/To-DoList/test.log', wd=1, mask=IN_MODIFY, cookie=0, name=test.log>
DEBUG:watchdog.observers.inotify_buffer:in-event <InotifyEvent: src_path=b'/home/rabbia/To-DoList/test.log', wd=1, mask=IN_MODIFY, cookie=0, name=test.log>
DEBUG:watchdog.observers.inotify_buffer:in-event <InotifyEvent: src_path=b'/home/rabbia/To-DoList/test.log', wd=1, mask=IN_MODIFY, cookie=0, name=test.log>
DEBUG:watchdog.observers.inotify_buffer:in-event <InotifyEvent: src_path=b'/home/rabbia/To-DoList/test.log', wd=1, mask=IN_MODIFY, cookie=0, name=test.log>
DEBUG:watchdog.observers.inotify_buffer:in-event <InotifyEvent: src_path=b'/home/rabbia/To-DoList/test.log', wd=1, mask=IN_MODIFY, cookie=0, name=test.log>
DEBUG:watchdog.observers.inotify_buffer:in-event <InotifyEvent: src_path=b'/home/rabbia/To-DoList/test.log', wd=1, mask=IN_MODIFY, cookie=0, name=test.log>
DEBUG:watchdog.observers.inotify_buffer:in-event <InotifyEvent: src_path=b'/home/rabbia/To-DoList/test.log', wd=1, mask=IN_MODIFY, cookie=0, name=test.log>
DEBUG:watchdog.observers.inotify_buffer:in-event <InotifyEvent: src_path=b'/home/rabbia/To-DoList/test.log', wd=1, mask=IN_MODIFY, cookie=0, name=test.log>
DEBUG:watchdog.observers.inotify_buffer:in-event <InotifyEvent: src_path=b'/home/rabbia/To-DoList/test.log', wd=1, mask=IN_MODIFY, cookie=0, name=test.log>
DEBUG:watchdog.observers.inotify_buffer:in-event <InotifyEvent: src_path=b'/home/rabbia/To-DoList/test.log', wd=1, mask=IN_MODIFY, cookie=0, name=test.log>
DEBUG:watchdog.observers.inotify_buffer:in-event <InotifyEvent: src_path=b'/home/rabbia/To-DoList/test.log', wd=1, mask=IN_MODIFY, cookie=0, name=test.log>
DEBUG:watchdog.observers.inotify_buffer:in-event <InotifyEvent: src_path=b'/home/rabbia/To-DoList/test.log', wd=1, mask=IN_MODIFY, cookie=0, name=test.log>
DEBUG:watchdog.observers.inotify_buffer:in-event <InotifyEvent: src_path=b'/home/rabbia/To-DoList/test.log', wd=1, mask=IN_MODIFY, cookie=0, name=test.log>
DEBUG:watchdog.observers.inotify_buffer:in-event <InotifyEvent: src_path=b'/home/rabbia/To-DoList/test.log', wd=1, mask=IN_MODIFY, cookie=0, name=test.log>
DEBUG:watchdog.observers.inotify_buffer:in-event <InotifyEvent: src_path=b'/home/rabbia/To-DoList/test.log', wd=1, mask=IN_MODIFY, cookie=0, name=test.log>
DEBUG:watchdog.observers.inotify_buffer:in-event <InotifyEvent: src_path=b'/home/rabbia/To-DoList/test.log', wd=1, mask=IN_MODIFY, cookie=0, name=test.log>
DEBUG:watchdog.observers.inotify_buffer:in-event <InotifyEvent: src_path=b'/home/rabbia/To-DoList/test.log', wd=1, mask=IN_MODIFY, cookie=0, name=test.log>
DEBUG:watchdog.observers.inotify_buffer:in-event <InotifyEvent: src_path=b'/home/rabbia/To-DoList/test.log', wd=1, mask=IN_MODIFY, cookie=0, name=test.log>
DEBUG:watchdog.observers.inotify_buffer:in-event <InotifyEvent: src_path=b'/home/rabbia/To-DoList/test.log', wd=1, mask=IN_MODIFY, cookie=0, name=test.log>
DEBUG:watchdog.observers.inotify_buffer:in-event <InotifyEvent: src_path=b'/home/rabbia/To-DoList/test.log', wd=1, mask=IN_MODIFY, cookie=0, name=test.log>
DEBUG:watchdog.observers.inotify_buffer:in-event <InotifyEvent: src_path=b'/home/rabbia/To-DoList/test.log', wd=1, mask=IN_MODIFY, cookie=0, name=test.log>
DEBUG:watchdog.observers.inotify_buffer:in-event <InotifyEvent: src_path=b'/home/rabbia/To-DoList/test.log', wd=1, mask=IN_MODIFY, cookie=0, name=test.log>
DEBUG:watchdog.observers.inotify_buffer:in-event <InotifyEvent: src_path=b'/home/rabbia/To-DoList/test.log', wd=1, mask=IN_MODIFY, cookie=0, name=test.log>
DEBUG:watchdog.observers.inotify_buffer:in-event <InotifyEvent: src_path=b'/home/rabbia/To-DoList/test.log', wd=1, mask=IN_MODIFY, cookie=0, name=test.log>
DEBUG:watchdog.observers.inotify_buffer:in-event <InotifyEvent: src_path=b'/home/rabbia/To-DoList/test.log', wd=1, mask=IN_MODIFY, cookie=0, name=test.log>
DEBUG:watchdog.observers.inotify_buffer:in-event <InotifyEvent: src_path=b'/home/rabbia/To-DoList/test.log', wd=1, mask=IN_MODIFY, cookie=0, name=test.log>
DEBUG:watchdog.observers.inotify_buffer:in-event <InotifyEvent: src_path=b'/home/rabbia/To-DoList/test.log', wd=1, mask=IN_MODIFY, cookie=0, name=test.log>
DEBUG:watchdog.observers.inotify_buffer:in-event <InotifyEvent: src_path=b'/home/rabbia/To-DoList/test.log', wd=1, mask=IN_MODIFY, cookie=0, name=test.log>
DEBUG:watchdog.observers.inotify_buffer:in-event <InotifyEvent: src_path=b'/home/rabbia/To-DoList/test.log', wd=1, mask=IN_MODIFY, cookie=0, name=test.log>
DEBUG:watchdog.observers.inotify_buffer:in-event <InotifyEvent: src_path=b'/home/rabbia/To-DoList/test.log', wd=1, mask=IN_MODIFY, cookie=0, name=test.log>
DEBUG:watchdog.observers.inotify_buffer:in-event <InotifyEvent: src_path=b'/home/rabbia/To-DoList/test.log', wd=1, mask=IN_MODIFY, cookie=0, name=test.log>
DEBUG:watchdog.observers.inotify_buffer:in-event <InotifyEvent: src_path=b'/home/rabbia/To-DoList/test.log', wd=1, mask=IN_MODIFY, cookie=0, name=test.log>
DEBUG:watchdog.observers.inotify_buffer:in-event <InotifyEvent: src_path=b'/home/rabbia/To-DoList/test.log', wd=1, mask=IN_MODIFY, cookie=0, name=test.log>
DEBUG:watchdog.observers.inotify_buffer:in-event <InotifyEvent: src_path=b'/home/rabbia/To-DoList/test.log', wd=1, mask=IN_MODIFY, cookie=0, name=test.log>
DEBUG:watchdog.observers.inotify_buffer:in-event <InotifyEvent: src_path=b'/home/rabbia/To-DoList/test.log', wd=1, mask=IN_MODIFY, cookie=0, name=test.log>
DEBUG:watchdog.observers.inotify_buffer:in-event <InotifyEvent: src_path=b'/home/rabbia/To-DoList/test.log', wd=1, mask=IN_MODIFY, cookie=0, name=test.log>
DEBUG:watchdog.observers.inotify_buffer:in-event <InotifyEvent: src_path=b'/home/rabbia/To-DoList/test.log', wd=1, mask=IN_MODIFY, cookie=0, name=test.log>
DEBUG:watchdog.observers.inotify_buffer:in-event <InotifyEvent: src_path=b'/home/rabbia/To-DoList/test.log', wd=1, mask=IN_MODIFY, cookie=0, name=test.log>
DEBUG:watchdog.observers.inotify_buffer:in-event <InotifyEvent: src_path=b'/home/rabbia/To-DoList/test.log', wd=1, mask=IN_MODIFY, cookie=0, name=test.log>
DEBUG:watchdog.observers.inotify_buffer:in-event <InotifyEvent: src_path=b'/home/rabbia/To-DoList/test.log', wd=1, mask=IN_MODIFY, cookie=0, name=test.log>
DEBUG:watchdog.observers.inotify_buffer:in-event <InotifyEvent: src_path=b'/home/rabbia/To-DoList/test.log', wd=1, mask=IN_MODIFY, cookie=0, name=test.log>
DEBUG:watchdog.observers.inotify_buffer:in-event <InotifyEvent: src_path=b'/home/rabbia/To-DoList/test.log', wd=1, mask=IN_MODIFY, cookie=0, name=test.log>
DEBUG:watchdog.observers.inotify_buffer:in-event <InotifyEvent: src_path=b'/home/rabbia/To-DoList/test.log', wd=1, mask=IN_MODIFY, cookie=0, name=test.log>
DEBUG:watchdog.observers.inotify_buffer:in-event <InotifyEvent: src_path=b'/home/rabbia/To-DoList/test.log', wd=1, mask=IN_MODIFY, cookie=0, name=test.log>
DEBUG:watchdog.observers.inotify_buffer:in-event <InotifyEvent: src_path=b'/home/rabbia/To-DoList/test.log', wd=1, mask=IN_MODIFY, cookie=0, name=test.log>
DEBUG:watchdog.observers.inotify_buffer:in-event <InotifyEvent: src_path=b'/home/rabbia/To-DoList/test.log', wd=1, mask=IN_MODIFY, cookie=0, name=test.log>
DEBUG:watchdog.observers.inotify_buffer:in-event <InotifyEvent: src_path=b'/home/rabbia/To-DoList/test.log', wd=1, mask=IN_MODIFY, cookie=0, name=test.log>
DEBUG:watchdog.observers.inotify_buffer:in-event <InotifyEvent: src_path=b'/home/rabbia/To-DoList/test.log', wd=1, mask=IN_MODIFY, cookie=0, name=test.log>
DEBUG:watchdog.observers.inotify_buffer:in-event <InotifyEvent: src_path=b'/home/rabbia/To-DoList/test.log', wd=1, mask=IN_MODIFY, cookie=0, name=test.log>
DEBUG:watchdog.observers.inotify_buffer:in-event <InotifyEvent: src_path=b'/home/rabbia/To-DoList/test.log', wd=1, mask=IN_MODIFY, cookie=0, name=test.log>
DEBUG:watchdog.observers.inotify_buffer:in-event <InotifyEvent: src_path=b'/home/rabbia/To-DoList/test.log', wd=1, mask=IN_MODIFY, cookie=0, name=test.log>
DEBUG:watchdog.observers.inotify_buffer:in-event <InotifyEvent: src_path=b'/home/rabbia/To-DoList/test.log', wd=1, mask=IN_MODIFY, cookie=0, name=test.log>
DEBUG:watchdog.observers.inotify_buffer:in-event <InotifyEvent: src_path=b'/home/rabbia/To-DoList/test.log', wd=1, mask=IN_MODIFY, cookie=0, name=test.log>
DEBUG:watchdog.observers.inotify_buffer:in-event <InotifyEvent: src_path=b'/home/rabbia/To-DoList/test.log', wd=1, mask=IN_MODIFY, cookie=0, name=test.log>
DEBUG:watchdog.observers.inotify_buffer:in-event <InotifyEvent: src_path=b'/home/rabbia/To-DoList/test.log', wd=1, mask=IN_MODIFY, cookie=0, name=test.log>
DEBUG:watchdog.observers.inotify_buffer:in-event <InotifyEvent: src_path=b'/home/rabbia/To-DoList/test.log', wd=1, mask=IN_MODIFY, cookie=0, name=test.log>
DEBUG:watchdog.observers.inotify_buffer:in-event <InotifyEvent: src_path=b'/home/rabbia/To-DoList/test.log', wd=1, mask=IN_MODIFY, cookie=0, name=test.log>
DEBUG:watchdog.observers.inotify_buffer:in-event <InotifyEvent: src_path=b'/home/rabbia/To-DoList/test.log', wd=1, mask=IN_MODIFY, cookie=0, name=test.log>
DEBUG:watchdog.observers.inotify_buffer:in-event <InotifyEvent: src_path=b'/home/rabbia/To-DoList/test.log', wd=1, mask=IN_MODIFY, cookie=0, name=test.log>
DEBUG:watchdog.observers.inotify_buffer:in-event <InotifyEvent: src_path=b'/home/rabbia/To-DoList/test.log', wd=1, mask=IN_MODIFY, cookie=0, name=test.log>
DEBUG:watchdog.observers.inotify_buffer:in-event <InotifyEvent: src_path=b'/home/rabbia/To-DoList/test.log', wd=1, mask=IN_MODIFY, cookie=0, name=test.log>
DEBUG:watchdog.observers.inotify_buffer:in-event <InotifyEvent: src_path=b'/home/rabbia/To-DoList/test.log', wd=1, mask=IN_MODIFY, cookie=0, name=test.log>
DEBUG:watchdog.observers.inotify_buffer:in-event <InotifyEvent: src_path=b'/home/rabbia/To-DoList/test.log', wd=1, mask=IN_MODIFY, cookie=0, name=test.log>
DEBUG:watchdog.observers.inotify_buffer:in-event <InotifyEvent: src_path=b'/home/rabbia/To-DoList/test.log', wd=1, mask=IN_MODIFY, cookie=0, name=test.log>
DEBUG:watchdog.observers.inotify_buffer:in-event <InotifyEvent: src_path=b'/home/rabbia/To-DoList/test.log', wd=1, mask=IN_MODIFY, cookie=0, name=test.log>
DEBUG:watchdog.observers.inotify_buffer:in-event <InotifyEvent: src_path=b'/home/rabbia/To-DoList/test.log', wd=1, mask=IN_MODIFY, cookie=0, name=test.log>
DEBUG:watchdog.observers.inotify_buffer:in-event <InotifyEvent: src_path=b'/home/rabbia/To-DoList/test.log', wd=1, mask=IN_MODIFY, cookie=0, name=test.log>
DEBUG:watchdog.observers.inotify_buffer:in-event <InotifyEvent: src_path=b'/home/rabbia/To-DoList/test.log', wd=1, mask=IN_MODIFY, cookie=0, name=test.log>
DEBUG:watchdog.observers.inotify_buffer:in-event <InotifyEvent: src_path=b'/home/rabbia/To-DoList/test.log', wd=1, mask=IN_MODIFY, cookie=0, name=test.log>
DEBUG:watchdog.observers.inotify_buffer:in-event <InotifyEvent: src_path=b'/home/rabbia/To-DoList/test.log', wd=1, mask=IN_MODIFY, cookie=0, name=test.log>
DEBUG:watchdog.observers.inotify_buffer:in-event <InotifyEvent: src_path=b'/home/rabbia/To-DoList/test.log', wd=1, mask=IN_MODIFY, cookie=0, name=test.log>
DEBUG:watchdog.observers.inotify_buffer:in-event <InotifyEvent: src_path=b'/home/rabbia/To-DoList/test.log', wd=1, mask=IN_MODIFY, cookie=0, name=test.log>
DEBUG:watchdog.observers.inotify_buffer:in-event <InotifyEvent: src_path=b'/home/rabbia/To-DoList/test.log', wd=1, mask=IN_MODIFY, cookie=0, name=test.log>
DEBUG:watchdog.observers.inotify_buffer:in-event <InotifyEvent: src_path=b'/home/rabbia/To-DoList/test.log', wd=1, mask=IN_MODIFY, cookie=0, name=test.log>
DEBUG:watchdog.observers.inotify_buffer:in-event <InotifyEvent: src_path=b'/home/rabbia/To-DoList/test.log', wd=1, mask=IN_MODIFY, cookie=0, name=test.log>
DEBUG:watchdog.observers.inotify_buffer:in-event <InotifyEvent: src_path=b'/home/rabbia/To-DoList/test.log', wd=1, mask=IN_MODIFY, cookie=0, name=test.log>
DEBUG:watchdog.observers.inotify_buffer:in-event <InotifyEvent: src_path=b'/home/rabbia/To-DoList/test.log', wd=1, mask=IN_MODIFY, cookie=0, name=test.log>
DEBUG:watchdog.observers.inotify_buffer:in-event <InotifyEvent: src_path=b'/home/rabbia/To-DoList/test.log', wd=1, mask=IN_MODIFY, cookie=0, name=test.log>
DEBUG:watchdog.observers.inotify_buffer:in-event <InotifyEvent: src_path=b'/home/rabbia/To-DoList/test.log', wd=1, mask=IN_MODIFY, cookie=0, name=test.log>
DEBUG:watchdog.observers.inotify_buffer:in-event <InotifyEvent: src_path=b'/home/rabbia/To-DoList/test.log', wd=1, mask=IN_MODIFY, cookie=0, name=test.log>
DEBUG:watchdog.observers.inotify_buffer:in-event <InotifyEvent: src_path=b'/home/rabbia/To-DoList/test.log', wd=1, mask=IN_MODIFY, cookie=0, name=test.log>
DEBUG:watchdog.observers.inotify_buffer:in-event <InotifyEvent: src_path=b'/home/rabbia/To-DoList/test.log', wd=1, mask=IN_MODIFY, cookie=0, name=test.log>
DEBUG:watchdog.observers.inotify_buffer:in-event <InotifyEvent: src_path=b'/home/rabbia/To-DoList/test.log', wd=1, mask=IN_MODIFY, cookie=0, name=test.log>
DEBUG:watchdog.observers.inotify_buffer:in-event <InotifyEvent: src_path=b'/home/rabbia/To-DoList/test.log', wd=1, mask=IN_MODIFY, cookie=0, name=test.log>
DEBUG:watchdog.observers.inotify_buffer:in-event <InotifyEvent: src_path=b'/home/rabbia/To-DoList/test.log', wd=1, mask=IN_MODIFY, cookie=0, name=test.log>
DEBUG:watchdog.observers.inotify_buffer:in-event <InotifyEvent: src_path=b'/home/rabbia/To-DoList/test.log', wd=1, mask=IN_MODIFY, cookie=0, name=test.log>
DEBUG:watchdog.observers.inotify_buffer:in-event <InotifyEvent: src_path=b'/home/rabbia/To-DoList/test.log', wd=1, mask=IN_MODIFY, cookie=0, name=test.log>
DEBUG:watchdog.observers.inotify_buffer:in-event <InotifyEvent: src_path=b'/home/rabbia/To-DoList/test.log', wd=1, mask=IN_MODIFY, cookie=0, name=test.log>
DEBUG:watchdog.observers.inotify_buffer:in-event <InotifyEvent: src_path=b'/home/rabbia/To-DoList/test.log', wd=1, mask=IN_MODIFY, cookie=0, name=test.log>
DEBUG:watchdog.observers.inotify_buffer:in-event <InotifyEvent: src_path=b'/home/rabbia/To-DoList/test.log', wd=1, mask=IN_MODIFY, cookie=0, name=test.log>
DEBUG:watchdog.observers.inotify_buffer:in-event <InotifyEvent: src_path=b'/home/rabbia/To-DoList/test.log', wd=1, mask=IN_MODIFY, cookie=0, name=test.log>
DEBUG:watchdog.observers.inotify_buffer:in-event <InotifyEvent: src_path=b'/home/rabbia/To-DoList/test.log', wd=1, mask=IN_MODIFY, cookie=0, name=test.log>
DEBUG:watchdog.observers.inotify_buffer:in-event <InotifyEvent: src_path=b'/home/rabbia/To-DoList/test.log', wd=1, mask=IN_MODIFY, cookie=0, name=test.log>
DEBUG:watchdog.observers.inotify_buffer:in-event <InotifyEvent: src_path=b'/home/rabbia/To-DoList/test.log', wd=1, mask=IN_MODIFY, cookie=0, name=test.log>
DEBUG:watchdog.observers.inotify_buffer:in-event <InotifyEvent: src_path=b'/home/rabbia/To-DoList/test.log', wd=1, mask=IN_MODIFY, cookie=0, name=test.log>
DEBUG:watchdog.observers.inotify_buffer:in-event <InotifyEvent: src_path=b'/home/rabbia/To-DoList/test.log', wd=1, mask=IN_MODIFY, cookie=0, name=test.log>
DEBUG:watchdog.observers.inotify_buffer:in-event <InotifyEvent: src_path=b'/home/rabbia/To-DoList/test.log', wd=1, mask=IN_MODIFY, cookie=0, name=test.log>
DEBUG:watchdog.observers.inotify_buffer:in-event <InotifyEvent: src_path=b'/home/rabbia/To-DoList/test.log', wd=1, mask=IN_MODIFY, cookie=0, name=test.log>
DEBUG:watchdog.observers.inotify_buffer:in-event <InotifyEvent: src_path=b'/home/rabbia/To-DoList/test.log', wd=1, mask=IN_MODIFY, cookie=0, name=test.log>
DEBUG:watchdog.observers.inotify_buffer:in-event <InotifyEvent: src_path=b'/home/rabbia/To-DoList/test.log', wd=1, mask=IN_MODIFY, cookie=0, name=test.log>
DEBUG:watchdog.observers.inotify_buffer:in-event <InotifyEvent: src_path=b'/home/rabbia/To-DoList/test.log', wd=1, mask=IN_MODIFY, cookie=0, name=test.log>
DEBUG:watchdog.observers.inotify_buffer:in-event <InotifyEvent: src_path=b'/home/rabbia/To-DoList/test.log', wd=1, mask=IN_MODIFY, cookie=0, name=test.log>
DEBUG:watchdog.observers.inotify_buffer:in-event <InotifyEvent: src_path=b'/home/rabbia/To-DoList/test.log', wd=1, mask=IN_MODIFY, cookie=0, name=test.log>
DEBUG:watchdog.observers.inotify_buffer:in-event <InotifyEvent: src_path=b'/home/rabbia/To-DoList/test.log', wd=1, mask=IN_MODIFY, cookie=0, name=test.log>
DEBUG:watchdog.observers.inotify_buffer:in-event <InotifyEvent: src_path=b'/home/rabbia/To-DoList/test.log', wd=1, mask=IN_MODIFY, cookie=0, name=test.log>
DEBUG:watchdog.observers.inotify_buffer:in-event <InotifyEvent: src_path=b'/home/rabbia/To-DoList/test.log', wd=1, mask=IN_MODIFY, cookie=0, name=test.log>
DEBUG:watchdog.observers.inotify_buffer:in-event <InotifyEvent: src_path=b'/home/rabbia/To-DoList/test.log', wd=1, mask=IN_MODIFY, cookie=0, name=test.log>
DEBUG:watchdog.observers.inotify_buffer:in-event <InotifyEvent: src_path=b'/home/rabbia/To-DoList/test.log', wd=1, mask=IN_MODIFY, cookie=0, name=test.log>
DEBUG:watchdog.observers.inotify_buffer:in-event <InotifyEvent: src_path=b'/home/rabbia/To-DoList/test.log', wd=1, mask=IN_MODIFY, cookie=0, name=test.log>
DEBUG:watchdog.observers.inotify_buffer:in-event <InotifyEvent: src_path=b'/home/rabbia/To-DoList/test.log', wd=1, mask=IN_MODIFY, cookie=0, name=test.log>
DEBUG:watchdog.observers.inotify_buffer:in-event <InotifyEvent: src_path=b'/home/rabbia/To-DoList/test.log', wd=1, mask=IN_MODIFY, cookie=0, name=test.log>
DEBUG:watchdog.observers.inotify_buffer:in-event <InotifyEvent: src_path=b'/home/rabbia/To-DoList/test.log', wd=1, mask=IN_MODIFY, cookie=0, name=test.log>
DEBUG:watchdog.observers.inotify_buffer:in-event <InotifyEvent: src_path=b'/home/rabbia/To-DoList/test.log', wd=1, mask=IN_MODIFY, cookie=0, name=test.log>
DEBUG:watchdog.observers.inotify_buffer:in-event <InotifyEvent: src_path=b'/home/rabbia/To-DoList/test.log', wd=1, mask=IN_MODIFY, cookie=0, name=test.log>
DEBUG:watchdog.observers.inotify_buffer:in-event <InotifyEvent: src_path=b'/home/rabbia/To-DoList/test.log', wd=1, mask=IN_MODIFY, cookie=0, name=test.log>
DEBUG:watchdog.observers.inotify_buffer:in-event <InotifyEvent: src_path=b'/home/rabbia/To-DoList/test.log', wd=1, mask=IN_MODIFY, cookie=0, name=test.log>
DEBUG:watchdog.observers.inotify_buffer:in-event <InotifyEvent: src_path=b'/home/rabbia/To-DoList/test.log', wd=1, mask=IN_MODIFY, cookie=0, name=test.log>
DEBUG:watchdog.observers.inotify_buffer:in-event <InotifyEvent: src_path=b'/home/rabbia/To-DoList/test.log', wd=1, mask=IN_MODIFY, cookie=0, name=test.log>
DEBUG:watchdog.observers.inotify_buffer:in-event <InotifyEvent: src_path=b'/home/rabbia/To-DoList/test.log', wd=1, mask=IN_MODIFY, cookie=0, name=test.log>
DEBUG:watchdog.observers.inotify_buffer:in-event <InotifyEvent: src_path=b'/home/rabbia/To-DoList/test.log', wd=1, mask=IN_MODIFY, cookie=0, name=test.log>
DEBUG:watchdog.observers.inotify_buffer:in-event <InotifyEvent: src_path=b'/home/rabbia/To-DoList/test.log', wd=1, mask=IN_MODIFY, cookie=0, name=test.log>
DEBUG:watchdog.observers.inotify_buffer:in-event <InotifyEvent: src_path=b'/home/rabbia/To-DoList/test.log', wd=1, mask=IN_MODIFY, cookie=0, name=test.log>
DEBUG:watchdog.observers.inotify_buffer:in-event <InotifyEvent: src_path=b'/home/rabbia/To-DoList/test.log', wd=1, mask=IN_MODIFY, cookie=0, name=test.log>
DEBUG:watchdog.observers.inotify_buffer:in-event <InotifyEvent: src_path=b'/home/rabbia/To-DoList/test.log', wd=1, mask=IN_MODIFY, cookie=0, name=test.log>
DEBUG:watchdog.observers.inotify_buffer:in-event <InotifyEvent: src_path=b'/home/rabbia/To-DoList/test.log', wd=1, mask=IN_MODIFY, cookie=0, name=test.log>
DEBUG:watchdog.observers.inotify_buffer:in-event <InotifyEvent: src_path=b'/home/rabbia/To-DoList/test.log', wd=1, mask=IN_MODIFY, cookie=0, name=test.log>
DEBUG:watchdog.observers.inotify_buffer:in-event <InotifyEvent: src_path=b'/home/rabbia/To-DoList/test.log', wd=1, mask=IN_MODIFY, cookie=0, name=test.log>
DEBUG:watchdog.observers.inotify_buffer:in-event <InotifyEvent: src_path=b'/home/rabbia/To-DoList/test.log', wd=1, mask=IN_MODIFY, cookie=0, name=test.log>
DEBUG:watchdog.observers.inotify_buffer:in-event <InotifyEvent: src_path=b'/home/rabbia/To-DoList/test.log', wd=1, mask=IN_MODIFY, cookie=0, name=test.log>
DEBUG:watchdog.observers.inotify_buffer:in-event <InotifyEvent: src_path=b'/home/rabbia/To-DoList/test.log', wd=1, mask=IN_MODIFY, cookie=0, name=test.log>
DEBUG:watchdog.observers.inotify_buffer:in-event <InotifyEvent: src_path=b'/home/rabbia/To-DoList/test.log', wd=1, mask=IN_MODIFY, cookie=0, name=test.log>
DEBUG:watchdog.observers.inotify_buffer:in-event <InotifyEvent: src_path=b'/home/rabbia/To-DoList/test.log', wd=1, mask=IN_MODIFY, cookie=0, name=test.log>
DEBUG:watchdog.observers.inotify_buffer:in-event <InotifyEvent: src_path=b'/home/rabbia/To-DoList/test.log', wd=1, mask=IN_MODIFY, cookie=0, name=test.log>
DEBUG:watchdog.observers.inotify_buffer:in-event <InotifyEvent: src_path=b'/home/rabbia/To-DoList/test.log', wd=1, mask=IN_MODIFY, cookie=0, name=test.log>
DEBUG:watchdog.observers.inotify_buffer:in-event <InotifyEvent: src_path=b'/home/rabbia/To-DoList/test.log', wd=1, mask=IN_MODIFY, cookie=0, name=test.log>
DEBUG:watchdog.observers.inotify_buffer:in-event <InotifyEvent: src_path=b'/home/rabbia/To-DoList/test.log', wd=1, mask=IN_MODIFY, cookie=0, name=test.log>
DEBUG:watchdog.observers.inotify_buffer:in-event <InotifyEvent: src_path=b'/home/rabbia/To-DoList/test.log', wd=1, mask=IN_MODIFY, cookie=0, name=test.log>
DEBUG:watchdog.observers.inotify_buffer:in-event <InotifyEvent: src_path=b'/home/rabbia/To-DoList/test.log', wd=1, mask=IN_MODIFY, cookie=0, name=test.log>
DEBUG:watchdog.observers.inotify_buffer:in-event <InotifyEvent: src_path=b'/home/rabbia/To-DoList/test.log', wd=1, mask=IN_MODIFY, cookie=0, name=test.log>
DEBUG:watchdog.observers.inotify_buffer:in-event <InotifyEvent: src_path=b'/home/rabbia/To-DoList/test.log', wd=1, mask=IN_MODIFY, cookie=0, name=test.log>
DEBUG:watchdog.observers.inotify_buffer:in-event <InotifyEvent: src_path=b'/home/rabbia/To-DoList/test.log', wd=1, mask=IN_MODIFY, cookie=0, name=test.log>
DEBUG:watchdog.observers.inotify_buffer:in-event <InotifyEvent: src_path=b'/home/rabbia/To-DoList/test.log', wd=1, mask=IN_MODIFY, cookie=0, name=test.log>
DEBUG:watchdog.observers.inotify_buffer:in-event <InotifyEvent: src_path=b'/home/rabbia/To-DoList/test.log', wd=1, mask=IN_MODIFY, cookie=0, name=test.log>
DEBUG:watchdog.observers.inotify_buffer:in-event <InotifyEvent: src_path=b'/home/rabbia/To-DoList/test.log', wd=1, mask=IN_MODIFY, cookie=0, name=test.log>
DEBUG:watchdog.observers.inotify_buffer:in-event <InotifyEvent: src_path=b'/home/rabbia/To-DoList/test.log', wd=1, mask=IN_MODIFY, cookie=0, name=test.log>
DEBUG:watchdog.observers.inotify_buffer:in-event <InotifyEvent: src_path=b'/home/rabbia/To-DoList/test.log', wd=1, mask=IN_MODIFY, cookie=0, name=test.log>
DEBUG:watchdog.observers.inotify_buffer:in-event <InotifyEvent: src_path=b'/home/rabbia/To-DoList/test.log', wd=1, mask=IN_MODIFY, cookie=0, name=test.log>
DEBUG:watchdog.observers.inotify_buffer:in-event <InotifyEvent: src_path=b'/home/rabbia/To-DoList/test.log', wd=1, mask=IN_MODIFY, cookie=0, name=test.log>
DEBUG:watchdog.observers.inotify_buffer:in-event <InotifyEvent: src_path=b'/home/rabbia/To-DoList/test.log', wd=1, mask=IN_MODIFY, cookie=0, name=test.log>
DEBUG:watchdog.observers.inotify_buffer:in-event <InotifyEvent: src_path=b'/home/rabbia/To-DoList/test.log', wd=1, mask=IN_MODIFY, cookie=0, name=test.log>
DEBUG:watchdog.observers.inotify_buffer:in-event <InotifyEvent: src_path=b'/home/rabbia/To-DoList/test.log', wd=1, mask=IN_MODIFY, cookie=0, name=test.log>
DEBUG:watchdog.observers.inotify_buffer:in-event <InotifyEvent: src_path=b'/home/rabbia/To-DoList/test.log', wd=1, mask=IN_MODIFY, cookie=0, name=test.log>
DEBUG:watchdog.observers.inotify_buffer:in-event <InotifyEvent: src_path=b'/home/rabbia/To-DoList/test.log', wd=1, mask=IN_MODIFY, cookie=0, name=test.log>
DEBUG:watchdog.observers.inotify_buffer:in-event <InotifyEvent: src_path=b'/home/rabbia/To-DoList/test.log', wd=1, mask=IN_MODIFY, cookie=0, name=test.log>
DEBUG:watchdog.observers.inotify_buffer:in-event <InotifyEvent: src_path=b'/home/rabbia/To-DoList/test.log', wd=1, mask=IN_MODIFY, cookie=0, name=test.log>
DEBUG:watchdog.observers.inotify_buffer:in-event <InotifyEvent: src_path=b'/home/rabbia/To-DoList/test.log', wd=1, mask=IN_MODIFY, cookie=0, name=test.log>
DEBUG:watchdog.observers.inotify_buffer:in-event <InotifyEvent: src_path=b'/home/rabbia/To-DoList/test.log', wd=1, mask=IN_MODIFY, cookie=0, name=test.log>
DEBUG:watchdog.observers.inotify_buffer:in-event <InotifyEvent: src_path=b'/home/rabbia/To-DoList/test.log', wd=1, mask=IN_MODIFY, cookie=0, name=test.log>
DEBUG:watchdog.observers.inotify_buffer:in-event <InotifyEvent: src_path=b'/home/rabbia/To-DoList/test.log', wd=1, mask=IN_MODIFY, cookie=0, name=test.log>
DEBUG:watchdog.observers.inotify_buffer:in-event <InotifyEvent: src_path=b'/home/rabbia/To-DoList/test.log', wd=1, mask=IN_MODIFY, cookie=0, name=test.log>
DEBUG:watchdog.observers.inotify_buffer:in-event <InotifyEvent: src_path=b'/home/rabbia/To-DoList/test.log', wd=1, mask=IN_MODIFY, cookie=0, name=test.log>
DEBUG:watchdog.observers.inotify_buffer:in-event <InotifyEvent: src_path=b'/home/rabbia/To-DoList/test.log', wd=1, mask=IN_MODIFY, cookie=0, name=test.log>
DEBUG:watchdog.observers.inotify_buffer:in-event <InotifyEvent: src_path=b'/home/rabbia/To-DoList/test.log', wd=1, mask=IN_MODIFY, cookie=0, name=test.log>
DEBUG:watchdog.observers.inotify_buffer:in-event <InotifyEvent: src_path=b'/home/rabbia/To-DoList/test.log', wd=1, mask=IN_MODIFY, cookie=0, name=test.log>
DEBUG:watchdog.observers.inotify_buffer:in-event <InotifyEvent: src_path=b'/home/rabbia/To-DoList/test.log', wd=1, mask=IN_MODIFY, cookie=0, name=test.log>
DEBUG:watchdog.observers.inotify_buffer:in-event <InotifyEvent: src_path=b'/home/rabbia/To-DoList/test.log', wd=1, mask=IN_MODIFY, cookie=0, name=test.log>
DEBUG:watchdog.observers.inotify_buffer:in-event <InotifyEvent: src_path=b'/home/rabbia/To-DoList/test.log', wd=1, mask=IN_MODIFY, cookie=0, name=test.log>
DEBUG:watchdog.observers.inotify_buffer:in-event <InotifyEvent: src_path=b'/home/rabbia/To-DoList/test.log', wd=1, mask=IN_MODIFY, cookie=0, name=test.log>
DEBUG:watchdog.observers.inotify_buffer:in-event <InotifyEvent: src_path=b'/home/rabbia/To-DoList/test.log', wd=1, mask=IN_MODIFY, cookie=0, name=test.log>
DEBUG:watchdog.observers.inotify_buffer:in-event <InotifyEvent: src_path=b'/home/rabbia/To-DoList/test.log', wd=1, mask=IN_MODIFY, cookie=0, name=test.log>
DEBUG:watchdog.observers.inotify_buffer:in-event <InotifyEvent: src_path=b'/home/rabbia/To-DoList/test.log', wd=1, mask=IN_MODIFY, cookie=0, name=test.log>
DEBUG:watchdog.observers.inotify_buffer:in-event <InotifyEvent: src_path=b'/home/rabbia/To-DoList/test.log', wd=1, mask=IN_MODIFY, cookie=0, name=test.log>
DEBUG:watchdog.observers.inotify_buffer:in-event <InotifyEvent: src_path=b'/home/rabbia/To-DoList/test.log', wd=1, mask=IN_MODIFY, cookie=0, name=test.log>
DEBUG:watchdog.observers.inotify_buffer:in-event <InotifyEvent: src_path=b'/home/rabbia/To-DoList/test.log', wd=1, mask=IN_MODIFY, cookie=0, name=test.log>
DEBUG:watchdog.observers.inotify_buffer:in-event <InotifyEvent: src_path=b'/home/rabbia/To-DoList/test.log', wd=1, mask=IN_MODIFY, cookie=0, name=test.log>
DEBUG:watchdog.observers.inotify_buffer:in-event <InotifyEvent: src_path=b'/home/rabbia/To-DoList/test.log', wd=1, mask=IN_MODIFY, cookie=0, name=test.log>
DEBUG:watchdog.observers.inotify_buffer:in-event <InotifyEvent: src_path=b'/home/rabbia/To-DoList/test.log', wd=1, mask=IN_MODIFY, cookie=0, name=test.log>
DEBUG:watchdog.observers.inotify_buffer:in-event <InotifyEvent: src_path=b'/home/rabbia/To-DoList/test.log', wd=1, mask=IN_MODIFY, cookie=0, name=test.log>
DEBUG:watchdog.observers.inotify_buffer:in-event <InotifyEvent: src_path=b'/home/rabbia/To-DoList/test.log', wd=1, mask=IN_MODIFY, cookie=0, name=test.log>
DEBUG:watchdog.observers.inotify_buffer:in-event <InotifyEvent: src_path=b'/home/rabbia/To-DoList/test.log', wd=1, mask=IN_MODIFY, cookie=0, name=test.log>
DEBUG:watchdog.observers.inotify_buffer:in-event <InotifyEvent: src_path=b'/home/rabbia/To-DoList/test.log', wd=1, mask=IN_MODIFY, cookie=0, name=test.log>
DEBUG:watchdog.observers.inotify_buffer:in-event <InotifyEvent: src_path=b'/home/rabbia/To-DoList/test.log', wd=1, mask=IN_MODIFY, cookie=0, name=test.log>
DEBUG:watchdog.observers.inotify_buffer:in-event <InotifyEvent: src_path=b'/home/rabbia/To-DoList/test.log', wd=1, mask=IN_MODIFY, cookie=0, name=test.log>
DEBUG:watchdog.observers.inotify_buffer:in-event <InotifyEvent: src_path=b'/home/rabbia/To-DoList/test.log', wd=1, mask=IN_MODIFY, cookie=0, name=test.log>
DEBUG:watchdog.observers.inotify_buffer:in-event <InotifyEvent: src_path=b'/home/rabbia/To-DoList/test.log', wd=1, mask=IN_MODIFY, cookie=0, name=test.log>
DEBUG:watchdog.observers.inotify_buffer:in-event <InotifyEvent: src_path=b'/home/rabbia/To-DoList/test.log', wd=1, mask=IN_MODIFY, cookie=0, name=test.log>
DEBUG:watchdog.observers.inotify_buffer:in-event <InotifyEvent: src_path=b'/home/rabbia/To-DoList/test.log', wd=1, mask=IN_MODIFY, cookie=0, name=test.log>
DEBUG:watchdog.observers.inotify_buffer:in-event <InotifyEvent: src_path=b'/home/rabbia/To-DoList/test.log', wd=1, mask=IN_MODIFY, cookie=0, name=test.log>
DEBUG:watchdog.observers.inotify_buffer:in-event <InotifyEvent: src_path=b'/home/rabbia/To-DoList/test.log', wd=1, mask=IN_MODIFY, cookie=0, name=test.log>
DEBUG:watchdog.observers.inotify_buffer:in-event <InotifyEvent: src_path=b'/home/rabbia/To-DoList/test.log', wd=1, mask=IN_MODIFY, cookie=0, name=test.log>
DEBUG:watchdog.observers.inotify_buffer:in-event <InotifyEvent: src_path=b'/home/rabbia/To-DoList/test.log', wd=1, mask=IN_MODIFY, cookie=0, name=test.log>
DEBUG:watchdog.observers.inotify_buffer:in-event <InotifyEvent: src_path=b'/home/rabbia/To-DoList/test.log', wd=1, mask=IN_MODIFY, cookie=0, name=test.log>
DEBUG:watchdog.observers.inotify_buffer:in-event <InotifyEvent: src_path=b'/home/rabbia/To-DoList/test.log', wd=1, mask=IN_MODIFY, cookie=0, name=test.log>
DEBUG:watchdog.observers.inotify_buffer:in-event <InotifyEvent: src_path=b'/home/rabbia/To-DoList/test.log', wd=1, mask=IN_MODIFY, cookie=0, name=test.log>
DEBUG:watchdog.observers.inotify_buffer:in-event <InotifyEvent: src_path=b'/home/rabbia/To-DoList/test.log', wd=1, mask=IN_MODIFY, cookie=0, name=test.log>
DEBUG:watchdog.observers.inotify_buffer:in-event <InotifyEvent: src_path=b'/home/rabbia/To-DoList/test.log', wd=1, mask=IN_MODIFY, cookie=0, name=test.log>
DEBUG:watchdog.observers.inotify_buffer:in-event <InotifyEvent: src_path=b'/home/rabbia/To-DoList/test.log', wd=1, mask=IN_MODIFY, cookie=0, name=test.log>
DEBUG:watchdog.observers.inotify_buffer:in-event <InotifyEvent: src_path=b'/home/rabbia/To-DoList/test.log', wd=1, mask=IN_MODIFY, cookie=0, name=test.log>
DEBUG:watchdog.observers.inotify_buffer:in-event <InotifyEvent: src_path=b'/home/rabbia/To-DoList/test.log', wd=1, mask=IN_MODIFY, cookie=0, name=test.log>
DEBUG:watchdog.observers.inotify_buffer:in-event <InotifyEvent: src_path=b'/home/rabbia/To-DoList/test.log', wd=1, mask=IN_MODIFY, cookie=0, name=test.log>
DEBUG:watchdog.observers.inotify_buffer:in-event <InotifyEvent: src_path=b'/home/rabbia/To-DoList/test.log', wd=1, mask=IN_MODIFY, cookie=0, name=test.log>
DEBUG:watchdog.observers.inotify_buffer:in-event <InotifyEvent: src_path=b'/home/rabbia/To-DoList/test.log', wd=1, mask=IN_MODIFY, cookie=0, name=test.log>
DEBUG:watchdog.observers.inotify_buffer:in-event <InotifyEvent: src_path=b'/home/rabbia/To-DoList/test.log', wd=1, mask=IN_MODIFY, cookie=0, name=test.log>
DEBUG:watchdog.observers.inotify_buffer:in-event <InotifyEvent: src_path=b'/home/rabbia/To-DoList/test.log', wd=1, mask=IN_MODIFY, cookie=0, name=test.log>
DEBUG:watchdog.observers.inotify_buffer:in-event <InotifyEvent: src_path=b'/home/rabbia/To-DoList/test.log', wd=1, mask=IN_MODIFY, cookie=0, name=test.log>
DEBUG:watchdog.observers.inotify_buffer:in-event <InotifyEvent: src_path=b'/home/rabbia/To-DoList/test.log', wd=1, mask=IN_MODIFY, cookie=0, name=test.log>
DEBUG:watchdog.observers.inotify_buffer:in-event <InotifyEvent: src_path=b'/home/rabbia/To-DoList/test.log', wd=1, mask=IN_MODIFY, cookie=0, name=test.log>
DEBUG:watchdog.observers.inotify_buffer:in-event <InotifyEvent: src_path=b'/home/rabbia/To-DoList/test.log', wd=1, mask=IN_MODIFY, cookie=0, name=test.log>
DEBUG:watchdog.observers.inotify_buffer:in-event <InotifyEvent: src_path=b'/home/rabbia/To-DoList/test.log', wd=1, mask=IN_MODIFY, cookie=0, name=test.log>
DEBUG:watchdog.observers.inotify_buffer:in-event <InotifyEvent: src_path=b'/home/rabbia/To-DoList/test.log', wd=1, mask=IN_MODIFY, cookie=0, name=test.log>
DEBUG:watchdog.observers.inotify_buffer:in-event <InotifyEvent: src_path=b'/home/rabbia/To-DoList/test.log', wd=1, mask=IN_MODIFY, cookie=0, name=test.log>
DEBUG:watchdog.observers.inotify_buffer:in-event <InotifyEvent: src_path=b'/home/rabbia/To-DoList/test.log', wd=1, mask=IN_MODIFY, cookie=0, name=test.log>
DEBUG:watchdog.observers.inotify_buffer:in-event <InotifyEvent: src_path=b'/home/rabbia/To-DoList/test.log', wd=1, mask=IN_MODIFY, cookie=0, name=test.log>
DEBUG:watchdog.observers.inotify_buffer:in-event <InotifyEvent: src_path=b'/home/rabbia/To-DoList/test.log', wd=1, mask=IN_MODIFY, cookie=0, name=test.log>
DEBUG:watchdog.observers.inotify_buffer:in-event <InotifyEvent: src_path=b'/home/rabbia/To-DoList/test.log', wd=1, mask=IN_MODIFY, cookie=0, name=test.log>
DEBUG:watchdog.observers.inotify_buffer:in-event <InotifyEvent: src_path=b'/home/rabbia/To-DoList/test.log', wd=1, mask=IN_MODIFY, cookie=0, name=test.log>
DEBUG:watchdog.observers.inotify_buffer:in-event <InotifyEvent: src_path=b'/home/rabbia/To-DoList/test.log', wd=1, mask=IN_MODIFY, cookie=0, name=test.log>
DEBUG:watchdog.observers.inotify_buffer:in-event <InotifyEvent: src_path=b'/home/rabbia/To-DoList/test.log', wd=1, mask=IN_MODIFY, cookie=0, name=test.log>
DEBUG:watchdog.observers.inotify_buffer:in-event <InotifyEvent: src_path=b'/home/rabbia/To-DoList/test.log', wd=1, mask=IN_MODIFY, cookie=0, name=test.log>
DEBUG:watchdog.observers.inotify_buffer:in-event <InotifyEvent: src_path=b'/home/rabbia/To-DoList/test.log', wd=1, mask=IN_MODIFY, cookie=0, name=test.log>
DEBUG:watchdog.observers.inotify_buffer:in-event <InotifyEvent: src_path=b'/home/rabbia/To-DoList/test.log', wd=1, mask=IN_MODIFY, cookie=0, name=test.log>
DEBUG:watchdog.observers.inotify_buffer:in-event <InotifyEvent: src_path=b'/home/rabbia/To-DoList/test.log', wd=1, mask=IN_MODIFY, cookie=0, name=test.log>
DEBUG:watchdog.observers.inotify_buffer:in-event <InotifyEvent: src_path=b'/home/rabbia/To-DoList/test.log', wd=1, mask=IN_MODIFY, cookie=0, name=test.log>
DEBUG:watchdog.observers.inotify_buffer:in-event <InotifyEvent: src_path=b'/home/rabbia/To-DoList/test.log', wd=1, mask=IN_MODIFY, cookie=0, name=test.log>
DEBUG:watchdog.observers.inotify_buffer:in-event <InotifyEvent: src_path=b'/home/rabbia/To-DoList/test.log', wd=1, mask=IN_MODIFY, cookie=0, name=test.log>
DEBUG:watchdog.observers.inotify_buffer:in-event <InotifyEvent: src_path=b'/home/rabbia/To-DoList/test.log', wd=1, mask=IN_MODIFY, cookie=0, name=test.log>
DEBUG:watchdog.observers.inotify_buffer:in-event <InotifyEvent: src_path=b'/home/rabbia/To-DoList/test.log', wd=1, mask=IN_MODIFY, cookie=0, name=test.log>
DEBUG:watchdog.observers.inotify_buffer:in-event <InotifyEvent: src_path=b'/home/rabbia/To-DoList/test.log', wd=1, mask=IN_MODIFY, cookie=0, name=test.log>
DEBUG:watchdog.observers.inotify_buffer:in-event <InotifyEvent: src_path=b'/home/rabbia/To-DoList/test.log', wd=1, mask=IN_MODIFY, cookie=0, name=test.log>
DEBUG:watchdog.observers.inotify_buffer:in-event <InotifyEvent: src_path=b'/home/rabbia/To-DoList/test.log', wd=1, mask=IN_MODIFY, cookie=0, name=test.log>
DEBUG:watchdog.observers.inotify_buffer:in-event <InotifyEvent: src_path=b'/home/rabbia/To-DoList/test.log', wd=1, mask=IN_MODIFY, cookie=0, name=test.log>
DEBUG:watchdog.observers.inotify_buffer:in-event <InotifyEvent: src_path=b'/home/rabbia/To-DoList/test.log', wd=1, mask=IN_MODIFY, cookie=0, name=test.log>
DEBUG:watchdog.observers.inotify_buffer:in-event <InotifyEvent: src_path=b'/home/rabbia/To-DoList/test.log', wd=1, mask=IN_MODIFY, cookie=0, name=test.log>
DEBUG:watchdog.observers.inotify_buffer:in-event <InotifyEvent: src_path=b'/home/rabbia/To-DoList/test.log', wd=1, mask=IN_MODIFY, cookie=0, name=test.log>
DEBUG:watchdog.observers.inotify_buffer:in-event <InotifyEvent: src_path=b'/home/rabbia/To-DoList/test.log', wd=1, mask=IN_MODIFY, cookie=0, name=test.log>
DEBUG:watchdog.observers.inotify_buffer:in-event <InotifyEvent: src_path=b'/home/rabbia/To-DoList/test.log', wd=1, mask=IN_MODIFY, cookie=0, name=test.log>
DEBUG:watchdog.observers.inotify_buffer:in-event <InotifyEvent: src_path=b'/home/rabbia/To-DoList/test.log', wd=1, mask=IN_MODIFY, cookie=0, name=test.log>
DEBUG:watchdog.observers.inotify_buffer:in-event <InotifyEvent: src_path=b'/home/rabbia/To-DoList/test.log', wd=1, mask=IN_MODIFY, cookie=0, name=test.log>
DEBUG:watchdog.observers.inotify_buffer:in-event <InotifyEvent: src_path=b'/home/rabbia/To-DoList/test.log', wd=1, mask=IN_MODIFY, cookie=0, name=test.log>
DEBUG:watchdog.observers.inotify_buffer:in-event <InotifyEvent: src_path=b'/home/rabbia/To-DoList/test.log', wd=1, mask=IN_MODIFY, cookie=0, name=test.log>
DEBUG:watchdog.observers.inotify_buffer:in-event <InotifyEvent: src_path=b'/home/rabbia/To-DoList/test.log', wd=1, mask=IN_MODIFY, cookie=0, name=test.log>
DEBUG:watchdog.observers.inotify_buffer:in-event <InotifyEvent: src_path=b'/home/rabbia/To-DoList/test.log', wd=1, mask=IN_MODIFY, cookie=0, name=test.log>
DEBUG:watchdog.observers.inotify_buffer:in-event <InotifyEvent: src_path=b'/home/rabbia/To-DoList/test.log', wd=1, mask=IN_MODIFY, cookie=0, name=test.log>
DEBUG:watchdog.observers.inotify_buffer:in-event <InotifyEvent: src_path=b'/home/rabbia/To-DoList/test.log', wd=1, mask=IN_MODIFY, cookie=0, name=test.log>
DEBUG:watchdog.observers.inotify_buffer:in-event <InotifyEvent: src_path=b'/home/rabbia/To-DoList/test.log', wd=1, mask=IN_MODIFY, cookie=0, name=test.log>
DEBUG:watchdog.observers.inotify_buffer:in-event <InotifyEvent: src_path=b'/home/rabbia/To-DoList/test.log', wd=1, mask=IN_MODIFY, cookie=0, name=test.log>
DEBUG:watchdog.observers.inotify_buffer:in-event <InotifyEvent: src_path=b'/home/rabbia/To-DoList/test.log', wd=1, mask=IN_MODIFY, cookie=0, name=test.log>
DEBUG:watchdog.observers.inotify_buffer:in-event <InotifyEvent: src_path=b'/home/rabbia/To-DoList/test.log', wd=1, mask=IN_MODIFY, cookie=0, name=test.log>
DEBUG:watchdog.observers.inotify_buffer:in-event <InotifyEvent: src_path=b'/home/rabbia/To-DoList/test.log', wd=1, mask=IN_MODIFY, cookie=0, name=test.log>
DEBUG:watchdog.observers.inotify_buffer:in-event <InotifyEvent: src_path=b'/home/rabbia/To-DoList/test.log', wd=1, mask=IN_MODIFY, cookie=0, name=test.log>
DEBUG:watchdog.observers.inotify_buffer:in-event <InotifyEvent: src_path=b'/home/rabbia/To-DoList/test.log', wd=1, mask=IN_MODIFY, cookie=0, name=test.log>
DEBUG:watchdog.observers.inotify_buffer:in-event <InotifyEvent: src_path=b'/home/rabbia/To-DoList/test.log', wd=1, mask=IN_MODIFY, cookie=0, name=test.log>
DEBUG:watchdog.observers.inotify_buffer:in-event <InotifyEvent: src_path=b'/home/rabbia/To-DoList/test.log', wd=1, mask=IN_MODIFY, cookie=0, name=test.log>
DEBUG:watchdog.observers.inotify_buffer:in-event <InotifyEvent: src_path=b'/home/rabbia/To-DoList/test.log', wd=1, mask=IN_MODIFY, cookie=0, name=test.log>
DEBUG:watchdog.observers.inotify_buffer:in-event <InotifyEvent: src_path=b'/home/rabbia/To-DoList/test.log', wd=1, mask=IN_MODIFY, cookie=0, name=test.log>
DEBUG:watchdog.observers.inotify_buffer:in-event <InotifyEvent: src_path=b'/home/rabbia/To-DoList/test.log', wd=1, mask=IN_MODIFY, cookie=0, name=test.log>
DEBUG:watchdog.observers.inotify_buffer:in-event <InotifyEvent: src_path=b'/home/rabbia/To-DoList/test.log', wd=1, mask=IN_MODIFY, cookie=0, name=test.log>
DEBUG:watchdog.observers.inotify_buffer:in-event <InotifyEvent: src_path=b'/home/rabbia/To-DoList/test.log', wd=1, mask=IN_MODIFY, cookie=0, name=test.log>
DEBUG:watchdog.observers.inotify_buffer:in-event <InotifyEvent: src_path=b'/home/rabbia/To-DoList/test.log', wd=1, mask=IN_MODIFY, cookie=0, name=test.log>
DEBUG:watchdog.observers.inotify_buffer:in-event <InotifyEvent: src_path=b'/home/rabbia/To-DoList/test.log', wd=1, mask=IN_MODIFY, cookie=0, name=test.log>
DEBUG:watchdog.observers.inotify_buffer:in-event <InotifyEvent: src_path=b'/home/rabbia/To-DoList/test.log', wd=1, mask=IN_MODIFY, cookie=0, name=test.log>
DEBUG:watchdog.observers.inotify_buffer:in-event <InotifyEvent: src_path=b'/home/rabbia/To-DoList/test.log', wd=1, mask=IN_MODIFY, cookie=0, name=test.log>
DEBUG:watchdog.observers.inotify_buffer:in-event <InotifyEvent: src_path=b'/home/rabbia/To-DoList/test.log', wd=1, mask=IN_MODIFY, cookie=0, name=test.log>
DEBUG:watchdog.observers.inotify_buffer:in-event <InotifyEvent: src_path=b'/home/rabbia/To-DoList/test.log', wd=1, mask=IN_MODIFY, cookie=0, name=test.log>
DEBUG:watchdog.observers.inotify_buffer:in-event <InotifyEvent: src_path=b'/home/rabbia/To-DoList/test.log', wd=1, mask=IN_MODIFY, cookie=0, name=test.log>
DEBUG:watchdog.observers.inotify_buffer:in-event <InotifyEvent: src_path=b'/home/rabbia/To-DoList/test.log', wd=1, mask=IN_MODIFY, cookie=0, name=test.log>
DEBUG:watchdog.observers.inotify_buffer:in-event <InotifyEvent: src_path=b'/home/rabbia/To-DoList/test.log', wd=1, mask=IN_MODIFY, cookie=0, name=test.log>
DEBUG:watchdog.observers.inotify_buffer:in-event <InotifyEvent: src_path=b'/home/rabbia/To-DoList/test.log', wd=1, mask=IN_MODIFY, cookie=0, name=test.log>
DEBUG:watchdog.observers.inotify_buffer:in-event <InotifyEvent: src_path=b'/home/rabbia/To-DoList/test.log', wd=1, mask=IN_MODIFY, cookie=0, name=test.log>
DEBUG:watchdog.observers.inotify_buffer:in-event <InotifyEvent: src_path=b'/home/rabbia/To-DoList/test.log', wd=1, mask=IN_MODIFY, cookie=0, name=test.log>
DEBUG:watchdog.observers.inotify_buffer:in-event <InotifyEvent: src_path=b'/home/rabbia/To-DoList/test.log', wd=1, mask=IN_MODIFY, cookie=0, name=test.log>
DEBUG:watchdog.observers.inotify_buffer:in-event <InotifyEvent: src_path=b'/home/rabbia/To-DoList/test.log', wd=1, mask=IN_MODIFY, cookie=0, name=test.log>
DEBUG:watchdog.observers.inotify_buffer:in-event <InotifyEvent: src_path=b'/home/rabbia/To-DoList/test.log', wd=1, mask=IN_MODIFY, cookie=0, name=test.log>
DEBUG:watchdog.observers.inotify_buffer:in-event <InotifyEvent: src_path=b'/home/rabbia/To-DoList/test.log', wd=1, mask=IN_MODIFY, cookie=0, name=test.log>
DEBUG:watchdog.observers.inotify_buffer:in-event <InotifyEvent: src_path=b'/home/rabbia/To-DoList/test.log', wd=1, mask=IN_MODIFY, cookie=0, name=test.log>
DEBUG:watchdog.observers.inotify_buffer:in-event <InotifyEvent: src_path=b'/home/rabbia/To-DoList/test.log', wd=1, mask=IN_MODIFY, cookie=0, name=test.log>
DEBUG:watchdog.observers.inotify_buffer:in-event <InotifyEvent: src_path=b'/home/rabbia/To-DoList/test.log', wd=1, mask=IN_MODIFY, cookie=0, name=test.log>
DEBUG:watchdog.observers.inotify_buffer:in-event <InotifyEvent: src_path=b'/home/rabbia/To-DoList/test.log', wd=1, mask=IN_MODIFY, cookie=0, name=test.log>
DEBUG:watchdog.observers.inotify_buffer:in-event <InotifyEvent: src_path=b'/home/rabbia/To-DoList/test.log', wd=1, mask=IN_MODIFY, cookie=0, name=test.log>
DEBUG:watchdog.observers.inotify_buffer:in-event <InotifyEvent: src_path=b'/home/rabbia/To-DoList/test.log', wd=1, mask=IN_MODIFY, cookie=0, name=test.log>
DEBUG:watchdog.observers.inotify_buffer:in-event <InotifyEvent: src_path=b'/home/rabbia/To-DoList/test.log', wd=1, mask=IN_MODIFY, cookie=0, name=test.log>
DEBUG:watchdog.observers.inotify_buffer:in-event <InotifyEvent: src_path=b'/home/rabbia/To-DoList/test.log', wd=1, mask=IN_MODIFY, cookie=0, name=test.log>
DEBUG:watchdog.observers.inotify_buffer:in-event <InotifyEvent: src_path=b'/home/rabbia/To-DoList/test.log', wd=1, mask=IN_MODIFY, cookie=0, name=test.log>
DEBUG:watchdog.observers.inotify_buffer:in-event <InotifyEvent: src_path=b'/home/rabbia/To-DoList/test.log', wd=1, mask=IN_MODIFY, cookie=0, name=test.log>
DEBUG:watchdog.observers.inotify_buffer:in-event <InotifyEvent: src_path=b'/home/rabbia/To-DoList/test.log', wd=1, mask=IN_MODIFY, cookie=0, name=test.log>
DEBUG:watchdog.observers.inotify_buffer:in-event <InotifyEvent: src_path=b'/home/rabbia/To-DoList/test.log', wd=1, mask=IN_MODIFY, cookie=0, name=test.log>
DEBUG:watchdog.observers.inotify_buffer:in-event <InotifyEvent: src_path=b'/home/rabbia/To-DoList/test.log', wd=1, mask=IN_MODIFY, cookie=0, name=test.log>
DEBUG:watchdog.observers.inotify_buffer:in-event <InotifyEvent: src_path=b'/home/rabbia/To-DoList/test.log', wd=1, mask=IN_MODIFY, cookie=0, name=test.log>
DEBUG:watchdog.observers.inotify_buffer:in-event <InotifyEvent: src_path=b'/home/rabbia/To-DoList/test.log', wd=1, mask=IN_MODIFY, cookie=0, name=test.log>
DEBUG:watchdog.observers.inotify_buffer:in-event <InotifyEvent: src_path=b'/home/rabbia/To-DoList/test.log', wd=1, mask=IN_MODIFY, cookie=0, name=test.log>
DEBUG:watchdog.observers.inotify_buffer:in-event <InotifyEvent: src_path=b'/home/rabbia/To-DoList/test.log', wd=1, mask=IN_MODIFY, cookie=0, name=test.log>
DEBUG:watchdog.observers.inotify_buffer:in-event <InotifyEvent: src_path=b'/home/rabbia/To-DoList/test.log', wd=1, mask=IN_MODIFY, cookie=0, name=test.log>
DEBUG:watchdog.observers.inotify_buffer:in-event <InotifyEvent: src_path=b'/home/rabbia/To-DoList/test.log', wd=1, mask=IN_MODIFY, cookie=0, name=test.log>
DEBUG:watchdog.observers.inotify_buffer:in-event <InotifyEvent: src_path=b'/home/rabbia/To-DoList/test.log', wd=1, mask=IN_MODIFY, cookie=0, name=test.log>
DEBUG:watchdog.observers.inotify_buffer:in-event <InotifyEvent: src_path=b'/home/rabbia/To-DoList/test.log', wd=1, mask=IN_MODIFY, cookie=0, name=test.log>
DEBUG:watchdog.observers.inotify_buffer:in-event <InotifyEvent: src_path=b'/home/rabbia/To-DoList/test.log', wd=1, mask=IN_MODIFY, cookie=0, name=test.log>
DEBUG:watchdog.observers.inotify_buffer:in-event <InotifyEvent: src_path=b'/home/rabbia/To-DoList/test.log', wd=1, mask=IN_MODIFY, cookie=0, name=test.log>
DEBUG:watchdog.observers.inotify_buffer:in-event <InotifyEvent: src_path=b'/home/rabbia/To-DoList/test.log', wd=1, mask=IN_MODIFY, cookie=0, name=test.log>
DEBUG:watchdog.observers.inotify_buffer:in-event <InotifyEvent: src_path=b'/home/rabbia/To-DoList/test.log', wd=1, mask=IN_MODIFY, cookie=0, name=test.log>
DEBUG:watchdog.observers.inotify_buffer:in-event <InotifyEvent: src_path=b'/home/rabbia/To-DoList/test.log', wd=1, mask=IN_MODIFY, cookie=0, name=test.log>
DEBUG:watchdog.observers.inotify_buffer:in-event <InotifyEvent: src_path=b'/home/rabbia/To-DoList/test.log', wd=1, mask=IN_MODIFY, cookie=0, name=test.log>
DEBUG:watchdog.observers.inotify_buffer:in-event <InotifyEvent: src_path=b'/home/rabbia/To-DoList/test.log', wd=1, mask=IN_MODIFY, cookie=0, name=test.log>
DEBUG:watchdog.observers.inotify_buffer:in-event <InotifyEvent: src_path=b'/home/rabbia/To-DoList/test.log', wd=1, mask=IN_MODIFY, cookie=0, name=test.log>
DEBUG:watchdog.observers.inotify_buffer:in-event <InotifyEvent: src_path=b'/home/rabbia/To-DoList/test.log', wd=1, mask=IN_MODIFY, cookie=0, name=test.log>
DEBUG:watchdog.observers.inotify_buffer:in-event <InotifyEvent: src_path=b'/home/rabbia/To-DoList/test.log', wd=1, mask=IN_MODIFY, cookie=0, name=test.log>
DEBUG:watchdog.observers.inotify_buffer:in-event <InotifyEvent: src_path=b'/home/rabbia/To-DoList/test.log', wd=1, mask=IN_MODIFY, cookie=0, name=test.log>
DEBUG:watchdog.observers.inotify_buffer:in-event <InotifyEvent: src_path=b'/home/rabbia/To-DoList/test.log', wd=1, mask=IN_MODIFY, cookie=0, name=test.log>
DEBUG:watchdog.observers.inotify_buffer:in-event <InotifyEvent: src_path=b'/home/rabbia/To-DoList/test.log', wd=1, mask=IN_MODIFY, cookie=0, name=test.log>
DEBUG:watchdog.observers.inotify_buffer:in-event <InotifyEvent: src_path=b'/home/rabbia/To-DoList/test.log', wd=1, mask=IN_MODIFY, cookie=0, name=test.log>
DEBUG:watchdog.observers.inotify_buffer:in-event <InotifyEvent: src_path=b'/home/rabbia/To-DoList/test.log', wd=1, mask=IN_MODIFY, cookie=0, name=test.log>
DEBUG:watchdog.observers.inotify_buffer:in-event <InotifyEvent: src_path=b'/home/rabbia/To-DoList/test.log', wd=1, mask=IN_MODIFY, cookie=0, name=test.log>
DEBUG:watchdog.observers.inotify_buffer:in-event <InotifyEvent: src_path=b'/home/rabbia/To-DoList/test.log', wd=1, mask=IN_MODIFY, cookie=0, name=test.log>
DEBUG:watchdog.observers.inotify_buffer:in-event <InotifyEvent: src_path=b'/home/rabbia/To-DoList/test.log', wd=1, mask=IN_MODIFY, cookie=0, name=test.log>
DEBUG:watchdog.observers.inotify_buffer:in-event <InotifyEvent: src_path=b'/home/rabbia/To-DoList/test.log', wd=1, mask=IN_MODIFY, cookie=0, name=test.log>
DEBUG:watchdog.observers.inotify_buffer:in-event <InotifyEvent: src_path=b'/home/rabbia/To-DoList/test.log', wd=1, mask=IN_MODIFY, cookie=0, name=test.log>
DEBUG:watchdog.observers.inotify_buffer:in-event <InotifyEvent: src_path=b'/home/rabbia/To-DoList/test.log', wd=1, mask=IN_MODIFY, cookie=0, name=test.log>
DEBUG:watchdog.observers.inotify_buffer:in-event <InotifyEvent: src_path=b'/home/rabbia/To-DoList/test.log', wd=1, mask=IN_MODIFY, cookie=0, name=test.log>
DEBUG:watchdog.observers.inotify_buffer:in-event <InotifyEvent: src_path=b'/home/rabbia/To-DoList/test.log', wd=1, mask=IN_MODIFY, cookie=0, name=test.log>
DEBUG:watchdog.observers.inotify_buffer:in-event <InotifyEvent: src_path=b'/home/rabbia/To-DoList/test.log', wd=1, mask=IN_MODIFY, cookie=0, name=test.log>
DEBUG:watchdog.observers.inotify_buffer:in-event <InotifyEvent: src_path=b'/home/rabbia/To-DoList/test.log', wd=1, mask=IN_MODIFY, cookie=0, name=test.log>
DEBUG:watchdog.observers.inotify_buffer:in-event <InotifyEvent: src_path=b'/home/rabbia/To-DoList/test.log', wd=1, mask=IN_MODIFY, cookie=0, name=test.log>
DEBUG:watchdog.observers.inotify_buffer:in-event <InotifyEvent: src_path=b'/home/rabbia/To-DoList/test.log', wd=1, mask=IN_MODIFY, cookie=0, name=test.log>
DEBUG:watchdog.observers.inotify_buffer:in-event <InotifyEvent: src_path=b'/home/rabbia/To-DoList/test.log', wd=1, mask=IN_MODIFY, cookie=0, name=test.log>
DEBUG:watchdog.observers.inotify_buffer:in-event <InotifyEvent: src_path=b'/home/rabbia/To-DoList/test.log', wd=1, mask=IN_MODIFY, cookie=0, name=test.log>
DEBUG:watchdog.observers.inotify_buffer:in-event <InotifyEvent: src_path=b'/home/rabbia/To-DoList/test.log', wd=1, mask=IN_MODIFY, cookie=0, name=test.log>
DEBUG:watchdog.observers.inotify_buffer:in-event <InotifyEvent: src_path=b'/home/rabbia/To-DoList/test.log', wd=1, mask=IN_MODIFY, cookie=0, name=test.log>
DEBUG:watchdog.observers.inotify_buffer:in-event <InotifyEvent: src_path=b'/home/rabbia/To-DoList/test.log', wd=1, mask=IN_MODIFY, cookie=0, name=test.log>
DEBUG:watchdog.observers.inotify_buffer:in-event <InotifyEvent: src_path=b'/home/rabbia/To-DoList/test.log', wd=1, mask=IN_MODIFY, cookie=0, name=test.log>
DEBUG:watchdog.observers.inotify_buffer:in-event <InotifyEvent: src_path=b'/home/rabbia/To-DoList/test.log', wd=1, mask=IN_MODIFY, cookie=0, name=test.log>
DEBUG:watchdog.observers.inotify_buffer:in-event <InotifyEvent: src_path=b'/home/rabbia/To-DoList/test.log', wd=1, mask=IN_MODIFY, cookie=0, name=test.log>
DEBUG:watchdog.observers.inotify_buffer:in-event <InotifyEvent: src_path=b'/home/rabbia/To-DoList/test.log', wd=1, mask=IN_MODIFY, cookie=0, name=test.log>
DEBUG:watchdog.observers.inotify_buffer:in-event <InotifyEvent: src_path=b'/home/rabbia/To-DoList/test.log', wd=1, mask=IN_MODIFY, cookie=0, name=test.log>
DEBUG:watchdog.observers.inotify_buffer:in-event <InotifyEvent: src_path=b'/home/rabbia/To-DoList/test.log', wd=1, mask=IN_MODIFY, cookie=0, name=test.log>
DEBUG:watchdog.observers.inotify_buffer:in-event <InotifyEvent: src_path=b'/home/rabbia/To-DoList/test.log', wd=1, mask=IN_MODIFY, cookie=0, name=test.log>
DEBUG:watchdog.observers.inotify_buffer:in-event <InotifyEvent: src_path=b'/home/rabbia/To-DoList/test.log', wd=1, mask=IN_MODIFY, cookie=0, name=test.log>
DEBUG:watchdog.observers.inotify_buffer:in-event <InotifyEvent: src_path=b'/home/rabbia/To-DoList/test.log', wd=1, mask=IN_MODIFY, cookie=0, name=test.log>
DEBUG:watchdog.observers.inotify_buffer:in-event <InotifyEvent: src_path=b'/home/rabbia/To-DoList/test.log', wd=1, mask=IN_MODIFY, cookie=0, name=test.log>
DEBUG:watchdog.observers.inotify_buffer:in-event <InotifyEvent: src_path=b'/home/rabbia/To-DoList/test.log', wd=1, mask=IN_MODIFY, cookie=0, name=test.log>
DEBUG:watchdog.observers.inotify_buffer:in-event <InotifyEvent: src_path=b'/home/rabbia/To-DoList/test.log', wd=1, mask=IN_MODIFY, cookie=0, name=test.log>
DEBUG:watchdog.observers.inotify_buffer:in-event <InotifyEvent: src_path=b'/home/rabbia/To-DoList/test.log', wd=1, mask=IN_MODIFY, cookie=0, name=test.log>
DEBUG:watchdog.observers.inotify_buffer:in-event <InotifyEvent: src_path=b'/home/rabbia/To-DoList/test.log', wd=1, mask=IN_MODIFY, cookie=0, name=test.log>
DEBUG:watchdog.observers.inotify_buffer:in-event <InotifyEvent: src_path=b'/home/rabbia/To-DoList/test.log', wd=1, mask=IN_MODIFY, cookie=0, name=test.log>
DEBUG:watchdog.observers.inotify_buffer:in-event <InotifyEvent: src_path=b'/home/rabbia/To-DoList/test.log', wd=1, mask=IN_MODIFY, cookie=0, name=test.log>
DEBUG:watchdog.observers.inotify_buffer:in-event <InotifyEvent: src_path=b'/home/rabbia/To-DoList/test.log', wd=1, mask=IN_MODIFY, cookie=0, name=test.log>
DEBUG:watchdog.observers.inotify_buffer:in-event <InotifyEvent: src_path=b'/home/rabbia/To-DoList/test.log', wd=1, mask=IN_MODIFY, cookie=0, name=test.log>
DEBUG:watchdog.observers.inotify_buffer:in-event <InotifyEvent: src_path=b'/home/rabbia/To-DoList/test.log', wd=1, mask=IN_MODIFY, cookie=0, name=test.log>
DEBUG:watchdog.observers.inotify_buffer:in-event <InotifyEvent: src_path=b'/home/rabbia/To-DoList/test.log', wd=1, mask=IN_MODIFY, cookie=0, name=test.log>
DEBUG:watchdog.observers.inotify_buffer:in-event <InotifyEvent: src_path=b'/home/rabbia/To-DoList/test.log', wd=1, mask=IN_MODIFY, cookie=0, name=test.log>
DEBUG:watchdog.observers.inotify_buffer:in-event <InotifyEvent: src_path=b'/home/rabbia/To-DoList/test.log', wd=1, mask=IN_MODIFY, cookie=0, name=test.log>
DEBUG:watchdog.observers.inotify_buffer:in-event <InotifyEvent: src_path=b'/home/rabbia/To-DoList/test.log', wd=1, mask=IN_MODIFY, cookie=0, name=test.log>
DEBUG:watchdog.observers.inotify_buffer:in-event <InotifyEvent: src_path=b'/home/rabbia/To-DoList/test.log', wd=1, mask=IN_MODIFY, cookie=0, name=test.log>
DEBUG:watchdog.observers.inotify_buffer:in-event <InotifyEvent: src_path=b'/home/rabbia/To-DoList/test.log', wd=1, mask=IN_MODIFY, cookie=0, name=test.log>
DEBUG:watchdog.observers.inotify_buffer:in-event <InotifyEvent: src_path=b'/home/rabbia/To-DoList/test.log', wd=1, mask=IN_MODIFY, cookie=0, name=test.log>
DEBUG:watchdog.observers.inotify_buffer:in-event <InotifyEvent: src_path=b'/home/rabbia/To-DoList/test.log', wd=1, mask=IN_MODIFY, cookie=0, name=test.log>
DEBUG:watchdog.observers.inotify_buffer:in-event <InotifyEvent: src_path=b'/home/rabbia/To-DoList/test.log', wd=1, mask=IN_MODIFY, cookie=0, name=test.log>
DEBUG:watchdog.observers.inotify_buffer:in-event <InotifyEvent: src_path=b'/home/rabbia/To-DoList/test.log', wd=1, mask=IN_MODIFY, cookie=0, name=test.log>
DEBUG:watchdog.observers.inotify_buffer:in-event <InotifyEvent: src_path=b'/home/rabbia/To-DoList/test.log', wd=1, mask=IN_MODIFY, cookie=0, name=test.log>
DEBUG:watchdog.observers.inotify_buffer:in-event <InotifyEvent: src_path=b'/home/rabbia/To-DoList/test.log', wd=1, mask=IN_MODIFY, cookie=0, name=test.log>
DEBUG:watchdog.observers.inotify_buffer:in-event <InotifyEvent: src_path=b'/home/rabbia/To-DoList/test.log', wd=1, mask=IN_MODIFY, cookie=0, name=test.log>
DEBUG:watchdog.observers.inotify_buffer:in-event <InotifyEvent: src_path=b'/home/rabbia/To-DoList/test.log', wd=1, mask=IN_MODIFY, cookie=0, name=test.log>
DEBUG:watchdog.observers.inotify_buffer:in-event <InotifyEvent: src_path=b'/home/rabbia/To-DoList/test.log', wd=1, mask=IN_MODIFY, cookie=0, name=test.log>
DEBUG:watchdog.observers.inotify_buffer:in-event <InotifyEvent: src_path=b'/home/rabbia/To-DoList/test.log', wd=1, mask=IN_MODIFY, cookie=0, name=test.log>
DEBUG:watchdog.observers.inotify_buffer:in-event <InotifyEvent: src_path=b'/home/rabbia/To-DoList/test.log', wd=1, mask=IN_MODIFY, cookie=0, name=test.log>
DEBUG:watchdog.observers.inotify_buffer:in-event <InotifyEvent: src_path=b'/home/rabbia/To-DoList/test.log', wd=1, mask=IN_MODIFY, cookie=0, name=test.log>
DEBUG:watchdog.observers.inotify_buffer:in-event <InotifyEvent: src_path=b'/home/rabbia/To-DoList/test.log', wd=1, mask=IN_MODIFY, cookie=0, name=test.log>
DEBUG:watchdog.observers.inotify_buffer:in-event <InotifyEvent: src_path=b'/home/rabbia/To-DoList/test.log', wd=1, mask=IN_MODIFY, cookie=0, name=test.log>
DEBUG:watchdog.observers.inotify_buffer:in-event <InotifyEvent: src_path=b'/home/rabbia/To-DoList/test.log', wd=1, mask=IN_MODIFY, cookie=0, name=test.log>
DEBUG:watchdog.observers.inotify_buffer:in-event <InotifyEvent: src_path=b'/home/rabbia/To-DoList/test.log', wd=1, mask=IN_MODIFY, cookie=0, name=test.log>
DEBUG:watchdog.observers.inotify_buffer:in-event <InotifyEvent: src_path=b'/home/rabbia/To-DoList/test.log', wd=1, mask=IN_MODIFY, cookie=0, name=test.log>
DEBUG:watchdog.observers.inotify_buffer:in-event <InotifyEvent: src_path=b'/home/rabbia/To-DoList/test.log', wd=1, mask=IN_MODIFY, cookie=0, name=test.log>
DEBUG:watchdog.observers.inotify_buffer:in-event <InotifyEvent: src_path=b'/home/rabbia/To-DoList/test.log', wd=1, mask=IN_MODIFY, cookie=0, name=test.log>
DEBUG:watchdog.observers.inotify_buffer:in-event <InotifyEvent: src_path=b'/home/rabbia/To-DoList/test.log', wd=1, mask=IN_MODIFY, cookie=0, name=test.log>
DEBUG:watchdog.observers.inotify_buffer:in-event <InotifyEvent: src_path=b'/home/rabbia/To-DoList/test.log', wd=1, mask=IN_MODIFY, cookie=0, name=test.log>
DEBUG:watchdog.observers.inotify_buffer:in-event <InotifyEvent: src_path=b'/home/rabbia/To-DoList/test.log', wd=1, mask=IN_MODIFY, cookie=0, name=test.log>
DEBUG:watchdog.observers.inotify_buffer:in-event <InotifyEvent: src_path=b'/home/rabbia/To-DoList/test.log', wd=1, mask=IN_MODIFY, cookie=0, name=test.log>
DEBUG:watchdog.observers.inotify_buffer:in-event <InotifyEvent: src_path=b'/home/rabbia/To-DoList/test.log', wd=1, mask=IN_MODIFY, cookie=0, name=test.log>
DEBUG:watchdog.observers.inotify_buffer:in-event <InotifyEvent: src_path=b'/home/rabbia/To-DoList/test.log', wd=1, mask=IN_MODIFY, cookie=0, name=test.log>
DEBUG:watchdog.observers.inotify_buffer:in-event <InotifyEvent: src_path=b'/home/rabbia/To-DoList/test.log', wd=1, mask=IN_MODIFY, cookie=0, name=test.log>
DEBUG:watchdog.observers.inotify_buffer:in-event <InotifyEvent: src_path=b'/home/rabbia/To-DoList/test.log', wd=1, mask=IN_MODIFY, cookie=0, name=test.log>
DEBUG:watchdog.observers.inotify_buffer:in-event <InotifyEvent: src_path=b'/home/rabbia/To-DoList/test.log', wd=1, mask=IN_MODIFY, cookie=0, name=test.log>
DEBUG:watchdog.observers.inotify_buffer:in-event <InotifyEvent: src_path=b'/home/rabbia/To-DoList/test.log', wd=1, mask=IN_MODIFY, cookie=0, name=test.log>
DEBUG:watchdog.observers.inotify_buffer:in-event <InotifyEvent: src_path=b'/home/rabbia/To-DoList/test.log', wd=1, mask=IN_MODIFY, cookie=0, name=test.log>
DEBUG:watchdog.observers.inotify_buffer:in-event <InotifyEvent: src_path=b'/home/rabbia/To-DoList/test.log', wd=1, mask=IN_MODIFY, cookie=0, name=test.log>
DEBUG:watchdog.observers.inotify_buffer:in-event <InotifyEvent: src_path=b'/home/rabbia/To-DoList/test.log', wd=1, mask=IN_MODIFY, cookie=0, name=test.log>
DEBUG:watchdog.observers.inotify_buffer:in-event <InotifyEvent: src_path=b'/home/rabbia/To-DoList/test.log', wd=1, mask=IN_MODIFY, cookie=0, name=test.log>
DEBUG:watchdog.observers.inotify_buffer:in-event <InotifyEvent: src_path=b'/home/rabbia/To-DoList/test.log', wd=1, mask=IN_MODIFY, cookie=0, name=test.log>
DEBUG:watchdog.observers.inotify_buffer:in-event <InotifyEvent: src_path=b'/home/rabbia/To-DoList/test.log', wd=1, mask=IN_MODIFY, cookie=0, name=test.log>
DEBUG:watchdog.observers.inotify_buffer:in-event <InotifyEvent: src_path=b'/home/rabbia/To-DoList/test.log', wd=1, mask=IN_MODIFY, cookie=0, name=test.log>
DEBUG:watchdog.observers.inotify_buffer:in-event <InotifyEvent: src_path=b'/home/rabbia/To-DoList/test.log', wd=1, mask=IN_MODIFY, cookie=0, name=test.log>
DEBUG:watchdog.observers.inotify_buffer:in-event <InotifyEvent: src_path=b'/home/rabbia/To-DoList/test.log', wd=1, mask=IN_MODIFY, cookie=0, name=test.log>
DEBUG:watchdog.observers.inotify_buffer:in-event <InotifyEvent: src_path=b'/home/rabbia/To-DoList/test.log', wd=1, mask=IN_MODIFY, cookie=0, name=test.log>
DEBUG:watchdog.observers.inotify_buffer:in-event <InotifyEvent: src_path=b'/home/rabbia/To-DoList/test.log', wd=1, mask=IN_MODIFY, cookie=0, name=test.log>
DEBUG:watchdog.observers.inotify_buffer:in-event <InotifyEvent: src_path=b'/home/rabbia/To-DoList/test.log', wd=1, mask=IN_MODIFY, cookie=0, name=test.log>
DEBUG:watchdog.observers.inotify_buffer:in-event <InotifyEvent: src_path=b'/home/rabbia/To-DoList/test.log', wd=1, mask=IN_MODIFY, cookie=0, name=test.log>
DEBUG:watchdog.observers.inotify_buffer:in-event <InotifyEvent: src_path=b'/home/rabbia/To-DoList/test.log', wd=1, mask=IN_MODIFY, cookie=0, name=test.log>
DEBUG:watchdog.observers.inotify_buffer:in-event <InotifyEvent: src_path=b'/home/rabbia/To-DoList/test.log', wd=1, mask=IN_MODIFY, cookie=0, name=test.log>
DEBUG:watchdog.observers.inotify_buffer:in-event <InotifyEvent: src_path=b'/home/rabbia/To-DoList/test.log', wd=1, mask=IN_MODIFY, cookie=0, name=test.log>
DEBUG:watchdog.observers.inotify_buffer:in-event <InotifyEvent: src_path=b'/home/rabbia/To-DoList/test.log', wd=1, mask=IN_MODIFY, cookie=0, name=test.log>
DEBUG:watchdog.observers.inotify_buffer:in-event <InotifyEvent: src_path=b'/home/rabbia/To-DoList/test.log', wd=1, mask=IN_MODIFY, cookie=0, name=test.log>
DEBUG:watchdog.observers.inotify_buffer:in-event <InotifyEvent: src_path=b'/home/rabbia/To-DoList/test.log', wd=1, mask=IN_MODIFY, cookie=0, name=test.log>
DEBUG:watchdog.observers.inotify_buffer:in-event <InotifyEvent: src_path=b'/home/rabbia/To-DoList/test.log', wd=1, mask=IN_MODIFY, cookie=0, name=test.log>
DEBUG:watchdog.observers.inotify_buffer:in-event <InotifyEvent: src_path=b'/home/rabbia/To-DoList/test.log', wd=1, mask=IN_MODIFY, cookie=0, name=test.log>
DEBUG:watchdog.observers.inotify_buffer:in-event <InotifyEvent: src_path=b'/home/rabbia/To-DoList/test.log', wd=1, mask=IN_MODIFY, cookie=0, name=test.log>
DEBUG:watchdog.observers.inotify_buffer:in-event <InotifyEvent: src_path=b'/home/rabbia/To-DoList/test.log', wd=1, mask=IN_MODIFY, cookie=0, name=test.log>
DEBUG:watchdog.observers.inotify_buffer:in-event <InotifyEvent: src_path=b'/home/rabbia/To-DoList/test.log', wd=1, mask=IN_MODIFY, cookie=0, name=test.log>
DEBUG:watchdog.observers.inotify_buffer:in-event <InotifyEvent: src_path=b'/home/rabbia/To-DoList/test.log', wd=1, mask=IN_MODIFY, cookie=0, name=test.log>
DEBUG:watchdog.observers.inotify_buffer:in-event <InotifyEvent: src_path=b'/home/rabbia/To-DoList/test.log', wd=1, mask=IN_MODIFY, cookie=0, name=test.log>
DEBUG:watchdog.observers.inotify_buffer:in-event <InotifyEvent: src_path=b'/home/rabbia/To-DoList/test.log', wd=1, mask=IN_MODIFY, cookie=0, name=test.log>
DEBUG:watchdog.observers.inotify_buffer:in-event <InotifyEvent: src_path=b'/home/rabbia/To-DoList/test.log', wd=1, mask=IN_MODIFY, cookie=0, name=test.log>
DEBUG:watchdog.observers.inotify_buffer:in-event <InotifyEvent: src_path=b'/home/rabbia/To-DoList/test.log', wd=1, mask=IN_MODIFY, cookie=0, name=test.log>
DEBUG:watchdog.observers.inotify_buffer:in-event <InotifyEvent: src_path=b'/home/rabbia/To-DoList/test.log', wd=1, mask=IN_MODIFY, cookie=0, name=test.log>
DEBUG:watchdog.observers.inotify_buffer:in-event <InotifyEvent: src_path=b'/home/rabbia/To-DoList/test.log', wd=1, mask=IN_MODIFY, cookie=0, name=test.log>
DEBUG:watchdog.observers.inotify_buffer:in-event <InotifyEvent: src_path=b'/home/rabbia/To-DoList/test.log', wd=1, mask=IN_MODIFY, cookie=0, name=test.log>
DEBUG:watchdog.observers.inotify_buffer:in-event <InotifyEvent: src_path=b'/home/rabbia/To-DoList/test.log', wd=1, mask=IN_MODIFY, cookie=0, name=test.log>
DEBUG:watchdog.observers.inotify_buffer:in-event <InotifyEvent: src_path=b'/home/rabbia/To-DoList/test.log', wd=1, mask=IN_MODIFY, cookie=0, name=test.log>
DEBUG:watchdog.observers.inotify_buffer:in-event <InotifyEvent: src_path=b'/home/rabbia/To-DoList/test.log', wd=1, mask=IN_MODIFY, cookie=0, name=test.log>
DEBUG:watchdog.observers.inotify_buffer:in-event <InotifyEvent: src_path=b'/home/rabbia/To-DoList/test.log', wd=1, mask=IN_MODIFY, cookie=0, name=test.log>
DEBUG:watchdog.observers.inotify_buffer:in-event <InotifyEvent: src_path=b'/home/rabbia/To-DoList/test.log', wd=1, mask=IN_MODIFY, cookie=0, name=test.log>
DEBUG:watchdog.observers.inotify_buffer:in-event <InotifyEvent: src_path=b'/home/rabbia/To-DoList/test.log', wd=1, mask=IN_MODIFY, cookie=0, name=test.log>
DEBUG:watchdog.observers.inotify_buffer:in-event <InotifyEvent: src_path=b'/home/rabbia/To-DoList/test.log', wd=1, mask=IN_MODIFY, cookie=0, name=test.log>
DEBUG:watchdog.observers.inotify_buffer:in-event <InotifyEvent: src_path=b'/home/rabbia/To-DoList/test.log', wd=1, mask=IN_MODIFY, cookie=0, name=test.log>
DEBUG:watchdog.observers.inotify_buffer:in-event <InotifyEvent: src_path=b'/home/rabbia/To-DoList/test.log', wd=1, mask=IN_MODIFY, cookie=0, name=test.log>
DEBUG:watchdog.observers.inotify_buffer:in-event <InotifyEvent: src_path=b'/home/rabbia/To-DoList/test.log', wd=1, mask=IN_MODIFY, cookie=0, name=test.log>
DEBUG:watchdog.observers.inotify_buffer:in-event <InotifyEvent: src_path=b'/home/rabbia/To-DoList/test.log', wd=1, mask=IN_MODIFY, cookie=0, name=test.log>
DEBUG:watchdog.observers.inotify_buffer:in-event <InotifyEvent: src_path=b'/home/rabbia/To-DoList/test.log', wd=1, mask=IN_MODIFY, cookie=0, name=test.log>
DEBUG:watchdog.observers.inotify_buffer:in-event <InotifyEvent: src_path=b'/home/rabbia/To-DoList/test.log', wd=1, mask=IN_MODIFY, cookie=0, name=test.log>
DEBUG:watchdog.observers.inotify_buffer:in-event <InotifyEvent: src_path=b'/home/rabbia/To-DoList/test.log', wd=1, mask=IN_MODIFY, cookie=0, name=test.log>
DEBUG:watchdog.observers.inotify_buffer:in-event <InotifyEvent: src_path=b'/home/rabbia/To-DoList/test.log', wd=1, mask=IN_MODIFY, cookie=0, name=test.log>
DEBUG:watchdog.observers.inotify_buffer:in-event <InotifyEvent: src_path=b'/home/rabbia/To-DoList/test.log', wd=1, mask=IN_MODIFY, cookie=0, name=test.log>
DEBUG:watchdog.observers.inotify_buffer:in-event <InotifyEvent: src_path=b'/home/rabbia/To-DoList/test.log', wd=1, mask=IN_MODIFY, cookie=0, name=test.log>
DEBUG:watchdog.observers.inotify_buffer:in-event <InotifyEvent: src_path=b'/home/rabbia/To-DoList/test.log', wd=1, mask=IN_MODIFY, cookie=0, name=test.log>
DEBUG:watchdog.observers.inotify_buffer:in-event <InotifyEvent: src_path=b'/home/rabbia/To-DoList/test.log', wd=1, mask=IN_MODIFY, cookie=0, name=test.log>
DEBUG:watchdog.observers.inotify_buffer:in-event <InotifyEvent: src_path=b'/home/rabbia/To-DoList/test.log', wd=1, mask=IN_MODIFY, cookie=0, name=test.log>
DEBUG:watchdog.observers.inotify_buffer:in-event <InotifyEvent: src_path=b'/home/rabbia/To-DoList/test.log', wd=1, mask=IN_MODIFY, cookie=0, name=test.log>
DEBUG:watchdog.observers.inotify_buffer:in-event <InotifyEvent: src_path=b'/home/rabbia/To-DoList/test.log', wd=1, mask=IN_MODIFY, cookie=0, name=test.log>
DEBUG:watchdog.observers.inotify_buffer:in-event <InotifyEvent: src_path=b'/home/rabbia/To-DoList/test.log', wd=1, mask=IN_MODIFY, cookie=0, name=test.log>
DEBUG:watchdog.observers.inotify_buffer:in-event <InotifyEvent: src_path=b'/home/rabbia/To-DoList/test.log', wd=1, mask=IN_MODIFY, cookie=0, name=test.log>
DEBUG:watchdog.observers.inotify_buffer:in-event <InotifyEvent: src_path=b'/home/rabbia/To-DoList/test.log', wd=1, mask=IN_MODIFY, cookie=0, name=test.log>
DEBUG:watchdog.observers.inotify_buffer:in-event <InotifyEvent: src_path=b'/home/rabbia/To-DoList/test.log', wd=1, mask=IN_MODIFY, cookie=0, name=test.log>
DEBUG:watchdog.observers.inotify_buffer:in-event <InotifyEvent: src_path=b'/home/rabbia/To-DoList/test.log', wd=1, mask=IN_MODIFY, cookie=0, name=test.log>
DEBUG:watchdog.observers.inotify_buffer:in-event <InotifyEvent: src_path=b'/home/rabbia/To-DoList/test.log', wd=1, mask=IN_MODIFY, cookie=0, name=test.log>
DEBUG:watchdog.observers.inotify_buffer:in-event <InotifyEvent: src_path=b'/home/rabbia/To-DoList/test.log', wd=1, mask=IN_MODIFY, cookie=0, name=test.log>
DEBUG:watchdog.observers.inotify_buffer:in-event <InotifyEvent: src_path=b'/home/rabbia/To-DoList/test.log', wd=1, mask=IN_MODIFY, cookie=0, name=test.log>
DEBUG:watchdog.observers.inotify_buffer:in-event <InotifyEvent: src_path=b'/home/rabbia/To-DoList/test.log', wd=1, mask=IN_MODIFY, cookie=0, name=test.log>
DEBUG:watchdog.observers.inotify_buffer:in-event <InotifyEvent: src_path=b'/home/rabbia/To-DoList/test.log', wd=1, mask=IN_MODIFY, cookie=0, name=test.log>
DEBUG:watchdog.observers.inotify_buffer:in-event <InotifyEvent: src_path=b'/home/rabbia/To-DoList/test.log', wd=1, mask=IN_MODIFY, cookie=0, name=test.log>
DEBUG:watchdog.observers.inotify_buffer:in-event <InotifyEvent: src_path=b'/home/rabbia/To-DoList/test.log', wd=1, mask=IN_MODIFY, cookie=0, name=test.log>
DEBUG:watchdog.observers.inotify_buffer:in-event <InotifyEvent: src_path=b'/home/rabbia/To-DoList/test.log', wd=1, mask=IN_MODIFY, cookie=0, name=test.log>
DEBUG:watchdog.observers.inotify_buffer:in-event <InotifyEvent: src_path=b'/home/rabbia/To-DoList/test.log', wd=1, mask=IN_MODIFY, cookie=0, name=test.log>
DEBUG:watchdog.observers.inotify_buffer:in-event <InotifyEvent: src_path=b'/home/rabbia/To-DoList/test.log', wd=1, mask=IN_MODIFY, cookie=0, name=test.log>
DEBUG:watchdog.observers.inotify_buffer:in-event <InotifyEvent: src_path=b'/home/rabbia/To-DoList/test.log', wd=1, mask=IN_MODIFY, cookie=0, name=test.log>
DEBUG:watchdog.observers.inotify_buffer:in-event <InotifyEvent: src_path=b'/home/rabbia/To-DoList/test.log', wd=1, mask=IN_MODIFY, cookie=0, name=test.log>
DEBUG:watchdog.observers.inotify_buffer:in-event <InotifyEvent: src_path=b'/home/rabbia/To-DoList/test.log', wd=1, mask=IN_MODIFY, cookie=0, name=test.log>
DEBUG:watchdog.observers.inotify_buffer:in-event <InotifyEvent: src_path=b'/home/rabbia/To-DoList/test.log', wd=1, mask=IN_MODIFY, cookie=0, name=test.log>
DEBUG:watchdog.observers.inotify_buffer:in-event <InotifyEvent: src_path=b'/home/rabbia/To-DoList/test.log', wd=1, mask=IN_MODIFY, cookie=0, name=test.log>
DEBUG:watchdog.observers.inotify_buffer:in-event <InotifyEvent: src_path=b'/home/rabbia/To-DoList/test.log', wd=1, mask=IN_MODIFY, cookie=0, name=test.log>
DEBUG:watchdog.observers.inotify_buffer:in-event <InotifyEvent: src_path=b'/home/rabbia/To-DoList/test.log', wd=1, mask=IN_MODIFY, cookie=0, name=test.log>
DEBUG:watchdog.observers.inotify_buffer:in-event <InotifyEvent: src_path=b'/home/rabbia/To-DoList/test.log', wd=1, mask=IN_MODIFY, cookie=0, name=test.log>
DEBUG:watchdog.observers.inotify_buffer:in-event <InotifyEvent: src_path=b'/home/rabbia/To-DoList/test.log', wd=1, mask=IN_MODIFY, cookie=0, name=test.log>
DEBUG:watchdog.observers.inotify_buffer:in-event <InotifyEvent: src_path=b'/home/rabbia/To-DoList/test.log', wd=1, mask=IN_MODIFY, cookie=0, name=test.log>
DEBUG:watchdog.observers.inotify_buffer:in-event <InotifyEvent: src_path=b'/home/rabbia/To-DoList/test.log', wd=1, mask=IN_MODIFY, cookie=0, name=test.log>
DEBUG:watchdog.observers.inotify_buffer:in-event <InotifyEvent: src_path=b'/home/rabbia/To-DoList/test.log', wd=1, mask=IN_MODIFY, cookie=0, name=test.log>
DEBUG:watchdog.observers.inotify_buffer:in-event <InotifyEvent: src_path=b'/home/rabbia/To-DoList/test.log', wd=1, mask=IN_MODIFY, cookie=0, name=test.log>
DEBUG:watchdog.observers.inotify_buffer:in-event <InotifyEvent: src_path=b'/home/rabbia/To-DoList/test.log', wd=1, mask=IN_MODIFY, cookie=0, name=test.log>
DEBUG:watchdog.observers.inotify_buffer:in-event <InotifyEvent: src_path=b'/home/rabbia/To-DoList/test.log', wd=1, mask=IN_MODIFY, cookie=0, name=test.log>
DEBUG:watchdog.observers.inotify_buffer:in-event <InotifyEvent: src_path=b'/home/rabbia/To-DoList/test.log', wd=1, mask=IN_MODIFY, cookie=0, name=test.log>
DEBUG:watchdog.observers.inotify_buffer:in-event <InotifyEvent: src_path=b'/home/rabbia/To-DoList/test.log', wd=1, mask=IN_MODIFY, cookie=0, name=test.log>
DEBUG:watchdog.observers.inotify_buffer:in-event <InotifyEvent: src_path=b'/home/rabbia/To-DoList/test.log', wd=1, mask=IN_MODIFY, cookie=0, name=test.log>
DEBUG:watchdog.observers.inotify_buffer:in-event <InotifyEvent: src_path=b'/home/rabbia/To-DoList/test.log', wd=1, mask=IN_MODIFY, cookie=0, name=test.log>
DEBUG:watchdog.observers.inotify_buffer:in-event <InotifyEvent: src_path=b'/home/rabbia/To-DoList/test.log', wd=1, mask=IN_MODIFY, cookie=0, name=test.log>
DEBUG:watchdog.observers.inotify_buffer:in-event <InotifyEvent: src_path=b'/home/rabbia/To-DoList/test.log', wd=1, mask=IN_MODIFY, cookie=0, name=test.log>
DEBUG:watchdog.observers.inotify_buffer:in-event <InotifyEvent: src_path=b'/home/rabbia/To-DoList/test.log', wd=1, mask=IN_MODIFY, cookie=0, name=test.log>
DEBUG:watchdog.observers.inotify_buffer:in-event <InotifyEvent: src_path=b'/home/rabbia/To-DoList/test.log', wd=1, mask=IN_MODIFY, cookie=0, name=test.log>
DEBUG:watchdog.observers.inotify_buffer:in-event <InotifyEvent: src_path=b'/home/rabbia/To-DoList/test.log', wd=1, mask=IN_MODIFY, cookie=0, name=test.log>
DEBUG:watchdog.observers.inotify_buffer:in-event <InotifyEvent: src_path=b'/home/rabbia/To-DoList/test.log', wd=1, mask=IN_MODIFY, cookie=0, name=test.log>
DEBUG:watchdog.observers.inotify_buffer:in-event <InotifyEvent: src_path=b'/home/rabbia/To-DoList/test.log', wd=1, mask=IN_MODIFY, cookie=0, name=test.log>
DEBUG:watchdog.observers.inotify_buffer:in-event <InotifyEvent: src_path=b'/home/rabbia/To-DoList/test.log', wd=1, mask=IN_MODIFY, cookie=0, name=test.log>
DEBUG:watchdog.observers.inotify_buffer:in-event <InotifyEvent: src_path=b'/home/rabbia/To-DoList/test.log', wd=1, mask=IN_MODIFY, cookie=0, name=test.log>
DEBUG:watchdog.observers.inotify_buffer:in-event <InotifyEvent: src_path=b'/home/rabbia/To-DoList/test.log', wd=1, mask=IN_MODIFY, cookie=0, name=test.log>
DEBUG:watchdog.observers.inotify_buffer:in-event <InotifyEvent: src_path=b'/home/rabbia/To-DoList/test.log', wd=1, mask=IN_MODIFY, cookie=0, name=test.log>
DEBUG:watchdog.observers.inotify_buffer:in-event <InotifyEvent: src_path=b'/home/rabbia/To-DoList/test.log', wd=1, mask=IN_MODIFY, cookie=0, name=test.log>
DEBUG:watchdog.observers.inotify_buffer:in-event <InotifyEvent: src_path=b'/home/rabbia/To-DoList/test.log', wd=1, mask=IN_MODIFY, cookie=0, name=test.log>
DEBUG:watchdog.observers.inotify_buffer:in-event <InotifyEvent: src_path=b'/home/rabbia/To-DoList/test.log', wd=1, mask=IN_MODIFY, cookie=0, name=test.log>
DEBUG:watchdog.observers.inotify_buffer:in-event <InotifyEvent: src_path=b'/home/rabbia/To-DoList/test.log', wd=1, mask=IN_MODIFY, cookie=0, name=test.log>
DEBUG:watchdog.observers.inotify_buffer:in-event <InotifyEvent: src_path=b'/home/rabbia/To-DoList/test.log', wd=1, mask=IN_MODIFY, cookie=0, name=test.log>
DEBUG:watchdog.observers.inotify_buffer:in-event <InotifyEvent: src_path=b'/home/rabbia/To-DoList/test.log', wd=1, mask=IN_MODIFY, cookie=0, name=test.log>
DEBUG:watchdog.observers.inotify_buffer:in-event <InotifyEvent: src_path=b'/home/rabbia/To-DoList/test.log', wd=1, mask=IN_MODIFY, cookie=0, name=test.log>
DEBUG:watchdog.observers.inotify_buffer:in-event <InotifyEvent: src_path=b'/home/rabbia/To-DoList/test.log', wd=1, mask=IN_MODIFY, cookie=0, name=test.log>
DEBUG:watchdog.observers.inotify_buffer:in-event <InotifyEvent: src_path=b'/home/rabbia/To-DoList/test.log', wd=1, mask=IN_MODIFY, cookie=0, name=test.log>
DEBUG:watchdog.observers.inotify_buffer:in-event <InotifyEvent: src_path=b'/home/rabbia/To-DoList/test.log', wd=1, mask=IN_MODIFY, cookie=0, name=test.log>
DEBUG:watchdog.observers.inotify_buffer:in-event <InotifyEvent: src_path=b'/home/rabbia/To-DoList/test.log', wd=1, mask=IN_MODIFY, cookie=0, name=test.log>
DEBUG:watchdog.observers.inotify_buffer:in-event <InotifyEvent: src_path=b'/home/rabbia/To-DoList/test.log', wd=1, mask=IN_MODIFY, cookie=0, name=test.log>
DEBUG:watchdog.observers.inotify_buffer:in-event <InotifyEvent: src_path=b'/home/rabbia/To-DoList/test.log', wd=1, mask=IN_MODIFY, cookie=0, name=test.log>
DEBUG:watchdog.observers.inotify_buffer:in-event <InotifyEvent: src_path=b'/home/rabbia/To-DoList/test.log', wd=1, mask=IN_MODIFY, cookie=0, name=test.log>
DEBUG:watchdog.observers.inotify_buffer:in-event <InotifyEvent: src_path=b'/home/rabbia/To-DoList/test.log', wd=1, mask=IN_MODIFY, cookie=0, name=test.log>
DEBUG:watchdog.observers.inotify_buffer:in-event <InotifyEvent: src_path=b'/home/rabbia/To-DoList/test.log', wd=1, mask=IN_MODIFY, cookie=0, name=test.log>
DEBUG:watchdog.observers.inotify_buffer:in-event <InotifyEvent: src_path=b'/home/rabbia/To-DoList/test.log', wd=1, mask=IN_MODIFY, cookie=0, name=test.log>
DEBUG:watchdog.observers.inotify_buffer:in-event <InotifyEvent: src_path=b'/home/rabbia/To-DoList/test.log', wd=1, mask=IN_MODIFY, cookie=0, name=test.log>
DEBUG:watchdog.observers.inotify_buffer:in-event <InotifyEvent: src_path=b'/home/rabbia/To-DoList/test.log', wd=1, mask=IN_MODIFY, cookie=0, name=test.log>
DEBUG:watchdog.observers.inotify_buffer:in-event <InotifyEvent: src_path=b'/home/rabbia/To-DoList/test.log', wd=1, mask=IN_MODIFY, cookie=0, name=test.log>
DEBUG:watchdog.observers.inotify_buffer:in-event <InotifyEvent: src_path=b'/home/rabbia/To-DoList/test.log', wd=1, mask=IN_MODIFY, cookie=0, name=test.log>
DEBUG:watchdog.observers.inotify_buffer:in-event <InotifyEvent: src_path=b'/home/rabbia/To-DoList/test.log', wd=1, mask=IN_MODIFY, cookie=0, name=test.log>
DEBUG:watchdog.observers.inotify_buffer:in-event <InotifyEvent: src_path=b'/home/rabbia/To-DoList/test.log', wd=1, mask=IN_MODIFY, cookie=0, name=test.log>
DEBUG:watchdog.observers.inotify_buffer:in-event <InotifyEvent: src_path=b'/home/rabbia/To-DoList/test.log', wd=1, mask=IN_MODIFY, cookie=0, name=test.log>
DEBUG:watchdog.observers.inotify_buffer:in-event <InotifyEvent: src_path=b'/home/rabbia/To-DoList/test.log', wd=1, mask=IN_MODIFY, cookie=0, name=test.log>
DEBUG:watchdog.observers.inotify_buffer:in-event <InotifyEvent: src_path=b'/home/rabbia/To-DoList/test.log', wd=1, mask=IN_MODIFY, cookie=0, name=test.log>
DEBUG:watchdog.observers.inotify_buffer:in-event <InotifyEvent: src_path=b'/home/rabbia/To-DoList/test.log', wd=1, mask=IN_MODIFY, cookie=0, name=test.log>
DEBUG:watchdog.observers.inotify_buffer:in-event <InotifyEvent: src_path=b'/home/rabbia/To-DoList/test.log', wd=1, mask=IN_MODIFY, cookie=0, name=test.log>
DEBUG:watchdog.observers.inotify_buffer:in-event <InotifyEvent: src_path=b'/home/rabbia/To-DoList/test.log', wd=1, mask=IN_MODIFY, cookie=0, name=test.log>
DEBUG:watchdog.observers.inotify_buffer:in-event <InotifyEvent: src_path=b'/home/rabbia/To-DoList/test.log', wd=1, mask=IN_MODIFY, cookie=0, name=test.log>
DEBUG:watchdog.observers.inotify_buffer:in-event <InotifyEvent: src_path=b'/home/rabbia/To-DoList/test.log', wd=1, mask=IN_MODIFY, cookie=0, name=test.log>
DEBUG:watchdog.observers.inotify_buffer:in-event <InotifyEvent: src_path=b'/home/rabbia/To-DoList/test.log', wd=1, mask=IN_MODIFY, cookie=0, name=test.log>
DEBUG:watchdog.observers.inotify_buffer:in-event <InotifyEvent: src_path=b'/home/rabbia/To-DoList/test.log', wd=1, mask=IN_MODIFY, cookie=0, name=test.log>
DEBUG:watchdog.observers.inotify_buffer:in-event <InotifyEvent: src_path=b'/home/rabbia/To-DoList/test.log', wd=1, mask=IN_MODIFY, cookie=0, name=test.log>
DEBUG:watchdog.observers.inotify_buffer:in-event <InotifyEvent: src_path=b'/home/rabbia/To-DoList/test.log', wd=1, mask=IN_MODIFY, cookie=0, name=test.log>
DEBUG:watchdog.observers.inotify_buffer:in-event <InotifyEvent: src_path=b'/home/rabbia/To-DoList/test.log', wd=1, mask=IN_MODIFY, cookie=0, name=test.log>
DEBUG:watchdog.observers.inotify_buffer:in-event <InotifyEvent: src_path=b'/home/rabbia/To-DoList/test.log', wd=1, mask=IN_MODIFY, cookie=0, name=test.log>
DEBUG:watchdog.observers.inotify_buffer:in-event <InotifyEvent: src_path=b'/home/rabbia/To-DoList/test.log', wd=1, mask=IN_MODIFY, cookie=0, name=test.log>
DEBUG:watchdog.observers.inotify_buffer:in-event <InotifyEvent: src_path=b'/home/rabbia/To-DoList/test.log', wd=1, mask=IN_MODIFY, cookie=0, name=test.log>
DEBUG:watchdog.observers.inotify_buffer:in-event <InotifyEvent: src_path=b'/home/rabbia/To-DoList/test.log', wd=1, mask=IN_MODIFY, cookie=0, name=test.log>
DEBUG:watchdog.observers.inotify_buffer:in-event <InotifyEvent: src_path=b'/home/rabbia/To-DoList/test.log', wd=1, mask=IN_MODIFY, cookie=0, name=test.log>
DEBUG:watchdog.observers.inotify_buffer:in-event <InotifyEvent: src_path=b'/home/rabbia/To-DoList/test.log', wd=1, mask=IN_MODIFY, cookie=0, name=test.log>
DEBUG:watchdog.observers.inotify_buffer:in-event <InotifyEvent: src_path=b'/home/rabbia/To-DoList/test.log', wd=1, mask=IN_MODIFY, cookie=0, name=test.log>
DEBUG:watchdog.observers.inotify_buffer:in-event <InotifyEvent: src_path=b'/home/rabbia/To-DoList/test.log', wd=1, mask=IN_MODIFY, cookie=0, name=test.log>
DEBUG:watchdog.observers.inotify_buffer:in-event <InotifyEvent: src_path=b'/home/rabbia/To-DoList/test.log', wd=1, mask=IN_MODIFY, cookie=0, name=test.log>
DEBUG:watchdog.observers.inotify_buffer:in-event <InotifyEvent: src_path=b'/home/rabbia/To-DoList/test.log', wd=1, mask=IN_MODIFY, cookie=0, name=test.log>
DEBUG:watchdog.observers.inotify_buffer:in-event <InotifyEvent: src_path=b'/home/rabbia/To-DoList/test.log', wd=1, mask=IN_MODIFY, cookie=0, name=test.log>
DEBUG:watchdog.observers.inotify_buffer:in-event <InotifyEvent: src_path=b'/home/rabbia/To-DoList/test.log', wd=1, mask=IN_MODIFY, cookie=0, name=test.log>
DEBUG:watchdog.observers.inotify_buffer:in-event <InotifyEvent: src_path=b'/home/rabbia/To-DoList/test.log', wd=1, mask=IN_MODIFY, cookie=0, name=test.log>
DEBUG:watchdog.observers.inotify_buffer:in-event <InotifyEvent: src_path=b'/home/rabbia/To-DoList/test.log', wd=1, mask=IN_MODIFY, cookie=0, name=test.log>
DEBUG:watchdog.observers.inotify_buffer:in-event <InotifyEvent: src_path=b'/home/rabbia/To-DoList/test.log', wd=1, mask=IN_MODIFY, cookie=0, name=test.log>
DEBUG:watchdog.observers.inotify_buffer:in-event <InotifyEvent: src_path=b'/home/rabbia/To-DoList/test.log', wd=1, mask=IN_MODIFY, cookie=0, name=test.log>
DEBUG:watchdog.observers.inotify_buffer:in-event <InotifyEvent: src_path=b'/home/rabbia/To-DoList/test.log', wd=1, mask=IN_MODIFY, cookie=0, name=test.log>
DEBUG:watchdog.observers.inotify_buffer:in-event <InotifyEvent: src_path=b'/home/rabbia/To-DoList/test.log', wd=1, mask=IN_MODIFY, cookie=0, name=test.log>
DEBUG:watchdog.observers.inotify_buffer:in-event <InotifyEvent: src_path=b'/home/rabbia/To-DoList/test.log', wd=1, mask=IN_MODIFY, cookie=0, name=test.log>
DEBUG:watchdog.observers.inotify_buffer:in-event <InotifyEvent: src_path=b'/home/rabbia/To-DoList/test.log', wd=1, mask=IN_MODIFY, cookie=0, name=test.log>
DEBUG:watchdog.observers.inotify_buffer:in-event <InotifyEvent: src_path=b'/home/rabbia/To-DoList/test.log', wd=1, mask=IN_MODIFY, cookie=0, name=test.log>
DEBUG:watchdog.observers.inotify_buffer:in-event <InotifyEvent: src_path=b'/home/rabbia/To-DoList/test.log', wd=1, mask=IN_MODIFY, cookie=0, name=test.log>
DEBUG:watchdog.observers.inotify_buffer:in-event <InotifyEvent: src_path=b'/home/rabbia/To-DoList/test.log', wd=1, mask=IN_MODIFY, cookie=0, name=test.log>
DEBUG:watchdog.observers.inotify_buffer:in-event <InotifyEvent: src_path=b'/home/rabbia/To-DoList/test.log', wd=1, mask=IN_MODIFY, cookie=0, name=test.log>
DEBUG:watchdog.observers.inotify_buffer:in-event <InotifyEvent: src_path=b'/home/rabbia/To-DoList/test.log', wd=1, mask=IN_MODIFY, cookie=0, name=test.log>
DEBUG:watchdog.observers.inotify_buffer:in-event <InotifyEvent: src_path=b'/home/rabbia/To-DoList/test.log', wd=1, mask=IN_MODIFY, cookie=0, name=test.log>
DEBUG:watchdog.observers.inotify_buffer:in-event <InotifyEvent: src_path=b'/home/rabbia/To-DoList/test.log', wd=1, mask=IN_MODIFY, cookie=0, name=test.log>
DEBUG:watchdog.observers.inotify_buffer:in-event <InotifyEvent: src_path=b'/home/rabbia/To-DoList/test.log', wd=1, mask=IN_MODIFY, cookie=0, name=test.log>
DEBUG:watchdog.observers.inotify_buffer:in-event <InotifyEvent: src_path=b'/home/rabbia/To-DoList/test.log', wd=1, mask=IN_MODIFY, cookie=0, name=test.log>
DEBUG:watchdog.observers.inotify_buffer:in-event <InotifyEvent: src_path=b'/home/rabbia/To-DoList/test.log', wd=1, mask=IN_MODIFY, cookie=0, name=test.log>
DEBUG:watchdog.observers.inotify_buffer:in-event <InotifyEvent: src_path=b'/home/rabbia/To-DoList/test.log', wd=1, mask=IN_MODIFY, cookie=0, name=test.log>
DEBUG:watchdog.observers.inotify_buffer:in-event <InotifyEvent: src_path=b'/home/rabbia/To-DoList/test.log', wd=1, mask=IN_MODIFY, cookie=0, name=test.log>
DEBUG:watchdog.observers.inotify_buffer:in-event <InotifyEvent: src_path=b'/home/rabbia/To-DoList/test.log', wd=1, mask=IN_MODIFY, cookie=0, name=test.log>
DEBUG:watchdog.observers.inotify_buffer:in-event <InotifyEvent: src_path=b'/home/rabbia/To-DoList/test.log', wd=1, mask=IN_MODIFY, cookie=0, name=test.log>
DEBUG:watchdog.observers.inotify_buffer:in-event <InotifyEvent: src_path=b'/home/rabbia/To-DoList/test.log', wd=1, mask=IN_MODIFY, cookie=0, name=test.log>
DEBUG:watchdog.observers.inotify_buffer:in-event <InotifyEvent: src_path=b'/home/rabbia/To-DoList/test.log', wd=1, mask=IN_MODIFY, cookie=0, name=test.log>
DEBUG:watchdog.observers.inotify_buffer:in-event <InotifyEvent: src_path=b'/home/rabbia/To-DoList/test.log', wd=1, mask=IN_MODIFY, cookie=0, name=test.log>
DEBUG:watchdog.observers.inotify_buffer:in-event <InotifyEvent: src_path=b'/home/rabbia/To-DoList/test.log', wd=1, mask=IN_MODIFY, cookie=0, name=test.log>
DEBUG:watchdog.observers.inotify_buffer:in-event <InotifyEvent: src_path=b'/home/rabbia/To-DoList/test.log', wd=1, mask=IN_MODIFY, cookie=0, name=test.log>
DEBUG:watchdog.observers.inotify_buffer:in-event <InotifyEvent: src_path=b'/home/rabbia/To-DoList/test.log', wd=1, mask=IN_MODIFY, cookie=0, name=test.log>
DEBUG:watchdog.observers.inotify_buffer:in-event <InotifyEvent: src_path=b'/home/rabbia/To-DoList/test.log', wd=1, mask=IN_MODIFY, cookie=0, name=test.log>
DEBUG:watchdog.observers.inotify_buffer:in-event <InotifyEvent: src_path=b'/home/rabbia/To-DoList/test.log', wd=1, mask=IN_MODIFY, cookie=0, name=test.log>
DEBUG:watchdog.observers.inotify_buffer:in-event <InotifyEvent: src_path=b'/home/rabbia/To-DoList/test.log', wd=1, mask=IN_MODIFY, cookie=0, name=test.log>
DEBUG:watchdog.observers.inotify_buffer:in-event <InotifyEvent: src_path=b'/home/rabbia/To-DoList/test.log', wd=1, mask=IN_MODIFY, cookie=0, name=test.log>
DEBUG:watchdog.observers.inotify_buffer:in-event <InotifyEvent: src_path=b'/home/rabbia/To-DoList/test.log', wd=1, mask=IN_MODIFY, cookie=0, name=test.log>
DEBUG:watchdog.observers.inotify_buffer:in-event <InotifyEvent: src_path=b'/home/rabbia/To-DoList/test.log', wd=1, mask=IN_MODIFY, cookie=0, name=test.log>
DEBUG:watchdog.observers.inotify_buffer:in-event <InotifyEvent: src_path=b'/home/rabbia/To-DoList/test.log', wd=1, mask=IN_MODIFY, cookie=0, name=test.log>
DEBUG:watchdog.observers.inotify_buffer:in-event <InotifyEvent: src_path=b'/home/rabbia/To-DoList/test.log', wd=1, mask=IN_MODIFY, cookie=0, name=test.log>
DEBUG:watchdog.observers.inotify_buffer:in-event <InotifyEvent: src_path=b'/home/rabbia/To-DoList/test.log', wd=1, mask=IN_MODIFY, cookie=0, name=test.log>
DEBUG:watchdog.observers.inotify_buffer:in-event <InotifyEvent: src_path=b'/home/rabbia/To-DoList/test.log', wd=1, mask=IN_MODIFY, cookie=0, name=test.log>
DEBUG:watchdog.observers.inotify_buffer:in-event <InotifyEvent: src_path=b'/home/rabbia/To-DoList/test.log', wd=1, mask=IN_MODIFY, cookie=0, name=test.log>
DEBUG:watchdog.observers.inotify_buffer:in-event <InotifyEvent: src_path=b'/home/rabbia/To-DoList/test.log', wd=1, mask=IN_MODIFY, cookie=0, name=test.log>
DEBUG:watchdog.observers.inotify_buffer:in-event <InotifyEvent: src_path=b'/home/rabbia/To-DoList/test.log', wd=1, mask=IN_MODIFY, cookie=0, name=test.log>
DEBUG:watchdog.observers.inotify_buffer:in-event <InotifyEvent: src_path=b'/home/rabbia/To-DoList/test.log', wd=1, mask=IN_MODIFY, cookie=0, name=test.log>
DEBUG:watchdog.observers.inotify_buffer:in-event <InotifyEvent: src_path=b'/home/rabbia/To-DoList/test.log', wd=1, mask=IN_MODIFY, cookie=0, name=test.log>
DEBUG:watchdog.observers.inotify_buffer:in-event <InotifyEvent: src_path=b'/home/rabbia/To-DoList/test.log', wd=1, mask=IN_MODIFY, cookie=0, name=test.log>
DEBUG:watchdog.observers.inotify_buffer:in-event <InotifyEvent: src_path=b'/home/rabbia/To-DoList/test.log', wd=1, mask=IN_MODIFY, cookie=0, name=test.log>
DEBUG:watchdog.observers.inotify_buffer:in-event <InotifyEvent: src_path=b'/home/rabbia/To-DoList/test.log', wd=1, mask=IN_MODIFY, cookie=0, name=test.log>
DEBUG:watchdog.observers.inotify_buffer:in-event <InotifyEvent: src_path=b'/home/rabbia/To-DoList/test.log', wd=1, mask=IN_MODIFY, cookie=0, name=test.log>
DEBUG:watchdog.observers.inotify_buffer:in-event <InotifyEvent: src_path=b'/home/rabbia/To-DoList/test.log', wd=1, mask=IN_MODIFY, cookie=0, name=test.log>
DEBUG:watchdog.observers.inotify_buffer:in-event <InotifyEvent: src_path=b'/home/rabbia/To-DoList/test.log', wd=1, mask=IN_MODIFY, cookie=0, name=test.log>
DEBUG:watchdog.observers.inotify_buffer:in-event <InotifyEvent: src_path=b'/home/rabbia/To-DoList/test.log', wd=1, mask=IN_MODIFY, cookie=0, name=test.log>
DEBUG:watchdog.observers.inotify_buffer:in-event <InotifyEvent: src_path=b'/home/rabbia/To-DoList/test.log', wd=1, mask=IN_MODIFY, cookie=0, name=test.log>
DEBUG:watchdog.observers.inotify_buffer:in-event <InotifyEvent: src_path=b'/home/rabbia/To-DoList/test.log', wd=1, mask=IN_MODIFY, cookie=0, name=test.log>
DEBUG:watchdog.observers.inotify_buffer:in-event <InotifyEvent: src_path=b'/home/rabbia/To-DoList/test.log', wd=1, mask=IN_MODIFY, cookie=0, name=test.log>
DEBUG:watchdog.observers.inotify_buffer:in-event <InotifyEvent: src_path=b'/home/rabbia/To-DoList/test.log', wd=1, mask=IN_MODIFY, cookie=0, name=test.log>
DEBUG:watchdog.observers.inotify_buffer:in-event <InotifyEvent: src_path=b'/home/rabbia/To-DoList/test.log', wd=1, mask=IN_MODIFY, cookie=0, name=test.log>
DEBUG:watchdog.observers.inotify_buffer:in-event <InotifyEvent: src_path=b'/home/rabbia/To-DoList/test.log', wd=1, mask=IN_MODIFY, cookie=0, name=test.log>
DEBUG:watchdog.observers.inotify_buffer:in-event <InotifyEvent: src_path=b'/home/rabbia/To-DoList/test.log', wd=1, mask=IN_MODIFY, cookie=0, name=test.log>
DEBUG:watchdog.observers.inotify_buffer:in-event <InotifyEvent: src_path=b'/home/rabbia/To-DoList/test.log', wd=1, mask=IN_MODIFY, cookie=0, name=test.log>
DEBUG:watchdog.observers.inotify_buffer:in-event <InotifyEvent: src_path=b'/home/rabbia/To-DoList/test.log', wd=1, mask=IN_MODIFY, cookie=0, name=test.log>
DEBUG:watchdog.observers.inotify_buffer:in-event <InotifyEvent: src_path=b'/home/rabbia/To-DoList/test.log', wd=1, mask=IN_MODIFY, cookie=0, name=test.log>
DEBUG:watchdog.observers.inotify_buffer:in-event <InotifyEvent: src_path=b'/home/rabbia/To-DoList/test.log', wd=1, mask=IN_MODIFY, cookie=0, name=test.log>
DEBUG:watchdog.observers.inotify_buffer:in-event <InotifyEvent: src_path=b'/home/rabbia/To-DoList/test.log', wd=1, mask=IN_MODIFY, cookie=0, name=test.log>
DEBUG:watchdog.observers.inotify_buffer:in-event <InotifyEvent: src_path=b'/home/rabbia/To-DoList/test.log', wd=1, mask=IN_MODIFY, cookie=0, name=test.log>
DEBUG:watchdog.observers.inotify_buffer:in-event <InotifyEvent: src_path=b'/home/rabbia/To-DoList/test.log', wd=1, mask=IN_MODIFY, cookie=0, name=test.log>
DEBUG:watchdog.observers.inotify_buffer:in-event <InotifyEvent: src_path=b'/home/rabbia/To-DoList/test.log', wd=1, mask=IN_MODIFY, cookie=0, name=test.log>
DEBUG:watchdog.observers.inotify_buffer:in-event <InotifyEvent: src_path=b'/home/rabbia/To-DoList/test.log', wd=1, mask=IN_MODIFY, cookie=0, name=test.log>
DEBUG:watchdog.observers.inotify_buffer:in-event <InotifyEvent: src_path=b'/home/rabbia/To-DoList/test.log', wd=1, mask=IN_MODIFY, cookie=0, name=test.log>
DEBUG:watchdog.observers.inotify_buffer:in-event <InotifyEvent: src_path=b'/home/rabbia/To-DoList/test.log', wd=1, mask=IN_MODIFY, cookie=0, name=test.log>
DEBUG:watchdog.observers.inotify_buffer:in-event <InotifyEvent: src_path=b'/home/rabbia/To-DoList/test.log', wd=1, mask=IN_MODIFY, cookie=0, name=test.log>
DEBUG:watchdog.observers.inotify_buffer:in-event <InotifyEvent: src_path=b'/home/rabbia/To-DoList/test.log', wd=1, mask=IN_MODIFY, cookie=0, name=test.log>
DEBUG:watchdog.observers.inotify_buffer:in-event <InotifyEvent: src_path=b'/home/rabbia/To-DoList/test.log', wd=1, mask=IN_MODIFY, cookie=0, name=test.log>
DEBUG:watchdog.observers.inotify_buffer:in-event <InotifyEvent: src_path=b'/home/rabbia/To-DoList/test.log', wd=1, mask=IN_MODIFY, cookie=0, name=test.log>
DEBUG:watchdog.observers.inotify_buffer:in-event <InotifyEvent: src_path=b'/home/rabbia/To-DoList/test.log', wd=1, mask=IN_MODIFY, cookie=0, name=test.log>
DEBUG:watchdog.observers.inotify_buffer:in-event <InotifyEvent: src_path=b'/home/rabbia/To-DoList/test.log', wd=1, mask=IN_MODIFY, cookie=0, name=test.log>
DEBUG:watchdog.observers.inotify_buffer:in-event <InotifyEvent: src_path=b'/home/rabbia/To-DoList/test.log', wd=1, mask=IN_MODIFY, cookie=0, name=test.log>
DEBUG:watchdog.observers.inotify_buffer:in-event <InotifyEvent: src_path=b'/home/rabbia/To-DoList/test.log', wd=1, mask=IN_MODIFY, cookie=0, name=test.log>
DEBUG:watchdog.observers.inotify_buffer:in-event <InotifyEvent: src_path=b'/home/rabbia/To-DoList/test.log', wd=1, mask=IN_MODIFY, cookie=0, name=test.log>
DEBUG:watchdog.observers.inotify_buffer:in-event <InotifyEvent: src_path=b'/home/rabbia/To-DoList/test.log', wd=1, mask=IN_MODIFY, cookie=0, name=test.log>
DEBUG:watchdog.observers.inotify_buffer:in-event <InotifyEvent: src_path=b'/home/rabbia/To-DoList/test.log', wd=1, mask=IN_MODIFY, cookie=0, name=test.log>
DEBUG:watchdog.observers.inotify_buffer:in-event <InotifyEvent: src_path=b'/home/rabbia/To-DoList/test.log', wd=1, mask=IN_MODIFY, cookie=0, name=test.log>
DEBUG:watchdog.observers.inotify_buffer:in-event <InotifyEvent: src_path=b'/home/rabbia/To-DoList/test.log', wd=1, mask=IN_MODIFY, cookie=0, name=test.log>
DEBUG:watchdog.observers.inotify_buffer:in-event <InotifyEvent: src_path=b'/home/rabbia/To-DoList/test.log', wd=1, mask=IN_MODIFY, cookie=0, name=test.log>
DEBUG:watchdog.observers.inotify_buffer:in-event <InotifyEvent: src_path=b'/home/rabbia/To-DoList/test.log', wd=1, mask=IN_MODIFY, cookie=0, name=test.log>
DEBUG:watchdog.observers.inotify_buffer:in-event <InotifyEvent: src_path=b'/home/rabbia/To-DoList/test.log', wd=1, mask=IN_MODIFY, cookie=0, name=test.log>
DEBUG:watchdog.observers.inotify_buffer:in-event <InotifyEvent: src_path=b'/home/rabbia/To-DoList/test.log', wd=1, mask=IN_MODIFY, cookie=0, name=test.log>
DEBUG:watchdog.observers.inotify_buffer:in-event <InotifyEvent: src_path=b'/home/rabbia/To-DoList/test.log', wd=1, mask=IN_MODIFY, cookie=0, name=test.log>
DEBUG:watchdog.observers.inotify_buffer:in-event <InotifyEvent: src_path=b'/home/rabbia/To-DoList/test.log', wd=1, mask=IN_MODIFY, cookie=0, name=test.log>
DEBUG:watchdog.observers.inotify_buffer:in-event <InotifyEvent: src_path=b'/home/rabbia/To-DoList/test.log', wd=1, mask=IN_MODIFY, cookie=0, name=test.log>
DEBUG:watchdog.observers.inotify_buffer:in-event <InotifyEvent: src_path=b'/home/rabbia/To-DoList/test.log', wd=1, mask=IN_MODIFY, cookie=0, name=test.log>
DEBUG:watchdog.observers.inotify_buffer:in-event <InotifyEvent: src_path=b'/home/rabbia/To-DoList/test.log', wd=1, mask=IN_MODIFY, cookie=0, name=test.log>
DEBUG:watchdog.observers.inotify_buffer:in-event <InotifyEvent: src_path=b'/home/rabbia/To-DoList/test.log', wd=1, mask=IN_MODIFY, cookie=0, name=test.log>
DEBUG:watchdog.observers.inotify_buffer:in-event <InotifyEvent: src_path=b'/home/rabbia/To-DoList/test.log', wd=1, mask=IN_MODIFY, cookie=0, name=test.log>
DEBUG:watchdog.observers.inotify_buffer:in-event <InotifyEvent: src_path=b'/home/rabbia/To-DoList/test.log', wd=1, mask=IN_MODIFY, cookie=0, name=test.log>
DEBUG:watchdog.observers.inotify_buffer:in-event <InotifyEvent: src_path=b'/home/rabbia/To-DoList/test.log', wd=1, mask=IN_MODIFY, cookie=0, name=test.log>
DEBUG:watchdog.observers.inotify_buffer:in-event <InotifyEvent: src_path=b'/home/rabbia/To-DoList/test.log', wd=1, mask=IN_MODIFY, cookie=0, name=test.log>
DEBUG:watchdog.observers.inotify_buffer:in-event <InotifyEvent: src_path=b'/home/rabbia/To-DoList/test.log', wd=1, mask=IN_MODIFY, cookie=0, name=test.log>
DEBUG:watchdog.observers.inotify_buffer:in-event <InotifyEvent: src_path=b'/home/rabbia/To-DoList/test.log', wd=1, mask=IN_MODIFY, cookie=0, name=test.log>
DEBUG:watchdog.observers.inotify_buffer:in-event <InotifyEvent: src_path=b'/home/rabbia/To-DoList/test.log', wd=1, mask=IN_MODIFY, cookie=0, name=test.log>
DEBUG:watchdog.observers.inotify_buffer:in-event <InotifyEvent: src_path=b'/home/rabbia/To-DoList/test.log', wd=1, mask=IN_MODIFY, cookie=0, name=test.log>
DEBUG:watchdog.observers.inotify_buffer:in-event <InotifyEvent: src_path=b'/home/rabbia/To-DoList/test.log', wd=1, mask=IN_MODIFY, cookie=0, name=test.log>
DEBUG:watchdog.observers.inotify_buffer:in-event <InotifyEvent: src_path=b'/home/rabbia/To-DoList/test.log', wd=1, mask=IN_MODIFY, cookie=0, name=test.log>
DEBUG:watchdog.observers.inotify_buffer:in-event <InotifyEvent: src_path=b'/home/rabbia/To-DoList/test.log', wd=1, mask=IN_MODIFY, cookie=0, name=test.log>
DEBUG:watchdog.observers.inotify_buffer:in-event <InotifyEvent: src_path=b'/home/rabbia/To-DoList/test.log', wd=1, mask=IN_MODIFY, cookie=0, name=test.log>
DEBUG:watchdog.observers.inotify_buffer:in-event <InotifyEvent: src_path=b'/home/rabbia/To-DoList/test.log', wd=1, mask=IN_MODIFY, cookie=0, name=test.log>
DEBUG:watchdog.observers.inotify_buffer:in-event <InotifyEvent: src_path=b'/home/rabbia/To-DoList/test.log', wd=1, mask=IN_MODIFY, cookie=0, name=test.log>
DEBUG:watchdog.observers.inotify_buffer:in-event <InotifyEvent: src_path=b'/home/rabbia/To-DoList/test.log', wd=1, mask=IN_MODIFY, cookie=0, name=test.log>
DEBUG:watchdog.observers.inotify_buffer:in-event <InotifyEvent: src_path=b'/home/rabbia/To-DoList/test.log', wd=1, mask=IN_MODIFY, cookie=0, name=test.log>
DEBUG:watchdog.observers.inotify_buffer:in-event <InotifyEvent: src_path=b'/home/rabbia/To-DoList/test.log', wd=1, mask=IN_MODIFY, cookie=0, name=test.log>
DEBUG:watchdog.observers.inotify_buffer:in-event <InotifyEvent: src_path=b'/home/rabbia/To-DoList/test.log', wd=1, mask=IN_MODIFY, cookie=0, name=test.log>
DEBUG:watchdog.observers.inotify_buffer:in-event <InotifyEvent: src_path=b'/home/rabbia/To-DoList/test.log', wd=1, mask=IN_MODIFY, cookie=0, name=test.log>
DEBUG:watchdog.observers.inotify_buffer:in-event <InotifyEvent: src_path=b'/home/rabbia/To-DoList/test.log', wd=1, mask=IN_MODIFY, cookie=0, name=test.log>
DEBUG:watchdog.observers.inotify_buffer:in-event <InotifyEvent: src_path=b'/home/rabbia/To-DoList/test.log', wd=1, mask=IN_MODIFY, cookie=0, name=test.log>
DEBUG:watchdog.observers.inotify_buffer:in-event <InotifyEvent: src_path=b'/home/rabbia/To-DoList/test.log', wd=1, mask=IN_MODIFY, cookie=0, name=test.log>
DEBUG:watchdog.observers.inotify_buffer:in-event <InotifyEvent: src_path=b'/home/rabbia/To-DoList/test.log', wd=1, mask=IN_MODIFY, cookie=0, name=test.log>
DEBUG:watchdog.observers.inotify_buffer:in-event <InotifyEvent: src_path=b'/home/rabbia/To-DoList/test.log', wd=1, mask=IN_MODIFY, cookie=0, name=test.log>
DEBUG:watchdog.observers.inotify_buffer:in-event <InotifyEvent: src_path=b'/home/rabbia/To-DoList/test.log', wd=1, mask=IN_MODIFY, cookie=0, name=test.log>
DEBUG:watchdog.observers.inotify_buffer:in-event <InotifyEvent: src_path=b'/home/rabbia/To-DoList/test.log', wd=1, mask=IN_MODIFY, cookie=0, name=test.log>
DEBUG:watchdog.observers.inotify_buffer:in-event <InotifyEvent: src_path=b'/home/rabbia/To-DoList/test.log', wd=1, mask=IN_MODIFY, cookie=0, name=test.log>
DEBUG:watchdog.observers.inotify_buffer:in-event <InotifyEvent: src_path=b'/home/rabbia/To-DoList/test.log', wd=1, mask=IN_MODIFY, cookie=0, name=test.log>
DEBUG:watchdog.observers.inotify_buffer:in-event <InotifyEvent: src_path=b'/home/rabbia/To-DoList/test.log', wd=1, mask=IN_MODIFY, cookie=0, name=test.log>
DEBUG:watchdog.observers.inotify_buffer:in-event <InotifyEvent: src_path=b'/home/rabbia/To-DoList/test.log', wd=1, mask=IN_MODIFY, cookie=0, name=test.log>
DEBUG:watchdog.observers.inotify_buffer:in-event <InotifyEvent: src_path=b'/home/rabbia/To-DoList/test.log', wd=1, mask=IN_MODIFY, cookie=0, name=test.log>
DEBUG:watchdog.observers.inotify_buffer:in-event <InotifyEvent: src_path=b'/home/rabbia/To-DoList/test.log', wd=1, mask=IN_MODIFY, cookie=0, name=test.log>
DEBUG:watchdog.observers.inotify_buffer:in-event <InotifyEvent: src_path=b'/home/rabbia/To-DoList/test.log', wd=1, mask=IN_MODIFY, cookie=0, name=test.log>
DEBUG:watchdog.observers.inotify_buffer:in-event <InotifyEvent: src_path=b'/home/rabbia/To-DoList/test.log', wd=1, mask=IN_MODIFY, cookie=0, name=test.log>
DEBUG:watchdog.observers.inotify_buffer:in-event <InotifyEvent: src_path=b'/home/rabbia/To-DoList/test.log', wd=1, mask=IN_MODIFY, cookie=0, name=test.log>
DEBUG:watchdog.observers.inotify_buffer:in-event <InotifyEvent: src_path=b'/home/rabbia/To-DoList/test.log', wd=1, mask=IN_MODIFY, cookie=0, name=test.log>
DEBUG:watchdog.observers.inotify_buffer:in-event <InotifyEvent: src_path=b'/home/rabbia/To-DoList/test.log', wd=1, mask=IN_MODIFY, cookie=0, name=test.log>
DEBUG:watchdog.observers.inotify_buffer:in-event <InotifyEvent: src_path=b'/home/rabbia/To-DoList/test.log', wd=1, mask=IN_MODIFY, cookie=0, name=test.log>
DEBUG:watchdog.observers.inotify_buffer:in-event <InotifyEvent: src_path=b'/home/rabbia/To-DoList/test.log', wd=1, mask=IN_MODIFY, cookie=0, name=test.log>
DEBUG:watchdog.observers.inotify_buffer:in-event <InotifyEvent: src_path=b'/home/rabbia/To-DoList/test.log', wd=1, mask=IN_MODIFY, cookie=0, name=test.log>
DEBUG:watchdog.observers.inotify_buffer:in-event <InotifyEvent: src_path=b'/home/rabbia/To-DoList/test.log', wd=1, mask=IN_MODIFY, cookie=0, name=test.log>
DEBUG:watchdog.observers.inotify_buffer:in-event <InotifyEvent: src_path=b'/home/rabbia/To-DoList/test.log', wd=1, mask=IN_MODIFY, cookie=0, name=test.log>
DEBUG:watchdog.observers.inotify_buffer:in-event <InotifyEvent: src_path=b'/home/rabbia/To-DoList/test.log', wd=1, mask=IN_MODIFY, cookie=0, name=test.log>
DEBUG:watchdog.observers.inotify_buffer:in-event <InotifyEvent: src_path=b'/home/rabbia/To-DoList/test.log', wd=1, mask=IN_MODIFY, cookie=0, name=test.log>
DEBUG:watchdog.observers.inotify_buffer:in-event <InotifyEvent: src_path=b'/home/rabbia/To-DoList/test.log', wd=1, mask=IN_MODIFY, cookie=0, name=test.log>
DEBUG:watchdog.observers.inotify_buffer:in-event <InotifyEvent: src_path=b'/home/rabbia/To-DoList/test.log', wd=1, mask=IN_MODIFY, cookie=0, name=test.log>
DEBUG:watchdog.observers.inotify_buffer:in-event <InotifyEvent: src_path=b'/home/rabbia/To-DoList/test.log', wd=1, mask=IN_MODIFY, cookie=0, name=test.log>
DEBUG:watchdog.observers.inotify_buffer:in-event <InotifyEvent: src_path=b'/home/rabbia/To-DoList/test.log', wd=1, mask=IN_MODIFY, cookie=0, name=test.log>
DEBUG:watchdog.observers.inotify_buffer:in-event <InotifyEvent: src_path=b'/home/rabbia/To-DoList/test.log', wd=1, mask=IN_MODIFY, cookie=0, name=test.log>
DEBUG:watchdog.observers.inotify_buffer:in-event <InotifyEvent: src_path=b'/home/rabbia/To-DoList/test.log', wd=1, mask=IN_MODIFY, cookie=0, name=test.log>
DEBUG:watchdog.observers.inotify_buffer:in-event <InotifyEvent: src_path=b'/home/rabbia/To-DoList/test.log', wd=1, mask=IN_MODIFY, cookie=0, name=test.log>
DEBUG:watchdog.observers.inotify_buffer:in-event <InotifyEvent: src_path=b'/home/rabbia/To-DoList/test.log', wd=1, mask=IN_MODIFY, cookie=0, name=test.log>
DEBUG:watchdog.observers.inotify_buffer:in-event <InotifyEvent: src_path=b'/home/rabbia/To-DoList/test.log', wd=1, mask=IN_MODIFY, cookie=0, name=test.log>
DEBUG:watchdog.observers.inotify_buffer:in-event <InotifyEvent: src_path=b'/home/rabbia/To-DoList/test.log', wd=1, mask=IN_MODIFY, cookie=0, name=test.log>
DEBUG:watchdog.observers.inotify_buffer:in-event <InotifyEvent: src_path=b'/home/rabbia/To-DoList/test.log', wd=1, mask=IN_MODIFY, cookie=0, name=test.log>
DEBUG:watchdog.observers.inotify_buffer:in-event <InotifyEvent: src_path=b'/home/rabbia/To-DoList/test.log', wd=1, mask=IN_MODIFY, cookie=0, name=test.log>
DEBUG:watchdog.observers.inotify_buffer:in-event <InotifyEvent: src_path=b'/home/rabbia/To-DoList/test.log', wd=1, mask=IN_MODIFY, cookie=0, name=test.log>
DEBUG:watchdog.observers.inotify_buffer:in-event <InotifyEvent: src_path=b'/home/rabbia/To-DoList/test.log', wd=1, mask=IN_MODIFY, cookie=0, name=test.log>
DEBUG:watchdog.observers.inotify_buffer:in-event <InotifyEvent: src_path=b'/home/rabbia/To-DoList/test.log', wd=1, mask=IN_MODIFY, cookie=0, name=test.log>
DEBUG:watchdog.observers.inotify_buffer:in-event <InotifyEvent: src_path=b'/home/rabbia/To-DoList/test.log', wd=1, mask=IN_MODIFY, cookie=0, name=test.log>
DEBUG:watchdog.observers.inotify_buffer:in-event <InotifyEvent: src_path=b'/home/rabbia/To-DoList/test.log', wd=1, mask=IN_MODIFY, cookie=0, name=test.log>
DEBUG:watchdog.observers.inotify_buffer:in-event <InotifyEvent: src_path=b'/home/rabbia/To-DoList/test.log', wd=1, mask=IN_MODIFY, cookie=0, name=test.log>
DEBUG:watchdog.observers.inotify_buffer:in-event <InotifyEvent: src_path=b'/home/rabbia/To-DoList/test.log', wd=1, mask=IN_MODIFY, cookie=0, name=test.log>
DEBUG:watchdog.observers.inotify_buffer:in-event <InotifyEvent: src_path=b'/home/rabbia/To-DoList/test.log', wd=1, mask=IN_MODIFY, cookie=0, name=test.log>
DEBUG:watchdog.observers.inotify_buffer:in-event <InotifyEvent: src_path=b'/home/rabbia/To-DoList/test.log', wd=1, mask=IN_MODIFY, cookie=0, name=test.log>
DEBUG:watchdog.observers.inotify_buffer:in-event <InotifyEvent: src_path=b'/home/rabbia/To-DoList/test.log', wd=1, mask=IN_MODIFY, cookie=0, name=test.log>
DEBUG:watchdog.observers.inotify_buffer:in-event <InotifyEvent: src_path=b'/home/rabbia/To-DoList/test.log', wd=1, mask=IN_MODIFY, cookie=0, name=test.log>
DEBUG:watchdog.observers.inotify_buffer:in-event <InotifyEvent: src_path=b'/home/rabbia/To-DoList/test.log', wd=1, mask=IN_MODIFY, cookie=0, name=test.log>
DEBUG:watchdog.observers.inotify_buffer:in-event <InotifyEvent: src_path=b'/home/rabbia/To-DoList/test.log', wd=1, mask=IN_MODIFY, cookie=0, name=test.log>
DEBUG:watchdog.observers.inotify_buffer:in-event <InotifyEvent: src_path=b'/home/rabbia/To-DoList/test.log', wd=1, mask=IN_MODIFY, cookie=0, name=test.log>
DEBUG:watchdog.observers.inotify_buffer:in-event <InotifyEvent: src_path=b'/home/rabbia/To-DoList/test.log', wd=1, mask=IN_MODIFY, cookie=0, name=test.log>
DEBUG:watchdog.observers.inotify_buffer:in-event <InotifyEvent: src_path=b'/home/rabbia/To-DoList/test.log', wd=1, mask=IN_MODIFY, cookie=0, name=test.log>
DEBUG:watchdog.observers.inotify_buffer:in-event <InotifyEvent: src_path=b'/home/rabbia/To-DoList/test.log', wd=1, mask=IN_MODIFY, cookie=0, name=test.log>
DEBUG:watchdog.observers.inotify_buffer:in-event <InotifyEvent: src_path=b'/home/rabbia/To-DoList/test.log', wd=1, mask=IN_MODIFY, cookie=0, name=test.log>
DEBUG:watchdog.observers.inotify_buffer:in-event <InotifyEvent: src_path=b'/home/rabbia/To-DoList/test.log', wd=1, mask=IN_MODIFY, cookie=0, name=test.log>
DEBUG:watchdog.observers.inotify_buffer:in-event <InotifyEvent: src_path=b'/home/rabbia/To-DoList/test.log', wd=1, mask=IN_MODIFY, cookie=0, name=test.log>
DEBUG:watchdog.observers.inotify_buffer:in-event <InotifyEvent: src_path=b'/home/rabbia/To-DoList/test.log', wd=1, mask=IN_MODIFY, cookie=0, name=test.log>
DEBUG:watchdog.observers.inotify_buffer:in-event <InotifyEvent: src_path=b'/home/rabbia/To-DoList/test.log', wd=1, mask=IN_MODIFY, cookie=0, name=test.log>
DEBUG:watchdog.observers.inotify_buffer:in-event <InotifyEvent: src_path=b'/home/rabbia/To-DoList/test.log', wd=1, mask=IN_MODIFY, cookie=0, name=test.log>
DEBUG:watchdog.observers.inotify_buffer:in-event <InotifyEvent: src_path=b'/home/rabbia/To-DoList/test.log', wd=1, mask=IN_MODIFY, cookie=0, name=test.log>
DEBUG:watchdog.observers.inotify_buffer:in-event <InotifyEvent: src_path=b'/home/rabbia/To-DoList/test.log', wd=1, mask=IN_MODIFY, cookie=0, name=test.log>
DEBUG:watchdog.observers.inotify_buffer:in-event <InotifyEvent: src_path=b'/home/rabbia/To-DoList/test.log', wd=1, mask=IN_MODIFY, cookie=0, name=test.log>
DEBUG:watchdog.observers.inotify_buffer:in-event <InotifyEvent: src_path=b'/home/rabbia/To-DoList/test.log', wd=1, mask=IN_MODIFY, cookie=0, name=test.log>
DEBUG:watchdog.observers.inotify_buffer:in-event <InotifyEvent: src_path=b'/home/rabbia/To-DoList/test.log', wd=1, mask=IN_MODIFY, cookie=0, name=test.log>
DEBUG:watchdog.observers.inotify_buffer:in-event <InotifyEvent: src_path=b'/home/rabbia/To-DoList/test.log', wd=1, mask=IN_MODIFY, cookie=0, name=test.log>
DEBUG:watchdog.observers.inotify_buffer:in-event <InotifyEvent: src_path=b'/home/rabbia/To-DoList/test.log', wd=1, mask=IN_MODIFY, cookie=0, name=test.log>
DEBUG:watchdog.observers.inotify_buffer:in-event <InotifyEvent: src_path=b'/home/rabbia/To-DoList/test.log', wd=1, mask=IN_MODIFY, cookie=0, name=test.log>
DEBUG:watchdog.observers.inotify_buffer:in-event <InotifyEvent: src_path=b'/home/rabbia/To-DoList/test.log', wd=1, mask=IN_MODIFY, cookie=0, name=test.log>
DEBUG:watchdog.observers.inotify_buffer:in-event <InotifyEvent: src_path=b'/home/rabbia/To-DoList/test.log', wd=1, mask=IN_MODIFY, cookie=0, name=test.log>
DEBUG:watchdog.observers.inotify_buffer:in-event <InotifyEvent: src_path=b'/home/rabbia/To-DoList/test.log', wd=1, mask=IN_MODIFY, cookie=0, name=test.log>
DEBUG:watchdog.observers.inotify_buffer:in-event <InotifyEvent: src_path=b'/home/rabbia/To-DoList/test.log', wd=1, mask=IN_MODIFY, cookie=0, name=test.log>
DEBUG:watchdog.observers.inotify_buffer:in-event <InotifyEvent: src_path=b'/home/rabbia/To-DoList/test.log', wd=1, mask=IN_MODIFY, cookie=0, name=test.log>
DEBUG:watchdog.observers.inotify_buffer:in-event <InotifyEvent: src_path=b'/home/rabbia/To-DoList/test.log', wd=1, mask=IN_MODIFY, cookie=0, name=test.log>
DEBUG:watchdog.observers.inotify_buffer:in-event <InotifyEvent: src_path=b'/home/rabbia/To-DoList/test.log', wd=1, mask=IN_MODIFY, cookie=0, name=test.log>
DEBUG:watchdog.observers.inotify_buffer:in-event <InotifyEvent: src_path=b'/home/rabbia/To-DoList/test.log', wd=1, mask=IN_MODIFY, cookie=0, name=test.log>
DEBUG:watchdog.observers.inotify_buffer:in-event <InotifyEvent: src_path=b'/home/rabbia/To-DoList/test.log', wd=1, mask=IN_MODIFY, cookie=0, name=test.log>
DEBUG:watchdog.observers.inotify_buffer:in-event <InotifyEvent: src_path=b'/home/rabbia/To-DoList/test.log', wd=1, mask=IN_MODIFY, cookie=0, name=test.log>
DEBUG:watchdog.observers.inotify_buffer:in-event <InotifyEvent: src_path=b'/home/rabbia/To-DoList/test.log', wd=1, mask=IN_MODIFY, cookie=0, name=test.log>
DEBUG:watchdog.observers.inotify_buffer:in-event <InotifyEvent: src_path=b'/home/rabbia/To-DoList/test.log', wd=1, mask=IN_MODIFY, cookie=0, name=test.log>
DEBUG:watchdog.observers.inotify_buffer:in-event <InotifyEvent: src_path=b'/home/rabbia/To-DoList/test.log', wd=1, mask=IN_MODIFY, cookie=0, name=test.log>
DEBUG:watchdog.observers.inotify_buffer:in-event <InotifyEvent: src_path=b'/home/rabbia/To-DoList/test.log', wd=1, mask=IN_MODIFY, cookie=0, name=test.log>
DEBUG:watchdog.observers.inotify_buffer:in-event <InotifyEvent: src_path=b'/home/rabbia/To-DoList/test.log', wd=1, mask=IN_MODIFY, cookie=0, name=test.log>
DEBUG:watchdog.observers.inotify_buffer:in-event <InotifyEvent: src_path=b'/home/rabbia/To-DoList/test.log', wd=1, mask=IN_MODIFY, cookie=0, name=test.log>
DEBUG:watchdog.observers.inotify_buffer:in-event <InotifyEvent: src_path=b'/home/rabbia/To-DoList/test.log', wd=1, mask=IN_MODIFY, cookie=0, name=test.log>
DEBUG:watchdog.observers.inotify_buffer:in-event <InotifyEvent: src_path=b'/home/rabbia/To-DoList/test.log', wd=1, mask=IN_MODIFY, cookie=0, name=test.log>
DEBUG:watchdog.observers.inotify_buffer:in-event <InotifyEvent: src_path=b'/home/rabbia/To-DoList/test.log', wd=1, mask=IN_MODIFY, cookie=0, name=test.log>
DEBUG:watchdog.observers.inotify_buffer:in-event <InotifyEvent: src_path=b'/home/rabbia/To-DoList/test.log', wd=1, mask=IN_MODIFY, cookie=0, name=test.log>
DEBUG:watchdog.observers.inotify_buffer:in-event <InotifyEvent: src_path=b'/home/rabbia/To-DoList/test.log', wd=1, mask=IN_MODIFY, cookie=0, name=test.log>
DEBUG:watchdog.observers.inotify_buffer:in-event <InotifyEvent: src_path=b'/home/rabbia/To-DoList/test.log', wd=1, mask=IN_MODIFY, cookie=0, name=test.log>
DEBUG:watchdog.observers.inotify_buffer:in-event <InotifyEvent: src_path=b'/home/rabbia/To-DoList/test.log', wd=1, mask=IN_MODIFY, cookie=0, name=test.log>
DEBUG:watchdog.observers.inotify_buffer:in-event <InotifyEvent: src_path=b'/home/rabbia/To-DoList/test.log', wd=1, mask=IN_MODIFY, cookie=0, name=test.log>
DEBUG:watchdog.observers.inotify_buffer:in-event <InotifyEvent: src_path=b'/home/rabbia/To-DoList/test.log', wd=1, mask=IN_MODIFY, cookie=0, name=test.log>
DEBUG:watchdog.observers.inotify_buffer:in-event <InotifyEvent: src_path=b'/home/rabbia/To-DoList/test.log', wd=1, mask=IN_MODIFY, cookie=0, name=test.log>
DEBUG:watchdog.observers.inotify_buffer:in-event <InotifyEvent: src_path=b'/home/rabbia/To-DoList/test.log', wd=1, mask=IN_MODIFY, cookie=0, name=test.log>
DEBUG:watchdog.observers.inotify_buffer:in-event <InotifyEvent: src_path=b'/home/rabbia/To-DoList/test.log', wd=1, mask=IN_MODIFY, cookie=0, name=test.log>
DEBUG:watchdog.observers.inotify_buffer:in-event <InotifyEvent: src_path=b'/home/rabbia/To-DoList/test.log', wd=1, mask=IN_MODIFY, cookie=0, name=test.log>
DEBUG:watchdog.observers.inotify_buffer:in-event <InotifyEvent: src_path=b'/home/rabbia/To-DoList/test.log', wd=1, mask=IN_MODIFY, cookie=0, name=test.log>
DEBUG:watchdog.observers.inotify_buffer:in-event <InotifyEvent: src_path=b'/home/rabbia/To-DoList/test.log', wd=1, mask=IN_MODIFY, cookie=0, name=test.log>
DEBUG:watchdog.observers.inotify_buffer:in-event <InotifyEvent: src_path=b'/home/rabbia/To-DoList/test.log', wd=1, mask=IN_MODIFY, cookie=0, name=test.log>
DEBUG:watchdog.observers.inotify_buffer:in-event <InotifyEvent: src_path=b'/home/rabbia/To-DoList/test.log', wd=1, mask=IN_MODIFY, cookie=0, name=test.log>
DEBUG:watchdog.observers.inotify_buffer:in-event <InotifyEvent: src_path=b'/home/rabbia/To-DoList/test.log', wd=1, mask=IN_MODIFY, cookie=0, name=test.log>
DEBUG:watchdog.observers.inotify_buffer:in-event <InotifyEvent: src_path=b'/home/rabbia/To-DoList/test.log', wd=1, mask=IN_MODIFY, cookie=0, name=test.log>
DEBUG:watchdog.observers.inotify_buffer:in-event <InotifyEvent: src_path=b'/home/rabbia/To-DoList/test.log', wd=1, mask=IN_MODIFY, cookie=0, name=test.log>
DEBUG:watchdog.observers.inotify_buffer:in-event <InotifyEvent: src_path=b'/home/rabbia/To-DoList/test.log', wd=1, mask=IN_MODIFY, cookie=0, name=test.log>
DEBUG:watchdog.observers.inotify_buffer:in-event <InotifyEvent: src_path=b'/home/rabbia/To-DoList/test.log', wd=1, mask=IN_MODIFY, cookie=0, name=test.log>
DEBUG:watchdog.observers.inotify_buffer:in-event <InotifyEvent: src_path=b'/home/rabbia/To-DoList/test.log', wd=1, mask=IN_MODIFY, cookie=0, name=test.log>
DEBUG:watchdog.observers.inotify_buffer:in-event <InotifyEvent: src_path=b'/home/rabbia/To-DoList/test.log', wd=1, mask=IN_MODIFY, cookie=0, name=test.log>
DEBUG:watchdog.observers.inotify_buffer:in-event <InotifyEvent: src_path=b'/home/rabbia/To-DoList/test.log', wd=1, mask=IN_MODIFY, cookie=0, name=test.log>
DEBUG:watchdog.observers.inotify_buffer:in-event <InotifyEvent: src_path=b'/home/rabbia/To-DoList/test.log', wd=1, mask=IN_MODIFY, cookie=0, name=test.log>
DEBUG:watchdog.observers.inotify_buffer:in-event <InotifyEvent: src_path=b'/home/rabbia/To-DoList/test.log', wd=1, mask=IN_MODIFY, cookie=0, name=test.log>
DEBUG:watchdog.observers.inotify_buffer:in-event <InotifyEvent: src_path=b'/home/rabbia/To-DoList/test.log', wd=1, mask=IN_MODIFY, cookie=0, name=test.log>
DEBUG:watchdog.observers.inotify_buffer:in-event <InotifyEvent: src_path=b'/home/rabbia/To-DoList/test.log', wd=1, mask=IN_MODIFY, cookie=0, name=test.log>
DEBUG:watchdog.observers.inotify_buffer:in-event <InotifyEvent: src_path=b'/home/rabbia/To-DoList/test.log', wd=1, mask=IN_MODIFY, cookie=0, name=test.log>
DEBUG:watchdog.observers.inotify_buffer:in-event <InotifyEvent: src_path=b'/home/rabbia/To-DoList/test.log', wd=1, mask=IN_MODIFY, cookie=0, name=test.log>
DEBUG:watchdog.observers.inotify_buffer:in-event <InotifyEvent: src_path=b'/home/rabbia/To-DoList/test.log', wd=1, mask=IN_MODIFY, cookie=0, name=test.log>
DEBUG:watchdog.observers.inotify_buffer:in-event <InotifyEvent: src_path=b'/home/rabbia/To-DoList/test.log', wd=1, mask=IN_MODIFY, cookie=0, name=test.log>
DEBUG:watchdog.observers.inotify_buffer:in-event <InotifyEvent: src_path=b'/home/rabbia/To-DoList/test.log', wd=1, mask=IN_MODIFY, cookie=0, name=test.log>
DEBUG:watchdog.observers.inotify_buffer:in-event <InotifyEvent: src_path=b'/home/rabbia/To-DoList/test.log', wd=1, mask=IN_MODIFY, cookie=0, name=test.log>
DEBUG:watchdog.observers.inotify_buffer:in-event <InotifyEvent: src_path=b'/home/rabbia/To-DoList/test.log', wd=1, mask=IN_MODIFY, cookie=0, name=test.log>
DEBUG:watchdog.observers.inotify_buffer:in-event <InotifyEvent: src_path=b'/home/rabbia/To-DoList/test.log', wd=1, mask=IN_MODIFY, cookie=0, name=test.log>
DEBUG:watchdog.observers.inotify_buffer:in-event <InotifyEvent: src_path=b'/home/rabbia/To-DoList/test.log', wd=1, mask=IN_MODIFY, cookie=0, name=test.log>
DEBUG:watchdog.observers.inotify_buffer:in-event <InotifyEvent: src_path=b'/home/rabbia/To-DoList/test.log', wd=1, mask=IN_MODIFY, cookie=0, name=test.log>
DEBUG:watchdog.observers.inotify_buffer:in-event <InotifyEvent: src_path=b'/home/rabbia/To-DoList/test.log', wd=1, mask=IN_MODIFY, cookie=0, name=test.log>
DEBUG:watchdog.observers.inotify_buffer:in-event <InotifyEvent: src_path=b'/home/rabbia/To-DoList/test.log', wd=1, mask=IN_MODIFY, cookie=0, name=test.log>
DEBUG:watchdog.observers.inotify_buffer:in-event <InotifyEvent: src_path=b'/home/rabbia/To-DoList/test.log', wd=1, mask=IN_MODIFY, cookie=0, name=test.log>
DEBUG:watchdog.observers.inotify_buffer:in-event <InotifyEvent: src_path=b'/home/rabbia/To-DoList/test.log', wd=1, mask=IN_MODIFY, cookie=0, name=test.log>
DEBUG:watchdog.observers.inotify_buffer:in-event <InotifyEvent: src_path=b'/home/rabbia/To-DoList/test.log', wd=1, mask=IN_MODIFY, cookie=0, name=test.log>
DEBUG:watchdog.observers.inotify_buffer:in-event <InotifyEvent: src_path=b'/home/rabbia/To-DoList/test.log', wd=1, mask=IN_MODIFY, cookie=0, name=test.log>
DEBUG:watchdog.observers.inotify_buffer:in-event <InotifyEvent: src_path=b'/home/rabbia/To-DoList/test.log', wd=1, mask=IN_MODIFY, cookie=0, name=test.log>
DEBUG:watchdog.observers.inotify_buffer:in-event <InotifyEvent: src_path=b'/home/rabbia/To-DoList/test.log', wd=1, mask=IN_MODIFY, cookie=0, name=test.log>
DEBUG:watchdog.observers.inotify_buffer:in-event <InotifyEvent: src_path=b'/home/rabbia/To-DoList/test.log', wd=1, mask=IN_MODIFY, cookie=0, name=test.log>
DEBUG:watchdog.observers.inotify_buffer:in-event <InotifyEvent: src_path=b'/home/rabbia/To-DoList/test.log', wd=1, mask=IN_MODIFY, cookie=0, name=test.log>
DEBUG:watchdog.observers.inotify_buffer:in-event <InotifyEvent: src_path=b'/home/rabbia/To-DoList/test.log', wd=1, mask=IN_MODIFY, cookie=0, name=test.log>
DEBUG:watchdog.observers.inotify_buffer:in-event <InotifyEvent: src_path=b'/home/rabbia/To-DoList/test.log', wd=1, mask=IN_MODIFY, cookie=0, name=test.log>
DEBUG:watchdog.observers.inotify_buffer:in-event <InotifyEvent: src_path=b'/home/rabbia/To-DoList/test.log', wd=1, mask=IN_MODIFY, cookie=0, name=test.log>
DEBUG:watchdog.observers.inotify_buffer:in-event <InotifyEvent: src_path=b'/home/rabbia/To-DoList/test.log', wd=1, mask=IN_MODIFY, cookie=0, name=test.log>
DEBUG:watchdog.observers.inotify_buffer:in-event <InotifyEvent: src_path=b'/home/rabbia/To-DoList/test.log', wd=1, mask=IN_MODIFY, cookie=0, name=test.log>
DEBUG:watchdog.observers.inotify_buffer:in-event <InotifyEvent: src_path=b'/home/rabbia/To-DoList/test.log', wd=1, mask=IN_MODIFY, cookie=0, name=test.log>
DEBUG:watchdog.observers.inotify_buffer:in-event <InotifyEvent: src_path=b'/home/rabbia/To-DoList/test.log', wd=1, mask=IN_MODIFY, cookie=0, name=test.log>
DEBUG:watchdog.observers.inotify_buffer:in-event <InotifyEvent: src_path=b'/home/rabbia/To-DoList/test.log', wd=1, mask=IN_MODIFY, cookie=0, name=test.log>
DEBUG:watchdog.observers.inotify_buffer:in-event <InotifyEvent: src_path=b'/home/rabbia/To-DoList/test.log', wd=1, mask=IN_MODIFY, cookie=0, name=test.log>
DEBUG:watchdog.observers.inotify_buffer:in-event <InotifyEvent: src_path=b'/home/rabbia/To-DoList/test.log', wd=1, mask=IN_MODIFY, cookie=0, name=test.log>
DEBUG:watchdog.observers.inotify_buffer:in-event <InotifyEvent: src_path=b'/home/rabbia/To-DoList/test.log', wd=1, mask=IN_MODIFY, cookie=0, name=test.log>
DEBUG:watchdog.observers.inotify_buffer:in-event <InotifyEvent: src_path=b'/home/rabbia/To-DoList/test.log', wd=1, mask=IN_MODIFY, cookie=0, name=test.log>
DEBUG:watchdog.observers.inotify_buffer:in-event <InotifyEvent: src_path=b'/home/rabbia/To-DoList/test.log', wd=1, mask=IN_MODIFY, cookie=0, name=test.log>
DEBUG:watchdog.observers.inotify_buffer:in-event <InotifyEvent: src_path=b'/home/rabbia/To-DoList/test.log', wd=1, mask=IN_MODIFY, cookie=0, name=test.log>
DEBUG:watchdog.observers.inotify_buffer:in-event <InotifyEvent: src_path=b'/home/rabbia/To-DoList/test.log', wd=1, mask=IN_MODIFY, cookie=0, name=test.log>
DEBUG:watchdog.observers.inotify_buffer:in-event <InotifyEvent: src_path=b'/home/rabbia/To-DoList/test.log', wd=1, mask=IN_MODIFY, cookie=0, name=test.log>
DEBUG:watchdog.observers.inotify_buffer:in-event <InotifyEvent: src_path=b'/home/rabbia/To-DoList/test.log', wd=1, mask=IN_MODIFY, cookie=0, name=test.log>
DEBUG:watchdog.observers.inotify_buffer:in-event <InotifyEvent: src_path=b'/home/rabbia/To-DoList/test.log', wd=1, mask=IN_MODIFY, cookie=0, name=test.log>
DEBUG:watchdog.observers.inotify_buffer:in-event <InotifyEvent: src_path=b'/home/rabbia/To-DoList/test.log', wd=1, mask=IN_MODIFY, cookie=0, name=test.log>
DEBUG:watchdog.observers.inotify_buffer:in-event <InotifyEvent: src_path=b'/home/rabbia/To-DoList/test.log', wd=1, mask=IN_MODIFY, cookie=0, name=test.log>
DEBUG:watchdog.observers.inotify_buffer:in-event <InotifyEvent: src_path=b'/home/rabbia/To-DoList/test.log', wd=1, mask=IN_MODIFY, cookie=0, name=test.log>
DEBUG:watchdog.observers.inotify_buffer:in-event <InotifyEvent: src_path=b'/home/rabbia/To-DoList/test.log', wd=1, mask=IN_MODIFY, cookie=0, name=test.log>
DEBUG:watchdog.observers.inotify_buffer:in-event <InotifyEvent: src_path=b'/home/rabbia/To-DoList/test.log', wd=1, mask=IN_MODIFY, cookie=0, name=test.log>
DEBUG:watchdog.observers.inotify_buffer:in-event <InotifyEvent: src_path=b'/home/rabbia/To-DoList/test.log', wd=1, mask=IN_MODIFY, cookie=0, name=test.log>
DEBUG:watchdog.observers.inotify_buffer:in-event <InotifyEvent: src_path=b'/home/rabbia/To-DoList/test.log', wd=1, mask=IN_MODIFY, cookie=0, name=test.log>
DEBUG:watchdog.observers.inotify_buffer:in-event <InotifyEvent: src_path=b'/home/rabbia/To-DoList/test.log', wd=1, mask=IN_MODIFY, cookie=0, name=test.log>
DEBUG:watchdog.observers.inotify_buffer:in-event <InotifyEvent: src_path=b'/home/rabbia/To-DoList/test.log', wd=1, mask=IN_MODIFY, cookie=0, name=test.log>
DEBUG:watchdog.observers.inotify_buffer:in-event <InotifyEvent: src_path=b'/home/rabbia/To-DoList/test.log', wd=1, mask=IN_MODIFY, cookie=0, name=test.log>
DEBUG:watchdog.observers.inotify_buffer:in-event <InotifyEvent: src_path=b'/home/rabbia/To-DoList/test.log', wd=1, mask=IN_MODIFY, cookie=0, name=test.log>
DEBUG:watchdog.observers.inotify_buffer:in-event <InotifyEvent: src_path=b'/home/rabbia/To-DoList/test.log', wd=1, mask=IN_MODIFY, cookie=0, name=test.log>
DEBUG:watchdog.observers.inotify_buffer:in-event <InotifyEvent: src_path=b'/home/rabbia/To-DoList/test.log', wd=1, mask=IN_MODIFY, cookie=0, name=test.log>
DEBUG:watchdog.observers.inotify_buffer:in-event <InotifyEvent: src_path=b'/home/rabbia/To-DoList/test.log', wd=1, mask=IN_MODIFY, cookie=0, name=test.log>
DEBUG:watchdog.observers.inotify_buffer:in-event <InotifyEvent: src_path=b'/home/rabbia/To-DoList/test.log', wd=1, mask=IN_MODIFY, cookie=0, name=test.log>
DEBUG:watchdog.observers.inotify_buffer:in-event <InotifyEvent: src_path=b'/home/rabbia/To-DoList/test.log', wd=1, mask=IN_MODIFY, cookie=0, name=test.log>
DEBUG:watchdog.observers.inotify_buffer:in-event <InotifyEvent: src_path=b'/home/rabbia/To-DoList/test.log', wd=1, mask=IN_MODIFY, cookie=0, name=test.log>
DEBUG:watchdog.observers.inotify_buffer:in-event <InotifyEvent: src_path=b'/home/rabbia/To-DoList/test.log', wd=1, mask=IN_MODIFY, cookie=0, name=test.log>
DEBUG:watchdog.observers.inotify_buffer:in-event <InotifyEvent: src_path=b'/home/rabbia/To-DoList/test.log', wd=1, mask=IN_MODIFY, cookie=0, name=test.log>
DEBUG:watchdog.observers.inotify_buffer:in-event <InotifyEvent: src_path=b'/home/rabbia/To-DoList/test.log', wd=1, mask=IN_MODIFY, cookie=0, name=test.log>
DEBUG:watchdog.observers.inotify_buffer:in-event <InotifyEvent: src_path=b'/home/rabbia/To-DoList/test.log', wd=1, mask=IN_MODIFY, cookie=0, name=test.log>
DEBUG:watchdog.observers.inotify_buffer:in-event <InotifyEvent: src_path=b'/home/rabbia/To-DoList/test.log', wd=1, mask=IN_MODIFY, cookie=0, name=test.log>
DEBUG:watchdog.observers.inotify_buffer:in-event <InotifyEvent: src_path=b'/home/rabbia/To-DoList/test.log', wd=1, mask=IN_MODIFY, cookie=0, name=test.log>
DEBUG:watchdog.observers.inotify_buffer:in-event <InotifyEvent: src_path=b'/home/rabbia/To-DoList/test.log', wd=1, mask=IN_MODIFY, cookie=0, name=test.log>
DEBUG:watchdog.observers.inotify_buffer:in-event <InotifyEvent: src_path=b'/home/rabbia/To-DoList/test.log', wd=1, mask=IN_MODIFY, cookie=0, name=test.log>
DEBUG:watchdog.observers.inotify_buffer:in-event <InotifyEvent: src_path=b'/home/rabbia/To-DoList/test.log', wd=1, mask=IN_MODIFY, cookie=0, name=test.log>
DEBUG:watchdog.observers.inotify_buffer:in-event <InotifyEvent: src_path=b'/home/rabbia/To-DoList/test.log', wd=1, mask=IN_MODIFY, cookie=0, name=test.log>
DEBUG:watchdog.observers.inotify_buffer:in-event <InotifyEvent: src_path=b'/home/rabbia/To-DoList/test.log', wd=1, mask=IN_MODIFY, cookie=0, name=test.log>
DEBUG:watchdog.observers.inotify_buffer:in-event <InotifyEvent: src_path=b'/home/rabbia/To-DoList/test.log', wd=1, mask=IN_MODIFY, cookie=0, name=test.log>
DEBUG:watchdog.observers.inotify_buffer:in-event <InotifyEvent: src_path=b'/home/rabbia/To-DoList/test.log', wd=1, mask=IN_MODIFY, cookie=0, name=test.log>
DEBUG:watchdog.observers.inotify_buffer:in-event <InotifyEvent: src_path=b'/home/rabbia/To-DoList/test.log', wd=1, mask=IN_MODIFY, cookie=0, name=test.log>
DEBUG:watchdog.observers.inotify_buffer:in-event <InotifyEvent: src_path=b'/home/rabbia/To-DoList/test.log', wd=1, mask=IN_MODIFY, cookie=0, name=test.log>
DEBUG:watchdog.observers.inotify_buffer:in-event <InotifyEvent: src_path=b'/home/rabbia/To-DoList/test.log', wd=1, mask=IN_MODIFY, cookie=0, name=test.log>
DEBUG:watchdog.observers.inotify_buffer:in-event <InotifyEvent: src_path=b'/home/rabbia/To-DoList/test.log', wd=1, mask=IN_MODIFY, cookie=0, name=test.log>
DEBUG:watchdog.observers.inotify_buffer:in-event <InotifyEvent: src_path=b'/home/rabbia/To-DoList/test.log', wd=1, mask=IN_MODIFY, cookie=0, name=test.log>
DEBUG:watchdog.observers.inotify_buffer:in-event <InotifyEvent: src_path=b'/home/rabbia/To-DoList/test.log', wd=1, mask=IN_MODIFY, cookie=0, name=test.log>
DEBUG:watchdog.observers.inotify_buffer:in-event <InotifyEvent: src_path=b'/home/rabbia/To-DoList/test.log', wd=1, mask=IN_MODIFY, cookie=0, name=test.log>
DEBUG:watchdog.observers.inotify_buffer:in-event <InotifyEvent: src_path=b'/home/rabbia/To-DoList/test.log', wd=1, mask=IN_MODIFY, cookie=0, name=test.log>
DEBUG:watchdog.observers.inotify_buffer:in-event <InotifyEvent: src_path=b'/home/rabbia/To-DoList/test.log', wd=1, mask=IN_MODIFY, cookie=0, name=test.log>
DEBUG:watchdog.observers.inotify_buffer:in-event <InotifyEvent: src_path=b'/home/rabbia/To-DoList/test.log', wd=1, mask=IN_MODIFY, cookie=0, name=test.log>
DEBUG:watchdog.observers.inotify_buffer:in-event <InotifyEvent: src_path=b'/home/rabbia/To-DoList/test.log', wd=1, mask=IN_MODIFY, cookie=0, name=test.log>
DEBUG:watchdog.observers.inotify_buffer:in-event <InotifyEvent: src_path=b'/home/rabbia/To-DoList/test.log', wd=1, mask=IN_MODIFY, cookie=0, name=test.log>
DEBUG:watchdog.observers.inotify_buffer:in-event <InotifyEvent: src_path=b'/home/rabbia/To-DoList/test.log', wd=1, mask=IN_MODIFY, cookie=0, name=test.log>
DEBUG:watchdog.observers.inotify_buffer:in-event <InotifyEvent: src_path=b'/home/rabbia/To-DoList/test.log', wd=1, mask=IN_MODIFY, cookie=0, name=test.log>
DEBUG:watchdog.observers.inotify_buffer:in-event <InotifyEvent: src_path=b'/home/rabbia/To-DoList/test.log', wd=1, mask=IN_MODIFY, cookie=0, name=test.log>
DEBUG:watchdog.observers.inotify_buffer:in-event <InotifyEvent: src_path=b'/home/rabbia/To-DoList/test.log', wd=1, mask=IN_MODIFY, cookie=0, name=test.log>
DEBUG:watchdog.observers.inotify_buffer:in-event <InotifyEvent: src_path=b'/home/rabbia/To-DoList/test.log', wd=1, mask=IN_MODIFY, cookie=0, name=test.log>
DEBUG:watchdog.observers.inotify_buffer:in-event <InotifyEvent: src_path=b'/home/rabbia/To-DoList/test.log', wd=1, mask=IN_MODIFY, cookie=0, name=test.log>
DEBUG:watchdog.observers.inotify_buffer:in-event <InotifyEvent: src_path=b'/home/rabbia/To-DoList/test.log', wd=1, mask=IN_MODIFY, cookie=0, name=test.log>
DEBUG:watchdog.observers.inotify_buffer:in-event <InotifyEvent: src_path=b'/home/rabbia/To-DoList/test.log', wd=1, mask=IN_MODIFY, cookie=0, name=test.log>
DEBUG:watchdog.observers.inotify_buffer:in-event <InotifyEvent: src_path=b'/home/rabbia/To-DoList/test.log', wd=1, mask=IN_MODIFY, cookie=0, name=test.log>
DEBUG:watchdog.observers.inotify_buffer:in-event <InotifyEvent: src_path=b'/home/rabbia/To-DoList/test.log', wd=1, mask=IN_MODIFY, cookie=0, name=test.log>
DEBUG:watchdog.observers.inotify_buffer:in-event <InotifyEvent: src_path=b'/home/rabbia/To-DoList/test.log', wd=1, mask=IN_MODIFY, cookie=0, name=test.log>
DEBUG:watchdog.observers.inotify_buffer:in-event <InotifyEvent: src_path=b'/home/rabbia/To-DoList/test.log', wd=1, mask=IN_MODIFY, cookie=0, name=test.log>
DEBUG:watchdog.observers.inotify_buffer:in-event <InotifyEvent: src_path=b'/home/rabbia/To-DoList/test.log', wd=1, mask=IN_MODIFY, cookie=0, name=test.log>
DEBUG:watchdog.observers.inotify_buffer:in-event <InotifyEvent: src_path=b'/home/rabbia/To-DoList/test.log', wd=1, mask=IN_MODIFY, cookie=0, name=test.log>
DEBUG:watchdog.observers.inotify_buffer:in-event <InotifyEvent: src_path=b'/home/rabbia/To-DoList/test.log', wd=1, mask=IN_MODIFY, cookie=0, name=test.log>
DEBUG:watchdog.observers.inotify_buffer:in-event <InotifyEvent: src_path=b'/home/rabbia/To-DoList/test.log', wd=1, mask=IN_MODIFY, cookie=0, name=test.log>
DEBUG:watchdog.observers.inotify_buffer:in-event <InotifyEvent: src_path=b'/home/rabbia/To-DoList/test.log', wd=1, mask=IN_MODIFY, cookie=0, name=test.log>
DEBUG:watchdog.observers.inotify_buffer:in-event <InotifyEvent: src_path=b'/home/rabbia/To-DoList/test.log', wd=1, mask=IN_MODIFY, cookie=0, name=test.log>
DEBUG:watchdog.observers.inotify_buffer:in-event <InotifyEvent: src_path=b'/home/rabbia/To-DoList/test.log', wd=1, mask=IN_MODIFY, cookie=0, name=test.log>
DEBUG:watchdog.observers.inotify_buffer:in-event <InotifyEvent: src_path=b'/home/rabbia/To-DoList/test.log', wd=1, mask=IN_MODIFY, cookie=0, name=test.log>
DEBUG:watchdog.observers.inotify_buffer:in-event <InotifyEvent: src_path=b'/home/rabbia/To-DoList/test.log', wd=1, mask=IN_MODIFY, cookie=0, name=test.log>
DEBUG:watchdog.observers.inotify_buffer:in-event <InotifyEvent: src_path=b'/home/rabbia/To-DoList/test.log', wd=1, mask=IN_MODIFY, cookie=0, name=test.log>
DEBUG:watchdog.observers.inotify_buffer:in-event <InotifyEvent: src_path=b'/home/rabbia/To-DoList/test.log', wd=1, mask=IN_MODIFY, cookie=0, name=test.log>
DEBUG:watchdog.observers.inotify_buffer:in-event <InotifyEvent: src_path=b'/home/rabbia/To-DoList/test.log', wd=1, mask=IN_MODIFY, cookie=0, name=test.log>
DEBUG:watchdog.observers.inotify_buffer:in-event <InotifyEvent: src_path=b'/home/rabbia/To-DoList/test.log', wd=1, mask=IN_MODIFY, cookie=0, name=test.log>
DEBUG:watchdog.observers.inotify_buffer:in-event <InotifyEvent: src_path=b'/home/rabbia/To-DoList/test.log', wd=1, mask=IN_MODIFY, cookie=0, name=test.log>
DEBUG:watchdog.observers.inotify_buffer:in-event <InotifyEvent: src_path=b'/home/rabbia/To-DoList/test.log', wd=1, mask=IN_MODIFY, cookie=0, name=test.log>
DEBUG:watchdog.observers.inotify_buffer:in-event <InotifyEvent: src_path=b'/home/rabbia/To-DoList/test.log', wd=1, mask=IN_MODIFY, cookie=0, name=test.log>
DEBUG:watchdog.observers.inotify_buffer:in-event <InotifyEvent: src_path=b'/home/rabbia/To-DoList/test.log', wd=1, mask=IN_MODIFY, cookie=0, name=test.log>
DEBUG:watchdog.observers.inotify_buffer:in-event <InotifyEvent: src_path=b'/home/rabbia/To-DoList/test.log', wd=1, mask=IN_MODIFY, cookie=0, name=test.log>
DEBUG:watchdog.observers.inotify_buffer:in-event <InotifyEvent: src_path=b'/home/rabbia/To-DoList/test.log', wd=1, mask=IN_MODIFY, cookie=0, name=test.log>
DEBUG:watchdog.observers.inotify_buffer:in-event <InotifyEvent: src_path=b'/home/rabbia/To-DoList/test.log', wd=1, mask=IN_MODIFY, cookie=0, name=test.log>
DEBUG:watchdog.observers.inotify_buffer:in-event <InotifyEvent: src_path=b'/home/rabbia/To-DoList/test.log', wd=1, mask=IN_MODIFY, cookie=0, name=test.log>
DEBUG:watchdog.observers.inotify_buffer:in-event <InotifyEvent: src_path=b'/home/rabbia/To-DoList/test.log', wd=1, mask=IN_MODIFY, cookie=0, name=test.log>
DEBUG:watchdog.observers.inotify_buffer:in-event <InotifyEvent: src_path=b'/home/rabbia/To-DoList/test.log', wd=1, mask=IN_MODIFY, cookie=0, name=test.log>
DEBUG:watchdog.observers.inotify_buffer:in-event <InotifyEvent: src_path=b'/home/rabbia/To-DoList/test.log', wd=1, mask=IN_MODIFY, cookie=0, name=test.log>
DEBUG:watchdog.observers.inotify_buffer:in-event <InotifyEvent: src_path=b'/home/rabbia/To-DoList/test.log', wd=1, mask=IN_MODIFY, cookie=0, name=test.log>
DEBUG:watchdog.observers.inotify_buffer:in-event <InotifyEvent: src_path=b'/home/rabbia/To-DoList/test.log', wd=1, mask=IN_MODIFY, cookie=0, name=test.log>
DEBUG:watchdog.observers.inotify_buffer:in-event <InotifyEvent: src_path=b'/home/rabbia/To-DoList/test.log', wd=1, mask=IN_MODIFY, cookie=0, name=test.log>
DEBUG:watchdog.observers.inotify_buffer:in-event <InotifyEvent: src_path=b'/home/rabbia/To-DoList/test.log', wd=1, mask=IN_MODIFY, cookie=0, name=test.log>
DEBUG:watchdog.observers.inotify_buffer:in-event <InotifyEvent: src_path=b'/home/rabbia/To-DoList/test.log', wd=1, mask=IN_MODIFY, cookie=0, name=test.log>
DEBUG:watchdog.observers.inotify_buffer:in-event <InotifyEvent: src_path=b'/home/rabbia/To-DoList/test.log', wd=1, mask=IN_MODIFY, cookie=0, name=test.log>
DEBUG:watchdog.observers.inotify_buffer:in-event <InotifyEvent: src_path=b'/home/rabbia/To-DoList/test.log', wd=1, mask=IN_MODIFY, cookie=0, name=test.log>
DEBUG:watchdog.observers.inotify_buffer:in-event <InotifyEvent: src_path=b'/home/rabbia/To-DoList/test.log', wd=1, mask=IN_MODIFY, cookie=0, name=test.log>
DEBUG:watchdog.observers.inotify_buffer:in-event <InotifyEvent: src_path=b'/home/rabbia/To-DoList/test.log', wd=1, mask=IN_MODIFY, cookie=0, name=test.log>
DEBUG:watchdog.observers.inotify_buffer:in-event <InotifyEvent: src_path=b'/home/rabbia/To-DoList/test.log', wd=1, mask=IN_MODIFY, cookie=0, name=test.log>
DEBUG:watchdog.observers.inotify_buffer:in-event <InotifyEvent: src_path=b'/home/rabbia/To-DoList/test.log', wd=1, mask=IN_MODIFY, cookie=0, name=test.log>
DEBUG:watchdog.observers.inotify_buffer:in-event <InotifyEvent: src_path=b'/home/rabbia/To-DoList/test.log', wd=1, mask=IN_MODIFY, cookie=0, name=test.log>
DEBUG:watchdog.observers.inotify_buffer:in-event <InotifyEvent: src_path=b'/home/rabbia/To-DoList/test.log', wd=1, mask=IN_MODIFY, cookie=0, name=test.log>
DEBUG:watchdog.observers.inotify_buffer:in-event <InotifyEvent: src_path=b'/home/rabbia/To-DoList/test.log', wd=1, mask=IN_MODIFY, cookie=0, name=test.log>
DEBUG:watchdog.observers.inotify_buffer:in-event <InotifyEvent: src_path=b'/home/rabbia/To-DoList/test.log', wd=1, mask=IN_MODIFY, cookie=0, name=test.log>
DEBUG:watchdog.observers.inotify_buffer:in-event <InotifyEvent: src_path=b'/home/rabbia/To-DoList/test.log', wd=1, mask=IN_MODIFY, cookie=0, name=test.log>
DEBUG:watchdog.observers.inotify_buffer:in-event <InotifyEvent: src_path=b'/home/rabbia/To-DoList/test.log', wd=1, mask=IN_MODIFY, cookie=0, name=test.log>
DEBUG:watchdog.observers.inotify_buffer:in-event <InotifyEvent: src_path=b'/home/rabbia/To-DoList/test.log', wd=1, mask=IN_MODIFY, cookie=0, name=test.log>
DEBUG:watchdog.observers.inotify_buffer:in-event <InotifyEvent: src_path=b'/home/rabbia/To-DoList/test.log', wd=1, mask=IN_MODIFY, cookie=0, name=test.log>
DEBUG:watchdog.observers.inotify_buffer:in-event <InotifyEvent: src_path=b'/home/rabbia/To-DoList/test.log', wd=1, mask=IN_MODIFY, cookie=0, name=test.log>
DEBUG:watchdog.observers.inotify_buffer:in-event <InotifyEvent: src_path=b'/home/rabbia/To-DoList/test.log', wd=1, mask=IN_MODIFY, cookie=0, name=test.log>
DEBUG:watchdog.observers.inotify_buffer:in-event <InotifyEvent: src_path=b'/home/rabbia/To-DoList/test.log', wd=1, mask=IN_MODIFY, cookie=0, name=test.log>
DEBUG:watchdog.observers.inotify_buffer:in-event <InotifyEvent: src_path=b'/home/rabbia/To-DoList/test.log', wd=1, mask=IN_MODIFY, cookie=0, name=test.log>
DEBUG:watchdog.observers.inotify_buffer:in-event <InotifyEvent: src_path=b'/home/rabbia/To-DoList/test.log', wd=1, mask=IN_MODIFY, cookie=0, name=test.log>
DEBUG:watchdog.observers.inotify_buffer:in-event <InotifyEvent: src_path=b'/home/rabbia/To-DoList/test.log', wd=1, mask=IN_MODIFY, cookie=0, name=test.log>
DEBUG:watchdog.observers.inotify_buffer:in-event <InotifyEvent: src_path=b'/home/rabbia/To-DoList/test.log', wd=1, mask=IN_MODIFY, cookie=0, name=test.log>
DEBUG:watchdog.observers.inotify_buffer:in-event <InotifyEvent: src_path=b'/home/rabbia/To-DoList/test.log', wd=1, mask=IN_MODIFY, cookie=0, name=test.log>
DEBUG:watchdog.observers.inotify_buffer:in-event <InotifyEvent: src_path=b'/home/rabbia/To-DoList/test.log', wd=1, mask=IN_MODIFY, cookie=0, name=test.log>
DEBUG:watchdog.observers.inotify_buffer:in-event <InotifyEvent: src_path=b'/home/rabbia/To-DoList/test.log', wd=1, mask=IN_MODIFY, cookie=0, name=test.log>
DEBUG:watchdog.observers.inotify_buffer:in-event <InotifyEvent: src_path=b'/home/rabbia/To-DoList/test.log', wd=1, mask=IN_MODIFY, cookie=0, name=test.log>
DEBUG:watchdog.observers.inotify_buffer:in-event <InotifyEvent: src_path=b'/home/rabbia/To-DoList/test.log', wd=1, mask=IN_MODIFY, cookie=0, name=test.log>
DEBUG:watchdog.observers.inotify_buffer:in-event <InotifyEvent: src_path=b'/home/rabbia/To-DoList/test.log', wd=1, mask=IN_MODIFY, cookie=0, name=test.log>
DEBUG:watchdog.observers.inotify_buffer:in-event <InotifyEvent: src_path=b'/home/rabbia/To-DoList/test.log', wd=1, mask=IN_MODIFY, cookie=0, name=test.log>
DEBUG:watchdog.observers.inotify_buffer:in-event <InotifyEvent: src_path=b'/home/rabbia/To-DoList/test.log', wd=1, mask=IN_MODIFY, cookie=0, name=test.log>
DEBUG:watchdog.observers.inotify_buffer:in-event <InotifyEvent: src_path=b'/home/rabbia/To-DoList/test.log', wd=1, mask=IN_MODIFY, cookie=0, name=test.log>
DEBUG:watchdog.observers.inotify_buffer:in-event <InotifyEvent: src_path=b'/home/rabbia/To-DoList/test.log', wd=1, mask=IN_MODIFY, cookie=0, name=test.log>
DEBUG:watchdog.observers.inotify_buffer:in-event <InotifyEvent: src_path=b'/home/rabbia/To-DoList/test.log', wd=1, mask=IN_MODIFY, cookie=0, name=test.log>
DEBUG:watchdog.observers.inotify_buffer:in-event <InotifyEvent: src_path=b'/home/rabbia/To-DoList/test.log', wd=1, mask=IN_MODIFY, cookie=0, name=test.log>
DEBUG:watchdog.observers.inotify_buffer:in-event <InotifyEvent: src_path=b'/home/rabbia/To-DoList/test.log', wd=1, mask=IN_MODIFY, cookie=0, name=test.log>
DEBUG:watchdog.observers.inotify_buffer:in-event <InotifyEvent: src_path=b'/home/rabbia/To-DoList/test.log', wd=1, mask=IN_MODIFY, cookie=0, name=test.log>
DEBUG:watchdog.observers.inotify_buffer:in-event <InotifyEvent: src_path=b'/home/rabbia/To-DoList/test.log', wd=1, mask=IN_MODIFY, cookie=0, name=test.log>
DEBUG:watchdog.observers.inotify_buffer:in-event <InotifyEvent: src_path=b'/home/rabbia/To-DoList/test.log', wd=1, mask=IN_MODIFY, cookie=0, name=test.log>
DEBUG:watchdog.observers.inotify_buffer:in-event <InotifyEvent: src_path=b'/home/rabbia/To-DoList/test.log', wd=1, mask=IN_MODIFY, cookie=0, name=test.log>
DEBUG:watchdog.observers.inotify_buffer:in-event <InotifyEvent: src_path=b'/home/rabbia/To-DoList/test.log', wd=1, mask=IN_MODIFY, cookie=0, name=test.log>
DEBUG:watchdog.observers.inotify_buffer:in-event <InotifyEvent: src_path=b'/home/rabbia/To-DoList/test.log', wd=1, mask=IN_MODIFY, cookie=0, name=test.log>
DEBUG:watchdog.observers.inotify_buffer:in-event <InotifyEvent: src_path=b'/home/rabbia/To-DoList/test.log', wd=1, mask=IN_MODIFY, cookie=0, name=test.log>
DEBUG:watchdog.observers.inotify_buffer:in-event <InotifyEvent: src_path=b'/home/rabbia/To-DoList/test.log', wd=1, mask=IN_MODIFY, cookie=0, name=test.log>
DEBUG:watchdog.observers.inotify_buffer:in-event <InotifyEvent: src_path=b'/home/rabbia/To-DoList/test.log', wd=1, mask=IN_MODIFY, cookie=0, name=test.log>
DEBUG:watchdog.observers.inotify_buffer:in-event <InotifyEvent: src_path=b'/home/rabbia/To-DoList/test.log', wd=1, mask=IN_MODIFY, cookie=0, name=test.log>
DEBUG:watchdog.observers.inotify_buffer:in-event <InotifyEvent: src_path=b'/home/rabbia/To-DoList/test.log', wd=1, mask=IN_MODIFY, cookie=0, name=test.log>
DEBUG:watchdog.observers.inotify_buffer:in-event <InotifyEvent: src_path=b'/home/rabbia/To-DoList/test.log', wd=1, mask=IN_MODIFY, cookie=0, name=test.log>
DEBUG:watchdog.observers.inotify_buffer:in-event <InotifyEvent: src_path=b'/home/rabbia/To-DoList/test.log', wd=1, mask=IN_MODIFY, cookie=0, name=test.log>
DEBUG:watchdog.observers.inotify_buffer:in-event <InotifyEvent: src_path=b'/home/rabbia/To-DoList/test.log', wd=1, mask=IN_MODIFY, cookie=0, name=test.log>
DEBUG:watchdog.observers.inotify_buffer:in-event <InotifyEvent: src_path=b'/home/rabbia/To-DoList/test.log', wd=1, mask=IN_MODIFY, cookie=0, name=test.log>
DEBUG:watchdog.observers.inotify_buffer:in-event <InotifyEvent: src_path=b'/home/rabbia/To-DoList/test.log', wd=1, mask=IN_MODIFY, cookie=0, name=test.log>
DEBUG:watchdog.observers.inotify_buffer:in-event <InotifyEvent: src_path=b'/home/rabbia/To-DoList/test.log', wd=1, mask=IN_MODIFY, cookie=0, name=test.log>
DEBUG:watchdog.observers.inotify_buffer:in-event <InotifyEvent: src_path=b'/home/rabbia/To-DoList/test.log', wd=1, mask=IN_MODIFY, cookie=0, name=test.log>
DEBUG:watchdog.observers.inotify_buffer:in-event <InotifyEvent: src_path=b'/home/rabbia/To-DoList/test.log', wd=1, mask=IN_MODIFY, cookie=0, name=test.log>
DEBUG:watchdog.observers.inotify_buffer:in-event <InotifyEvent: src_path=b'/home/rabbia/To-DoList/test.log', wd=1, mask=IN_MODIFY, cookie=0, name=test.log>
DEBUG:watchdog.observers.inotify_buffer:in-event <InotifyEvent: src_path=b'/home/rabbia/To-DoList/test.log', wd=1, mask=IN_MODIFY, cookie=0, name=test.log>
DEBUG:watchdog.observers.inotify_buffer:in-event <InotifyEvent: src_path=b'/home/rabbia/To-DoList/test.log', wd=1, mask=IN_MODIFY, cookie=0, name=test.log>
DEBUG:watchdog.observers.inotify_buffer:in-event <InotifyEvent: src_path=b'/home/rabbia/To-DoList/test.log', wd=1, mask=IN_MODIFY, cookie=0, name=test.log>
DEBUG:watchdog.observers.inotify_buffer:in-event <InotifyEvent: src_path=b'/home/rabbia/To-DoList/test.log', wd=1, mask=IN_MODIFY, cookie=0, name=test.log>
DEBUG:watchdog.observers.inotify_buffer:in-event <InotifyEvent: src_path=b'/home/rabbia/To-DoList/test.log', wd=1, mask=IN_MODIFY, cookie=0, name=test.log>
DEBUG:watchdog.observers.inotify_buffer:in-event <InotifyEvent: src_path=b'/home/rabbia/To-DoList/test.log', wd=1, mask=IN_MODIFY, cookie=0, name=test.log>
DEBUG:watchdog.observers.inotify_buffer:in-event <InotifyEvent: src_path=b'/home/rabbia/To-DoList/test.log', wd=1, mask=IN_MODIFY, cookie=0, name=test.log>
DEBUG:watchdog.observers.inotify_buffer:in-event <InotifyEvent: src_path=b'/home/rabbia/To-DoList/test.log', wd=1, mask=IN_MODIFY, cookie=0, name=test.log>
DEBUG:watchdog.observers.inotify_buffer:in-event <InotifyEvent: src_path=b'/home/rabbia/To-DoList/test.log', wd=1, mask=IN_MODIFY, cookie=0, name=test.log>
DEBUG:watchdog.observers.inotify_buffer:in-event <InotifyEvent: src_path=b'/home/rabbia/To-DoList/test.log', wd=1, mask=IN_MODIFY, cookie=0, name=test.log>
DEBUG:watchdog.observers.inotify_buffer:in-event <InotifyEvent: src_path=b'/home/rabbia/To-DoList/test.log', wd=1, mask=IN_MODIFY, cookie=0, name=test.log>
DEBUG:watchdog.observers.inotify_buffer:in-event <InotifyEvent: src_path=b'/home/rabbia/To-DoList/test.log', wd=1, mask=IN_MODIFY, cookie=0, name=test.log>
DEBUG:watchdog.observers.inotify_buffer:in-event <InotifyEvent: src_path=b'/home/rabbia/To-DoList/test.log', wd=1, mask=IN_MODIFY, cookie=0, name=test.log>
DEBUG:watchdog.observers.inotify_buffer:in-event <InotifyEvent: src_path=b'/home/rabbia/To-DoList/test.log', wd=1, mask=IN_MODIFY, cookie=0, name=test.log>
DEBUG:watchdog.observers.inotify_buffer:in-event <InotifyEvent: src_path=b'/home/rabbia/To-DoList/test.log', wd=1, mask=IN_MODIFY, cookie=0, name=test.log>
DEBUG:watchdog.observers.inotify_buffer:in-event <InotifyEvent: src_path=b'/home/rabbia/To-DoList/test.log', wd=1, mask=IN_MODIFY, cookie=0, name=test.log>
DEBUG:watchdog.observers.inotify_buffer:in-event <InotifyEvent: src_path=b'/home/rabbia/To-DoList/test.log', wd=1, mask=IN_MODIFY, cookie=0, name=test.log>
DEBUG:watchdog.observers.inotify_buffer:in-event <InotifyEvent: src_path=b'/home/rabbia/To-DoList/test.log', wd=1, mask=IN_MODIFY, cookie=0, name=test.log>
DEBUG:watchdog.observers.inotify_buffer:in-event <InotifyEvent: src_path=b'/home/rabbia/To-DoList/test.log', wd=1, mask=IN_MODIFY, cookie=0, name=test.log>
DEBUG:watchdog.observers.inotify_buffer:in-event <InotifyEvent: src_path=b'/home/rabbia/To-DoList/test.log', wd=1, mask=IN_MODIFY, cookie=0, name=test.log>
DEBUG:watchdog.observers.inotify_buffer:in-event <InotifyEvent: src_path=b'/home/rabbia/To-DoList/test.log', wd=1, mask=IN_MODIFY, cookie=0, name=test.log>
DEBUG:watchdog.observers.inotify_buffer:in-event <InotifyEvent: src_path=b'/home/rabbia/To-DoList/test.log', wd=1, mask=IN_MODIFY, cookie=0, name=test.log>
DEBUG:watchdog.observers.inotify_buffer:in-event <InotifyEvent: src_path=b'/home/rabbia/To-DoList/test.log', wd=1, mask=IN_MODIFY, cookie=0, name=test.log>
DEBUG:watchdog.observers.inotify_buffer:in-event <InotifyEvent: src_path=b'/home/rabbia/To-DoList/test.log', wd=1, mask=IN_MODIFY, cookie=0, name=test.log>
DEBUG:watchdog.observers.inotify_buffer:in-event <InotifyEvent: src_path=b'/home/rabbia/To-DoList/test.log', wd=1, mask=IN_MODIFY, cookie=0, name=test.log>
DEBUG:watchdog.observers.inotify_buffer:in-event <InotifyEvent: src_path=b'/home/rabbia/To-DoList/test.log', wd=1, mask=IN_MODIFY, cookie=0, name=test.log>
DEBUG:watchdog.observers.inotify_buffer:in-event <InotifyEvent: src_path=b'/home/rabbia/To-DoList/test.log', wd=1, mask=IN_MODIFY, cookie=0, name=test.log>
DEBUG:watchdog.observers.inotify_buffer:in-event <InotifyEvent: src_path=b'/home/rabbia/To-DoList/test.log', wd=1, mask=IN_MODIFY, cookie=0, name=test.log>
DEBUG:watchdog.observers.inotify_buffer:in-event <InotifyEvent: src_path=b'/home/rabbia/To-DoList/test.log', wd=1, mask=IN_MODIFY, cookie=0, name=test.log>
DEBUG:watchdog.observers.inotify_buffer:in-event <InotifyEvent: src_path=b'/home/rabbia/To-DoList/test.log', wd=1, mask=IN_MODIFY, cookie=0, name=test.log>
DEBUG:watchdog.observers.inotify_buffer:in-event <InotifyEvent: src_path=b'/home/rabbia/To-DoList/test.log', wd=1, mask=IN_MODIFY, cookie=0, name=test.log>
DEBUG:watchdog.observers.inotify_buffer:in-event <InotifyEvent: src_path=b'/home/rabbia/To-DoList/test.log', wd=1, mask=IN_MODIFY, cookie=0, name=test.log>
DEBUG:watchdog.observers.inotify_buffer:in-event <InotifyEvent: src_path=b'/home/rabbia/To-DoList/test.log', wd=1, mask=IN_MODIFY, cookie=0, name=test.log>
DEBUG:watchdog.observers.inotify_buffer:in-event <InotifyEvent: src_path=b'/home/rabbia/To-DoList/test.log', wd=1, mask=IN_MODIFY, cookie=0, name=test.log>
DEBUG:watchdog.observers.inotify_buffer:in-event <InotifyEvent: src_path=b'/home/rabbia/To-DoList/test.log', wd=1, mask=IN_MODIFY, cookie=0, name=test.log>
DEBUG:watchdog.observers.inotify_buffer:in-event <InotifyEvent: src_path=b'/home/rabbia/To-DoList/test.log', wd=1, mask=IN_MODIFY, cookie=0, name=test.log>
DEBUG:watchdog.observers.inotify_buffer:in-event <InotifyEvent: src_path=b'/home/rabbia/To-DoList/test.log', wd=1, mask=IN_MODIFY, cookie=0, name=test.log>
DEBUG:watchdog.observers.inotify_buffer:in-event <InotifyEvent: src_path=b'/home/rabbia/To-DoList/test.log', wd=1, mask=IN_MODIFY, cookie=0, name=test.log>
DEBUG:watchdog.observers.inotify_buffer:in-event <InotifyEvent: src_path=b'/home/rabbia/To-DoList/test.log', wd=1, mask=IN_MODIFY, cookie=0, name=test.log>
DEBUG:watchdog.observers.inotify_buffer:in-event <InotifyEvent: src_path=b'/home/rabbia/To-DoList/test.log', wd=1, mask=IN_MODIFY, cookie=0, name=test.log>
DEBUG:watchdog.observers.inotify_buffer:in-event <InotifyEvent: src_path=b'/home/rabbia/To-DoList/test.log', wd=1, mask=IN_MODIFY, cookie=0, name=test.log>
DEBUG:watchdog.observers.inotify_buffer:in-event <InotifyEvent: src_path=b'/home/rabbia/To-DoList/test.log', wd=1, mask=IN_MODIFY, cookie=0, name=test.log>
DEBUG:watchdog.observers.inotify_buffer:in-event <InotifyEvent: src_path=b'/home/rabbia/To-DoList/test.log', wd=1, mask=IN_MODIFY, cookie=0, name=test.log>
DEBUG:watchdog.observers.inotify_buffer:in-event <InotifyEvent: src_path=b'/home/rabbia/To-DoList/test.log', wd=1, mask=IN_MODIFY, cookie=0, name=test.log>
DEBUG:watchdog.observers.inotify_buffer:in-event <InotifyEvent: src_path=b'/home/rabbia/To-DoList/test.log', wd=1, mask=IN_MODIFY, cookie=0, name=test.log>
DEBUG:watchdog.observers.inotify_buffer:in-event <InotifyEvent: src_path=b'/home/rabbia/To-DoList/test.log', wd=1, mask=IN_MODIFY, cookie=0, name=test.log>
DEBUG:watchdog.observers.inotify_buffer:in-event <InotifyEvent: src_path=b'/home/rabbia/To-DoList/test.log', wd=1, mask=IN_MODIFY, cookie=0, name=test.log>
DEBUG:watchdog.observers.inotify_buffer:in-event <InotifyEvent: src_path=b'/home/rabbia/To-DoList/test.log', wd=1, mask=IN_MODIFY, cookie=0, name=test.log>
DEBUG:watchdog.observers.inotify_buffer:in-event <InotifyEvent: src_path=b'/home/rabbia/To-DoList/test.log', wd=1, mask=IN_MODIFY, cookie=0, name=test.log>
DEBUG:watchdog.observers.inotify_buffer:in-event <InotifyEvent: src_path=b'/home/rabbia/To-DoList/test.log', wd=1, mask=IN_MODIFY, cookie=0, name=test.log>
DEBUG:watchdog.observers.inotify_buffer:in-event <InotifyEvent: src_path=b'/home/rabbia/To-DoList/test.log', wd=1, mask=IN_MODIFY, cookie=0, name=test.log>
DEBUG:watchdog.observers.inotify_buffer:in-event <InotifyEvent: src_path=b'/home/rabbia/To-DoList/test.log', wd=1, mask=IN_MODIFY, cookie=0, name=test.log>
DEBUG:watchdog.observers.inotify_buffer:in-event <InotifyEvent: src_path=b'/home/rabbia/To-DoList/test.log', wd=1, mask=IN_MODIFY, cookie=0, name=test.log>
DEBUG:watchdog.observers.inotify_buffer:in-event <InotifyEvent: src_path=b'/home/rabbia/To-DoList/test.log', wd=1, mask=IN_MODIFY, cookie=0, name=test.log>
DEBUG:watchdog.observers.inotify_buffer:in-event <InotifyEvent: src_path=b'/home/rabbia/To-DoList/test.log', wd=1, mask=IN_MODIFY, cookie=0, name=test.log>
DEBUG:watchdog.observers.inotify_buffer:in-event <InotifyEvent: src_path=b'/home/rabbia/To-DoList/test.log', wd=1, mask=IN_MODIFY, cookie=0, name=test.log>
DEBUG:watchdog.observers.inotify_buffer:in-event <InotifyEvent: src_path=b'/home/rabbia/To-DoList/test.log', wd=1, mask=IN_MODIFY, cookie=0, name=test.log>
DEBUG:watchdog.observers.inotify_buffer:in-event <InotifyEvent: src_path=b'/home/rabbia/To-DoList/test.log', wd=1, mask=IN_MODIFY, cookie=0, name=test.log>
DEBUG:watchdog.observers.inotify_buffer:in-event <InotifyEvent: src_path=b'/home/rabbia/To-DoList/test.log', wd=1, mask=IN_MODIFY, cookie=0, name=test.log>
DEBUG:watchdog.observers.inotify_buffer:in-event <InotifyEvent: src_path=b'/home/rabbia/To-DoList/test.log', wd=1, mask=IN_MODIFY, cookie=0, name=test.log>
DEBUG:watchdog.observers.inotify_buffer:in-event <InotifyEvent: src_path=b'/home/rabbia/To-DoList/test.log', wd=1, mask=IN_MODIFY, cookie=0, name=test.log>
DEBUG:watchdog.observers.inotify_buffer:in-event <InotifyEvent: src_path=b'/home/rabbia/To-DoList/test.log', wd=1, mask=IN_MODIFY, cookie=0, name=test.log>
DEBUG:watchdog.observers.inotify_buffer:in-event <InotifyEvent: src_path=b'/home/rabbia/To-DoList/test.log', wd=1, mask=IN_MODIFY, cookie=0, name=test.log>
DEBUG:watchdog.observers.inotify_buffer:in-event <InotifyEvent: src_path=b'/home/rabbia/To-DoList/test.log', wd=1, mask=IN_MODIFY, cookie=0, name=test.log>
DEBUG:watchdog.observers.inotify_buffer:in-event <InotifyEvent: src_path=b'/home/rabbia/To-DoList/test.log', wd=1, mask=IN_MODIFY, cookie=0, name=test.log>
DEBUG:watchdog.observers.inotify_buffer:in-event <InotifyEvent: src_path=b'/home/rabbia/To-DoList/test.log', wd=1, mask=IN_MODIFY, cookie=0, name=test.log>
DEBUG:watchdog.observers.inotify_buffer:in-event <InotifyEvent: src_path=b'/home/rabbia/To-DoList/test.log', wd=1, mask=IN_MODIFY, cookie=0, name=test.log>
DEBUG:watchdog.observers.inotify_buffer:in-event <InotifyEvent: src_path=b'/home/rabbia/To-DoList/test.log', wd=1, mask=IN_MODIFY, cookie=0, name=test.log>
DEBUG:watchdog.observers.inotify_buffer:in-event <InotifyEvent: src_path=b'/home/rabbia/To-DoList/test.log', wd=1, mask=IN_MODIFY, cookie=0, name=test.log>
DEBUG:watchdog.observers.inotify_buffer:in-event <InotifyEvent: src_path=b'/home/rabbia/To-DoList/test.log', wd=1, mask=IN_MODIFY, cookie=0, name=test.log>
DEBUG:watchdog.observers.inotify_buffer:in-event <InotifyEvent: src_path=b'/home/rabbia/To-DoList/test.log', wd=1, mask=IN_MODIFY, cookie=0, name=test.log>
DEBUG:watchdog.observers.inotify_buffer:in-event <InotifyEvent: src_path=b'/home/rabbia/To-DoList/test.log', wd=1, mask=IN_MODIFY, cookie=0, name=test.log>
DEBUG:watchdog.observers.inotify_buffer:in-event <InotifyEvent: src_path=b'/home/rabbia/To-DoList/test.log', wd=1, mask=IN_MODIFY, cookie=0, name=test.log>
DEBUG:watchdog.observers.inotify_buffer:in-event <InotifyEvent: src_path=b'/home/rabbia/To-DoList/test.log', wd=1, mask=IN_MODIFY, cookie=0, name=test.log>
DEBUG:watchdog.observers.inotify_buffer:in-event <InotifyEvent: src_path=b'/home/rabbia/To-DoList/test.log', wd=1, mask=IN_MODIFY, cookie=0, name=test.log>
DEBUG:watchdog.observers.inotify_buffer:in-event <InotifyEvent: src_path=b'/home/rabbia/To-DoList/test.log', wd=1, mask=IN_MODIFY, cookie=0, name=test.log>
DEBUG:watchdog.observers.inotify_buffer:in-event <InotifyEvent: src_path=b'/home/rabbia/To-DoList/test.log', wd=1, mask=IN_MODIFY, cookie=0, name=test.log>
DEBUG:watchdog.observers.inotify_buffer:in-event <InotifyEvent: src_path=b'/home/rabbia/To-DoList/test.log', wd=1, mask=IN_MODIFY, cookie=0, name=test.log>
DEBUG:watchdog.observers.inotify_buffer:in-event <InotifyEvent: src_path=b'/home/rabbia/To-DoList/test.log', wd=1, mask=IN_MODIFY, cookie=0, name=test.log>
DEBUG:watchdog.observers.inotify_buffer:in-event <InotifyEvent: src_path=b'/home/rabbia/To-DoList/test.log', wd=1, mask=IN_MODIFY, cookie=0, name=test.log>
DEBUG:watchdog.observers.inotify_buffer:in-event <InotifyEvent: src_path=b'/home/rabbia/To-DoList/test.log', wd=1, mask=IN_MODIFY, cookie=0, name=test.log>
DEBUG:watchdog.observers.inotify_buffer:in-event <InotifyEvent: src_path=b'/home/rabbia/To-DoList/test.log', wd=1, mask=IN_MODIFY, cookie=0, name=test.log>
DEBUG:watchdog.observers.inotify_buffer:in-event <InotifyEvent: src_path=b'/home/rabbia/To-DoList/test.log', wd=1, mask=IN_MODIFY, cookie=0, name=test.log>
DEBUG:watchdog.observers.inotify_buffer:in-event <InotifyEvent: src_path=b'/home/rabbia/To-DoList/test.log', wd=1, mask=IN_MODIFY, cookie=0, name=test.log>
DEBUG:watchdog.observers.inotify_buffer:in-event <InotifyEvent: src_path=b'/home/rabbia/To-DoList/test.log', wd=1, mask=IN_MODIFY, cookie=0, name=test.log>
DEBUG:watchdog.observers.inotify_buffer:in-event <InotifyEvent: src_path=b'/home/rabbia/To-DoList/test.log', wd=1, mask=IN_MODIFY, cookie=0, name=test.log>
DEBUG:watchdog.observers.inotify_buffer:in-event <InotifyEvent: src_path=b'/home/rabbia/To-DoList/test.log', wd=1, mask=IN_MODIFY, cookie=0, name=test.log>
DEBUG:watchdog.observers.inotify_buffer:in-event <InotifyEvent: src_path=b'/home/rabbia/To-DoList/test.log', wd=1, mask=IN_MODIFY, cookie=0, name=test.log>
DEBUG:watchdog.observers.inotify_buffer:in-event <InotifyEvent: src_path=b'/home/rabbia/To-DoList/test.log', wd=1, mask=IN_MODIFY, cookie=0, name=test.log>
DEBUG:watchdog.observers.inotify_buffer:in-event <InotifyEvent: src_path=b'/home/rabbia/To-DoList/test.log', wd=1, mask=IN_MODIFY, cookie=0, name=test.log>
DEBUG:watchdog.observers.inotify_buffer:in-event <InotifyEvent: src_path=b'/home/rabbia/To-DoList/test.log', wd=1, mask=IN_MODIFY, cookie=0, name=test.log>
DEBUG:watchdog.observers.inotify_buffer:in-event <InotifyEvent: src_path=b'/home/rabbia/To-DoList/test.log', wd=1, mask=IN_MODIFY, cookie=0, name=test.log>
DEBUG:watchdog.observers.inotify_buffer:in-event <InotifyEvent: src_path=b'/home/rabbia/To-DoList/test.log', wd=1, mask=IN_MODIFY, cookie=0, name=test.log>
DEBUG:watchdog.observers.inotify_buffer:in-event <InotifyEvent: src_path=b'/home/rabbia/To-DoList/test.log', wd=1, mask=IN_MODIFY, cookie=0, name=test.log>
DEBUG:watchdog.observers.inotify_buffer:in-event <InotifyEvent: src_path=b'/home/rabbia/To-DoList/test.log', wd=1, mask=IN_MODIFY, cookie=0, name=test.log>
DEBUG:watchdog.observers.inotify_buffer:in-event <InotifyEvent: src_path=b'/home/rabbia/To-DoList/test.log', wd=1, mask=IN_MODIFY, cookie=0, name=test.log>
DEBUG:watchdog.observers.inotify_buffer:in-event <InotifyEvent: src_path=b'/home/rabbia/To-DoList/test.log', wd=1, mask=IN_MODIFY, cookie=0, name=test.log>
DEBUG:watchdog.observers.inotify_buffer:in-event <InotifyEvent: src_path=b'/home/rabbia/To-DoList/test.log', wd=1, mask=IN_MODIFY, cookie=0, name=test.log>
DEBUG:watchdog.observers.inotify_buffer:in-event <InotifyEvent: src_path=b'/home/rabbia/To-DoList/test.log', wd=1, mask=IN_MODIFY, cookie=0, name=test.log>
DEBUG:watchdog.observers.inotify_buffer:in-event <InotifyEvent: src_path=b'/home/rabbia/To-DoList/test.log', wd=1, mask=IN_MODIFY, cookie=0, name=test.log>
DEBUG:watchdog.observers.inotify_buffer:in-event <InotifyEvent: src_path=b'/home/rabbia/To-DoList/test.log', wd=1, mask=IN_MODIFY, cookie=0, name=test.log>
DEBUG:watchdog.observers.inotify_buffer:in-event <InotifyEvent: src_path=b'/home/rabbia/To-DoList/test.log', wd=1, mask=IN_MODIFY, cookie=0, name=test.log>
DEBUG:watchdog.observers.inotify_buffer:in-event <InotifyEvent: src_path=b'/home/rabbia/To-DoList/test.log', wd=1, mask=IN_MODIFY, cookie=0, name=test.log>
DEBUG:watchdog.observers.inotify_buffer:in-event <InotifyEvent: src_path=b'/home/rabbia/To-DoList/test.log', wd=1, mask=IN_MODIFY, cookie=0, name=test.log>
DEBUG:watchdog.observers.inotify_buffer:in-event <InotifyEvent: src_path=b'/home/rabbia/To-DoList/test.log', wd=1, mask=IN_MODIFY, cookie=0, name=test.log>
DEBUG:watchdog.observers.inotify_buffer:in-event <InotifyEvent: src_path=b'/home/rabbia/To-DoList/test.log', wd=1, mask=IN_MODIFY, cookie=0, name=test.log>
DEBUG:watchdog.observers.inotify_buffer:in-event <InotifyEvent: src_path=b'/home/rabbia/To-DoList/test.log', wd=1, mask=IN_MODIFY, cookie=0, name=test.log>
DEBUG:watchdog.observers.inotify_buffer:in-event <InotifyEvent: src_path=b'/home/rabbia/To-DoList/test.log', wd=1, mask=IN_MODIFY, cookie=0, name=test.log>
DEBUG:watchdog.observers.inotify_buffer:in-event <InotifyEvent: src_path=b'/home/rabbia/To-DoList/test.log', wd=1, mask=IN_MODIFY, cookie=0, name=test.log>
DEBUG:watchdog.observers.inotify_buffer:in-event <InotifyEvent: src_path=b'/home/rabbia/To-DoList/test.log', wd=1, mask=IN_MODIFY, cookie=0, name=test.log>
DEBUG:watchdog.observers.inotify_buffer:in-event <InotifyEvent: src_path=b'/home/rabbia/To-DoList/test.log', wd=1, mask=IN_MODIFY, cookie=0, name=test.log>
DEBUG:watchdog.observers.inotify_buffer:in-event <InotifyEvent: src_path=b'/home/rabbia/To-DoList/test.log', wd=1, mask=IN_MODIFY, cookie=0, name=test.log>
DEBUG:watchdog.observers.inotify_buffer:in-event <InotifyEvent: src_path=b'/home/rabbia/To-DoList/test.log', wd=1, mask=IN_MODIFY, cookie=0, name=test.log>
DEBUG:watchdog.observers.inotify_buffer:in-event <InotifyEvent: src_path=b'/home/rabbia/To-DoList/test.log', wd=1, mask=IN_MODIFY, cookie=0, name=test.log>
DEBUG:watchdog.observers.inotify_buffer:in-event <InotifyEvent: src_path=b'/home/rabbia/To-DoList/test.log', wd=1, mask=IN_MODIFY, cookie=0, name=test.log>
DEBUG:watchdog.observers.inotify_buffer:in-event <InotifyEvent: src_path=b'/home/rabbia/To-DoList/test.log', wd=1, mask=IN_MODIFY, cookie=0, name=test.log>
DEBUG:watchdog.observers.inotify_buffer:in-event <InotifyEvent: src_path=b'/home/rabbia/To-DoList/test.log', wd=1, mask=IN_MODIFY, cookie=0, name=test.log>
DEBUG:watchdog.observers.inotify_buffer:in-event <InotifyEvent: src_path=b'/home/rabbia/To-DoList/test.log', wd=1, mask=IN_MODIFY, cookie=0, name=test.log>
DEBUG:watchdog.observers.inotify_buffer:in-event <InotifyEvent: src_path=b'/home/rabbia/To-DoList/test.log', wd=1, mask=IN_MODIFY, cookie=0, name=test.log>
DEBUG:watchdog.observers.inotify_buffer:in-event <InotifyEvent: src_path=b'/home/rabbia/To-DoList/test.log', wd=1, mask=IN_MODIFY, cookie=0, name=test.log>
DEBUG:watchdog.observers.inotify_buffer:in-event <InotifyEvent: src_path=b'/home/rabbia/To-DoList/test.log', wd=1, mask=IN_MODIFY, cookie=0, name=test.log>
DEBUG:watchdog.observers.inotify_buffer:in-event <InotifyEvent: src_path=b'/home/rabbia/To-DoList/test.log', wd=1, mask=IN_MODIFY, cookie=0, name=test.log>
DEBUG:watchdog.observers.inotify_buffer:in-event <InotifyEvent: src_path=b'/home/rabbia/To-DoList/test.log', wd=1, mask=IN_MODIFY, cookie=0, name=test.log>
DEBUG:watchdog.observers.inotify_buffer:in-event <InotifyEvent: src_path=b'/home/rabbia/To-DoList/test.log', wd=1, mask=IN_MODIFY, cookie=0, name=test.log>
DEBUG:watchdog.observers.inotify_buffer:in-event <InotifyEvent: src_path=b'/home/rabbia/To-DoList/test.log', wd=1, mask=IN_MODIFY, cookie=0, name=test.log>
DEBUG:watchdog.observers.inotify_buffer:in-event <InotifyEvent: src_path=b'/home/rabbia/To-DoList/test.log', wd=1, mask=IN_MODIFY, cookie=0, name=test.log>
DEBUG:watchdog.observers.inotify_buffer:in-event <InotifyEvent: src_path=b'/home/rabbia/To-DoList/test.log', wd=1, mask=IN_MODIFY, cookie=0, name=test.log>
DEBUG:watchdog.observers.inotify_buffer:in-event <InotifyEvent: src_path=b'/home/rabbia/To-DoList/test.log', wd=1, mask=IN_MODIFY, cookie=0, name=test.log>
DEBUG:watchdog.observers.inotify_buffer:in-event <InotifyEvent: src_path=b'/home/rabbia/To-DoList/test.log', wd=1, mask=IN_MODIFY, cookie=0, name=test.log>
DEBUG:watchdog.observers.inotify_buffer:in-event <InotifyEvent: src_path=b'/home/rabbia/To-DoList/test.log', wd=1, mask=IN_MODIFY, cookie=0, name=test.log>
DEBUG:watchdog.observers.inotify_buffer:in-event <InotifyEvent: src_path=b'/home/rabbia/To-DoList/test.log', wd=1, mask=IN_MODIFY, cookie=0, name=test.log>
DEBUG:watchdog.observers.inotify_buffer:in-event <InotifyEvent: src_path=b'/home/rabbia/To-DoList/test.log', wd=1, mask=IN_MODIFY, cookie=0, name=test.log>
DEBUG:watchdog.observers.inotify_buffer:in-event <InotifyEvent: src_path=b'/home/rabbia/To-DoList/test.log', wd=1, mask=IN_MODIFY, cookie=0, name=test.log>
DEBUG:watchdog.observers.inotify_buffer:in-event <InotifyEvent: src_path=b'/home/rabbia/To-DoList/test.log', wd=1, mask=IN_MODIFY, cookie=0, name=test.log>
DEBUG:watchdog.observers.inotify_buffer:in-event <InotifyEvent: src_path=b'/home/rabbia/To-DoList/test.log', wd=1, mask=IN_MODIFY, cookie=0, name=test.log>
DEBUG:watchdog.observers.inotify_buffer:in-event <InotifyEvent: src_path=b'/home/rabbia/To-DoList/test.log', wd=1, mask=IN_MODIFY, cookie=0, name=test.log>
DEBUG:watchdog.observers.inotify_buffer:in-event <InotifyEvent: src_path=b'/home/rabbia/To-DoList/test.log', wd=1, mask=IN_MODIFY, cookie=0, name=test.log>
DEBUG:watchdog.observers.inotify_buffer:in-event <InotifyEvent: src_path=b'/home/rabbia/To-DoList/test.log', wd=1, mask=IN_MODIFY, cookie=0, name=test.log>
DEBUG:watchdog.observers.inotify_buffer:in-event <InotifyEvent: src_path=b'/home/rabbia/To-DoList/test.log', wd=1, mask=IN_MODIFY, cookie=0, name=test.log>
DEBUG:watchdog.observers.inotify_buffer:in-event <InotifyEvent: src_path=b'/home/rabbia/To-DoList/test.log', wd=1, mask=IN_MODIFY, cookie=0, name=test.log>
DEBUG:watchdog.observers.inotify_buffer:in-event <InotifyEvent: src_path=b'/home/rabbia/To-DoList/test.log', wd=1, mask=IN_MODIFY, cookie=0, name=test.log>
DEBUG:watchdog.observers.inotify_buffer:in-event <InotifyEvent: src_path=b'/home/rabbia/To-DoList/test.log', wd=1, mask=IN_MODIFY, cookie=0, name=test.log>
DEBUG:watchdog.observers.inotify_buffer:in-event <InotifyEvent: src_path=b'/home/rabbia/To-DoList/test.log', wd=1, mask=IN_MODIFY, cookie=0, name=test.log>
DEBUG:watchdog.observers.inotify_buffer:in-event <InotifyEvent: src_path=b'/home/rabbia/To-DoList/test.log', wd=1, mask=IN_MODIFY, cookie=0, name=test.log>
DEBUG:watchdog.observers.inotify_buffer:in-event <InotifyEvent: src_path=b'/home/rabbia/To-DoList/test.log', wd=1, mask=IN_MODIFY, cookie=0, name=test.log>
DEBUG:watchdog.observers.inotify_buffer:in-event <InotifyEvent: src_path=b'/home/rabbia/To-DoList/test.log', wd=1, mask=IN_MODIFY, cookie=0, name=test.log>
DEBUG:watchdog.observers.inotify_buffer:in-event <InotifyEvent: src_path=b'/home/rabbia/To-DoList/test.log', wd=1, mask=IN_MODIFY, cookie=0, name=test.log>
DEBUG:watchdog.observers.inotify_buffer:in-event <InotifyEvent: src_path=b'/home/rabbia/To-DoList/test.log', wd=1, mask=IN_MODIFY, cookie=0, name=test.log>
DEBUG:watchdog.observers.inotify_buffer:in-event <InotifyEvent: src_path=b'/home/rabbia/To-DoList/test.log', wd=1, mask=IN_MODIFY, cookie=0, name=test.log>
DEBUG:watchdog.observers.inotify_buffer:in-event <InotifyEvent: src_path=b'/home/rabbia/To-DoList/test.log', wd=1, mask=IN_MODIFY, cookie=0, name=test.log>
DEBUG:watchdog.observers.inotify_buffer:in-event <InotifyEvent: src_path=b'/home/rabbia/To-DoList/test.log', wd=1, mask=IN_MODIFY, cookie=0, name=test.log>
DEBUG:watchdog.observers.inotify_buffer:in-event <InotifyEvent: src_path=b'/home/rabbia/To-DoList/test.log', wd=1, mask=IN_MODIFY, cookie=0, name=test.log>
DEBUG:watchdog.observers.inotify_buffer:in-event <InotifyEvent: src_path=b'/home/rabbia/To-DoList/test.log', wd=1, mask=IN_MODIFY, cookie=0, name=test.log>
DEBUG:watchdog.observers.inotify_buffer:in-event <InotifyEvent: src_path=b'/home/rabbia/To-DoList/test.log', wd=1, mask=IN_MODIFY, cookie=0, name=test.log>
DEBUG:watchdog.observers.inotify_buffer:in-event <InotifyEvent: src_path=b'/home/rabbia/To-DoList/test.log', wd=1, mask=IN_MODIFY, cookie=0, name=test.log>
DEBUG:watchdog.observers.inotify_buffer:in-event <InotifyEvent: src_path=b'/home/rabbia/To-DoList/test.log', wd=1, mask=IN_MODIFY, cookie=0, name=test.log>
DEBUG:watchdog.observers.inotify_buffer:in-event <InotifyEvent: src_path=b'/home/rabbia/To-DoList/test.log', wd=1, mask=IN_MODIFY, cookie=0, name=test.log>
DEBUG:watchdog.observers.inotify_buffer:in-event <InotifyEvent: src_path=b'/home/rabbia/To-DoList/test.log', wd=1, mask=IN_MODIFY, cookie=0, name=test.log>
DEBUG:watchdog.observers.inotify_buffer:in-event <InotifyEvent: src_path=b'/home/rabbia/To-DoList/test.log', wd=1, mask=IN_MODIFY, cookie=0, name=test.log>
DEBUG:watchdog.observers.inotify_buffer:in-event <InotifyEvent: src_path=b'/home/rabbia/To-DoList/test.log', wd=1, mask=IN_MODIFY, cookie=0, name=test.log>
DEBUG:watchdog.observers.inotify_buffer:in-event <InotifyEvent: src_path=b'/home/rabbia/To-DoList/test.log', wd=1, mask=IN_MODIFY, cookie=0, name=test.log>
DEBUG:watchdog.observers.inotify_buffer:in-event <InotifyEvent: src_path=b'/home/rabbia/To-DoList/test.log', wd=1, mask=IN_MODIFY, cookie=0, name=test.log>
DEBUG:watchdog.observers.inotify_buffer:in-event <InotifyEvent: src_path=b'/home/rabbia/To-DoList/test.log', wd=1, mask=IN_MODIFY, cookie=0, name=test.log>
DEBUG:watchdog.observers.inotify_buffer:in-event <InotifyEvent: src_path=b'/home/rabbia/To-DoList/test.log', wd=1, mask=IN_MODIFY, cookie=0, name=test.log>
DEBUG:watchdog.observers.inotify_buffer:in-event <InotifyEvent: src_path=b'/home/rabbia/To-DoList/test.log', wd=1, mask=IN_MODIFY, cookie=0, name=test.log>
DEBUG:watchdog.observers.inotify_buffer:in-event <InotifyEvent: src_path=b'/home/rabbia/To-DoList/test.log', wd=1, mask=IN_MODIFY, cookie=0, name=test.log>
DEBUG:watchdog.observers.inotify_buffer:in-event <InotifyEvent: src_path=b'/home/rabbia/To-DoList/test.log', wd=1, mask=IN_MODIFY, cookie=0, name=test.log>
DEBUG:watchdog.observers.inotify_buffer:in-event <InotifyEvent: src_path=b'/home/rabbia/To-DoList/test.log', wd=1, mask=IN_MODIFY, cookie=0, name=test.log>
DEBUG:watchdog.observers.inotify_buffer:in-event <InotifyEvent: src_path=b'/home/rabbia/To-DoList/test.log', wd=1, mask=IN_MODIFY, cookie=0, name=test.log>
DEBUG:watchdog.observers.inotify_buffer:in-event <InotifyEvent: src_path=b'/home/rabbia/To-DoList/test.log', wd=1, mask=IN_MODIFY, cookie=0, name=test.log>
DEBUG:watchdog.observers.inotify_buffer:in-event <InotifyEvent: src_path=b'/home/rabbia/To-DoList/test.log', wd=1, mask=IN_MODIFY, cookie=0, name=test.log>
DEBUG:watchdog.observers.inotify_buffer:in-event <InotifyEvent: src_path=b'/home/rabbia/To-DoList/test.log', wd=1, mask=IN_MODIFY, cookie=0, name=test.log>
DEBUG:watchdog.observers.inotify_buffer:in-event <InotifyEvent: src_path=b'/home/rabbia/To-DoList/test.log', wd=1, mask=IN_MODIFY, cookie=0, name=test.log>
DEBUG:watchdog.observers.inotify_buffer:in-event <InotifyEvent: src_path=b'/home/rabbia/To-DoList/test.log', wd=1, mask=IN_MODIFY, cookie=0, name=test.log>
DEBUG:watchdog.observers.inotify_buffer:in-event <InotifyEvent: src_path=b'/home/rabbia/To-DoList/test.log', wd=1, mask=IN_MODIFY, cookie=0, name=test.log>
DEBUG:watchdog.observers.inotify_buffer:in-event <InotifyEvent: src_path=b'/home/rabbia/To-DoList/test.log', wd=1, mask=IN_MODIFY, cookie=0, name=test.log>
DEBUG:watchdog.observers.inotify_buffer:in-event <InotifyEvent: src_path=b'/home/rabbia/To-DoList/test.log', wd=1, mask=IN_MODIFY, cookie=0, name=test.log>
DEBUG:watchdog.observers.inotify_buffer:in-event <InotifyEvent: src_path=b'/home/rabbia/To-DoList/test.log', wd=1, mask=IN_MODIFY, cookie=0, name=test.log>
DEBUG:watchdog.observers.inotify_buffer:in-event <InotifyEvent: src_path=b'/home/rabbia/To-DoList/test.log', wd=1, mask=IN_MODIFY, cookie=0, name=test.log>
DEBUG:watchdog.observers.inotify_buffer:in-event <InotifyEvent: src_path=b'/home/rabbia/To-DoList/test.log', wd=1, mask=IN_MODIFY, cookie=0, name=test.log>
DEBUG:watchdog.observers.inotify_buffer:in-event <InotifyEvent: src_path=b'/home/rabbia/To-DoList/test.log', wd=1, mask=IN_MODIFY, cookie=0, name=test.log>
DEBUG:watchdog.observers.inotify_buffer:in-event <InotifyEvent: src_path=b'/home/rabbia/To-DoList/test.log', wd=1, mask=IN_MODIFY, cookie=0, name=test.log>
DEBUG:watchdog.observers.inotify_buffer:in-event <InotifyEvent: src_path=b'/home/rabbia/To-DoList/test.log', wd=1, mask=IN_MODIFY, cookie=0, name=test.log>
DEBUG:watchdog.observers.inotify_buffer:in-event <InotifyEvent: src_path=b'/home/rabbia/To-DoList/test.log', wd=1, mask=IN_MODIFY, cookie=0, name=test.log>
DEBUG:watchdog.observers.inotify_buffer:in-event <InotifyEvent: src_path=b'/home/rabbia/To-DoList/test.log', wd=1, mask=IN_MODIFY, cookie=0, name=test.log>
DEBUG:watchdog.observers.inotify_buffer:in-event <InotifyEvent: src_path=b'/home/rabbia/To-DoList/test.log', wd=1, mask=IN_MODIFY, cookie=0, name=test.log>
DEBUG:watchdog.observers.inotify_buffer:in-event <InotifyEvent: src_path=b'/home/rabbia/To-DoList/test.log', wd=1, mask=IN_MODIFY, cookie=0, name=test.log>
DEBUG:watchdog.observers.inotify_buffer:in-event <InotifyEvent: src_path=b'/home/rabbia/To-DoList/test.log', wd=1, mask=IN_MODIFY, cookie=0, name=test.log>
DEBUG:watchdog.observers.inotify_buffer:in-event <InotifyEvent: src_path=b'/home/rabbia/To-DoList/test.log', wd=1, mask=IN_MODIFY, cookie=0, name=test.log>
DEBUG:watchdog.observers.inotify_buffer:in-event <InotifyEvent: src_path=b'/home/rabbia/To-DoList/test.log', wd=1, mask=IN_MODIFY, cookie=0, name=test.log>
DEBUG:watchdog.observers.inotify_buffer:in-event <InotifyEvent: src_path=b'/home/rabbia/To-DoList/test.log', wd=1, mask=IN_MODIFY, cookie=0, name=test.log>
DEBUG:watchdog.observers.inotify_buffer:in-event <InotifyEvent: src_path=b'/home/rabbia/To-DoList/test.log', wd=1, mask=IN_MODIFY, cookie=0, name=test.log>
DEBUG:watchdog.observers.inotify_buffer:in-event <InotifyEvent: src_path=b'/home/rabbia/To-DoList/test.log', wd=1, mask=IN_MODIFY, cookie=0, name=test.log>
DEBUG:watchdog.observers.inotify_buffer:in-event <InotifyEvent: src_path=b'/home/rabbia/To-DoList/test.log', wd=1, mask=IN_MODIFY, cookie=0, name=test.log>
DEBUG:watchdog.observers.inotify_buffer:in-event <InotifyEvent: src_path=b'/home/rabbia/To-DoList/test.log', wd=1, mask=IN_MODIFY, cookie=0, name=test.log>
DEBUG:watchdog.observers.inotify_buffer:in-event <InotifyEvent: src_path=b'/home/rabbia/To-DoList/test.log', wd=1, mask=IN_MODIFY, cookie=0, name=test.log>
DEBUG:watchdog.observers.inotify_buffer:in-event <InotifyEvent: src_path=b'/home/rabbia/To-DoList/test.log', wd=1, mask=IN_MODIFY, cookie=0, name=test.log>
DEBUG:watchdog.observers.inotify_buffer:in-event <InotifyEvent: src_path=b'/home/rabbia/To-DoList/test.log', wd=1, mask=IN_MODIFY, cookie=0, name=test.log>
DEBUG:watchdog.observers.inotify_buffer:in-event <InotifyEvent: src_path=b'/home/rabbia/To-DoList/test.log', wd=1, mask=IN_MODIFY, cookie=0, name=test.log>
DEBUG:watchdog.observers.inotify_buffer:in-event <InotifyEvent: src_path=b'/home/rabbia/To-DoList/test.log', wd=1, mask=IN_MODIFY, cookie=0, name=test.log>
DEBUG:watchdog.observers.inotify_buffer:in-event <InotifyEvent: src_path=b'/home/rabbia/To-DoList/test.log', wd=1, mask=IN_MODIFY, cookie=0, name=test.log>
DEBUG:watchdog.observers.inotify_buffer:in-event <InotifyEvent: src_path=b'/home/rabbia/To-DoList/test.log', wd=1, mask=IN_MODIFY, cookie=0, name=test.log>
DEBUG:watchdog.observers.inotify_buffer:in-event <InotifyEvent: src_path=b'/home/rabbia/To-DoList/test.log', wd=1, mask=IN_MODIFY, cookie=0, name=test.log>
DEBUG:watchdog.observers.inotify_buffer:in-event <InotifyEvent: src_path=b'/home/rabbia/To-DoList/test.log', wd=1, mask=IN_MODIFY, cookie=0, name=test.log>
DEBUG:watchdog.observers.inotify_buffer:in-event <InotifyEvent: src_path=b'/home/rabbia/To-DoList/test.log', wd=1, mask=IN_MODIFY, cookie=0, name=test.log>
DEBUG:watchdog.observers.inotify_buffer:in-event <InotifyEvent: src_path=b'/home/rabbia/To-DoList/test.log', wd=1, mask=IN_MODIFY, cookie=0, name=test.log>
DEBUG:watchdog.observers.inotify_buffer:in-event <InotifyEvent: src_path=b'/home/rabbia/To-DoList/test.log', wd=1, mask=IN_MODIFY, cookie=0, name=test.log>
DEBUG:watchdog.observers.inotify_buffer:in-event <InotifyEvent: src_path=b'/home/rabbia/To-DoList/test.log', wd=1, mask=IN_MODIFY, cookie=0, name=test.log>
DEBUG:watchdog.observers.inotify_buffer:in-event <InotifyEvent: src_path=b'/home/rabbia/To-DoList/test.log', wd=1, mask=IN_MODIFY, cookie=0, name=test.log>
DEBUG:watchdog.observers.inotify_buffer:in-event <InotifyEvent: src_path=b'/home/rabbia/To-DoList/test.log', wd=1, mask=IN_MODIFY, cookie=0, name=test.log>
DEBUG:watchdog.observers.inotify_buffer:in-event <InotifyEvent: src_path=b'/home/rabbia/To-DoList/test.log', wd=1, mask=IN_MODIFY, cookie=0, name=test.log>
DEBUG:watchdog.observers.inotify_buffer:in-event <InotifyEvent: src_path=b'/home/rabbia/To-DoList/test.log', wd=1, mask=IN_MODIFY, cookie=0, name=test.log>
DEBUG:watchdog.observers.inotify_buffer:in-event <InotifyEvent: src_path=b'/home/rabbia/To-DoList/test.log', wd=1, mask=IN_MODIFY, cookie=0, name=test.log>
DEBUG:watchdog.observers.inotify_buffer:in-event <InotifyEvent: src_path=b'/home/rabbia/To-DoList/test.log', wd=1, mask=IN_MODIFY, cookie=0, name=test.log>
DEBUG:watchdog.observers.inotify_buffer:in-event <InotifyEvent: src_path=b'/home/rabbia/To-DoList/test.log', wd=1, mask=IN_MODIFY, cookie=0, name=test.log>
DEBUG:watchdog.observers.inotify_buffer:in-event <InotifyEvent: src_path=b'/home/rabbia/To-DoList/test.log', wd=1, mask=IN_MODIFY, cookie=0, name=test.log>
DEBUG:watchdog.observers.inotify_buffer:in-event <InotifyEvent: src_path=b'/home/rabbia/To-DoList/test.log', wd=1, mask=IN_MODIFY, cookie=0, name=test.log>
DEBUG:watchdog.observers.inotify_buffer:in-event <InotifyEvent: src_path=b'/home/rabbia/To-DoList/test.log', wd=1, mask=IN_MODIFY, cookie=0, name=test.log>
DEBUG:watchdog.observers.inotify_buffer:in-event <InotifyEvent: src_path=b'/home/rabbia/To-DoList/test.log', wd=1, mask=IN_MODIFY, cookie=0, name=test.log>
DEBUG:watchdog.observers.inotify_buffer:in-event <InotifyEvent: src_path=b'/home/rabbia/To-DoList/test.log', wd=1, mask=IN_MODIFY, cookie=0, name=test.log>
DEBUG:watchdog.observers.inotify_buffer:in-event <InotifyEvent: src_path=b'/home/rabbia/To-DoList/test.log', wd=1, mask=IN_MODIFY, cookie=0, name=test.log>
DEBUG:watchdog.observers.inotify_buffer:in-event <InotifyEvent: src_path=b'/home/rabbia/To-DoList/test.log', wd=1, mask=IN_MODIFY, cookie=0, name=test.log>
DEBUG:watchdog.observers.inotify_buffer:in-event <InotifyEvent: src_path=b'/home/rabbia/To-DoList/test.log', wd=1, mask=IN_MODIFY, cookie=0, name=test.log>
DEBUG:watchdog.observers.inotify_buffer:in-event <InotifyEvent: src_path=b'/home/rabbia/To-DoList/test.log', wd=1, mask=IN_MODIFY, cookie=0, name=test.log>
DEBUG:watchdog.observers.inotify_buffer:in-event <InotifyEvent: src_path=b'/home/rabbia/To-DoList/test.log', wd=1, mask=IN_MODIFY, cookie=0, name=test.log>
DEBUG:watchdog.observers.inotify_buffer:in-event <InotifyEvent: src_path=b'/home/rabbia/To-DoList/test.log', wd=1, mask=IN_MODIFY, cookie=0, name=test.log>
DEBUG:watchdog.observers.inotify_buffer:in-event <InotifyEvent: src_path=b'/home/rabbia/To-DoList/test.log', wd=1, mask=IN_MODIFY, cookie=0, name=test.log>
DEBUG:watchdog.observers.inotify_buffer:in-event <InotifyEvent: src_path=b'/home/rabbia/To-DoList/test.log', wd=1, mask=IN_MODIFY, cookie=0, name=test.log>
DEBUG:watchdog.observers.inotify_buffer:in-event <InotifyEvent: src_path=b'/home/rabbia/To-DoList/test.log', wd=1, mask=IN_MODIFY, cookie=0, name=test.log>
DEBUG:watchdog.observers.inotify_buffer:in-event <InotifyEvent: src_path=b'/home/rabbia/To-DoList/test.log', wd=1, mask=IN_MODIFY, cookie=0, name=test.log>
DEBUG:watchdog.observers.inotify_buffer:in-event <InotifyEvent: src_path=b'/home/rabbia/To-DoList/test.log', wd=1, mask=IN_MODIFY, cookie=0, name=test.log>
DEBUG:watchdog.observers.inotify_buffer:in-event <InotifyEvent: src_path=b'/home/rabbia/To-DoList/test.log', wd=1, mask=IN_MODIFY, cookie=0, name=test.log>
DEBUG:watchdog.observers.inotify_buffer:in-event <InotifyEvent: src_path=b'/home/rabbia/To-DoList/test.log', wd=1, mask=IN_MODIFY, cookie=0, name=test.log>
DEBUG:watchdog.observers.inotify_buffer:in-event <InotifyEvent: src_path=b'/home/rabbia/To-DoList/test.log', wd=1, mask=IN_MODIFY, cookie=0, name=test.log>
DEBUG:watchdog.observers.inotify_buffer:in-event <InotifyEvent: src_path=b'/home/rabbia/To-DoList/test.log', wd=1, mask=IN_MODIFY, cookie=0, name=test.log>
DEBUG:watchdog.observers.inotify_buffer:in-event <InotifyEvent: src_path=b'/home/rabbia/To-DoList/test.log', wd=1, mask=IN_MODIFY, cookie=0, name=test.log>
DEBUG:watchdog.observers.inotify_buffer:in-event <InotifyEvent: src_path=b'/home/rabbia/To-DoList/test.log', wd=1, mask=IN_MODIFY, cookie=0, name=test.log>
DEBUG:watchdog.observers.inotify_buffer:in-event <InotifyEvent: src_path=b'/home/rabbia/To-DoList/test.log', wd=1, mask=IN_MODIFY, cookie=0, name=test.log>
DEBUG:watchdog.observers.inotify_buffer:in-event <InotifyEvent: src_path=b'/home/rabbia/To-DoList/test.log', wd=1, mask=IN_MODIFY, cookie=0, name=test.log>
DEBUG:watchdog.observers.inotify_buffer:in-event <InotifyEvent: src_path=b'/home/rabbia/To-DoList/test.log', wd=1, mask=IN_MODIFY, cookie=0, name=test.log>
DEBUG:watchdog.observers.inotify_buffer:in-event <InotifyEvent: src_path=b'/home/rabbia/To-DoList/test.log', wd=1, mask=IN_MODIFY, cookie=0, name=test.log>
DEBUG:watchdog.observers.inotify_buffer:in-event <InotifyEvent: src_path=b'/home/rabbia/To-DoList/test.log', wd=1, mask=IN_MODIFY, cookie=0, name=test.log>
DEBUG:watchdog.observers.inotify_buffer:in-event <InotifyEvent: src_path=b'/home/rabbia/To-DoList/test.log', wd=1, mask=IN_MODIFY, cookie=0, name=test.log>
DEBUG:watchdog.observers.inotify_buffer:in-event <InotifyEvent: src_path=b'/home/rabbia/To-DoList/test.log', wd=1, mask=IN_MODIFY, cookie=0, name=test.log>
DEBUG:watchdog.observers.inotify_buffer:in-event <InotifyEvent: src_path=b'/home/rabbia/To-DoList/test.log', wd=1, mask=IN_MODIFY, cookie=0, name=test.log>
DEBUG:watchdog.observers.inotify_buffer:in-event <InotifyEvent: src_path=b'/home/rabbia/To-DoList/test.log', wd=1, mask=IN_MODIFY, cookie=0, name=test.log>
DEBUG:watchdog.observers.inotify_buffer:in-event <InotifyEvent: src_path=b'/home/rabbia/To-DoList/test.log', wd=1, mask=IN_MODIFY, cookie=0, name=test.log>
DEBUG:watchdog.observers.inotify_buffer:in-event <InotifyEvent: src_path=b'/home/rabbia/To-DoList/test.log', wd=1, mask=IN_MODIFY, cookie=0, name=test.log>
DEBUG:watchdog.observers.inotify_buffer:in-event <InotifyEvent: src_path=b'/home/rabbia/To-DoList/test.log', wd=1, mask=IN_MODIFY, cookie=0, name=test.log>
DEBUG:watchdog.observers.inotify_buffer:in-event <InotifyEvent: src_path=b'/home/rabbia/To-DoList/test.log', wd=1, mask=IN_MODIFY, cookie=0, name=test.log>
DEBUG:watchdog.observers.inotify_buffer:in-event <InotifyEvent: src_path=b'/home/rabbia/To-DoList/test.log', wd=1, mask=IN_MODIFY, cookie=0, name=test.log>
DEBUG:watchdog.observers.inotify_buffer:in-event <InotifyEvent: src_path=b'/home/rabbia/To-DoList/test.log', wd=1, mask=IN_MODIFY, cookie=0, name=test.log>
DEBUG:watchdog.observers.inotify_buffer:in-event <InotifyEvent: src_path=b'/home/rabbia/To-DoList/test.log', wd=1, mask=IN_MODIFY, cookie=0, name=test.log>
DEBUG:watchdog.observers.inotify_buffer:in-event <InotifyEvent: src_path=b'/home/rabbia/To-DoList/test.log', wd=1, mask=IN_MODIFY, cookie=0, name=test.log>
DEBUG:watchdog.observers.inotify_buffer:in-event <InotifyEvent: src_path=b'/home/rabbia/To-DoList/test.log', wd=1, mask=IN_MODIFY, cookie=0, name=test.log>
DEBUG:watchdog.observers.inotify_buffer:in-event <InotifyEvent: src_path=b'/home/rabbia/To-DoList/test.log', wd=1, mask=IN_MODIFY, cookie=0, name=test.log>
DEBUG:watchdog.observers.inotify_buffer:in-event <InotifyEvent: src_path=b'/home/rabbia/To-DoList/test.log', wd=1, mask=IN_MODIFY, cookie=0, name=test.log>
DEBUG:watchdog.observers.inotify_buffer:in-event <InotifyEvent: src_path=b'/home/rabbia/To-DoList/test.log', wd=1, mask=IN_MODIFY, cookie=0, name=test.log>
DEBUG:watchdog.observers.inotify_buffer:in-event <InotifyEvent: src_path=b'/home/rabbia/To-DoList/test.log', wd=1, mask=IN_MODIFY, cookie=0, name=test.log>
DEBUG:watchdog.observers.inotify_buffer:in-event <InotifyEvent: src_path=b'/home/rabbia/To-DoList/test.log', wd=1, mask=IN_MODIFY, cookie=0, name=test.log>
DEBUG:watchdog.observers.inotify_buffer:in-event <InotifyEvent: src_path=b'/home/rabbia/To-DoList/test.log', wd=1, mask=IN_MODIFY, cookie=0, name=test.log>
DEBUG:watchdog.observers.inotify_buffer:in-event <InotifyEvent: src_path=b'/home/rabbia/To-DoList/test.log', wd=1, mask=IN_MODIFY, cookie=0, name=test.log>
DEBUG:watchdog.observers.inotify_buffer:in-event <InotifyEvent: src_path=b'/home/rabbia/To-DoList/test.log', wd=1, mask=IN_MODIFY, cookie=0, name=test.log>
DEBUG:watchdog.observers.inotify_buffer:in-event <InotifyEvent: src_path=b'/home/rabbia/To-DoList/test.log', wd=1, mask=IN_MODIFY, cookie=0, name=test.log>
DEBUG:watchdog.observers.inotify_buffer:in-event <InotifyEvent: src_path=b'/home/rabbia/To-DoList/test.log', wd=1, mask=IN_MODIFY, cookie=0, name=test.log>
DEBUG:watchdog.observers.inotify_buffer:in-event <InotifyEvent: src_path=b'/home/rabbia/To-DoList/test.log', wd=1, mask=IN_MODIFY, cookie=0, name=test.log>
DEBUG:watchdog.observers.inotify_buffer:in-event <InotifyEvent: src_path=b'/home/rabbia/To-DoList/test.log', wd=1, mask=IN_MODIFY, cookie=0, name=test.log>
DEBUG:watchdog.observers.inotify_buffer:in-event <InotifyEvent: src_path=b'/home/rabbia/To-DoList/test.log', wd=1, mask=IN_MODIFY, cookie=0, name=test.log>
DEBUG:watchdog.observers.inotify_buffer:in-event <InotifyEvent: src_path=b'/home/rabbia/To-DoList/test.log', wd=1, mask=IN_MODIFY, cookie=0, name=test.log>
DEBUG:watchdog.observers.inotify_buffer:in-event <InotifyEvent: src_path=b'/home/rabbia/To-DoList/test.log', wd=1, mask=IN_MODIFY, cookie=0, name=test.log>
DEBUG:watchdog.observers.inotify_buffer:in-event <InotifyEvent: src_path=b'/home/rabbia/To-DoList/test.log', wd=1, mask=IN_MODIFY, cookie=0, name=test.log>
DEBUG:watchdog.observers.inotify_buffer:in-event <InotifyEvent: src_path=b'/home/rabbia/To-DoList/test.log', wd=1, mask=IN_MODIFY, cookie=0, name=test.log>
DEBUG:watchdog.observers.inotify_buffer:in-event <InotifyEvent: src_path=b'/home/rabbia/To-DoList/test.log', wd=1, mask=IN_MODIFY, cookie=0, name=test.log>
DEBUG:watchdog.observers.inotify_buffer:in-event <InotifyEvent: src_path=b'/home/rabbia/To-DoList/test.log', wd=1, mask=IN_MODIFY, cookie=0, name=test.log>
DEBUG:watchdog.observers.inotify_buffer:in-event <InotifyEvent: src_path=b'/home/rabbia/To-DoList/test.log', wd=1, mask=IN_MODIFY, cookie=0, name=test.log>
DEBUG:watchdog.observers.inotify_buffer:in-event <InotifyEvent: src_path=b'/home/rabbia/To-DoList/test.log', wd=1, mask=IN_MODIFY, cookie=0, name=test.log>
DEBUG:watchdog.observers.inotify_buffer:in-event <InotifyEvent: src_path=b'/home/rabbia/To-DoList/test.log', wd=1, mask=IN_MODIFY, cookie=0, name=test.log>
DEBUG:watchdog.observers.inotify_buffer:in-event <InotifyEvent: src_path=b'/home/rabbia/To-DoList/test.log', wd=1, mask=IN_MODIFY, cookie=0, name=test.log>
DEBUG:watchdog.observers.inotify_buffer:in-event <InotifyEvent: src_path=b'/home/rabbia/To-DoList/test.log', wd=1, mask=IN_MODIFY, cookie=0, name=test.log>
DEBUG:watchdog.observers.inotify_buffer:in-event <InotifyEvent: src_path=b'/home/rabbia/To-DoList/test.log', wd=1, mask=IN_MODIFY, cookie=0, name=test.log>
DEBUG:watchdog.observers.inotify_buffer:in-event <InotifyEvent: src_path=b'/home/rabbia/To-DoList/test.log', wd=1, mask=IN_MODIFY, cookie=0, name=test.log>
DEBUG:watchdog.observers.inotify_buffer:in-event <InotifyEvent: src_path=b'/home/rabbia/To-DoList/test.log', wd=1, mask=IN_MODIFY, cookie=0, name=test.log>
DEBUG:watchdog.observers.inotify_buffer:in-event <InotifyEvent: src_path=b'/home/rabbia/To-DoList/test.log', wd=1, mask=IN_MODIFY, cookie=0, name=test.log>
DEBUG:watchdog.observers.inotify_buffer:in-event <InotifyEvent: src_path=b'/home/rabbia/To-DoList/test.log', wd=1, mask=IN_MODIFY, cookie=0, name=test.log>
DEBUG:watchdog.observers.inotify_buffer:in-event <InotifyEvent: src_path=b'/home/rabbia/To-DoList/test.log', wd=1, mask=IN_MODIFY, cookie=0, name=test.log>
DEBUG:watchdog.observers.inotify_buffer:in-event <InotifyEvent: src_path=b'/home/rabbia/To-DoList/test.log', wd=1, mask=IN_MODIFY, cookie=0, name=test.log>
DEBUG:watchdog.observers.inotify_buffer:in-event <InotifyEvent: src_path=b'/home/rabbia/To-DoList/test.log', wd=1, mask=IN_MODIFY, cookie=0, name=test.log>
DEBUG:watchdog.observers.inotify_buffer:in-event <InotifyEvent: src_path=b'/home/rabbia/To-DoList/test.log', wd=1, mask=IN_MODIFY, cookie=0, name=test.log>
DEBUG:watchdog.observers.inotify_buffer:in-event <InotifyEvent: src_path=b'/home/rabbia/To-DoList/test.log', wd=1, mask=IN_MODIFY, cookie=0, name=test.log>
DEBUG:watchdog.observers.inotify_buffer:in-event <InotifyEvent: src_path=b'/home/rabbia/To-DoList/test.log', wd=1, mask=IN_MODIFY, cookie=0, name=test.log>
DEBUG:watchdog.observers.inotify_buffer:in-event <InotifyEvent: src_path=b'/home/rabbia/To-DoList/test.log', wd=1, mask=IN_MODIFY, cookie=0, name=test.log>
DEBUG:watchdog.observers.inotify_buffer:in-event <InotifyEvent: src_path=b'/home/rabbia/To-DoList/test.log', wd=1, mask=IN_MODIFY, cookie=0, name=test.log>
DEBUG:watchdog.observers.inotify_buffer:in-event <InotifyEvent: src_path=b'/home/rabbia/To-DoList/test.log', wd=1, mask=IN_MODIFY, cookie=0, name=test.log>
DEBUG:watchdog.observers.inotify_buffer:in-event <InotifyEvent: src_path=b'/home/rabbia/To-DoList/test.log', wd=1, mask=IN_MODIFY, cookie=0, name=test.log>
DEBUG:watchdog.observers.inotify_buffer:in-event <InotifyEvent: src_path=b'/home/rabbia/To-DoList/test.log', wd=1, mask=IN_MODIFY, cookie=0, name=test.log>
DEBUG:watchdog.observers.inotify_buffer:in-event <InotifyEvent: src_path=b'/home/rabbia/To-DoList/test.log', wd=1, mask=IN_MODIFY, cookie=0, name=test.log>
DEBUG:watchdog.observers.inotify_buffer:in-event <InotifyEvent: src_path=b'/home/rabbia/To-DoList/test.log', wd=1, mask=IN_MODIFY, cookie=0, name=test.log>
DEBUG:watchdog.observers.inotify_buffer:in-event <InotifyEvent: src_path=b'/home/rabbia/To-DoList/test.log', wd=1, mask=IN_MODIFY, cookie=0, name=test.log>
DEBUG:watchdog.observers.inotify_buffer:in-event <InotifyEvent: src_path=b'/home/rabbia/To-DoList/test.log', wd=1, mask=IN_MODIFY, cookie=0, name=test.log>
DEBUG:watchdog.observers.inotify_buffer:in-event <InotifyEvent: src_path=b'/home/rabbia/To-DoList/test.log', wd=1, mask=IN_MODIFY, cookie=0, name=test.log>
DEBUG:watchdog.observers.inotify_buffer:in-event <InotifyEvent: src_path=b'/home/rabbia/To-DoList/test.log', wd=1, mask=IN_MODIFY, cookie=0, name=test.log>
DEBUG:watchdog.observers.inotify_buffer:in-event <InotifyEvent: src_path=b'/home/rabbia/To-DoList/test.log', wd=1, mask=IN_MODIFY, cookie=0, name=test.log>
DEBUG:watchdog.observers.inotify_buffer:in-event <InotifyEvent: src_path=b'/home/rabbia/To-DoList/test.log', wd=1, mask=IN_MODIFY, cookie=0, name=test.log>
DEBUG:watchdog.observers.inotify_buffer:in-event <InotifyEvent: src_path=b'/home/rabbia/To-DoList/test.log', wd=1, mask=IN_MODIFY, cookie=0, name=test.log>
DEBUG:watchdog.observers.inotify_buffer:in-event <InotifyEvent: src_path=b'/home/rabbia/To-DoList/test.log', wd=1, mask=IN_MODIFY, cookie=0, name=test.log>
DEBUG:watchdog.observers.inotify_buffer:in-event <InotifyEvent: src_path=b'/home/rabbia/To-DoList/test.log', wd=1, mask=IN_MODIFY, cookie=0, name=test.log>
DEBUG:watchdog.observers.inotify_buffer:in-event <InotifyEvent: src_path=b'/home/rabbia/To-DoList/test.log', wd=1, mask=IN_MODIFY, cookie=0, name=test.log>
DEBUG:watchdog.observers.inotify_buffer:in-event <InotifyEvent: src_path=b'/home/rabbia/To-DoList/test.log', wd=1, mask=IN_MODIFY, cookie=0, name=test.log>
DEBUG:watchdog.observers.inotify_buffer:in-event <InotifyEvent: src_path=b'/home/rabbia/To-DoList/test.log', wd=1, mask=IN_MODIFY, cookie=0, name=test.log>
DEBUG:watchdog.observers.inotify_buffer:in-event <InotifyEvent: src_path=b'/home/rabbia/To-DoList/test.log', wd=1, mask=IN_MODIFY, cookie=0, name=test.log>
DEBUG:watchdog.observers.inotify_buffer:in-event <InotifyEvent: src_path=b'/home/rabbia/To-DoList/test.log', wd=1, mask=IN_MODIFY, cookie=0, name=test.log>
DEBUG:watchdog.observers.inotify_buffer:in-event <InotifyEvent: src_path=b'/home/rabbia/To-DoList/test.log', wd=1, mask=IN_MODIFY, cookie=0, name=test.log>
DEBUG:watchdog.observers.inotify_buffer:in-event <InotifyEvent: src_path=b'/home/rabbia/To-DoList/test.log', wd=1, mask=IN_MODIFY, cookie=0, name=test.log>
DEBUG:watchdog.observers.inotify_buffer:in-event <InotifyEvent: src_path=b'/home/rabbia/To-DoList/test.log', wd=1, mask=IN_MODIFY, cookie=0, name=test.log>
DEBUG:watchdog.observers.inotify_buffer:in-event <InotifyEvent: src_path=b'/home/rabbia/To-DoList/test.log', wd=1, mask=IN_MODIFY, cookie=0, name=test.log>
DEBUG:watchdog.observers.inotify_buffer:in-event <InotifyEvent: src_path=b'/home/rabbia/To-DoList/test.log', wd=1, mask=IN_MODIFY, cookie=0, name=test.log>
DEBUG:watchdog.observers.inotify_buffer:in-event <InotifyEvent: src_path=b'/home/rabbia/To-DoList/test.log', wd=1, mask=IN_MODIFY, cookie=0, name=test.log>
DEBUG:watchdog.observers.inotify_buffer:in-event <InotifyEvent: src_path=b'/home/rabbia/To-DoList/test.log', wd=1, mask=IN_MODIFY, cookie=0, name=test.log>
DEBUG:watchdog.observers.inotify_buffer:in-event <InotifyEvent: src_path=b'/home/rabbia/To-DoList/test.log', wd=1, mask=IN_MODIFY, cookie=0, name=test.log>
DEBUG:watchdog.observers.inotify_buffer:in-event <InotifyEvent: src_path=b'/home/rabbia/To-DoList/test.log', wd=1, mask=IN_MODIFY, cookie=0, name=test.log>
DEBUG:watchdog.observers.inotify_buffer:in-event <InotifyEvent: src_path=b'/home/rabbia/To-DoList/test.log', wd=1, mask=IN_MODIFY, cookie=0, name=test.log>
DEBUG:watchdog.observers.inotify_buffer:in-event <InotifyEvent: src_path=b'/home/rabbia/To-DoList/test.log', wd=1, mask=IN_MODIFY, cookie=0, name=test.log>
DEBUG:watchdog.observers.inotify_buffer:in-event <InotifyEvent: src_path=b'/home/rabbia/To-DoList/test.log', wd=1, mask=IN_MODIFY, cookie=0, name=test.log>
DEBUG:watchdog.observers.inotify_buffer:in-event <InotifyEvent: src_path=b'/home/rabbia/To-DoList/test.log', wd=1, mask=IN_MODIFY, cookie=0, name=test.log>
DEBUG:watchdog.observers.inotify_buffer:in-event <InotifyEvent: src_path=b'/home/rabbia/To-DoList/test.log', wd=1, mask=IN_MODIFY, cookie=0, name=test.log>
DEBUG:watchdog.observers.inotify_buffer:in-event <InotifyEvent: src_path=b'/home/rabbia/To-DoList/test.log', wd=1, mask=IN_MODIFY, cookie=0, name=test.log>
DEBUG:watchdog.observers.inotify_buffer:in-event <InotifyEvent: src_path=b'/home/rabbia/To-DoList/test.log', wd=1, mask=IN_MODIFY, cookie=0, name=test.log>
DEBUG:watchdog.observers.inotify_buffer:in-event <InotifyEvent: src_path=b'/home/rabbia/To-DoList/test.log', wd=1, mask=IN_MODIFY, cookie=0, name=test.log>
DEBUG:watchdog.observers.inotify_buffer:in-event <InotifyEvent: src_path=b'/home/rabbia/To-DoList/test.log', wd=1, mask=IN_MODIFY, cookie=0, name=test.log>
DEBUG:watchdog.observers.inotify_buffer:in-event <InotifyEvent: src_path=b'/home/rabbia/To-DoList/test.log', wd=1, mask=IN_MODIFY, cookie=0, name=test.log>
DEBUG:watchdog.observers.inotify_buffer:in-event <InotifyEvent: src_path=b'/home/rabbia/To-DoList/test.log', wd=1, mask=IN_MODIFY, cookie=0, name=test.log>
DEBUG:watchdog.observers.inotify_buffer:in-event <InotifyEvent: src_path=b'/home/rabbia/To-DoList/test.log', wd=1, mask=IN_MODIFY, cookie=0, name=test.log>
DEBUG:watchdog.observers.inotify_buffer:in-event <InotifyEvent: src_path=b'/home/rabbia/To-DoList/test.log', wd=1, mask=IN_MODIFY, cookie=0, name=test.log>
DEBUG:watchdog.observers.inotify_buffer:in-event <InotifyEvent: src_path=b'/home/rabbia/To-DoList/test.log', wd=1, mask=IN_MODIFY, cookie=0, name=test.log>
DEBUG:watchdog.observers.inotify_buffer:in-event <InotifyEvent: src_path=b'/home/rabbia/To-DoList/test.log', wd=1, mask=IN_MODIFY, cookie=0, name=test.log>
DEBUG:watchdog.observers.inotify_buffer:in-event <InotifyEvent: src_path=b'/home/rabbia/To-DoList/test.log', wd=1, mask=IN_MODIFY, cookie=0, name=test.log>
DEBUG:watchdog.observers.inotify_buffer:in-event <InotifyEvent: src_path=b'/home/rabbia/To-DoList/test.log', wd=1, mask=IN_MODIFY, cookie=0, name=test.log>
DEBUG:watchdog.observers.inotify_buffer:in-event <InotifyEvent: src_path=b'/home/rabbia/To-DoList/test.log', wd=1, mask=IN_MODIFY, cookie=0, name=test.log>
DEBUG:watchdog.observers.inotify_buffer:in-event <InotifyEvent: src_path=b'/home/rabbia/To-DoList/test.log', wd=1, mask=IN_MODIFY, cookie=0, name=test.log>
DEBUG:watchdog.observers.inotify_buffer:in-event <InotifyEvent: src_path=b'/home/rabbia/To-DoList/test.log', wd=1, mask=IN_MODIFY, cookie=0, name=test.log>
DEBUG:watchdog.observers.inotify_buffer:in-event <InotifyEvent: src_path=b'/home/rabbia/To-DoList/test.log', wd=1, mask=IN_MODIFY, cookie=0, name=test.log>
DEBUG:watchdog.observers.inotify_buffer:in-event <InotifyEvent: src_path=b'/home/rabbia/To-DoList/test.log', wd=1, mask=IN_MODIFY, cookie=0, name=test.log>
DEBUG:watchdog.observers.inotify_buffer:in-event <InotifyEvent: src_path=b'/home/rabbia/To-DoList/test.log', wd=1, mask=IN_MODIFY, cookie=0, name=test.log>
DEBUG:watchdog.observers.inotify_buffer:in-event <InotifyEvent: src_path=b'/home/rabbia/To-DoList/test.log', wd=1, mask=IN_MODIFY, cookie=0, name=test.log>
DEBUG:watchdog.observers.inotify_buffer:in-event <InotifyEvent: src_path=b'/home/rabbia/To-DoList/test.log', wd=1, mask=IN_MODIFY, cookie=0, name=test.log>
DEBUG:watchdog.observers.inotify_buffer:in-event <InotifyEvent: src_path=b'/home/rabbia/To-DoList/test.log', wd=1, mask=IN_MODIFY, cookie=0, name=test.log>
DEBUG:watchdog.observers.inotify_buffer:in-event <InotifyEvent: src_path=b'/home/rabbia/To-DoList/test.log', wd=1, mask=IN_MODIFY, cookie=0, name=test.log>
DEBUG:watchdog.observers.inotify_buffer:in-event <InotifyEvent: src_path=b'/home/rabbia/To-DoList/test.log', wd=1, mask=IN_MODIFY, cookie=0, name=test.log>
DEBUG:watchdog.observers.inotify_buffer:in-event <InotifyEvent: src_path=b'/home/rabbia/To-DoList/test.log', wd=1, mask=IN_MODIFY, cookie=0, name=test.log>
DEBUG:watchdog.observers.inotify_buffer:in-event <InotifyEvent: src_path=b'/home/rabbia/To-DoList/test.log', wd=1, mask=IN_MODIFY, cookie=0, name=test.log>
DEBUG:watchdog.observers.inotify_buffer:in-event <InotifyEvent: src_path=b'/home/rabbia/To-DoList/test.log', wd=1, mask=IN_MODIFY, cookie=0, name=test.log>
DEBUG:watchdog.observers.inotify_buffer:in-event <InotifyEvent: src_path=b'/home/rabbia/To-DoList/test.log', wd=1, mask=IN_MODIFY, cookie=0, name=test.log>
DEBUG:watchdog.observers.inotify_buffer:in-event <InotifyEvent: src_path=b'/home/rabbia/To-DoList/test.log', wd=1, mask=IN_MODIFY, cookie=0, name=test.log>
DEBUG:watchdog.observers.inotify_buffer:in-event <InotifyEvent: src_path=b'/home/rabbia/To-DoList/test.log', wd=1, mask=IN_MODIFY, cookie=0, name=test.log>
DEBUG:watchdog.observers.inotify_buffer:in-event <InotifyEvent: src_path=b'/home/rabbia/To-DoList/test.log', wd=1, mask=IN_MODIFY, cookie=0, name=test.log>
DEBUG:watchdog.observers.inotify_buffer:in-event <InotifyEvent: src_path=b'/home/rabbia/To-DoList/test.log', wd=1, mask=IN_MODIFY, cookie=0, name=test.log>
DEBUG:watchdog.observers.inotify_buffer:in-event <InotifyEvent: src_path=b'/home/rabbia/To-DoList/test.log', wd=1, mask=IN_MODIFY, cookie=0, name=test.log>
DEBUG:watchdog.observers.inotify_buffer:in-event <InotifyEvent: src_path=b'/home/rabbia/To-DoList/test.log', wd=1, mask=IN_MODIFY, cookie=0, name=test.log>
DEBUG:watchdog.observers.inotify_buffer:in-event <InotifyEvent: src_path=b'/home/rabbia/To-DoList/test.log', wd=1, mask=IN_MODIFY, cookie=0, name=test.log>
DEBUG:watchdog.observers.inotify_buffer:in-event <InotifyEvent: src_path=b'/home/rabbia/To-DoList/test.log', wd=1, mask=IN_MODIFY, cookie=0, name=test.log>
DEBUG:watchdog.observers.inotify_buffer:in-event <InotifyEvent: src_path=b'/home/rabbia/To-DoList/test.log', wd=1, mask=IN_MODIFY, cookie=0, name=test.log>
DEBUG:watchdog.observers.inotify_buffer:in-event <InotifyEvent: src_path=b'/home/rabbia/To-DoList/test.log', wd=1, mask=IN_MODIFY, cookie=0, name=test.log>
DEBUG:watchdog.observers.inotify_buffer:in-event <InotifyEvent: src_path=b'/home/rabbia/To-DoList/test.log', wd=1, mask=IN_MODIFY, cookie=0, name=test.log>
DEBUG:watchdog.observers.inotify_buffer:in-event <InotifyEvent: src_path=b'/home/rabbia/To-DoList/test.log', wd=1, mask=IN_MODIFY, cookie=0, name=test.log>
DEBUG:watchdog.observers.inotify_buffer:in-event <InotifyEvent: src_path=b'/home/rabbia/To-DoList/test.log', wd=1, mask=IN_MODIFY, cookie=0, name=test.log>
DEBUG:watchdog.observers.inotify_buffer:in-event <InotifyEvent: src_path=b'/home/rabbia/To-DoList/test.log', wd=1, mask=IN_MODIFY, cookie=0, name=test.log>
DEBUG:watchdog.observers.inotify_buffer:in-event <InotifyEvent: src_path=b'/home/rabbia/To-DoList/test.log', wd=1, mask=IN_MODIFY, cookie=0, name=test.log>
DEBUG:watchdog.observers.inotify_buffer:in-event <InotifyEvent: src_path=b'/home/rabbia/To-DoList/test.log', wd=1, mask=IN_MODIFY, cookie=0, name=test.log>
DEBUG:watchdog.observers.inotify_buffer:in-event <InotifyEvent: src_path=b'/home/rabbia/To-DoList/test.log', wd=1, mask=IN_MODIFY, cookie=0, name=test.log>
DEBUG:watchdog.observers.inotify_buffer:in-event <InotifyEvent: src_path=b'/home/rabbia/To-DoList/test.log', wd=1, mask=IN_MODIFY, cookie=0, name=test.log>
DEBUG:watchdog.observers.inotify_buffer:in-event <InotifyEvent: src_path=b'/home/rabbia/To-DoList/test.log', wd=1, mask=IN_MODIFY, cookie=0, name=test.log>
DEBUG:watchdog.observers.inotify_buffer:in-event <InotifyEvent: src_path=b'/home/rabbia/To-DoList/test.log', wd=1, mask=IN_MODIFY, cookie=0, name=test.log>
DEBUG:watchdog.observers.inotify_buffer:in-event <InotifyEvent: src_path=b'/home/rabbia/To-DoList/test.log', wd=1, mask=IN_MODIFY, cookie=0, name=test.log>
DEBUG:watchdog.observers.inotify_buffer:in-event <InotifyEvent: src_path=b'/home/rabbia/To-DoList/test.log', wd=1, mask=IN_MODIFY, cookie=0, name=test.log>
DEBUG:watchdog.observers.inotify_buffer:in-event <InotifyEvent: src_path=b'/home/rabbia/To-DoList/test.log', wd=1, mask=IN_MODIFY, cookie=0, name=test.log>
DEBUG:watchdog.observers.inotify_buffer:in-event <InotifyEvent: src_path=b'/home/rabbia/To-DoList/test.log', wd=1, mask=IN_MODIFY, cookie=0, name=test.log>
DEBUG:watchdog.observers.inotify_buffer:in-event <InotifyEvent: src_path=b'/home/rabbia/To-DoList/test.log', wd=1, mask=IN_MODIFY, cookie=0, name=test.log>
DEBUG:watchdog.observers.inotify_buffer:in-event <InotifyEvent: src_path=b'/home/rabbia/To-DoList/test.log', wd=1, mask=IN_MODIFY, cookie=0, name=test.log>
DEBUG:watchdog.observers.inotify_buffer:in-event <InotifyEvent: src_path=b'/home/rabbia/To-DoList/test.log', wd=1, mask=IN_MODIFY, cookie=0, name=test.log>
DEBUG:watchdog.observers.inotify_buffer:in-event <InotifyEvent: src_path=b'/home/rabbia/To-DoList/test.log', wd=1, mask=IN_MODIFY, cookie=0, name=test.log>
DEBUG:watchdog.observers.inotify_buffer:in-event <InotifyEvent: src_path=b'/home/rabbia/To-DoList/test.log', wd=1, mask=IN_MODIFY, cookie=0, name=test.log>
DEBUG:watchdog.observers.inotify_buffer:in-event <InotifyEvent: src_path=b'/home/rabbia/To-DoList/test.log', wd=1, mask=IN_MODIFY, cookie=0, name=test.log>
DEBUG:watchdog.observers.inotify_buffer:in-event <InotifyEvent: src_path=b'/home/rabbia/To-DoList/test.log', wd=1, mask=IN_MODIFY, cookie=0, name=test.log>
DEBUG:watchdog.observers.inotify_buffer:in-event <InotifyEvent: src_path=b'/home/rabbia/To-DoList/test.log', wd=1, mask=IN_MODIFY, cookie=0, name=test.log>
DEBUG:watchdog.observers.inotify_buffer:in-event <InotifyEvent: src_path=b'/home/rabbia/To-DoList/test.log', wd=1, mask=IN_MODIFY, cookie=0, name=test.log>
DEBUG:watchdog.observers.inotify_buffer:in-event <InotifyEvent: src_path=b'/home/rabbia/To-DoList/test.log', wd=1, mask=IN_MODIFY, cookie=0, name=test.log>
DEBUG:watchdog.observers.inotify_buffer:in-event <InotifyEvent: src_path=b'/home/rabbia/To-DoList/test.log', wd=1, mask=IN_MODIFY, cookie=0, name=test.log>
DEBUG:watchdog.observers.inotify_buffer:in-event <InotifyEvent: src_path=b'/home/rabbia/To-DoList/test.log', wd=1, mask=IN_MODIFY, cookie=0, name=test.log>
DEBUG:watchdog.observers.inotify_buffer:in-event <InotifyEvent: src_path=b'/home/rabbia/To-DoList/test.log', wd=1, mask=IN_MODIFY, cookie=0, name=test.log>
DEBUG:watchdog.observers.inotify_buffer:in-event <InotifyEvent: src_path=b'/home/rabbia/To-DoList/test.log', wd=1, mask=IN_MODIFY, cookie=0, name=test.log>
DEBUG:watchdog.observers.inotify_buffer:in-event <InotifyEvent: src_path=b'/home/rabbia/To-DoList/test.log', wd=1, mask=IN_MODIFY, cookie=0, name=test.log>
DEBUG:watchdog.observers.inotify_buffer:in-event <InotifyEvent: src_path=b'/home/rabbia/To-DoList/test.log', wd=1, mask=IN_MODIFY, cookie=0, name=test.log>
DEBUG:watchdog.observers.inotify_buffer:in-event <InotifyEvent: src_path=b'/home/rabbia/To-DoList/test.log', wd=1, mask=IN_MODIFY, cookie=0, name=test.log>
DEBUG:watchdog.observers.inotify_buffer:in-event <InotifyEvent: src_path=b'/home/rabbia/To-DoList/test.log', wd=1, mask=IN_MODIFY, cookie=0, name=test.log>
DEBUG:watchdog.observers.inotify_buffer:in-event <InotifyEvent: src_path=b'/home/rabbia/To-DoList/test.log', wd=1, mask=IN_MODIFY, cookie=0, name=test.log>
DEBUG:watchdog.observers.inotify_buffer:in-event <InotifyEvent: src_path=b'/home/rabbia/To-DoList/test.log', wd=1, mask=IN_MODIFY, cookie=0, name=test.log>
DEBUG:watchdog.observers.inotify_buffer:in-event <InotifyEvent: src_path=b'/home/rabbia/To-DoList/test.log', wd=1, mask=IN_MODIFY, cookie=0, name=test.log>
DEBUG:watchdog.observers.inotify_buffer:in-event <InotifyEvent: src_path=b'/home/rabbia/To-DoList/test.log', wd=1, mask=IN_MODIFY, cookie=0, name=test.log>
DEBUG:watchdog.observers.inotify_buffer:in-event <InotifyEvent: src_path=b'/home/rabbia/To-DoList/test.log', wd=1, mask=IN_MODIFY, cookie=0, name=test.log>
DEBUG:watchdog.observers.inotify_buffer:in-event <InotifyEvent: src_path=b'/home/rabbia/To-DoList/test.log', wd=1, mask=IN_MODIFY, cookie=0, name=test.log>
DEBUG:watchdog.observers.inotify_buffer:in-event <InotifyEvent: src_path=b'/home/rabbia/To-DoList/test.log', wd=1, mask=IN_MODIFY, cookie=0, name=test.log>
DEBUG:watchdog.observers.inotify_buffer:in-event <InotifyEvent: src_path=b'/home/rabbia/To-DoList/test.log', wd=1, mask=IN_MODIFY, cookie=0, name=test.log>
DEBUG:watchdog.observers.inotify_buffer:in-event <InotifyEvent: src_path=b'/home/rabbia/To-DoList/test.log', wd=1, mask=IN_MODIFY, cookie=0, name=test.log>
DEBUG:watchdog.observers.inotify_buffer:in-event <InotifyEvent: src_path=b'/home/rabbia/To-DoList/test.log', wd=1, mask=IN_MODIFY, cookie=0, name=test.log>
DEBUG:watchdog.observers.inotify_buffer:in-event <InotifyEvent: src_path=b'/home/rabbia/To-DoList/test.log', wd=1, mask=IN_MODIFY, cookie=0, name=test.log>
DEBUG:watchdog.observers.inotify_buffer:in-event <InotifyEvent: src_path=b'/home/rabbia/To-DoList/test.log', wd=1, mask=IN_MODIFY, cookie=0, name=test.log>
DEBUG:watchdog.observers.inotify_buffer:in-event <InotifyEvent: src_path=b'/home/rabbia/To-DoList/test.log', wd=1, mask=IN_MODIFY, cookie=0, name=test.log>
DEBUG:watchdog.observers.inotify_buffer:in-event <InotifyEvent: src_path=b'/home/rabbia/To-DoList/test.log', wd=1, mask=IN_MODIFY, cookie=0, name=test.log>
DEBUG:watchdog.observers.inotify_buffer:in-event <InotifyEvent: src_path=b'/home/rabbia/To-DoList/test.log', wd=1, mask=IN_MODIFY, cookie=0, name=test.log>
DEBUG:watchdog.observers.inotify_buffer:in-event <InotifyEvent: src_path=b'/home/rabbia/To-DoList/test.log', wd=1, mask=IN_MODIFY, cookie=0, name=test.log>
DEBUG:watchdog.observers.inotify_buffer:in-event <InotifyEvent: src_path=b'/home/rabbia/To-DoList/test.log', wd=1, mask=IN_MODIFY, cookie=0, name=test.log>
DEBUG:watchdog.observers.inotify_buffer:in-event <InotifyEvent: src_path=b'/home/rabbia/To-DoList/test.log', wd=1, mask=IN_MODIFY, cookie=0, name=test.log>
DEBUG:watchdog.observers.inotify_buffer:in-event <InotifyEvent: src_path=b'/home/rabbia/To-DoList/test.log', wd=1, mask=IN_MODIFY, cookie=0, name=test.log>
DEBUG:watchdog.observers.inotify_buffer:in-event <InotifyEvent: src_path=b'/home/rabbia/To-DoList/test.log', wd=1, mask=IN_MODIFY, cookie=0, name=test.log>
DEBUG:watchdog.observers.inotify_buffer:in-event <InotifyEvent: src_path=b'/home/rabbia/To-DoList/test.log', wd=1, mask=IN_MODIFY, cookie=0, name=test.log>
DEBUG:watchdog.observers.inotify_buffer:in-event <InotifyEvent: src_path=b'/home/rabbia/To-DoList/test.log', wd=1, mask=IN_MODIFY, cookie=0, name=test.log>
DEBUG:watchdog.observers.inotify_buffer:in-event <InotifyEvent: src_path=b'/home/rabbia/To-DoList/test.log', wd=1, mask=IN_MODIFY, cookie=0, name=test.log>
DEBUG:watchdog.observers.inotify_buffer:in-event <InotifyEvent: src_path=b'/home/rabbia/To-DoList/test.log', wd=1, mask=IN_MODIFY, cookie=0, name=test.log>
DEBUG:watchdog.observers.inotify_buffer:in-event <InotifyEvent: src_path=b'/home/rabbia/To-DoList/test.log', wd=1, mask=IN_MODIFY, cookie=0, name=test.log>
DEBUG:watchdog.observers.inotify_buffer:in-event <InotifyEvent: src_path=b'/home/rabbia/To-DoList/test.log', wd=1, mask=IN_MODIFY, cookie=0, name=test.log>
DEBUG:watchdog.observers.inotify_buffer:in-event <InotifyEvent: src_path=b'/home/rabbia/To-DoList/test.log', wd=1, mask=IN_MODIFY, cookie=0, name=test.log>
DEBUG:watchdog.observers.inotify_buffer:in-event <InotifyEvent: src_path=b'/home/rabbia/To-DoList/test.log', wd=1, mask=IN_MODIFY, cookie=0, name=test.log>
DEBUG:watchdog.observers.inotify_buffer:in-event <InotifyEvent: src_path=b'/home/rabbia/To-DoList/test.log', wd=1, mask=IN_MODIFY, cookie=0, name=test.log>
DEBUG:watchdog.observers.inotify_buffer:in-event <InotifyEvent: src_path=b'/home/rabbia/To-DoList/test.log', wd=1, mask=IN_MODIFY, cookie=0, name=test.log>
DEBUG:watchdog.observers.inotify_buffer:in-event <InotifyEvent: src_path=b'/home/rabbia/To-DoList/test.log', wd=1, mask=IN_MODIFY, cookie=0, name=test.log>
DEBUG:watchdog.observers.inotify_buffer:in-event <InotifyEvent: src_path=b'/home/rabbia/To-DoList/test.log', wd=1, mask=IN_MODIFY, cookie=0, name=test.log>
DEBUG:watchdog.observers.inotify_buffer:in-event <InotifyEvent: src_path=b'/home/rabbia/To-DoList/test.log', wd=1, mask=IN_MODIFY, cookie=0, name=test.log>
DEBUG:watchdog.observers.inotify_buffer:in-event <InotifyEvent: src_path=b'/home/rabbia/To-DoList/test.log', wd=1, mask=IN_MODIFY, cookie=0, name=test.log>
DEBUG:watchdog.observers.inotify_buffer:in-event <InotifyEvent: src_path=b'/home/rabbia/To-DoList/test.log', wd=1, mask=IN_MODIFY, cookie=0, name=test.log>
DEBUG:watchdog.observers.inotify_buffer:in-event <InotifyEvent: src_path=b'/home/rabbia/To-DoList/test.log', wd=1, mask=IN_MODIFY, cookie=0, name=test.log>
DEBUG:watchdog.observers.inotify_buffer:in-event <InotifyEvent: src_path=b'/home/rabbia/To-DoList/test.log', wd=1, mask=IN_MODIFY, cookie=0, name=test.log>
DEBUG:watchdog.observers.inotify_buffer:in-event <InotifyEvent: src_path=b'/home/rabbia/To-DoList/test.log', wd=1, mask=IN_MODIFY, cookie=0, name=test.log>
DEBUG:watchdog.observers.inotify_buffer:in-event <InotifyEvent: src_path=b'/home/rabbia/To-DoList/test.log', wd=1, mask=IN_MODIFY, cookie=0, name=test.log>
DEBUG:watchdog.observers.inotify_buffer:in-event <InotifyEvent: src_path=b'/home/rabbia/To-DoList/test.log', wd=1, mask=IN_MODIFY, cookie=0, name=test.log>
DEBUG:watchdog.observers.inotify_buffer:in-event <InotifyEvent: src_path=b'/home/rabbia/To-DoList/test.log', wd=1, mask=IN_MODIFY, cookie=0, name=test.log>
DEBUG:watchdog.observers.inotify_buffer:in-event <InotifyEvent: src_path=b'/home/rabbia/To-DoList/test.log', wd=1, mask=IN_MODIFY, cookie=0, name=test.log>
DEBUG:watchdog.observers.inotify_buffer:in-event <InotifyEvent: src_path=b'/home/rabbia/To-DoList/test.log', wd=1, mask=IN_MODIFY, cookie=0, name=test.log>
DEBUG:watchdog.observers.inotify_buffer:in-event <InotifyEvent: src_path=b'/home/rabbia/To-DoList/test.log', wd=1, mask=IN_MODIFY, cookie=0, name=test.log>
DEBUG:watchdog.observers.inotify_buffer:in-event <InotifyEvent: src_path=b'/home/rabbia/To-DoList/test.log', wd=1, mask=IN_MODIFY, cookie=0, name=test.log>
DEBUG:watchdog.observers.inotify_buffer:in-event <InotifyEvent: src_path=b'/home/rabbia/To-DoList/test.log', wd=1, mask=IN_MODIFY, cookie=0, name=test.log>
DEBUG:watchdog.observers.inotify_buffer:in-event <InotifyEvent: src_path=b'/home/rabbia/To-DoList/test.log', wd=1, mask=IN_MODIFY, cookie=0, name=test.log>
DEBUG:watchdog.observers.inotify_buffer:in-event <InotifyEvent: src_path=b'/home/rabbia/To-DoList/test.log', wd=1, mask=IN_MODIFY, cookie=0, name=test.log>
DEBUG:watchdog.observers.inotify_buffer:in-event <InotifyEvent: src_path=b'/home/rabbia/To-DoList/test.log', wd=1, mask=IN_MODIFY, cookie=0, name=test.log>
DEBUG:watchdog.observers.inotify_buffer:in-event <InotifyEvent: src_path=b'/home/rabbia/To-DoList/test.log', wd=1, mask=IN_MODIFY, cookie=0, name=test.log>
DEBUG:watchdog.observers.inotify_buffer:in-event <InotifyEvent: src_path=b'/home/rabbia/To-DoList/test.log', wd=1, mask=IN_MODIFY, cookie=0, name=test.log>
DEBUG:watchdog.observers.inotify_buffer:in-event <InotifyEvent: src_path=b'/home/rabbia/To-DoList/test.log', wd=1, mask=IN_MODIFY, cookie=0, name=test.log>
DEBUG:watchdog.observers.inotify_buffer:in-event <InotifyEvent: src_path=b'/home/rabbia/To-DoList/test.log', wd=1, mask=IN_MODIFY, cookie=0, name=test.log>
DEBUG:watchdog.observers.inotify_buffer:in-event <InotifyEvent: src_path=b'/home/rabbia/To-DoList/test.log', wd=1, mask=IN_MODIFY, cookie=0, name=test.log>
DEBUG:watchdog.observers.inotify_buffer:in-event <InotifyEvent: src_path=b'/home/rabbia/To-DoList/test.log', wd=1, mask=IN_MODIFY, cookie=0, name=test.log>
DEBUG:watchdog.observers.inotify_buffer:in-event <InotifyEvent: src_path=b'/home/rabbia/To-DoList/test.log', wd=1, mask=IN_MODIFY, cookie=0, name=test.log>
DEBUG:watchdog.observers.inotify_buffer:in-event <InotifyEvent: src_path=b'/home/rabbia/To-DoList/test.log', wd=1, mask=IN_MODIFY, cookie=0, name=test.log>
DEBUG:watchdog.observers.inotify_buffer:in-event <InotifyEvent: src_path=b'/home/rabbia/To-DoList/test.log', wd=1, mask=IN_MODIFY, cookie=0, name=test.log>
DEBUG:watchdog.observers.inotify_buffer:in-event <InotifyEvent: src_path=b'/home/rabbia/To-DoList/test.log', wd=1, mask=IN_MODIFY, cookie=0, name=test.log>
DEBUG:watchdog.observers.inotify_buffer:in-event <InotifyEvent: src_path=b'/home/rabbia/To-DoList/test.log', wd=1, mask=IN_MODIFY, cookie=0, name=test.log>
DEBUG:watchdog.observers.inotify_buffer:in-event <InotifyEvent: src_path=b'/home/rabbia/To-DoList/test.log', wd=1, mask=IN_MODIFY, cookie=0, name=test.log>
DEBUG:watchdog.observers.inotify_buffer:in-event <InotifyEvent: src_path=b'/home/rabbia/To-DoList/test.log', wd=1, mask=IN_MODIFY, cookie=0, name=test.log>
DEBUG:watchdog.observers.inotify_buffer:in-event <InotifyEvent: src_path=b'/home/rabbia/To-DoList/test.log', wd=1, mask=IN_MODIFY, cookie=0, name=test.log>
DEBUG:watchdog.observers.inotify_buffer:in-event <InotifyEvent: src_path=b'/home/rabbia/To-DoList/test.log', wd=1, mask=IN_MODIFY, cookie=0, name=test.log>
DEBUG:watchdog.observers.inotify_buffer:in-event <InotifyEvent: src_path=b'/home/rabbia/To-DoList/test.log', wd=1, mask=IN_MODIFY, cookie=0, name=test.log>
DEBUG:watchdog.observers.inotify_buffer:in-event <InotifyEvent: src_path=b'/home/rabbia/To-DoList/test.log', wd=1, mask=IN_MODIFY, cookie=0, name=test.log>
DEBUG:watchdog.observers.inotify_buffer:in-event <InotifyEvent: src_path=b'/home/rabbia/To-DoList/test.log', wd=1, mask=IN_MODIFY, cookie=0, name=test.log>
DEBUG:watchdog.observers.inotify_buffer:in-event <InotifyEvent: src_path=b'/home/rabbia/To-DoList/test.log', wd=1, mask=IN_MODIFY, cookie=0, name=test.log>
DEBUG:watchdog.observers.inotify_buffer:in-event <InotifyEvent: src_path=b'/home/rabbia/To-DoList/test.log', wd=1, mask=IN_MODIFY, cookie=0, name=test.log>
DEBUG:watchdog.observers.inotify_buffer:in-event <InotifyEvent: src_path=b'/home/rabbia/To-DoList/test.log', wd=1, mask=IN_MODIFY, cookie=0, name=test.log>
DEBUG:watchdog.observers.inotify_buffer:in-event <InotifyEvent: src_path=b'/home/rabbia/To-DoList/test.log', wd=1, mask=IN_MODIFY, cookie=0, name=test.log>
DEBUG:watchdog.observers.inotify_buffer:in-event <InotifyEvent: src_path=b'/home/rabbia/To-DoList/test.log', wd=1, mask=IN_MODIFY, cookie=0, name=test.log>
DEBUG:watchdog.observers.inotify_buffer:in-event <InotifyEvent: src_path=b'/home/rabbia/To-DoList/test.log', wd=1, mask=IN_MODIFY, cookie=0, name=test.log>
DEBUG:watchdog.observers.inotify_buffer:in-event <InotifyEvent: src_path=b'/home/rabbia/To-DoList/test.log', wd=1, mask=IN_MODIFY, cookie=0, name=test.log>
DEBUG:watchdog.observers.inotify_buffer:in-event <InotifyEvent: src_path=b'/home/rabbia/To-DoList/test.log', wd=1, mask=IN_MODIFY, cookie=0, name=test.log>
DEBUG:watchdog.observers.inotify_buffer:in-event <InotifyEvent: src_path=b'/home/rabbia/To-DoList/test.log', wd=1, mask=IN_MODIFY, cookie=0, name=test.log>
DEBUG:watchdog.observers.inotify_buffer:in-event <InotifyEvent: src_path=b'/home/rabbia/To-DoList/test.log', wd=1, mask=IN_MODIFY, cookie=0, name=test.log>
DEBUG:watchdog.observers.inotify_buffer:in-event <InotifyEvent: src_path=b'/home/rabbia/To-DoList/test.log', wd=1, mask=IN_MODIFY, cookie=0, name=test.log>
DEBUG:watchdog.observers.inotify_buffer:in-event <InotifyEvent: src_path=b'/home/rabbia/To-DoList/test.log', wd=1, mask=IN_MODIFY, cookie=0, name=test.log>
DEBUG:watchdog.observers.inotify_buffer:in-event <InotifyEvent: src_path=b'/home/rabbia/To-DoList/test.log', wd=1, mask=IN_MODIFY, cookie=0, name=test.log>
DEBUG:watchdog.observers.inotify_buffer:in-event <InotifyEvent: src_path=b'/home/rabbia/To-DoList/test.log', wd=1, mask=IN_MODIFY, cookie=0, name=test.log>
DEBUG:watchdog.observers.inotify_buffer:in-event <InotifyEvent: src_path=b'/home/rabbia/To-DoList/test.log', wd=1, mask=IN_MODIFY, cookie=0, name=test.log>
DEBUG:watchdog.observers.inotify_buffer:in-event <InotifyEvent: src_path=b'/home/rabbia/To-DoList/test.log', wd=1, mask=IN_MODIFY, cookie=0, name=test.log>
DEBUG:watchdog.observers.inotify_buffer:in-event <InotifyEvent: src_path=b'/home/rabbia/To-DoList/test.log', wd=1, mask=IN_MODIFY, cookie=0, name=test.log>
DEBUG:watchdog.observers.inotify_buffer:in-event <InotifyEvent: src_path=b'/home/rabbia/To-DoList/test.log', wd=1, mask=IN_MODIFY, cookie=0, name=test.log>
DEBUG:watchdog.observers.inotify_buffer:in-event <InotifyEvent: src_path=b'/home/rabbia/To-DoList/test.log', wd=1, mask=IN_MODIFY, cookie=0, name=test.log>
DEBUG:watchdog.observers.inotify_buffer:in-event <InotifyEvent: src_path=b'/home/rabbia/To-DoList/test.log', wd=1, mask=IN_MODIFY, cookie=0, name=test.log>
DEBUG:watchdog.observers.inotify_buffer:in-event <InotifyEvent: src_path=b'/home/rabbia/To-DoList/test.log', wd=1, mask=IN_MODIFY, cookie=0, name=test.log>
DEBUG:watchdog.observers.inotify_buffer:in-event <InotifyEvent: src_path=b'/home/rabbia/To-DoList/test.log', wd=1, mask=IN_MODIFY, cookie=0, name=test.log>
DEBUG:watchdog.observers.inotify_buffer:in-event <InotifyEvent: src_path=b'/home/rabbia/To-DoList/test.log', wd=1, mask=IN_MODIFY, cookie=0, name=test.log>
DEBUG:watchdog.observers.inotify_buffer:in-event <InotifyEvent: src_path=b'/home/rabbia/To-DoList/test.log', wd=1, mask=IN_MODIFY, cookie=0, name=test.log>
DEBUG:watchdog.observers.inotify_buffer:in-event <InotifyEvent: src_path=b'/home/rabbia/To-DoList/test.log', wd=1, mask=IN_MODIFY, cookie=0, name=test.log>
DEBUG:watchdog.observers.inotify_buffer:in-event <InotifyEvent: src_path=b'/home/rabbia/To-DoList/test.log', wd=1, mask=IN_MODIFY, cookie=0, name=test.log>
DEBUG:watchdog.observers.inotify_buffer:in-event <InotifyEvent: src_path=b'/home/rabbia/To-DoList/test.log', wd=1, mask=IN_MODIFY, cookie=0, name=test.log>
DEBUG:watchdog.observers.inotify_buffer:in-event <InotifyEvent: src_path=b'/home/rabbia/To-DoList/test.log', wd=1, mask=IN_MODIFY, cookie=0, name=test.log>
DEBUG:watchdog.observers.inotify_buffer:in-event <InotifyEvent: src_path=b'/home/rabbia/To-DoList/test.log', wd=1, mask=IN_MODIFY, cookie=0, name=test.log>
DEBUG:watchdog.observers.inotify_buffer:in-event <InotifyEvent: src_path=b'/home/rabbia/To-DoList/test.log', wd=1, mask=IN_MODIFY, cookie=0, name=test.log>
DEBUG:watchdog.observers.inotify_buffer:in-event <InotifyEvent: src_path=b'/home/rabbia/To-DoList/test.log', wd=1, mask=IN_MODIFY, cookie=0, name=test.log>
DEBUG:watchdog.observers.inotify_buffer:in-event <InotifyEvent: src_path=b'/home/rabbia/To-DoList/test.log', wd=1, mask=IN_MODIFY, cookie=0, name=test.log>
DEBUG:watchdog.observers.inotify_buffer:in-event <InotifyEvent: src_path=b'/home/rabbia/To-DoList/test.log', wd=1, mask=IN_MODIFY, cookie=0, name=test.log>
DEBUG:watchdog.observers.inotify_buffer:in-event <InotifyEvent: src_path=b'/home/rabbia/To-DoList/test.log', wd=1, mask=IN_MODIFY, cookie=0, name=test.log>
DEBUG:watchdog.observers.inotify_buffer:in-event <InotifyEvent: src_path=b'/home/rabbia/To-DoList/test.log', wd=1, mask=IN_MODIFY, cookie=0, name=test.log>
DEBUG:watchdog.observers.inotify_buffer:in-event <InotifyEvent: src_path=b'/home/rabbia/To-DoList/test.log', wd=1, mask=IN_MODIFY, cookie=0, name=test.log>
DEBUG:watchdog.observers.inotify_buffer:in-event <InotifyEvent: src_path=b'/home/rabbia/To-DoList/test.log', wd=1, mask=IN_MODIFY, cookie=0, name=test.log>
DEBUG:watchdog.observers.inotify_buffer:in-event <InotifyEvent: src_path=b'/home/rabbia/To-DoList/test.log', wd=1, mask=IN_MODIFY, cookie=0, name=test.log>
DEBUG:watchdog.observers.inotify_buffer:in-event <InotifyEvent: src_path=b'/home/rabbia/To-DoList/test.log', wd=1, mask=IN_MODIFY, cookie=0, name=test.log>
DEBUG:watchdog.observers.inotify_buffer:in-event <InotifyEvent: src_path=b'/home/rabbia/To-DoList/test.log', wd=1, mask=IN_MODIFY, cookie=0, name=test.log>
DEBUG:watchdog.observers.inotify_buffer:in-event <InotifyEvent: src_path=b'/home/rabbia/To-DoList/test.log', wd=1, mask=IN_MODIFY, cookie=0, name=test.log>
DEBUG:watchdog.observers.inotify_buffer:in-event <InotifyEvent: src_path=b'/home/rabbia/To-DoList/test.log', wd=1, mask=IN_MODIFY, cookie=0, name=test.log>
DEBUG:watchdog.observers.inotify_buffer:in-event <InotifyEvent: src_path=b'/home/rabbia/To-DoList/test.log', wd=1, mask=IN_MODIFY, cookie=0, name=test.log>
DEBUG:watchdog.observers.inotify_buffer:in-event <InotifyEvent: src_path=b'/home/rabbia/To-DoList/test.log', wd=1, mask=IN_MODIFY, cookie=0, name=test.log>
DEBUG:watchdog.observers.inotify_buffer:in-event <InotifyEvent: src_path=b'/home/rabbia/To-DoList/test.log', wd=1, mask=IN_MODIFY, cookie=0, name=test.log>
DEBUG:watchdog.observers.inotify_buffer:in-event <InotifyEvent: src_path=b'/home/rabbia/To-DoList/test.log', wd=1, mask=IN_MODIFY, cookie=0, name=test.log>
DEBUG:watchdog.observers.inotify_buffer:in-event <InotifyEvent: src_path=b'/home/rabbia/To-DoList/test.log', wd=1, mask=IN_MODIFY, cookie=0, name=test.log>
DEBUG:watchdog.observers.inotify_buffer:in-event <InotifyEvent: src_path=b'/home/rabbia/To-DoList/test.log', wd=1, mask=IN_MODIFY, cookie=0, name=test.log>
DEBUG:watchdog.observers.inotify_buffer:in-event <InotifyEvent: src_path=b'/home/rabbia/To-DoList/test.log', wd=1, mask=IN_MODIFY, cookie=0, name=test.log>
DEBUG:watchdog.observers.inotify_buffer:in-event <InotifyEvent: src_path=b'/home/rabbia/To-DoList/test.log', wd=1, mask=IN_MODIFY, cookie=0, name=test.log>
DEBUG:watchdog.observers.inotify_buffer:in-event <InotifyEvent: src_path=b'/home/rabbia/To-DoList/test.log', wd=1, mask=IN_MODIFY, cookie=0, name=test.log>
DEBUG:watchdog.observers.inotify_buffer:in-event <InotifyEvent: src_path=b'/home/rabbia/To-DoList/test.log', wd=1, mask=IN_MODIFY, cookie=0, name=test.log>
DEBUG:watchdog.observers.inotify_buffer:in-event <InotifyEvent: src_path=b'/home/rabbia/To-DoList/test.log', wd=1, mask=IN_MODIFY, cookie=0, name=test.log>
DEBUG:watchdog.observers.inotify_buffer:in-event <InotifyEvent: src_path=b'/home/rabbia/To-DoList/test.log', wd=1, mask=IN_MODIFY, cookie=0, name=test.log>
DEBUG:watchdog.observers.inotify_buffer:in-event <InotifyEvent: src_path=b'/home/rabbia/To-DoList/test.log', wd=1, mask=IN_MODIFY, cookie=0, name=test.log>
DEBUG:watchdog.observers.inotify_buffer:in-event <InotifyEvent: src_path=b'/home/rabbia/To-DoList/test.log', wd=1, mask=IN_MODIFY, cookie=0, name=test.log>
DEBUG:watchdog.observers.inotify_buffer:in-event <InotifyEvent: src_path=b'/home/rabbia/To-DoList/test.log', wd=1, mask=IN_MODIFY, cookie=0, name=test.log>
DEBUG:watchdog.observers.inotify_buffer:in-event <InotifyEvent: src_path=b'/home/rabbia/To-DoList/test.log', wd=1, mask=IN_MODIFY, cookie=0, name=test.log>
DEBUG:watchdog.observers.inotify_buffer:in-event <InotifyEvent: src_path=b'/home/rabbia/To-DoList/test.log', wd=1, mask=IN_MODIFY, cookie=0, name=test.log>
DEBUG:watchdog.observers.inotify_buffer:in-event <InotifyEvent: src_path=b'/home/rabbia/To-DoList/test.log', wd=1, mask=IN_MODIFY, cookie=0, name=test.log>
DEBUG:watchdog.observers.inotify_buffer:in-event <InotifyEvent: src_path=b'/home/rabbia/To-DoList/test.log', wd=1, mask=IN_MODIFY, cookie=0, name=test.log>
DEBUG:watchdog.observers.inotify_buffer:in-event <InotifyEvent: src_path=b'/home/rabbia/To-DoList/test.log', wd=1, mask=IN_MODIFY, cookie=0, name=test.log>
DEBUG:watchdog.observers.inotify_buffer:in-event <InotifyEvent: src_path=b'/home/rabbia/To-DoList/test.log', wd=1, mask=IN_MODIFY, cookie=0, name=test.log>
DEBUG:watchdog.observers.inotify_buffer:in-event <InotifyEvent: src_path=b'/home/rabbia/To-DoList/test.log', wd=1, mask=IN_MODIFY, cookie=0, name=test.log>
DEBUG:watchdog.observers.inotify_buffer:in-event <InotifyEvent: src_path=b'/home/rabbia/To-DoList/test.log', wd=1, mask=IN_MODIFY, cookie=0, name=test.log>
DEBUG:watchdog.observers.inotify_buffer:in-event <InotifyEvent: src_path=b'/home/rabbia/To-DoList/test.log', wd=1, mask=IN_MODIFY, cookie=0, name=test.log>
DEBUG:watchdog.observers.inotify_buffer:in-event <InotifyEvent: src_path=b'/home/rabbia/To-DoList/test.log', wd=1, mask=IN_MODIFY, cookie=0, name=test.log>
DEBUG:watchdog.observers.inotify_buffer:in-event <InotifyEvent: src_path=b'/home/rabbia/To-DoList/test.log', wd=1, mask=IN_MODIFY, cookie=0, name=test.log>
DEBUG:watchdog.observers.inotify_buffer:in-event <InotifyEvent: src_path=b'/home/rabbia/To-DoList/test.log', wd=1, mask=IN_MODIFY, cookie=0, name=test.log>
DEBUG:watchdog.observers.inotify_buffer:in-event <InotifyEvent: src_path=b'/home/rabbia/To-DoList/test.log', wd=1, mask=IN_MODIFY, cookie=0, name=test.log>
DEBUG:watchdog.observers.inotify_buffer:in-event <InotifyEvent: src_path=b'/home/rabbia/To-DoList/test.log', wd=1, mask=IN_MODIFY, cookie=0, name=test.log>
DEBUG:watchdog.observers.inotify_buffer:in-event <InotifyEvent: src_path=b'/home/rabbia/To-DoList/test.log', wd=1, mask=IN_MODIFY, cookie=0, name=test.log>
DEBUG:watchdog.observers.inotify_buffer:in-event <InotifyEvent: src_path=b'/home/rabbia/To-DoList/test.log', wd=1, mask=IN_MODIFY, cookie=0, name=test.log>
DEBUG:watchdog.observers.inotify_buffer:in-event <InotifyEvent: src_path=b'/home/rabbia/To-DoList/test.log', wd=1, mask=IN_MODIFY, cookie=0, name=test.log>
DEBUG:watchdog.observers.inotify_buffer:in-event <InotifyEvent: src_path=b'/home/rabbia/To-DoList/test.log', wd=1, mask=IN_MODIFY, cookie=0, name=test.log>
DEBUG:watchdog.observers.inotify_buffer:in-event <InotifyEvent: src_path=b'/home/rabbia/To-DoList/test.log', wd=1, mask=IN_MODIFY, cookie=0, name=test.log>
DEBUG:watchdog.observers.inotify_buffer:in-event <InotifyEvent: src_path=b'/home/rabbia/To-DoList/test.log', wd=1, mask=IN_MODIFY, cookie=0, name=test.log>
DEBUG:watchdog.observers.inotify_buffer:in-event <InotifyEvent: src_path=b'/home/rabbia/To-DoList/test.log', wd=1, mask=IN_MODIFY, cookie=0, name=test.log>
DEBUG:watchdog.observers.inotify_buffer:in-event <InotifyEvent: src_path=b'/home/rabbia/To-DoList/test.log', wd=1, mask=IN_MODIFY, cookie=0, name=test.log>
DEBUG:watchdog.observers.inotify_buffer:in-event <InotifyEvent: src_path=b'/home/rabbia/To-DoList/test.log', wd=1, mask=IN_MODIFY, cookie=0, name=test.log>
DEBUG:watchdog.observers.inotify_buffer:in-event <InotifyEvent: src_path=b'/home/rabbia/To-DoList/test.log', wd=1, mask=IN_MODIFY, cookie=0, name=test.log>
DEBUG:watchdog.observers.inotify_buffer:in-event <InotifyEvent: src_path=b'/home/rabbia/To-DoList/test.log', wd=1, mask=IN_MODIFY, cookie=0, name=test.log>
DEBUG:watchdog.observers.inotify_buffer:in-event <InotifyEvent: src_path=b'/home/rabbia/To-DoList/test.log', wd=1, mask=IN_MODIFY, cookie=0, name=test.log>
DEBUG:watchdog.observers.inotify_buffer:in-event <InotifyEvent: src_path=b'/home/rabbia/To-DoList/test.log', wd=1, mask=IN_MODIFY, cookie=0, name=test.log>
DEBUG:watchdog.observers.inotify_buffer:in-event <InotifyEvent: src_path=b'/home/rabbia/To-DoList/test.log', wd=1, mask=IN_MODIFY, cookie=0, name=test.log>
DEBUG:watchdog.observers.inotify_buffer:in-event <InotifyEvent: src_path=b'/home/rabbia/To-DoList/test.log', wd=1, mask=IN_MODIFY, cookie=0, name=test.log>
DEBUG:watchdog.observers.inotify_buffer:in-event <InotifyEvent: src_path=b'/home/rabbia/To-DoList/test.log', wd=1, mask=IN_MODIFY, cookie=0, name=test.log>
DEBUG:watchdog.observers.inotify_buffer:in-event <InotifyEvent: src_path=b'/home/rabbia/To-DoList/test.log', wd=1, mask=IN_MODIFY, cookie=0, name=test.log>
DEBUG:watchdog.observers.inotify_buffer:in-event <InotifyEvent: src_path=b'/home/rabbia/To-DoList/test.log', wd=1, mask=IN_MODIFY, cookie=0, name=test.log>
DEBUG:watchdog.observers.inotify_buffer:in-event <InotifyEvent: src_path=b'/home/rabbia/To-DoList/test.log', wd=1, mask=IN_MODIFY, cookie=0, name=test.log>
DEBUG:watchdog.observers.inotify_buffer:in-event <InotifyEvent: src_path=b'/home/rabbia/To-DoList/test.log', wd=1, mask=IN_MODIFY, cookie=0, name=test.log>
DEBUG:watchdog.observers.inotify_buffer:in-event <InotifyEvent: src_path=b'/home/rabbia/To-DoList/test.log', wd=1, mask=IN_MODIFY, cookie=0, name=test.log>
DEBUG:watchdog.observers.inotify_buffer:in-event <InotifyEvent: src_path=b'/home/rabbia/To-DoList/test.log', wd=1, mask=IN_MODIFY, cookie=0, name=test.log>
DEBUG:watchdog.observers.inotify_buffer:in-event <InotifyEvent: src_path=b'/home/rabbia/To-DoList/test.log', wd=1, mask=IN_MODIFY, cookie=0, name=test.log>
DEBUG:watchdog.observers.inotify_buffer:in-event <InotifyEvent: src_path=b'/home/rabbia/To-DoList/test.log', wd=1, mask=IN_MODIFY, cookie=0, name=test.log>
DEBUG:watchdog.observers.inotify_buffer:in-event <InotifyEvent: src_path=b'/home/rabbia/To-DoList/test.log', wd=1, mask=IN_MODIFY, cookie=0, name=test.log>
DEBUG:watchdog.observers.inotify_buffer:in-event <InotifyEvent: src_path=b'/home/rabbia/To-DoList/test.log', wd=1, mask=IN_MODIFY, cookie=0, name=test.log>
DEBUG:watchdog.observers.inotify_buffer:in-event <InotifyEvent: src_path=b'/home/rabbia/To-DoList/test.log', wd=1, mask=IN_MODIFY, cookie=0, name=test.log>
DEBUG:watchdog.observers.inotify_buffer:in-event <InotifyEvent: src_path=b'/home/rabbia/To-DoList/test.log', wd=1, mask=IN_MODIFY, cookie=0, name=test.log>
DEBUG:watchdog.observers.inotify_buffer:in-event <InotifyEvent: src_path=b'/home/rabbia/To-DoList/test.log', wd=1, mask=IN_MODIFY, cookie=0, name=test.log>
DEBUG:watchdog.observers.inotify_buffer:in-event <InotifyEvent: src_path=b'/home/rabbia/To-DoList/test.log', wd=1, mask=IN_MODIFY, cookie=0, name=test.log>
DEBUG:watchdog.observers.inotify_buffer:in-event <InotifyEvent: src_path=b'/home/rabbia/To-DoList/test.log', wd=1, mask=IN_MODIFY, cookie=0, name=test.log>
DEBUG:watchdog.observers.inotify_buffer:in-event <InotifyEvent: src_path=b'/home/rabbia/To-DoList/test.log', wd=1, mask=IN_MODIFY, cookie=0, name=test.log>
DEBUG:watchdog.observers.inotify_buffer:in-event <InotifyEvent: src_path=b'/home/rabbia/To-DoList/test.log', wd=1, mask=IN_MODIFY, cookie=0, name=test.log>
DEBUG:watchdog.observers.inotify_buffer:in-event <InotifyEvent: src_path=b'/home/rabbia/To-DoList/test.log', wd=1, mask=IN_MODIFY, cookie=0, name=test.log>
DEBUG:watchdog.observers.inotify_buffer:in-event <InotifyEvent: src_path=b'/home/rabbia/To-DoList/test.log', wd=1, mask=IN_MODIFY, cookie=0, name=test.log>
DEBUG:watchdog.observers.inotify_buffer:in-event <InotifyEvent: src_path=b'/home/rabbia/To-DoList/test.log', wd=1, mask=IN_MODIFY, cookie=0, name=test.log>
DEBUG:watchdog.observers.inotify_buffer:in-event <InotifyEvent: src_path=b'/home/rabbia/To-DoList/test.log', wd=1, mask=IN_MODIFY, cookie=0, name=test.log>
DEBUG:watchdog.observers.inotify_buffer:in-event <InotifyEvent: src_path=b'/home/rabbia/To-DoList/test.log', wd=1, mask=IN_MODIFY, cookie=0, name=test.log>
DEBUG:watchdog.observers.inotify_buffer:in-event <InotifyEvent: src_path=b'/home/rabbia/To-DoList/test.log', wd=1, mask=IN_MODIFY, cookie=0, name=test.log>
DEBUG:watchdog.observers.inotify_buffer:in-event <InotifyEvent: src_path=b'/home/rabbia/To-DoList/test.log', wd=1, mask=IN_MODIFY, cookie=0, name=test.log>
DEBUG:watchdog.observers.inotify_buffer:in-event <InotifyEvent: src_path=b'/home/rabbia/To-DoList/test.log', wd=1, mask=IN_MODIFY, cookie=0, name=test.log>
DEBUG:watchdog.observers.inotify_buffer:in-event <InotifyEvent: src_path=b'/home/rabbia/To-DoList/test.log', wd=1, mask=IN_MODIFY, cookie=0, name=test.log>
DEBUG:watchdog.observers.inotify_buffer:in-event <InotifyEvent: src_path=b'/home/rabbia/To-DoList/test.log', wd=1, mask=IN_MODIFY, cookie=0, name=test.log>
DEBUG:watchdog.observers.inotify_buffer:in-event <InotifyEvent: src_path=b'/home/rabbia/To-DoList/test.log', wd=1, mask=IN_MODIFY, cookie=0, name=test.log>
DEBUG:watchdog.observers.inotify_buffer:in-event <InotifyEvent: src_path=b'/home/rabbia/To-DoList/test.log', wd=1, mask=IN_MODIFY, cookie=0, name=test.log>
DEBUG:watchdog.observers.inotify_buffer:in-event <InotifyEvent: src_path=b'/home/rabbia/To-DoList/test.log', wd=1, mask=IN_MODIFY, cookie=0, name=test.log>
DEBUG:watchdog.observers.inotify_buffer:in-event <InotifyEvent: src_path=b'/home/rabbia/To-DoList/test.log', wd=1, mask=IN_MODIFY, cookie=0, name=test.log>
DEBUG:watchdog.observers.inotify_buffer:in-event <InotifyEvent: src_path=b'/home/rabbia/To-DoList/test.log', wd=1, mask=IN_MODIFY, cookie=0, name=test.log>
DEBUG:watchdog.observers.inotify_buffer:in-event <InotifyEvent: src_path=b'/home/rabbia/To-DoList/test.log', wd=1, mask=IN_MODIFY, cookie=0, name=test.log>
DEBUG:watchdog.observers.inotify_buffer:in-event <InotifyEvent: src_path=b'/home/rabbia/To-DoList/test.log', wd=1, mask=IN_MODIFY, cookie=0, name=test.log>
DEBUG:watchdog.observers.inotify_buffer:in-event <InotifyEvent: src_path=b'/home/rabbia/To-DoList/test.log', wd=1, mask=IN_MODIFY, cookie=0, name=test.log>
DEBUG:watchdog.observers.inotify_buffer:in-event <InotifyEvent: src_path=b'/home/rabbia/To-DoList/test.log', wd=1, mask=IN_MODIFY, cookie=0, name=test.log>
DEBUG:watchdog.observers.inotify_buffer:in-event <InotifyEvent: src_path=b'/home/rabbia/To-DoList/test.log', wd=1, mask=IN_MODIFY, cookie=0, name=test.log>
DEBUG:watchdog.observers.inotify_buffer:in-event <InotifyEvent: src_path=b'/home/rabbia/To-DoList/test.log', wd=1, mask=IN_MODIFY, cookie=0, name=test.log>
DEBUG:watchdog.observers.inotify_buffer:in-event <InotifyEvent: src_path=b'/home/rabbia/To-DoList/test.log', wd=1, mask=IN_MODIFY, cookie=0, name=test.log>
DEBUG:watchdog.observers.inotify_buffer:in-event <InotifyEvent: src_path=b'/home/rabbia/To-DoList/test.log', wd=1, mask=IN_MODIFY, cookie=0, name=test.log>
DEBUG:watchdog.observers.inotify_buffer:in-event <InotifyEvent: src_path=b'/home/rabbia/To-DoList/test.log', wd=1, mask=IN_MODIFY, cookie=0, name=test.log>
DEBUG:watchdog.observers.inotify_buffer:in-event <InotifyEvent: src_path=b'/home/rabbia/To-DoList/test.log', wd=1, mask=IN_MODIFY, cookie=0, name=test.log>
DEBUG:watchdog.observers.inotify_buffer:in-event <InotifyEvent: src_path=b'/home/rabbia/To-DoList/test.log', wd=1, mask=IN_MODIFY, cookie=0, name=test.log>
DEBUG:watchdog.observers.inotify_buffer:in-event <InotifyEvent: src_path=b'/home/rabbia/To-DoList/test.log', wd=1, mask=IN_MODIFY, cookie=0, name=test.log>
DEBUG:watchdog.observers.inotify_buffer:in-event <InotifyEvent: src_path=b'/home/rabbia/To-DoList/test.log', wd=1, mask=IN_MODIFY, cookie=0, name=test.log>
DEBUG:watchdog.observers.inotify_buffer:in-event <InotifyEvent: src_path=b'/home/rabbia/To-DoList/test.log', wd=1, mask=IN_MODIFY, cookie=0, name=test.log>
DEBUG:watchdog.observers.inotify_buffer:in-event <InotifyEvent: src_path=b'/home/rabbia/To-DoList/test.log', wd=1, mask=IN_MODIFY, cookie=0, name=test.log>
DEBUG:watchdog.observers.inotify_buffer:in-event <InotifyEvent: src_path=b'/home/rabbia/To-DoList/test.log', wd=1, mask=IN_MODIFY, cookie=0, name=test.log>
DEBUG:watchdog.observers.inotify_buffer:in-event <InotifyEvent: src_path=b'/home/rabbia/To-DoList/test.log', wd=1, mask=IN_MODIFY, cookie=0, name=test.log>
DEBUG:watchdog.observers.inotify_buffer:in-event <InotifyEvent: src_path=b'/home/rabbia/To-DoList/test.log', wd=1, mask=IN_MODIFY, cookie=0, name=test.log>
DEBUG:watchdog.observers.inotify_buffer:in-event <InotifyEvent: src_path=b'/home/rabbia/To-DoList/test.log', wd=1, mask=IN_MODIFY, cookie=0, name=test.log>
DEBUG:watchdog.observers.inotify_buffer:in-event <InotifyEvent: src_path=b'/home/rabbia/To-DoList/test.log', wd=1, mask=IN_MODIFY, cookie=0, name=test.log>
DEBUG:watchdog.observers.inotify_buffer:in-event <InotifyEvent: src_path=b'/home/rabbia/To-DoList/test.log', wd=1, mask=IN_MODIFY, cookie=0, name=test.log>
DEBUG:watchdog.observers.inotify_buffer:in-event <InotifyEvent: src_path=b'/home/rabbia/To-DoList/test.log', wd=1, mask=IN_MODIFY, cookie=0, name=test.log>
DEBUG:watchdog.observers.inotify_buffer:in-event <InotifyEvent: src_path=b'/home/rabbia/To-DoList/test.log', wd=1, mask=IN_MODIFY, cookie=0, name=test.log>
DEBUG:watchdog.observers.inotify_buffer:in-event <InotifyEvent: src_path=b'/home/rabbia/To-DoList/test.log', wd=1, mask=IN_MODIFY, cookie=0, name=test.log>
DEBUG:watchdog.observers.inotify_buffer:in-event <InotifyEvent: src_path=b'/home/rabbia/To-DoList/test.log', wd=1, mask=IN_MODIFY, cookie=0, name=test.log>
DEBUG:watchdog.observers.inotify_buffer:in-event <InotifyEvent: src_path=b'/home/rabbia/To-DoList/test.log', wd=1, mask=IN_MODIFY, cookie=0, name=test.log>
DEBUG:watchdog.observers.inotify_buffer:in-event <InotifyEvent: src_path=b'/home/rabbia/To-DoList/test.log', wd=1, mask=IN_MODIFY, cookie=0, name=test.log>
DEBUG:watchdog.observers.inotify_buffer:in-event <InotifyEvent: src_path=b'/home/rabbia/To-DoList/test.log', wd=1, mask=IN_MODIFY, cookie=0, name=test.log>
DEBUG:watchdog.observers.inotify_buffer:in-event <InotifyEvent: src_path=b'/home/rabbia/To-DoList/test.log', wd=1, mask=IN_MODIFY, cookie=0, name=test.log>
DEBUG:watchdog.observers.inotify_buffer:in-event <InotifyEvent: src_path=b'/home/rabbia/To-DoList/test.log', wd=1, mask=IN_MODIFY, cookie=0, name=test.log>
DEBUG:watchdog.observers.inotify_buffer:in-event <InotifyEvent: src_path=b'/home/rabbia/To-DoList/test.log', wd=1, mask=IN_MODIFY, cookie=0, name=test.log>
DEBUG:watchdog.observers.inotify_buffer:in-event <InotifyEvent: src_path=b'/home/rabbia/To-DoList/test.log', wd=1, mask=IN_MODIFY, cookie=0, name=test.log>
DEBUG:watchdog.observers.inotify_buffer:in-event <InotifyEvent: src_path=b'/home/rabbia/To-DoList/test.log', wd=1, mask=IN_MODIFY, cookie=0, name=test.log>
DEBUG:watchdog.observers.inotify_buffer:in-event <InotifyEvent: src_path=b'/home/rabbia/To-DoList/test.log', wd=1, mask=IN_MODIFY, cookie=0, name=test.log>
DEBUG:watchdog.observers.inotify_buffer:in-event <InotifyEvent: src_path=b'/home/rabbia/To-DoList/test.log', wd=1, mask=IN_MODIFY, cookie=0, name=test.log>
DEBUG:watchdog.observers.inotify_buffer:in-event <InotifyEvent: src_path=b'/home/rabbia/To-DoList/test.log', wd=1, mask=IN_MODIFY, cookie=0, name=test.log>
DEBUG:watchdog.observers.inotify_buffer:in-event <InotifyEvent: src_path=b'/home/rabbia/To-DoList/test.log', wd=1, mask=IN_MODIFY, cookie=0, name=test.log>
DEBUG:watchdog.observers.inotify_buffer:in-event <InotifyEvent: src_path=b'/home/rabbia/To-DoList/test.log', wd=1, mask=IN_MODIFY, cookie=0, name=test.log>
DEBUG:watchdog.observers.inotify_buffer:in-event <InotifyEvent: src_path=b'/home/rabbia/To-DoList/test.log', wd=1, mask=IN_MODIFY, cookie=0, name=test.log>
DEBUG:watchdog.observers.inotify_buffer:in-event <InotifyEvent: src_path=b'/home/rabbia/To-DoList/test.log', wd=1, mask=IN_MODIFY, cookie=0, name=test.log>
DEBUG:watchdog.observers.inotify_buffer:in-event <InotifyEvent: src_path=b'/home/rabbia/To-DoList/test.log', wd=1, mask=IN_MODIFY, cookie=0, name=test.log>
DEBUG:watchdog.observers.inotify_buffer:in-event <InotifyEvent: src_path=b'/home/rabbia/To-DoList/test.log', wd=1, mask=IN_MODIFY, cookie=0, name=test.log>
DEBUG:watchdog.observers.inotify_buffer:in-event <InotifyEvent: src_path=b'/home/rabbia/To-DoList/test.log', wd=1, mask=IN_MODIFY, cookie=0, name=test.log>
DEBUG:watchdog.observers.inotify_buffer:in-event <InotifyEvent: src_path=b'/home/rabbia/To-DoList/test.log', wd=1, mask=IN_MODIFY, cookie=0, name=test.log>
DEBUG:watchdog.observers.inotify_buffer:in-event <InotifyEvent: src_path=b'/home/rabbia/To-DoList/test.log', wd=1, mask=IN_MODIFY, cookie=0, name=test.log>
DEBUG:watchdog.observers.inotify_buffer:in-event <InotifyEvent: src_path=b'/home/rabbia/To-DoList/test.log', wd=1, mask=IN_MODIFY, cookie=0, name=test.log>
DEBUG:watchdog.observers.inotify_buffer:in-event <InotifyEvent: src_path=b'/home/rabbia/To-DoList/test.log', wd=1, mask=IN_MODIFY, cookie=0, name=test.log>
DEBUG:watchdog.observers.inotify_buffer:in-event <InotifyEvent: src_path=b'/home/rabbia/To-DoList/test.log', wd=1, mask=IN_MODIFY, cookie=0, name=test.log>
DEBUG:watchdog.observers.inotify_buffer:in-event <InotifyEvent: src_path=b'/home/rabbia/To-DoList/test.log', wd=1, mask=IN_MODIFY, cookie=0, name=test.log>
DEBUG:watchdog.observers.inotify_buffer:in-event <InotifyEvent: src_path=b'/home/rabbia/To-DoList/test.log', wd=1, mask=IN_MODIFY, cookie=0, name=test.log>
DEBUG:watchdog.observers.inotify_buffer:in-event <InotifyEvent: src_path=b'/home/rabbia/To-DoList/test.log', wd=1, mask=IN_MODIFY, cookie=0, name=test.log>
DEBUG:watchdog.observers.inotify_buffer:in-event <InotifyEvent: src_path=b'/home/rabbia/To-DoList/test.log', wd=1, mask=IN_MODIFY, cookie=0, name=test.log>
DEBUG:watchdog.observers.inotify_buffer:in-event <InotifyEvent: src_path=b'/home/rabbia/To-DoList/test.log', wd=1, mask=IN_MODIFY, cookie=0, name=test.log>
DEBUG:watchdog.observers.inotify_buffer:in-event <InotifyEvent: src_path=b'/home/rabbia/To-DoList/test.log', wd=1, mask=IN_MODIFY, cookie=0, name=test.log>
DEBUG:watchdog.observers.inotify_buffer:in-event <InotifyEvent: src_path=b'/home/rabbia/To-DoList/test.log', wd=1, mask=IN_MODIFY, cookie=0, name=test.log>
DEBUG:watchdog.observers.inotify_buffer:in-event <InotifyEvent: src_path=b'/home/rabbia/To-DoList/test.log', wd=1, mask=IN_MODIFY, cookie=0, name=test.log>
DEBUG:watchdog.observers.inotify_buffer:in-event <InotifyEvent: src_path=b'/home/rabbia/To-DoList/test.log', wd=1, mask=IN_MODIFY, cookie=0, name=test.log>
DEBUG:watchdog.observers.inotify_buffer:in-event <InotifyEvent: src_path=b'/home/rabbia/To-DoList/test.log', wd=1, mask=IN_MODIFY, cookie=0, name=test.log>
DEBUG:watchdog.observers.inotify_buffer:in-event <InotifyEvent: src_path=b'/home/rabbia/To-DoList/test.log', wd=1, mask=IN_MODIFY, cookie=0, name=test.log>
DEBUG:watchdog.observers.inotify_buffer:in-event <InotifyEvent: src_path=b'/home/rabbia/To-DoList/test.log', wd=1, mask=IN_MODIFY, cookie=0, name=test.log>
DEBUG:watchdog.observers.inotify_buffer:in-event <InotifyEvent: src_path=b'/home/rabbia/To-DoList/test.log', wd=1, mask=IN_MODIFY, cookie=0, name=test.log>
DEBUG:watchdog.observers.inotify_buffer:in-event <InotifyEvent: src_path=b'/home/rabbia/To-DoList/test.log', wd=1, mask=IN_MODIFY, cookie=0, name=test.log>
DEBUG:watchdog.observers.inotify_buffer:in-event <InotifyEvent: src_path=b'/home/rabbia/To-DoList/test.log', wd=1, mask=IN_MODIFY, cookie=0, name=test.log>
DEBUG:watchdog.observers.inotify_buffer:in-event <InotifyEvent: src_path=b'/home/rabbia/To-DoList/test.log', wd=1, mask=IN_MODIFY, cookie=0, name=test.log>
DEBUG:watchdog.observers.inotify_buffer:in-event <InotifyEvent: src_path=b'/home/rabbia/To-DoList/test.log', wd=1, mask=IN_MODIFY, cookie=0, name=test.log>
DEBUG:watchdog.observers.inotify_buffer:in-event <InotifyEvent: src_path=b'/home/rabbia/To-DoList/test.log', wd=1, mask=IN_MODIFY, cookie=0, name=test.log>
DEBUG:watchdog.observers.inotify_buffer:in-event <InotifyEvent: src_path=b'/home/rabbia/To-DoList/test.log', wd=1, mask=IN_MODIFY, cookie=0, name=test.log>
DEBUG:watchdog.observers.inotify_buffer:in-event <InotifyEvent: src_path=b'/home/rabbia/To-DoList/test.log', wd=1, mask=IN_MODIFY, cookie=0, name=test.log>
DEBUG:watchdog.observers.inotify_buffer:in-event <InotifyEvent: src_path=b'/home/rabbia/To-DoList/test.log', wd=1, mask=IN_MODIFY, cookie=0, name=test.log>
DEBUG:watchdog.observers.inotify_buffer:in-event <InotifyEvent: src_path=b'/home/rabbia/To-DoList/test.log', wd=1, mask=IN_MODIFY, cookie=0, name=test.log>
DEBUG:watchdog.observers.inotify_buffer:in-event <InotifyEvent: src_path=b'/home/rabbia/To-DoList/test.log', wd=1, mask=IN_MODIFY, cookie=0, name=test.log>
DEBUG:watchdog.observers.inotify_buffer:in-event <InotifyEvent: src_path=b'/home/rabbia/To-DoList/test.log', wd=1, mask=IN_MODIFY, cookie=0, name=test.log>
DEBUG:watchdog.observers.inotify_buffer:in-event <InotifyEvent: src_path=b'/home/rabbia/To-DoList/test.log', wd=1, mask=IN_MODIFY, cookie=0, name=test.log>
DEBUG:watchdog.observers.inotify_buffer:in-event <InotifyEvent: src_path=b'/home/rabbia/To-DoList/test.log', wd=1, mask=IN_MODIFY, cookie=0, name=test.log>
DEBUG:watchdog.observers.inotify_buffer:in-event <InotifyEvent: src_path=b'/home/rabbia/To-DoList/test.log', wd=1, mask=IN_MODIFY, cookie=0, name=test.log>
DEBUG:watchdog.observers.inotify_buffer:in-event <InotifyEvent: src_path=b'/home/rabbia/To-DoList/test.log', wd=1, mask=IN_MODIFY, cookie=0, name=test.log>
DEBUG:watchdog.observers.inotify_buffer:in-event <InotifyEvent: src_path=b'/home/rabbia/To-DoList/test.log', wd=1, mask=IN_MODIFY, cookie=0, name=test.log>
DEBUG:watchdog.observers.inotify_buffer:in-event <InotifyEvent: src_path=b'/home/rabbia/To-DoList/test.log', wd=1, mask=IN_MODIFY, cookie=0, name=test.log>
DEBUG:watchdog.observers.inotify_buffer:in-event <InotifyEvent: src_path=b'/home/rabbia/To-DoList/test.log', wd=1, mask=IN_MODIFY, cookie=0, name=test.log>
DEBUG:watchdog.observers.inotify_buffer:in-event <InotifyEvent: src_path=b'/home/rabbia/To-DoList/test.log', wd=1, mask=IN_MODIFY, cookie=0, name=test.log>
DEBUG:watchdog.observers.inotify_buffer:in-event <InotifyEvent: src_path=b'/home/rabbia/To-DoList/test.log', wd=1, mask=IN_MODIFY, cookie=0, name=test.log>
DEBUG:watchdog.observers.inotify_buffer:in-event <InotifyEvent: src_path=b'/home/rabbia/To-DoList/test.log', wd=1, mask=IN_MODIFY, cookie=0, name=test.log>
DEBUG:watchdog.observers.inotify_buffer:in-event <InotifyEvent: src_path=b'/home/rabbia/To-DoList/test.log', wd=1, mask=IN_MODIFY, cookie=0, name=test.log>
DEBUG:watchdog.observers.inotify_buffer:in-event <InotifyEvent: src_path=b'/home/rabbia/To-DoList/test.log', wd=1, mask=IN_MODIFY, cookie=0, name=test.log>
DEBUG:watchdog.observers.inotify_buffer:in-event <InotifyEvent: src_path=b'/home/rabbia/To-DoList/test.log', wd=1, mask=IN_MODIFY, cookie=0, name=test.log>
DEBUG:watchdog.observers.inotify_buffer:in-event <InotifyEvent: src_path=b'/home/rabbia/To-DoList/test.log', wd=1, mask=IN_MODIFY, cookie=0, name=test.log>
DEBUG:watchdog.observers.inotify_buffer:in-event <InotifyEvent: src_path=b'/home/rabbia/To-DoList/test.log', wd=1, mask=IN_MODIFY, cookie=0, name=test.log>
DEBUG:watchdog.observers.inotify_buffer:in-event <InotifyEvent: src_path=b'/home/rabbia/To-DoList/test.log', wd=1, mask=IN_MODIFY, cookie=0, name=test.log>
DEBUG:watchdog.observers.inotify_buffer:in-event <InotifyEvent: src_path=b'/home/rabbia/To-DoList/test.log', wd=1, mask=IN_MODIFY, cookie=0, name=test.log>
DEBUG:watchdog.observers.inotify_buffer:in-event <InotifyEvent: src_path=b'/home/rabbia/To-DoList/test.log', wd=1, mask=IN_MODIFY, cookie=0, name=test.log>
DEBUG:watchdog.observers.inotify_buffer:in-event <InotifyEvent: src_path=b'/home/rabbia/To-DoList/test.log', wd=1, mask=IN_MODIFY, cookie=0, name=test.log>
DEBUG:watchdog.observers.inotify_buffer:in-event <InotifyEvent: src_path=b'/home/rabbia/To-DoList/test.log', wd=1, mask=IN_MODIFY, cookie=0, name=test.log>
DEBUG:watchdog.observers.inotify_buffer:in-event <InotifyEvent: src_path=b'/home/rabbia/To-DoList/test.log', wd=1, mask=IN_MODIFY, cookie=0, name=test.log>
DEBUG:watchdog.observers.inotify_buffer:in-event <InotifyEvent: src_path=b'/home/rabbia/To-DoList/test.log', wd=1, mask=IN_MODIFY, cookie=0, name=test.log>
DEBUG:watchdog.observers.inotify_buffer:in-event <InotifyEvent: src_path=b'/home/rabbia/To-DoList/test.log', wd=1, mask=IN_MODIFY, cookie=0, name=test.log>
DEBUG:watchdog.observers.inotify_buffer:in-event <InotifyEvent: src_path=b'/home/rabbia/To-DoList/test.log', wd=1, mask=IN_MODIFY, cookie=0, name=test.log>
DEBUG:watchdog.observers.inotify_buffer:in-event <InotifyEvent: src_path=b'/home/rabbia/To-DoList/test.log', wd=1, mask=IN_MODIFY, cookie=0, name=test.log>
DEBUG:watchdog.observers.inotify_buffer:in-event <InotifyEvent: src_path=b'/home/rabbia/To-DoList/test.log', wd=1, mask=IN_MODIFY, cookie=0, name=test.log>
DEBUG:watchdog.observers.inotify_buffer:in-event <InotifyEvent: src_path=b'/home/rabbia/To-DoList/test.log', wd=1, mask=IN_MODIFY, cookie=0, name=test.log>
DEBUG:watchdog.observers.inotify_buffer:in-event <InotifyEvent: src_path=b'/home/rabbia/To-DoList/test.log', wd=1, mask=IN_MODIFY, cookie=0, name=test.log>
DEBUG:watchdog.observers.inotify_buffer:in-event <InotifyEvent: src_path=b'/home/rabbia/To-DoList/test.log', wd=1, mask=IN_MODIFY, cookie=0, name=test.log>
DEBUG:watchdog.observers.inotify_buffer:in-event <InotifyEvent: src_path=b'/home/rabbia/To-DoList/test.log', wd=1, mask=IN_MODIFY, cookie=0, name=test.log>
DEBUG:watchdog.observers.inotify_buffer:in-event <InotifyEvent: src_path=b'/home/rabbia/To-DoList/test.log', wd=1, mask=IN_MODIFY, cookie=0, name=test.log>
DEBUG:watchdog.observers.inotify_buffer:in-event <InotifyEvent: src_path=b'/home/rabbia/To-DoList/test.log', wd=1, mask=IN_MODIFY, cookie=0, name=test.log>
DEBUG:watchdog.observers.inotify_buffer:in-event <InotifyEvent: src_path=b'/home/rabbia/To-DoList/test.log', wd=1, mask=IN_MODIFY, cookie=0, name=test.log>
DEBUG:watchdog.observers.inotify_buffer:in-event <InotifyEvent: src_path=b'/home/rabbia/To-DoList/test.log', wd=1, mask=IN_MODIFY, cookie=0, name=test.log>
DEBUG:watchdog.observers.inotify_buffer:in-event <InotifyEvent: src_path=b'/home/rabbia/To-DoList/test.log', wd=1, mask=IN_MODIFY, cookie=0, name=test.log>
DEBUG:watchdog.observers.inotify_buffer:in-event <InotifyEvent: src_path=b'/home/rabbia/To-DoList/test.log', wd=1, mask=IN_MODIFY, cookie=0, name=test.log>
DEBUG:watchdog.observers.inotify_buffer:in-event <InotifyEvent: src_path=b'/home/rabbia/To-DoList/test.log', wd=1, mask=IN_MODIFY, cookie=0, name=test.log>
DEBUG:watchdog.observers.inotify_buffer:in-event <InotifyEvent: src_path=b'/home/rabbia/To-DoList/test.log', wd=1, mask=IN_MODIFY, cookie=0, name=test.log>
DEBUG:watchdog.observers.inotify_buffer:in-event <InotifyEvent: src_path=b'/home/rabbia/To-DoList/test.log', wd=1, mask=IN_MODIFY, cookie=0, name=test.log>
DEBUG:watchdog.observers.inotify_buffer:in-event <InotifyEvent: src_path=b'/home/rabbia/To-DoList/test.log', wd=1, mask=IN_MODIFY, cookie=0, name=test.log>
DEBUG:watchdog.observers.inotify_buffer:in-event <InotifyEvent: src_path=b'/home/rabbia/To-DoList/test.log', wd=1, mask=IN_MODIFY, cookie=0, name=test.log>
DEBUG:watchdog.observers.inotify_buffer:in-event <InotifyEvent: src_path=b'/home/rabbia/To-DoList/test.log', wd=1, mask=IN_MODIFY, cookie=0, name=test.log>
DEBUG:watchdog.observers.inotify_buffer:in-event <InotifyEvent: src_path=b'/home/rabbia/To-DoList/test.log', wd=1, mask=IN_MODIFY, cookie=0, name=test.log>
DEBUG:watchdog.observers.inotify_buffer:in-event <InotifyEvent: src_path=b'/home/rabbia/To-DoList/test.log', wd=1, mask=IN_MODIFY, cookie=0, name=test.log>
DEBUG:watchdog.observers.inotify_buffer:in-event <InotifyEvent: src_path=b'/home/rabbia/To-DoList/test.log', wd=1, mask=IN_MODIFY, cookie=0, name=test.log>
DEBUG:watchdog.observers.inotify_buffer:in-event <InotifyEvent: src_path=b'/home/rabbia/To-DoList/test.log', wd=1, mask=IN_MODIFY, cookie=0, name=test.log>
DEBUG:watchdog.observers.inotify_buffer:in-event <InotifyEvent: src_path=b'/home/rabbia/To-DoList/test.log', wd=1, mask=IN_MODIFY, cookie=0, name=test.log>
DEBUG:watchdog.observers.inotify_buffer:in-event <InotifyEvent: src_path=b'/home/rabbia/To-DoList/test.log', wd=1, mask=IN_MODIFY, cookie=0, name=test.log>
DEBUG:watchdog.observers.inotify_buffer:in-event <InotifyEvent: src_path=b'/home/rabbia/To-DoList/test.log', wd=1, mask=IN_MODIFY, cookie=0, name=test.log>
DEBUG:watchdog.observers.inotify_buffer:in-event <InotifyEvent: src_path=b'/home/rabbia/To-DoList/test.log', wd=1, mask=IN_MODIFY, cookie=0, name=test.log>
DEBUG:watchdog.observers.inotify_buffer:in-event <InotifyEvent: src_path=b'/home/rabbia/To-DoList/test.log', wd=1, mask=IN_MODIFY, cookie=0, name=test.log>
DEBUG:watchdog.observers.inotify_buffer:in-event <InotifyEvent: src_path=b'/home/rabbia/To-DoList/test.log', wd=1, mask=IN_MODIFY, cookie=0, name=test.log>
DEBUG:watchdog.observers.inotify_buffer:in-event <InotifyEvent: src_path=b'/home/rabbia/To-DoList/test.log', wd=1, mask=IN_MODIFY, cookie=0, name=test.log>
DEBUG:watchdog.observers.inotify_buffer:in-event <InotifyEvent: src_path=b'/home/rabbia/To-DoList/test.log', wd=1, mask=IN_MODIFY, cookie=0, name=test.log>
DEBUG:watchdog.observers.inotify_buffer:in-event <InotifyEvent: src_path=b'/home/rabbia/To-DoList/test.log', wd=1, mask=IN_MODIFY, cookie=0, name=test.log>
DEBUG:watchdog.observers.inotify_buffer:in-event <InotifyEvent: src_path=b'/home/rabbia/To-DoList/test.log', wd=1, mask=IN_MODIFY, cookie=0, name=test.log>
DEBUG:watchdog.observers.inotify_buffer:in-event <InotifyEvent: src_path=b'/home/rabbia/To-DoList/test.log', wd=1, mask=IN_MODIFY, cookie=0, name=test.log>
DEBUG:watchdog.observers.inotify_buffer:in-event <InotifyEvent: src_path=b'/home/rabbia/To-DoList/test.log', wd=1, mask=IN_MODIFY, cookie=0, name=test.log>
DEBUG:watchdog.observers.inotify_buffer:in-event <InotifyEvent: src_path=b'/home/rabbia/To-DoList/test.log', wd=1, mask=IN_MODIFY, cookie=0, name=test.log>
DEBUG:watchdog.observers.inotify_buffer:in-event <InotifyEvent: src_path=b'/home/rabbia/To-DoList/test.log', wd=1, mask=IN_MODIFY, cookie=0, name=test.log>
DEBUG:watchdog.observers.inotify_buffer:in-event <InotifyEvent: src_path=b'/home/rabbia/To-DoList/test.log', wd=1, mask=IN_MODIFY, cookie=0, name=test.log>
DEBUG:watchdog.observers.inotify_buffer:in-event <InotifyEvent: src_path=b'/home/rabbia/To-DoList/test.log', wd=1, mask=IN_MODIFY, cookie=0, name=test.log>
DEBUG:watchdog.observers.inotify_buffer:in-event <InotifyEvent: src_path=b'/home/rabbia/To-DoList/test.log', wd=1, mask=IN_MODIFY, cookie=0, name=test.log>
DEBUG:watchdog.observers.inotify_buffer:in-event <InotifyEvent: src_path=b'/home/rabbia/To-DoList/test.log', wd=1, mask=IN_MODIFY, cookie=0, name=test.log>
DEBUG:watchdog.observers.inotify_buffer:in-event <InotifyEvent: src_path=b'/home/rabbia/To-DoList/test.log', wd=1, mask=IN_MODIFY, cookie=0, name=test.log>
DEBUG:watchdog.observers.inotify_buffer:in-event <InotifyEvent: src_path=b'/home/rabbia/To-DoList/test.log', wd=1, mask=IN_MODIFY, cookie=0, name=test.log>
DEBUG:watchdog.observers.inotify_buffer:in-event <InotifyEvent: src_path=b'/home/rabbia/To-DoList/test.log', wd=1, mask=IN_MODIFY, cookie=0, name=test.log>
DEBUG:watchdog.observers.inotify_buffer:in-event <InotifyEvent: src_path=b'/home/rabbia/To-DoList/test.log', wd=1, mask=IN_MODIFY, cookie=0, name=test.log>
DEBUG:watchdog.observers.inotify_buffer:in-event <InotifyEvent: src_path=b'/home/rabbia/To-DoList/test.log', wd=1, mask=IN_MODIFY, cookie=0, name=test.log>
DEBUG:watchdog.observers.inotify_buffer:in-event <InotifyEvent: src_path=b'/home/rabbia/To-DoList/test.log', wd=1, mask=IN_MODIFY, cookie=0, name=test.log>
DEBUG:watchdog.observers.inotify_buffer:in-event <InotifyEvent: src_path=b'/home/rabbia/To-DoList/test.log', wd=1, mask=IN_MODIFY, cookie=0, name=test.log>
DEBUG:watchdog.observers.inotify_buffer:in-event <InotifyEvent: src_path=b'/home/rabbia/To-DoList/test.log', wd=1, mask=IN_MODIFY, cookie=0, name=test.log>
DEBUG:watchdog.observers.inotify_buffer:in-event <InotifyEvent: src_path=b'/home/rabbia/To-DoList/test.log', wd=1, mask=IN_MODIFY, cookie=0, name=test.log>
DEBUG:watchdog.observers.inotify_buffer:in-event <InotifyEvent: src_path=b'/home/rabbia/To-DoList/test.log', wd=1, mask=IN_MODIFY, cookie=0, name=test.log>
DEBUG:watchdog.observers.inotify_buffer:in-event <InotifyEvent: src_path=b'/home/rabbia/To-DoList/test.log', wd=1, mask=IN_MODIFY, cookie=0, name=test.log>
DEBUG:watchdog.observers.inotify_buffer:in-event <InotifyEvent: src_path=b'/home/rabbia/To-DoList/test.log', wd=1, mask=IN_MODIFY, cookie=0, name=test.log>
DEBUG:watchdog.observers.inotify_buffer:in-event <InotifyEvent: src_path=b'/home/rabbia/To-DoList/test.log', wd=1, mask=IN_MODIFY, cookie=0, name=test.log>
DEBUG:watchdog.observers.inotify_buffer:in-event <InotifyEvent: src_path=b'/home/rabbia/To-DoList/test.log', wd=1, mask=IN_MODIFY, cookie=0, name=test.log>
DEBUG:watchdog.observers.inotify_buffer:in-event <InotifyEvent: src_path=b'/home/rabbia/To-DoList/test.log', wd=1, mask=IN_MODIFY, cookie=0, name=test.log>
DEBUG:watchdog.observers.inotify_buffer:in-event <InotifyEvent: src_path=b'/home/rabbia/To-DoList/test.log', wd=1, mask=IN_MODIFY, cookie=0, name=test.log>
DEBUG:watchdog.observers.inotify_buffer:in-event <InotifyEvent: src_path=b'/home/rabbia/To-DoList/test.log', wd=1, mask=IN_MODIFY, cookie=0, name=test.log>
DEBUG:watchdog.observers.inotify_buffer:in-event <InotifyEvent: src_path=b'/home/rabbia/To-DoList/test.log', wd=1, mask=IN_MODIFY, cookie=0, name=test.log>
DEBUG:watchdog.observers.inotify_buffer:in-event <InotifyEvent: src_path=b'/home/rabbia/To-DoList/test.log', wd=1, mask=IN_MODIFY, cookie=0, name=test.log>
DEBUG:watchdog.observers.inotify_buffer:in-event <InotifyEvent: src_path=b'/home/rabbia/To-DoList/test.log', wd=1, mask=IN_MODIFY, cookie=0, name=test.log>
DEBUG:watchdog.observers.inotify_buffer:in-event <InotifyEvent: src_path=b'/home/rabbia/To-DoList/test.log', wd=1, mask=IN_MODIFY, cookie=0, name=test.log>
DEBUG:watchdog.observers.inotify_buffer:in-event <InotifyEvent: src_path=b'/home/rabbia/To-DoList/test.log', wd=1, mask=IN_MODIFY, cookie=0, name=test.log>
DEBUG:watchdog.observers.inotify_buffer:in-event <InotifyEvent: src_path=b'/home/rabbia/To-DoList/test.log', wd=1, mask=IN_MODIFY, cookie=0, name=test.log>
DEBUG:watchdog.observers.inotify_buffer:in-event <InotifyEvent: src_path=b'/home/rabbia/To-DoList/test.log', wd=1, mask=IN_MODIFY, cookie=0, name=test.log>
DEBUG:watchdog.observers.inotify_buffer:in-event <InotifyEvent: src_path=b'/home/rabbia/To-DoList/test.log', wd=1, mask=IN_MODIFY, cookie=0, name=test.log>
DEBUG:watchdog.observers.inotify_buffer:in-event <InotifyEvent: src_path=b'/home/rabbia/To-DoList/test.log', wd=1, mask=IN_MODIFY, cookie=0, name=test.log>
DEBUG:watchdog.observers.inotify_buffer:in-event <InotifyEvent: src_path=b'/home/rabbia/To-DoList/test.log', wd=1, mask=IN_MODIFY, cookie=0, name=test.log>
DEBUG:watchdog.observers.inotify_buffer:in-event <InotifyEvent: src_path=b'/home/rabbia/To-DoList/test.log', wd=1, mask=IN_MODIFY, cookie=0, name=test.log>
DEBUG:watchdog.observers.inotify_buffer:in-event <InotifyEvent: src_path=b'/home/rabbia/To-DoList/test.log', wd=1, mask=IN_MODIFY, cookie=0, name=test.log>
DEBUG:watchdog.observers.inotify_buffer:in-event <InotifyEvent: src_path=b'/home/rabbia/To-DoList/test.log', wd=1, mask=IN_MODIFY, cookie=0, name=test.log>
DEBUG:watchdog.observers.inotify_buffer:in-event <InotifyEvent: src_path=b'/home/rabbia/To-DoList/test.log', wd=1, mask=IN_MODIFY, cookie=0, name=test.log>
DEBUG:watchdog.observers.inotify_buffer:in-event <InotifyEvent: src_path=b'/home/rabbia/To-DoList/test.log', wd=1, mask=IN_MODIFY, cookie=0, name=test.log>
DEBUG:watchdog.observers.inotify_buffer:in-event <InotifyEvent: src_path=b'/home/rabbia/To-DoList/test.log', wd=1, mask=IN_MODIFY, cookie=0, name=test.log>
DEBUG:watchdog.observers.inotify_buffer:in-event <InotifyEvent: src_path=b'/home/rabbia/To-DoList/test.log', wd=1, mask=IN_MODIFY, cookie=0, name=test.log>
DEBUG:watchdog.observers.inotify_buffer:in-event <InotifyEvent: src_path=b'/home/rabbia/To-DoList/test.log', wd=1, mask=IN_MODIFY, cookie=0, name=test.log>
DEBUG:watchdog.observers.inotify_buffer:in-event <InotifyEvent: src_path=b'/home/rabbia/To-DoList/test.log', wd=1, mask=IN_MODIFY, cookie=0, name=test.log>
DEBUG:watchdog.observers.inotify_buffer:in-event <InotifyEvent: src_path=b'/home/rabbia/To-DoList/test.log', wd=1, mask=IN_MODIFY, cookie=0, name=test.log>
DEBUG:watchdog.observers.inotify_buffer:in-event <InotifyEvent: src_path=b'/home/rabbia/To-DoList/test.log', wd=1, mask=IN_MODIFY, cookie=0, name=test.log>
DEBUG:watchdog.observers.inotify_buffer:in-event <InotifyEvent: src_path=b'/home/rabbia/To-DoList/test.log', wd=1, mask=IN_MODIFY, cookie=0, name=test.log>
DEBUG:watchdog.observers.inotify_buffer:in-event <InotifyEvent: src_path=b'/home/rabbia/To-DoList/test.log', wd=1, mask=IN_MODIFY, cookie=0, name=test.log>
DEBUG:watchdog.observers.inotify_buffer:in-event <InotifyEvent: src_path=b'/home/rabbia/To-DoList/test.log', wd=1, mask=IN_MODIFY, cookie=0, name=test.log>
DEBUG:watchdog.observers.inotify_buffer:in-event <InotifyEvent: src_path=b'/home/rabbia/To-DoList/test.log', wd=1, mask=IN_MODIFY, cookie=0, name=test.log>
DEBUG:watchdog.observers.inotify_buffer:in-event <InotifyEvent: src_path=b'/home/rabbia/To-DoList/test.log', wd=1, mask=IN_MODIFY, cookie=0, name=test.log>
DEBUG:watchdog.observers.inotify_buffer:in-event <InotifyEvent: src_path=b'/home/rabbia/To-DoList/test.log', wd=1, mask=IN_MODIFY, cookie=0, name=test.log>
DEBUG:watchdog.observers.inotify_buffer:in-event <InotifyEvent: src_path=b'/home/rabbia/To-DoList/test.log', wd=1, mask=IN_MODIFY, cookie=0, name=test.log>
DEBUG:watchdog.observers.inotify_buffer:in-event <InotifyEvent: src_path=b'/home/rabbia/To-DoList/test.log', wd=1, mask=IN_MODIFY, cookie=0, name=test.log>
DEBUG:watchdog.observers.inotify_buffer:in-event <InotifyEvent: src_path=b'/home/rabbia/To-DoList/test.log', wd=1, mask=IN_MODIFY, cookie=0, name=test.log>
DEBUG:watchdog.observers.inotify_buffer:in-event <InotifyEvent: src_path=b'/home/rabbia/To-DoList/test.log', wd=1, mask=IN_MODIFY, cookie=0, name=test.log>
DEBUG:watchdog.observers.inotify_buffer:in-event <InotifyEvent: src_path=b'/home/rabbia/To-DoList/test.log', wd=1, mask=IN_MODIFY, cookie=0, name=test.log>
DEBUG:watchdog.observers.inotify_buffer:in-event <InotifyEvent: src_path=b'/home/rabbia/To-DoList/test.log', wd=1, mask=IN_MODIFY, cookie=0, name=test.log>
DEBUG:watchdog.observers.inotify_buffer:in-event <InotifyEvent: src_path=b'/home/rabbia/To-DoList/test.log', wd=1, mask=IN_MODIFY, cookie=0, name=test.log>
DEBUG:watchdog.observers.inotify_buffer:in-event <InotifyEvent: src_path=b'/home/rabbia/To-DoList/test.log', wd=1, mask=IN_MODIFY, cookie=0, name=test.log>
INFO:werkzeug: * Restarting with watchdog (inotify)
2021-08-03 16:37:11,907:WARNING: * Debugger is active!
2021-08-03 16:37:11,908:INFO: * Debugger PIN: 122-158-031
2021-08-03 16:38:04,864:DEBUG:in-event <InotifyEvent: src_path=b'/home/rabbia/To-DoList/insertion.py', wd=1, mask=IN_MODIFY, cookie=0, name=insertion.py>
2021-08-03 16:38:04,865:DEBUG:in-event <InotifyEvent: src_path=b'/home/rabbia/To-DoList/insertion.py', wd=1, mask=IN_MODIFY, cookie=0, name=insertion.py>
2021-08-03 16:38:04,865:DEBUG:in-event <InotifyEvent: src_path=b'/home/rabbia/To-DoList/test.log', wd=1, mask=IN_MODIFY, cookie=0, name=test.log>
2021-08-03 16:38:04,868:INFO: * Detected change in '/home/rabbia/To-DoList/insertion.py', reloading
2021-08-03 16:38:04,868:DEBUG:in-event <InotifyEvent: src_path=b'/home/rabbia/To-DoList/test.log', wd=1, mask=IN_MODIFY, cookie=0, name=test.log>
2021-08-03 16:38:04,869:INFO: * Detected change in '/home/rabbia/To-DoList/insertion.py', reloading
2021-08-03 16:38:04,869:DEBUG:in-event <InotifyEvent: src_path=b'/home/rabbia/To-DoList/test.log', wd=1, mask=IN_MODIFY, cookie=0, name=test.log>
2021-08-03 16:38:04,870:DEBUG:in-event <InotifyEvent: src_path=b'/home/rabbia/To-DoList/test.log', wd=1, mask=IN_MODIFY, cookie=0, name=test.log>
2021-08-03 16:38:04,870:DEBUG:in-event <InotifyEvent: src_path=b'/home/rabbia/To-DoList/test.log', wd=1, mask=IN_MODIFY, cookie=0, name=test.log>
2021-08-03 16:38:04,870:DEBUG:in-event <InotifyEvent: src_path=b'/home/rabbia/To-DoList/test.log', wd=1, mask=IN_MODIFY, cookie=0, name=test.log>
2021-08-03 16:38:04,870:DEBUG:in-event <InotifyEvent: src_path=b'/home/rabbia/To-DoList/test.log', wd=1, mask=IN_MODIFY, cookie=0, name=test.log>
2021-08-03 16:38:04,871:DEBUG:in-event <InotifyEvent: src_path=b'/home/rabbia/To-DoList/test.log', wd=1, mask=IN_MODIFY, cookie=0, name=test.log>
2021-08-03 16:38:04,871:DEBUG:in-event <InotifyEvent: src_path=b'/home/rabbia/To-DoList/test.log', wd=1, mask=IN_MODIFY, cookie=0, name=test.log>
2021-08-03 16:38:04,871:DEBUG:in-event <InotifyEvent: src_path=b'/home/rabbia/To-DoList/test.log', wd=1, mask=IN_MODIFY, cookie=0, name=test.log>
2021-08-03 16:38:04,872:DEBUG:in-event <InotifyEvent: src_path=b'/home/rabbia/To-DoList/test.log', wd=1, mask=IN_MODIFY, cookie=0, name=test.log>
2021-08-03 16:38:04,872:DEBUG:in-event <InotifyEvent: src_path=b'/home/rabbia/To-DoList/test.log', wd=1, mask=IN_MODIFY, cookie=0, name=test.log>
2021-08-03 16:38:04,872:DEBUG:in-event <InotifyEvent: src_path=b'/home/rabbia/To-DoList/test.log', wd=1, mask=IN_MODIFY, cookie=0, name=test.log>
2021-08-03 16:38:04,872:DEBUG:in-event <InotifyEvent: src_path=b'/home/rabbia/To-DoList/test.log', wd=1, mask=IN_MODIFY, cookie=0, name=test.log>
2021-08-03 16:38:04,873:DEBUG:in-event <InotifyEvent: src_path=b'/home/rabbia/To-DoList/test.log', wd=1, mask=IN_MODIFY, cookie=0, name=test.log>
2021-08-03 16:38:04,873:DEBUG:in-event <InotifyEvent: src_path=b'/home/rabbia/To-DoList/test.log', wd=1, mask=IN_MODIFY, cookie=0, name=test.log>
2021-08-03 16:38:04,873:DEBUG:in-event <InotifyEvent: src_path=b'/home/rabbia/To-DoList/test.log', wd=1, mask=IN_MODIFY, cookie=0, name=test.log>
2021-08-03 16:38:04,873:DEBUG:in-event <InotifyEvent: src_path=b'/home/rabbia/To-DoList/test.log', wd=1, mask=IN_MODIFY, cookie=0, name=test.log>
2021-08-03 16:38:04,874:DEBUG:in-event <InotifyEvent: src_path=b'/home/rabbia/To-DoList/test.log', wd=1, mask=IN_MODIFY, cookie=0, name=test.log>
2021-08-03 16:38:04,874:DEBUG:in-event <InotifyEvent: src_path=b'/home/rabbia/To-DoList/test.log', wd=1, mask=IN_MODIFY, cookie=0, name=test.log>
2021-08-03 16:38:04,874:DEBUG:in-event <InotifyEvent: src_path=b'/home/rabbia/To-DoList/test.log', wd=1, mask=IN_MODIFY, cookie=0, name=test.log>
2021-08-03 16:38:04,875:DEBUG:in-event <InotifyEvent: src_path=b'/home/rabbia/To-DoList/test.log', wd=1, mask=IN_MODIFY, cookie=0, name=test.log>
2021-08-03 16:38:04,875:DEBUG:in-event <InotifyEvent: src_path=b'/home/rabbia/To-DoList/test.log', wd=1, mask=IN_MODIFY, cookie=0, name=test.log>
2021-08-03 16:38:04,875:DEBUG:in-event <InotifyEvent: src_path=b'/home/rabbia/To-DoList/test.log', wd=1, mask=IN_MODIFY, cookie=0, name=test.log>
2021-08-03 16:38:04,875:DEBUG:in-event <InotifyEvent: src_path=b'/home/rabbia/To-DoList/test.log', wd=1, mask=IN_MODIFY, cookie=0, name=test.log>
2021-08-03 16:38:04,876:DEBUG:in-event <InotifyEvent: src_path=b'/home/rabbia/To-DoList/test.log', wd=1, mask=IN_MODIFY, cookie=0, name=test.log>
2021-08-03 16:38:04,876:DEBUG:in-event <InotifyEvent: src_path=b'/home/rabbia/To-DoList/test.log', wd=1, mask=IN_MODIFY, cookie=0, name=test.log>
2021-08-03 16:38:04,876:DEBUG:in-event <InotifyEvent: src_path=b'/home/rabbia/To-DoList/test.log', wd=1, mask=IN_MODIFY, cookie=0, name=test.log>
2021-08-03 16:38:04,876:DEBUG:in-event <InotifyEvent: src_path=b'/home/rabbia/To-DoList/test.log', wd=1, mask=IN_MODIFY, cookie=0, name=test.log>
2021-08-03 16:38:04,877:DEBUG:in-event <InotifyEvent: src_path=b'/home/rabbia/To-DoList/test.log', wd=1, mask=IN_MODIFY, cookie=0, name=test.log>
2021-08-03 16:38:04,877:DEBUG:in-event <InotifyEvent: src_path=b'/home/rabbia/To-DoList/test.log', wd=1, mask=IN_MODIFY, cookie=0, name=test.log>
2021-08-03 16:38:04,878:DEBUG:in-event <InotifyEvent: src_path=b'/home/rabbia/To-DoList/test.log', wd=1, mask=IN_MODIFY, cookie=0, name=test.log>
2021-08-03 16:38:04,878:DEBUG:in-event <InotifyEvent: src_path=b'/home/rabbia/To-DoList/test.log', wd=1, mask=IN_MODIFY, cookie=0, name=test.log>
2021-08-03 16:38:04,878:DEBUG:in-event <InotifyEvent: src_path=b'/home/rabbia/To-DoList/test.log', wd=1, mask=IN_MODIFY, cookie=0, name=test.log>
2021-08-03 16:38:04,878:DEBUG:in-event <InotifyEvent: src_path=b'/home/rabbia/To-DoList/test.log', wd=1, mask=IN_MODIFY, cookie=0, name=test.log>
2021-08-03 16:38:04,878:DEBUG:in-event <InotifyEvent: src_path=b'/home/rabbia/To-DoList/test.log', wd=1, mask=IN_MODIFY, cookie=0, name=test.log>
2021-08-03 16:38:04,878:DEBUG:in-event <InotifyEvent: src_path=b'/home/rabbia/To-DoList/test.log', wd=1, mask=IN_MODIFY, cookie=0, name=test.log>
2021-08-03 16:38:04,879:DEBUG:in-event <InotifyEvent: src_path=b'/home/rabbia/To-DoList/test.log', wd=1, mask=IN_MODIFY, cookie=0, name=test.log>
2021-08-03 16:38:04,879:DEBUG:in-event <InotifyEvent: src_path=b'/home/rabbia/To-DoList/test.log', wd=1, mask=IN_MODIFY, cookie=0, name=test.log>
2021-08-03 16:38:04,879:DEBUG:in-event <InotifyEvent: src_path=b'/home/rabbia/To-DoList/test.log', wd=1, mask=IN_MODIFY, cookie=0, name=test.log>
2021-08-03 16:38:04,879:DEBUG:in-event <InotifyEvent: src_path=b'/home/rabbia/To-DoList/test.log', wd=1, mask=IN_MODIFY, cookie=0, name=test.log>
2021-08-03 16:38:04,880:DEBUG:in-event <InotifyEvent: src_path=b'/home/rabbia/To-DoList/test.log', wd=1, mask=IN_MODIFY, cookie=0, name=test.log>
2021-08-03 16:38:04,880:DEBUG:in-event <InotifyEvent: src_path=b'/home/rabbia/To-DoList/test.log', wd=1, mask=IN_MODIFY, cookie=0, name=test.log>
2021-08-03 16:38:04,880:DEBUG:in-event <InotifyEvent: src_path=b'/home/rabbia/To-DoList/test.log', wd=1, mask=IN_MODIFY, cookie=0, name=test.log>
2021-08-03 16:38:04,880:DEBUG:in-event <InotifyEvent: src_path=b'/home/rabbia/To-DoList/test.log', wd=1, mask=IN_MODIFY, cookie=0, name=test.log>
2021-08-03 16:38:04,880:DEBUG:in-event <InotifyEvent: src_path=b'/home/rabbia/To-DoList/test.log', wd=1, mask=IN_MODIFY, cookie=0, name=test.log>
2021-08-03 16:38:04,881:DEBUG:in-event <InotifyEvent: src_path=b'/home/rabbia/To-DoList/test.log', wd=1, mask=IN_MODIFY, cookie=0, name=test.log>
2021-08-03 16:38:04,881:DEBUG:in-event <InotifyEvent: src_path=b'/home/rabbia/To-DoList/test.log', wd=1, mask=IN_MODIFY, cookie=0, name=test.log>
2021-08-03 16:38:04,881:DEBUG:in-event <InotifyEvent: src_path=b'/home/rabbia/To-DoList/test.log', wd=1, mask=IN_MODIFY, cookie=0, name=test.log>
2021-08-03 16:38:04,881:DEBUG:in-event <InotifyEvent: src_path=b'/home/rabbia/To-DoList/test.log', wd=1, mask=IN_MODIFY, cookie=0, name=test.log>
2021-08-03 16:38:04,881:DEBUG:in-event <InotifyEvent: src_path=b'/home/rabbia/To-DoList/test.log', wd=1, mask=IN_MODIFY, cookie=0, name=test.log>
2021-08-03 16:38:04,882:DEBUG:in-event <InotifyEvent: src_path=b'/home/rabbia/To-DoList/test.log', wd=1, mask=IN_MODIFY, cookie=0, name=test.log>
2021-08-03 16:38:04,882:DEBUG:in-event <InotifyEvent: src_path=b'/home/rabbia/To-DoList/test.log', wd=1, mask=IN_MODIFY, cookie=0, name=test.log>
2021-08-03 16:38:04,882:DEBUG:in-event <InotifyEvent: src_path=b'/home/rabbia/To-DoList/test.log', wd=1, mask=IN_MODIFY, cookie=0, name=test.log>
2021-08-03 16:38:04,882:DEBUG:in-event <InotifyEvent: src_path=b'/home/rabbia/To-DoList/test.log', wd=1, mask=IN_MODIFY, cookie=0, name=test.log>
2021-08-03 16:38:04,882:DEBUG:in-event <InotifyEvent: src_path=b'/home/rabbia/To-DoList/test.log', wd=1, mask=IN_MODIFY, cookie=0, name=test.log>
2021-08-03 16:38:04,883:DEBUG:in-event <InotifyEvent: src_path=b'/home/rabbia/To-DoList/test.log', wd=1, mask=IN_MODIFY, cookie=0, name=test.log>
2021-08-03 16:38:04,883:DEBUG:in-event <InotifyEvent: src_path=b'/home/rabbia/To-DoList/test.log', wd=1, mask=IN_MODIFY, cookie=0, name=test.log>
2021-08-03 16:38:04,883:DEBUG:in-event <InotifyEvent: src_path=b'/home/rabbia/To-DoList/test.log', wd=1, mask=IN_MODIFY, cookie=0, name=test.log>
2021-08-03 16:38:04,883:DEBUG:in-event <InotifyEvent: src_path=b'/home/rabbia/To-DoList/test.log', wd=1, mask=IN_MODIFY, cookie=0, name=test.log>
2021-08-03 16:38:04,883:DEBUG:in-event <InotifyEvent: src_path=b'/home/rabbia/To-DoList/test.log', wd=1, mask=IN_MODIFY, cookie=0, name=test.log>
2021-08-03 16:38:04,884:DEBUG:in-event <InotifyEvent: src_path=b'/home/rabbia/To-DoList/test.log', wd=1, mask=IN_MODIFY, cookie=0, name=test.log>
2021-08-03 16:38:04,884:DEBUG:in-event <InotifyEvent: src_path=b'/home/rabbia/To-DoList/test.log', wd=1, mask=IN_MODIFY, cookie=0, name=test.log>
2021-08-03 16:38:04,884:DEBUG:in-event <InotifyEvent: src_path=b'/home/rabbia/To-DoList/test.log', wd=1, mask=IN_MODIFY, cookie=0, name=test.log>
2021-08-03 16:38:04,885:DEBUG:in-event <InotifyEvent: src_path=b'/home/rabbia/To-DoList/test.log', wd=1, mask=IN_MODIFY, cookie=0, name=test.log>
2021-08-03 16:38:04,885:DEBUG:in-event <InotifyEvent: src_path=b'/home/rabbia/To-DoList/test.log', wd=1, mask=IN_MODIFY, cookie=0, name=test.log>
2021-08-03 16:38:04,885:DEBUG:in-event <InotifyEvent: src_path=b'/home/rabbia/To-DoList/test.log', wd=1, mask=IN_MODIFY, cookie=0, name=test.log>
2021-08-03 16:38:04,885:DEBUG:in-event <InotifyEvent: src_path=b'/home/rabbia/To-DoList/test.log', wd=1, mask=IN_MODIFY, cookie=0, name=test.log>
2021-08-03 16:38:04,886:DEBUG:in-event <InotifyEvent: src_path=b'/home/rabbia/To-DoList/test.log', wd=1, mask=IN_MODIFY, cookie=0, name=test.log>
2021-08-03 16:38:04,886:DEBUG:in-event <InotifyEvent: src_path=b'/home/rabbia/To-DoList/test.log', wd=1, mask=IN_MODIFY, cookie=0, name=test.log>
2021-08-03 16:38:04,886:DEBUG:in-event <InotifyEvent: src_path=b'/home/rabbia/To-DoList/test.log', wd=1, mask=IN_MODIFY, cookie=0, name=test.log>
2021-08-03 16:38:04,886:DEBUG:in-event <InotifyEvent: src_path=b'/home/rabbia/To-DoList/test.log', wd=1, mask=IN_MODIFY, cookie=0, name=test.log>
2021-08-03 16:38:04,886:DEBUG:in-event <InotifyEvent: src_path=b'/home/rabbia/To-DoList/test.log', wd=1, mask=IN_MODIFY, cookie=0, name=test.log>
2021-08-03 16:38:04,886:DEBUG:in-event <InotifyEvent: src_path=b'/home/rabbia/To-DoList/test.log', wd=1, mask=IN_MODIFY, cookie=0, name=test.log>
2021-08-03 16:38:04,887:DEBUG:in-event <InotifyEvent: src_path=b'/home/rabbia/To-DoList/test.log', wd=1, mask=IN_MODIFY, cookie=0, name=test.log>
2021-08-03 16:38:04,887:DEBUG:in-event <InotifyEvent: src_path=b'/home/rabbia/To-DoList/test.log', wd=1, mask=IN_MODIFY, cookie=0, name=test.log>
2021-08-03 16:38:04,887:DEBUG:in-event <InotifyEvent: src_path=b'/home/rabbia/To-DoList/test.log', wd=1, mask=IN_MODIFY, cookie=0, name=test.log>
2021-08-03 16:38:04,888:DEBUG:in-event <InotifyEvent: src_path=b'/home/rabbia/To-DoList/test.log', wd=1, mask=IN_MODIFY, cookie=0, name=test.log>
2021-08-03 16:38:04,888:DEBUG:in-event <InotifyEvent: src_path=b'/home/rabbia/To-DoList/test.log', wd=1, mask=IN_MODIFY, cookie=0, name=test.log>
2021-08-03 16:38:04,888:DEBUG:in-event <InotifyEvent: src_path=b'/home/rabbia/To-DoList/test.log', wd=1, mask=IN_MODIFY, cookie=0, name=test.log>
2021-08-03 16:38:04,888:DEBUG:in-event <InotifyEvent: src_path=b'/home/rabbia/To-DoList/test.log', wd=1, mask=IN_MODIFY, cookie=0, name=test.log>
2021-08-03 16:38:04,889:DEBUG:in-event <InotifyEvent: src_path=b'/home/rabbia/To-DoList/test.log', wd=1, mask=IN_MODIFY, cookie=0, name=test.log>
2021-08-03 16:38:04,889:DEBUG:in-event <InotifyEvent: src_path=b'/home/rabbia/To-DoList/test.log', wd=1, mask=IN_MODIFY, cookie=0, name=test.log>
2021-08-03 16:38:04,889:DEBUG:in-event <InotifyEvent: src_path=b'/home/rabbia/To-DoList/test.log', wd=1, mask=IN_MODIFY, cookie=0, name=test.log>
2021-08-03 16:38:04,889:DEBUG:in-event <InotifyEvent: src_path=b'/home/rabbia/To-DoList/test.log', wd=1, mask=IN_MODIFY, cookie=0, name=test.log>
2021-08-03 16:38:04,889:DEBUG:in-event <InotifyEvent: src_path=b'/home/rabbia/To-DoList/test.log', wd=1, mask=IN_MODIFY, cookie=0, name=test.log>
2021-08-03 16:38:04,890:DEBUG:in-event <InotifyEvent: src_path=b'/home/rabbia/To-DoList/test.log', wd=1, mask=IN_MODIFY, cookie=0, name=test.log>
2021-08-03 16:38:04,890:DEBUG:in-event <InotifyEvent: src_path=b'/home/rabbia/To-DoList/test.log', wd=1, mask=IN_MODIFY, cookie=0, name=test.log>
2021-08-03 16:38:04,890:DEBUG:in-event <InotifyEvent: src_path=b'/home/rabbia/To-DoList/test.log', wd=1, mask=IN_MODIFY, cookie=0, name=test.log>
2021-08-03 16:38:04,890:DEBUG:in-event <InotifyEvent: src_path=b'/home/rabbia/To-DoList/test.log', wd=1, mask=IN_MODIFY, cookie=0, name=test.log>
2021-08-03 16:38:04,890:DEBUG:in-event <InotifyEvent: src_path=b'/home/rabbia/To-DoList/test.log', wd=1, mask=IN_MODIFY, cookie=0, name=test.log>
2021-08-03 16:38:04,890:DEBUG:in-event <InotifyEvent: src_path=b'/home/rabbia/To-DoList/test.log', wd=1, mask=IN_MODIFY, cookie=0, name=test.log>
2021-08-03 16:38:04,890:DEBUG:in-event <InotifyEvent: src_path=b'/home/rabbia/To-DoList/test.log', wd=1, mask=IN_MODIFY, cookie=0, name=test.log>
2021-08-03 16:38:04,891:DEBUG:in-event <InotifyEvent: src_path=b'/home/rabbia/To-DoList/test.log', wd=1, mask=IN_MODIFY, cookie=0, name=test.log>
2021-08-03 16:38:04,891:DEBUG:in-event <InotifyEvent: src_path=b'/home/rabbia/To-DoList/test.log', wd=1, mask=IN_MODIFY, cookie=0, name=test.log>
2021-08-03 16:38:04,892:DEBUG:in-event <InotifyEvent: src_path=b'/home/rabbia/To-DoList/test.log', wd=1, mask=IN_MODIFY, cookie=0, name=test.log>
2021-08-03 16:38:04,892:DEBUG:in-event <InotifyEvent: src_path=b'/home/rabbia/To-DoList/test.log', wd=1, mask=IN_MODIFY, cookie=0, name=test.log>
2021-08-03 16:38:04,892:DEBUG:in-event <InotifyEvent: src_path=b'/home/rabbia/To-DoList/test.log', wd=1, mask=IN_MODIFY, cookie=0, name=test.log>
2021-08-03 16:38:04,892:DEBUG:in-event <InotifyEvent: src_path=b'/home/rabbia/To-DoList/test.log', wd=1, mask=IN_MODIFY, cookie=0, name=test.log>
2021-08-03 16:38:04,893:DEBUG:in-event <InotifyEvent: src_path=b'/home/rabbia/To-DoList/test.log', wd=1, mask=IN_MODIFY, cookie=0, name=test.log>
2021-08-03 16:38:04,893:DEBUG:in-event <InotifyEvent: src_path=b'/home/rabbia/To-DoList/test.log', wd=1, mask=IN_MODIFY, cookie=0, name=test.log>
2021-08-03 16:38:04,893:DEBUG:in-event <InotifyEvent: src_path=b'/home/rabbia/To-DoList/test.log', wd=1, mask=IN_MODIFY, cookie=0, name=test.log>
2021-08-03 16:38:04,893:DEBUG:in-event <InotifyEvent: src_path=b'/home/rabbia/To-DoList/test.log', wd=1, mask=IN_MODIFY, cookie=0, name=test.log>
2021-08-03 16:38:04,894:DEBUG:in-event <InotifyEvent: src_path=b'/home/rabbia/To-DoList/test.log', wd=1, mask=IN_MODIFY, cookie=0, name=test.log>
2021-08-03 16:38:04,894:DEBUG:in-event <InotifyEvent: src_path=b'/home/rabbia/To-DoList/test.log', wd=1, mask=IN_MODIFY, cookie=0, name=test.log>
2021-08-03 16:38:04,894:DEBUG:in-event <InotifyEvent: src_path=b'/home/rabbia/To-DoList/test.log', wd=1, mask=IN_MODIFY, cookie=0, name=test.log>
2021-08-03 16:38:04,894:DEBUG:in-event <InotifyEvent: src_path=b'/home/rabbia/To-DoList/test.log', wd=1, mask=IN_MODIFY, cookie=0, name=test.log>
2021-08-03 16:38:04,894:DEBUG:in-event <InotifyEvent: src_path=b'/home/rabbia/To-DoList/test.log', wd=1, mask=IN_MODIFY, cookie=0, name=test.log>
2021-08-03 16:38:04,895:DEBUG:in-event <InotifyEvent: src_path=b'/home/rabbia/To-DoList/test.log', wd=1, mask=IN_MODIFY, cookie=0, name=test.log>
2021-08-03 16:38:04,895:DEBUG:in-event <InotifyEvent: src_path=b'/home/rabbia/To-DoList/test.log', wd=1, mask=IN_MODIFY, cookie=0, name=test.log>
2021-08-03 16:38:04,895:DEBUG:in-event <InotifyEvent: src_path=b'/home/rabbia/To-DoList/test.log', wd=1, mask=IN_MODIFY, cookie=0, name=test.log>
2021-08-03 16:38:04,895:DEBUG:in-event <InotifyEvent: src_path=b'/home/rabbia/To-DoList/test.log', wd=1, mask=IN_MODIFY, cookie=0, name=test.log>
2021-08-03 16:38:04,896:DEBUG:in-event <InotifyEvent: src_path=b'/home/rabbia/To-DoList/test.log', wd=1, mask=IN_MODIFY, cookie=0, name=test.log>
2021-08-03 16:38:04,896:DEBUG:in-event <InotifyEvent: src_path=b'/home/rabbia/To-DoList/test.log', wd=1, mask=IN_MODIFY, cookie=0, name=test.log>
2021-08-03 16:38:04,896:DEBUG:in-event <InotifyEvent: src_path=b'/home/rabbia/To-DoList/test.log', wd=1, mask=IN_MODIFY, cookie=0, name=test.log>
2021-08-03 16:38:04,896:DEBUG:in-event <InotifyEvent: src_path=b'/home/rabbia/To-DoList/test.log', wd=1, mask=IN_MODIFY, cookie=0, name=test.log>
2021-08-03 16:38:04,896:DEBUG:in-event <InotifyEvent: src_path=b'/home/rabbia/To-DoList/test.log', wd=1, mask=IN_MODIFY, cookie=0, name=test.log>
2021-08-03 16:38:04,897:DEBUG:in-event <InotifyEvent: src_path=b'/home/rabbia/To-DoList/test.log', wd=1, mask=IN_MODIFY, cookie=0, name=test.log>
2021-08-03 16:38:04,897:DEBUG:in-event <InotifyEvent: src_path=b'/home/rabbia/To-DoList/test.log', wd=1, mask=IN_MODIFY, cookie=0, name=test.log>
2021-08-03 16:38:04,897:DEBUG:in-event <InotifyEvent: src_path=b'/home/rabbia/To-DoList/test.log', wd=1, mask=IN_MODIFY, cookie=0, name=test.log>
2021-08-03 16:38:04,897:DEBUG:in-event <InotifyEvent: src_path=b'/home/rabbia/To-DoList/test.log', wd=1, mask=IN_MODIFY, cookie=0, name=test.log>
2021-08-03 16:38:04,897:DEBUG:in-event <InotifyEvent: src_path=b'/home/rabbia/To-DoList/test.log', wd=1, mask=IN_MODIFY, cookie=0, name=test.log>
2021-08-03 16:38:04,898:DEBUG:in-event <InotifyEvent: src_path=b'/home/rabbia/To-DoList/test.log', wd=1, mask=IN_MODIFY, cookie=0, name=test.log>
2021-08-03 16:38:04,898:DEBUG:in-event <InotifyEvent: src_path=b'/home/rabbia/To-DoList/test.log', wd=1, mask=IN_MODIFY, cookie=0, name=test.log>
2021-08-03 16:38:04,898:DEBUG:in-event <InotifyEvent: src_path=b'/home/rabbia/To-DoList/test.log', wd=1, mask=IN_MODIFY, cookie=0, name=test.log>
2021-08-03 16:38:04,898:DEBUG:in-event <InotifyEvent: src_path=b'/home/rabbia/To-DoList/test.log', wd=1, mask=IN_MODIFY, cookie=0, name=test.log>
2021-08-03 16:38:04,898:DEBUG:in-event <InotifyEvent: src_path=b'/home/rabbia/To-DoList/test.log', wd=1, mask=IN_MODIFY, cookie=0, name=test.log>
2021-08-03 16:38:04,899:DEBUG:in-event <InotifyEvent: src_path=b'/home/rabbia/To-DoList/test.log', wd=1, mask=IN_MODIFY, cookie=0, name=test.log>
2021-08-03 16:38:04,899:DEBUG:in-event <InotifyEvent: src_path=b'/home/rabbia/To-DoList/test.log', wd=1, mask=IN_MODIFY, cookie=0, name=test.log>
2021-08-03 16:38:04,899:DEBUG:in-event <InotifyEvent: src_path=b'/home/rabbia/To-DoList/test.log', wd=1, mask=IN_MODIFY, cookie=0, name=test.log>
2021-08-03 16:38:04,899:DEBUG:in-event <InotifyEvent: src_path=b'/home/rabbia/To-DoList/test.log', wd=1, mask=IN_MODIFY, cookie=0, name=test.log>
2021-08-03 16:38:04,899:DEBUG:in-event <InotifyEvent: src_path=b'/home/rabbia/To-DoList/test.log', wd=1, mask=IN_MODIFY, cookie=0, name=test.log>
2021-08-03 16:38:04,900:DEBUG:in-event <InotifyEvent: src_path=b'/home/rabbia/To-DoList/test.log', wd=1, mask=IN_MODIFY, cookie=0, name=test.log>
2021-08-03 16:38:04,900:DEBUG:in-event <InotifyEvent: src_path=b'/home/rabbia/To-DoList/test.log', wd=1, mask=IN_MODIFY, cookie=0, name=test.log>
2021-08-03 16:38:04,900:DEBUG:in-event <InotifyEvent: src_path=b'/home/rabbia/To-DoList/test.log', wd=1, mask=IN_MODIFY, cookie=0, name=test.log>
2021-08-03 16:38:04,900:DEBUG:in-event <InotifyEvent: src_path=b'/home/rabbia/To-DoList/test.log', wd=1, mask=IN_MODIFY, cookie=0, name=test.log>
2021-08-03 16:38:04,900:DEBUG:in-event <InotifyEvent: src_path=b'/home/rabbia/To-DoList/test.log', wd=1, mask=IN_MODIFY, cookie=0, name=test.log>
2021-08-03 16:38:04,901:DEBUG:in-event <InotifyEvent: src_path=b'/home/rabbia/To-DoList/test.log', wd=1, mask=IN_MODIFY, cookie=0, name=test.log>
2021-08-03 16:38:04,901:DEBUG:in-event <InotifyEvent: src_path=b'/home/rabbia/To-DoList/test.log', wd=1, mask=IN_MODIFY, cookie=0, name=test.log>
2021-08-03 16:38:04,901:DEBUG:in-event <InotifyEvent: src_path=b'/home/rabbia/To-DoList/test.log', wd=1, mask=IN_MODIFY, cookie=0, name=test.log>
2021-08-03 16:38:04,901:DEBUG:in-event <InotifyEvent: src_path=b'/home/rabbia/To-DoList/test.log', wd=1, mask=IN_MODIFY, cookie=0, name=test.log>
2021-08-03 16:38:04,901:DEBUG:in-event <InotifyEvent: src_path=b'/home/rabbia/To-DoList/test.log', wd=1, mask=IN_MODIFY, cookie=0, name=test.log>
2021-08-03 16:38:04,901:DEBUG:in-event <InotifyEvent: src_path=b'/home/rabbia/To-DoList/test.log', wd=1, mask=IN_MODIFY, cookie=0, name=test.log>
2021-08-03 16:38:04,902:DEBUG:in-event <InotifyEvent: src_path=b'/home/rabbia/To-DoList/test.log', wd=1, mask=IN_MODIFY, cookie=0, name=test.log>
2021-08-03 16:38:04,902:DEBUG:in-event <InotifyEvent: src_path=b'/home/rabbia/To-DoList/test.log', wd=1, mask=IN_MODIFY, cookie=0, name=test.log>
2021-08-03 16:38:04,902:DEBUG:in-event <InotifyEvent: src_path=b'/home/rabbia/To-DoList/test.log', wd=1, mask=IN_MODIFY, cookie=0, name=test.log>
2021-08-03 16:38:04,902:DEBUG:in-event <InotifyEvent: src_path=b'/home/rabbia/To-DoList/test.log', wd=1, mask=IN_MODIFY, cookie=0, name=test.log>
2021-08-03 16:38:04,903:DEBUG:in-event <InotifyEvent: src_path=b'/home/rabbia/To-DoList/test.log', wd=1, mask=IN_MODIFY, cookie=0, name=test.log>
2021-08-03 16:38:04,903:DEBUG:in-event <InotifyEvent: src_path=b'/home/rabbia/To-DoList/test.log', wd=1, mask=IN_MODIFY, cookie=0, name=test.log>
2021-08-03 16:38:04,903:DEBUG:in-event <InotifyEvent: src_path=b'/home/rabbia/To-DoList/test.log', wd=1, mask=IN_MODIFY, cookie=0, name=test.log>
2021-08-03 16:38:04,903:DEBUG:in-event <InotifyEvent: src_path=b'/home/rabbia/To-DoList/test.log', wd=1, mask=IN_MODIFY, cookie=0, name=test.log>
2021-08-03 16:38:04,903:DEBUG:in-event <InotifyEvent: src_path=b'/home/rabbia/To-DoList/test.log', wd=1, mask=IN_MODIFY, cookie=0, name=test.log>
2021-08-03 16:38:04,903:DEBUG:in-event <InotifyEvent: src_path=b'/home/rabbia/To-DoList/test.log', wd=1, mask=IN_MODIFY, cookie=0, name=test.log>
2021-08-03 16:38:04,904:DEBUG:in-event <InotifyEvent: src_path=b'/home/rabbia/To-DoList/test.log', wd=1, mask=IN_MODIFY, cookie=0, name=test.log>
2021-08-03 16:38:04,904:DEBUG:in-event <InotifyEvent: src_path=b'/home/rabbia/To-DoList/test.log', wd=1, mask=IN_MODIFY, cookie=0, name=test.log>
2021-08-03 16:38:04,904:DEBUG:in-event <InotifyEvent: src_path=b'/home/rabbia/To-DoList/test.log', wd=1, mask=IN_MODIFY, cookie=0, name=test.log>
2021-08-03 16:38:04,904:DEBUG:in-event <InotifyEvent: src_path=b'/home/rabbia/To-DoList/test.log', wd=1, mask=IN_MODIFY, cookie=0, name=test.log>
2021-08-03 16:38:04,904:DEBUG:in-event <InotifyEvent: src_path=b'/home/rabbia/To-DoList/test.log', wd=1, mask=IN_MODIFY, cookie=0, name=test.log>
2021-08-03 16:38:04,905:DEBUG:in-event <InotifyEvent: src_path=b'/home/rabbia/To-DoList/test.log', wd=1, mask=IN_MODIFY, cookie=0, name=test.log>
2021-08-03 16:38:04,905:DEBUG:in-event <InotifyEvent: src_path=b'/home/rabbia/To-DoList/test.log', wd=1, mask=IN_MODIFY, cookie=0, name=test.log>
2021-08-03 16:38:04,905:DEBUG:in-event <InotifyEvent: src_path=b'/home/rabbia/To-DoList/test.log', wd=1, mask=IN_MODIFY, cookie=0, name=test.log>
2021-08-03 16:38:04,905:DEBUG:in-event <InotifyEvent: src_path=b'/home/rabbia/To-DoList/test.log', wd=1, mask=IN_MODIFY, cookie=0, name=test.log>
2021-08-03 16:38:04,905:DEBUG:in-event <InotifyEvent: src_path=b'/home/rabbia/To-DoList/test.log', wd=1, mask=IN_MODIFY, cookie=0, name=test.log>
2021-08-03 16:38:04,906:DEBUG:in-event <InotifyEvent: src_path=b'/home/rabbia/To-DoList/test.log', wd=1, mask=IN_MODIFY, cookie=0, name=test.log>
2021-08-03 16:38:04,906:DEBUG:in-event <InotifyEvent: src_path=b'/home/rabbia/To-DoList/test.log', wd=1, mask=IN_MODIFY, cookie=0, name=test.log>
2021-08-03 16:38:04,906:DEBUG:in-event <InotifyEvent: src_path=b'/home/rabbia/To-DoList/test.log', wd=1, mask=IN_MODIFY, cookie=0, name=test.log>
2021-08-03 16:38:04,906:DEBUG:in-event <InotifyEvent: src_path=b'/home/rabbia/To-DoList/test.log', wd=1, mask=IN_MODIFY, cookie=0, name=test.log>
2021-08-03 16:38:04,906:DEBUG:in-event <InotifyEvent: src_path=b'/home/rabbia/To-DoList/test.log', wd=1, mask=IN_MODIFY, cookie=0, name=test.log>
2021-08-03 16:38:04,907:DEBUG:in-event <InotifyEvent: src_path=b'/home/rabbia/To-DoList/test.log', wd=1, mask=IN_MODIFY, cookie=0, name=test.log>
2021-08-03 16:38:04,907:DEBUG:in-event <InotifyEvent: src_path=b'/home/rabbia/To-DoList/test.log', wd=1, mask=IN_MODIFY, cookie=0, name=test.log>
2021-08-03 16:38:04,907:DEBUG:in-event <InotifyEvent: src_path=b'/home/rabbia/To-DoList/test.log', wd=1, mask=IN_MODIFY, cookie=0, name=test.log>
2021-08-03 16:38:04,907:DEBUG:in-event <InotifyEvent: src_path=b'/home/rabbia/To-DoList/test.log', wd=1, mask=IN_MODIFY, cookie=0, name=test.log>
2021-08-03 16:38:04,907:DEBUG:in-event <InotifyEvent: src_path=b'/home/rabbia/To-DoList/test.log', wd=1, mask=IN_MODIFY, cookie=0, name=test.log>
2021-08-03 16:38:04,907:DEBUG:in-event <InotifyEvent: src_path=b'/home/rabbia/To-DoList/test.log', wd=1, mask=IN_MODIFY, cookie=0, name=test.log>
2021-08-03 16:38:04,908:DEBUG:in-event <InotifyEvent: src_path=b'/home/rabbia/To-DoList/test.log', wd=1, mask=IN_MODIFY, cookie=0, name=test.log>
2021-08-03 16:38:04,908:DEBUG:in-event <InotifyEvent: src_path=b'/home/rabbia/To-DoList/test.log', wd=1, mask=IN_MODIFY, cookie=0, name=test.log>
2021-08-03 16:38:04,908:DEBUG:in-event <InotifyEvent: src_path=b'/home/rabbia/To-DoList/test.log', wd=1, mask=IN_MODIFY, cookie=0, name=test.log>
2021-08-03 16:38:04,908:DEBUG:in-event <InotifyEvent: src_path=b'/home/rabbia/To-DoList/test.log', wd=1, mask=IN_MODIFY, cookie=0, name=test.log>
2021-08-03 16:38:04,908:DEBUG:in-event <InotifyEvent: src_path=b'/home/rabbia/To-DoList/test.log', wd=1, mask=IN_MODIFY, cookie=0, name=test.log>
2021-08-03 16:38:04,909:DEBUG:in-event <InotifyEvent: src_path=b'/home/rabbia/To-DoList/test.log', wd=1, mask=IN_MODIFY, cookie=0, name=test.log>
2021-08-03 16:38:04,909:DEBUG:in-event <InotifyEvent: src_path=b'/home/rabbia/To-DoList/test.log', wd=1, mask=IN_MODIFY, cookie=0, name=test.log>
2021-08-03 16:38:04,909:DEBUG:in-event <InotifyEvent: src_path=b'/home/rabbia/To-DoList/test.log', wd=1, mask=IN_MODIFY, cookie=0, name=test.log>
2021-08-03 16:38:04,909:DEBUG:in-event <InotifyEvent: src_path=b'/home/rabbia/To-DoList/test.log', wd=1, mask=IN_MODIFY, cookie=0, name=test.log>
2021-08-03 16:38:04,909:DEBUG:in-event <InotifyEvent: src_path=b'/home/rabbia/To-DoList/test.log', wd=1, mask=IN_MODIFY, cookie=0, name=test.log>
2021-08-03 16:38:04,909:DEBUG:in-event <InotifyEvent: src_path=b'/home/rabbia/To-DoList/test.log', wd=1, mask=IN_MODIFY, cookie=0, name=test.log>
2021-08-03 16:38:04,909:DEBUG:in-event <InotifyEvent: src_path=b'/home/rabbia/To-DoList/test.log', wd=1, mask=IN_MODIFY, cookie=0, name=test.log>
2021-08-03 16:38:04,910:DEBUG:in-event <InotifyEvent: src_path=b'/home/rabbia/To-DoList/test.log', wd=1, mask=IN_MODIFY, cookie=0, name=test.log>
2021-08-03 16:38:04,910:DEBUG:in-event <InotifyEvent: src_path=b'/home/rabbia/To-DoList/test.log', wd=1, mask=IN_MODIFY, cookie=0, name=test.log>
2021-08-03 16:38:04,910:DEBUG:in-event <InotifyEvent: src_path=b'/home/rabbia/To-DoList/test.log', wd=1, mask=IN_MODIFY, cookie=0, name=test.log>
2021-08-03 16:38:04,910:DEBUG:in-event <InotifyEvent: src_path=b'/home/rabbia/To-DoList/test.log', wd=1, mask=IN_MODIFY, cookie=0, name=test.log>
2021-08-03 16:38:04,910:DEBUG:in-event <InotifyEvent: src_path=b'/home/rabbia/To-DoList/test.log', wd=1, mask=IN_MODIFY, cookie=0, name=test.log>
2021-08-03 16:38:04,910:DEBUG:in-event <InotifyEvent: src_path=b'/home/rabbia/To-DoList/test.log', wd=1, mask=IN_MODIFY, cookie=0, name=test.log>
2021-08-03 16:38:04,910:DEBUG:in-event <InotifyEvent: src_path=b'/home/rabbia/To-DoList/test.log', wd=1, mask=IN_MODIFY, cookie=0, name=test.log>
2021-08-03 16:38:04,911:DEBUG:in-event <InotifyEvent: src_path=b'/home/rabbia/To-DoList/test.log', wd=1, mask=IN_MODIFY, cookie=0, name=test.log>
2021-08-03 16:38:04,911:DEBUG:in-event <InotifyEvent: src_path=b'/home/rabbia/To-DoList/test.log', wd=1, mask=IN_MODIFY, cookie=0, name=test.log>
2021-08-03 16:38:04,911:DEBUG:in-event <InotifyEvent: src_path=b'/home/rabbia/To-DoList/test.log', wd=1, mask=IN_MODIFY, cookie=0, name=test.log>
2021-08-03 16:38:04,911:DEBUG:in-event <InotifyEvent: src_path=b'/home/rabbia/To-DoList/test.log', wd=1, mask=IN_MODIFY, cookie=0, name=test.log>
2021-08-03 16:38:04,911:DEBUG:in-event <InotifyEvent: src_path=b'/home/rabbia/To-DoList/test.log', wd=1, mask=IN_MODIFY, cookie=0, name=test.log>
2021-08-03 16:38:04,911:DEBUG:in-event <InotifyEvent: src_path=b'/home/rabbia/To-DoList/test.log', wd=1, mask=IN_MODIFY, cookie=0, name=test.log>
2021-08-03 16:38:04,911:DEBUG:in-event <InotifyEvent: src_path=b'/home/rabbia/To-DoList/test.log', wd=1, mask=IN_MODIFY, cookie=0, name=test.log>
2021-08-03 16:38:04,912:DEBUG:in-event <InotifyEvent: src_path=b'/home/rabbia/To-DoList/test.log', wd=1, mask=IN_MODIFY, cookie=0, name=test.log>
2021-08-03 16:38:04,912:DEBUG:in-event <InotifyEvent: src_path=b'/home/rabbia/To-DoList/test.log', wd=1, mask=IN_MODIFY, cookie=0, name=test.log>
2021-08-03 16:38:04,912:DEBUG:in-event <InotifyEvent: src_path=b'/home/rabbia/To-DoList/test.log', wd=1, mask=IN_MODIFY, cookie=0, name=test.log>
2021-08-03 16:38:04,912:DEBUG:in-event <InotifyEvent: src_path=b'/home/rabbia/To-DoList/test.log', wd=1, mask=IN_MODIFY, cookie=0, name=test.log>
2021-08-03 16:38:04,912:DEBUG:in-event <InotifyEvent: src_path=b'/home/rabbia/To-DoList/test.log', wd=1, mask=IN_MODIFY, cookie=0, name=test.log>
2021-08-03 16:38:04,912:DEBUG:in-event <InotifyEvent: src_path=b'/home/rabbia/To-DoList/test.log', wd=1, mask=IN_MODIFY, cookie=0, name=test.log>
2021-08-03 16:38:04,913:DEBUG:in-event <InotifyEvent: src_path=b'/home/rabbia/To-DoList/test.log', wd=1, mask=IN_MODIFY, cookie=0, name=test.log>
2021-08-03 16:38:04,913:DEBUG:in-event <InotifyEvent: src_path=b'/home/rabbia/To-DoList/test.log', wd=1, mask=IN_MODIFY, cookie=0, name=test.log>
2021-08-03 16:38:04,913:DEBUG:in-event <InotifyEvent: src_path=b'/home/rabbia/To-DoList/test.log', wd=1, mask=IN_MODIFY, cookie=0, name=test.log>
2021-08-03 16:38:04,913:DEBUG:in-event <InotifyEvent: src_path=b'/home/rabbia/To-DoList/test.log', wd=1, mask=IN_MODIFY, cookie=0, name=test.log>
2021-08-03 16:38:04,913:DEBUG:in-event <InotifyEvent: src_path=b'/home/rabbia/To-DoList/test.log', wd=1, mask=IN_MODIFY, cookie=0, name=test.log>
2021-08-03 16:38:04,913:DEBUG:in-event <InotifyEvent: src_path=b'/home/rabbia/To-DoList/test.log', wd=1, mask=IN_MODIFY, cookie=0, name=test.log>
2021-08-03 16:38:04,913:DEBUG:in-event <InotifyEvent: src_path=b'/home/rabbia/To-DoList/test.log', wd=1, mask=IN_MODIFY, cookie=0, name=test.log>
2021-08-03 16:38:04,914:DEBUG:in-event <InotifyEvent: src_path=b'/home/rabbia/To-DoList/test.log', wd=1, mask=IN_MODIFY, cookie=0, name=test.log>
2021-08-03 16:38:04,914:DEBUG:in-event <InotifyEvent: src_path=b'/home/rabbia/To-DoList/test.log', wd=1, mask=IN_MODIFY, cookie=0, name=test.log>
2021-08-03 16:38:04,914:DEBUG:in-event <InotifyEvent: src_path=b'/home/rabbia/To-DoList/test.log', wd=1, mask=IN_MODIFY, cookie=0, name=test.log>
2021-08-03 16:38:04,914:DEBUG:in-event <InotifyEvent: src_path=b'/home/rabbia/To-DoList/test.log', wd=1, mask=IN_MODIFY, cookie=0, name=test.log>
2021-08-03 16:38:04,914:DEBUG:in-event <InotifyEvent: src_path=b'/home/rabbia/To-DoList/test.log', wd=1, mask=IN_MODIFY, cookie=0, name=test.log>
2021-08-03 16:38:04,914:DEBUG:in-event <InotifyEvent: src_path=b'/home/rabbia/To-DoList/test.log', wd=1, mask=IN_MODIFY, cookie=0, name=test.log>
2021-08-03 16:38:04,914:DEBUG:in-event <InotifyEvent: src_path=b'/home/rabbia/To-DoList/test.log', wd=1, mask=IN_MODIFY, cookie=0, name=test.log>
2021-08-03 16:38:04,915:DEBUG:in-event <InotifyEvent: src_path=b'/home/rabbia/To-DoList/test.log', wd=1, mask=IN_MODIFY, cookie=0, name=test.log>
2021-08-03 16:38:04,915:DEBUG:in-event <InotifyEvent: src_path=b'/home/rabbia/To-DoList/test.log', wd=1, mask=IN_MODIFY, cookie=0, name=test.log>
2021-08-03 16:38:04,915:DEBUG:in-event <InotifyEvent: src_path=b'/home/rabbia/To-DoList/test.log', wd=1, mask=IN_MODIFY, cookie=0, name=test.log>
2021-08-03 16:38:04,915:DEBUG:in-event <InotifyEvent: src_path=b'/home/rabbia/To-DoList/test.log', wd=1, mask=IN_MODIFY, cookie=0, name=test.log>
2021-08-03 16:38:04,915:DEBUG:in-event <InotifyEvent: src_path=b'/home/rabbia/To-DoList/test.log', wd=1, mask=IN_MODIFY, cookie=0, name=test.log>
2021-08-03 16:38:04,915:DEBUG:in-event <InotifyEvent: src_path=b'/home/rabbia/To-DoList/test.log', wd=1, mask=IN_MODIFY, cookie=0, name=test.log>
2021-08-03 16:38:04,916:DEBUG:in-event <InotifyEvent: src_path=b'/home/rabbia/To-DoList/test.log', wd=1, mask=IN_MODIFY, cookie=0, name=test.log>
2021-08-03 16:38:04,916:DEBUG:in-event <InotifyEvent: src_path=b'/home/rabbia/To-DoList/test.log', wd=1, mask=IN_MODIFY, cookie=0, name=test.log>
2021-08-03 16:38:04,916:DEBUG:in-event <InotifyEvent: src_path=b'/home/rabbia/To-DoList/test.log', wd=1, mask=IN_MODIFY, cookie=0, name=test.log>
2021-08-03 16:38:04,916:DEBUG:in-event <InotifyEvent: src_path=b'/home/rabbia/To-DoList/test.log', wd=1, mask=IN_MODIFY, cookie=0, name=test.log>
2021-08-03 16:38:04,916:DEBUG:in-event <InotifyEvent: src_path=b'/home/rabbia/To-DoList/test.log', wd=1, mask=IN_MODIFY, cookie=0, name=test.log>
2021-08-03 16:38:04,916:DEBUG:in-event <InotifyEvent: src_path=b'/home/rabbia/To-DoList/test.log', wd=1, mask=IN_MODIFY, cookie=0, name=test.log>
2021-08-03 16:38:04,917:DEBUG:in-event <InotifyEvent: src_path=b'/home/rabbia/To-DoList/test.log', wd=1, mask=IN_MODIFY, cookie=0, name=test.log>
2021-08-03 16:38:04,917:DEBUG:in-event <InotifyEvent: src_path=b'/home/rabbia/To-DoList/test.log', wd=1, mask=IN_MODIFY, cookie=0, name=test.log>
2021-08-03 16:38:04,917:DEBUG:in-event <InotifyEvent: src_path=b'/home/rabbia/To-DoList/test.log', wd=1, mask=IN_MODIFY, cookie=0, name=test.log>
2021-08-03 16:38:04,917:DEBUG:in-event <InotifyEvent: src_path=b'/home/rabbia/To-DoList/test.log', wd=1, mask=IN_MODIFY, cookie=0, name=test.log>
2021-08-03 16:38:04,918:DEBUG:in-event <InotifyEvent: src_path=b'/home/rabbia/To-DoList/test.log', wd=1, mask=IN_MODIFY, cookie=0, name=test.log>
2021-08-03 16:38:04,918:DEBUG:in-event <InotifyEvent: src_path=b'/home/rabbia/To-DoList/test.log', wd=1, mask=IN_MODIFY, cookie=0, name=test.log>
2021-08-03 16:38:04,918:DEBUG:in-event <InotifyEvent: src_path=b'/home/rabbia/To-DoList/test.log', wd=1, mask=IN_MODIFY, cookie=0, name=test.log>
2021-08-03 16:38:04,918:DEBUG:in-event <InotifyEvent: src_path=b'/home/rabbia/To-DoList/test.log', wd=1, mask=IN_MODIFY, cookie=0, name=test.log>
2021-08-03 16:38:04,918:DEBUG:in-event <InotifyEvent: src_path=b'/home/rabbia/To-DoList/test.log', wd=1, mask=IN_MODIFY, cookie=0, name=test.log>
2021-08-03 16:38:04,919:DEBUG:in-event <InotifyEvent: src_path=b'/home/rabbia/To-DoList/test.log', wd=1, mask=IN_MODIFY, cookie=0, name=test.log>
2021-08-03 16:38:04,919:DEBUG:in-event <InotifyEvent: src_path=b'/home/rabbia/To-DoList/test.log', wd=1, mask=IN_MODIFY, cookie=0, name=test.log>
2021-08-03 16:38:04,919:DEBUG:in-event <InotifyEvent: src_path=b'/home/rabbia/To-DoList/test.log', wd=1, mask=IN_MODIFY, cookie=0, name=test.log>
2021-08-03 16:38:04,920:DEBUG:in-event <InotifyEvent: src_path=b'/home/rabbia/To-DoList/test.log', wd=1, mask=IN_MODIFY, cookie=0, name=test.log>
2021-08-03 16:38:04,920:DEBUG:in-event <InotifyEvent: src_path=b'/home/rabbia/To-DoList/test.log', wd=1, mask=IN_MODIFY, cookie=0, name=test.log>
2021-08-03 16:38:04,920:DEBUG:in-event <InotifyEvent: src_path=b'/home/rabbia/To-DoList/test.log', wd=1, mask=IN_MODIFY, cookie=0, name=test.log>
2021-08-03 16:38:04,920:DEBUG:in-event <InotifyEvent: src_path=b'/home/rabbia/To-DoList/test.log', wd=1, mask=IN_MODIFY, cookie=0, name=test.log>
2021-08-03 16:38:04,920:DEBUG:in-event <InotifyEvent: src_path=b'/home/rabbia/To-DoList/test.log', wd=1, mask=IN_MODIFY, cookie=0, name=test.log>
2021-08-03 16:38:04,921:DEBUG:in-event <InotifyEvent: src_path=b'/home/rabbia/To-DoList/test.log', wd=1, mask=IN_MODIFY, cookie=0, name=test.log>
2021-08-03 16:38:04,921:DEBUG:in-event <InotifyEvent: src_path=b'/home/rabbia/To-DoList/test.log', wd=1, mask=IN_MODIFY, cookie=0, name=test.log>
2021-08-03 16:38:04,921:DEBUG:in-event <InotifyEvent: src_path=b'/home/rabbia/To-DoList/test.log', wd=1, mask=IN_MODIFY, cookie=0, name=test.log>
2021-08-03 16:38:04,921:DEBUG:in-event <InotifyEvent: src_path=b'/home/rabbia/To-DoList/test.log', wd=1, mask=IN_MODIFY, cookie=0, name=test.log>
2021-08-03 16:38:04,921:DEBUG:in-event <InotifyEvent: src_path=b'/home/rabbia/To-DoList/test.log', wd=1, mask=IN_MODIFY, cookie=0, name=test.log>
2021-08-03 16:38:04,922:DEBUG:in-event <InotifyEvent: src_path=b'/home/rabbia/To-DoList/test.log', wd=1, mask=IN_MODIFY, cookie=0, name=test.log>
2021-08-03 16:38:04,922:DEBUG:in-event <InotifyEvent: src_path=b'/home/rabbia/To-DoList/test.log', wd=1, mask=IN_MODIFY, cookie=0, name=test.log>
2021-08-03 16:38:04,922:DEBUG:in-event <InotifyEvent: src_path=b'/home/rabbia/To-DoList/test.log', wd=1, mask=IN_MODIFY, cookie=0, name=test.log>
2021-08-03 16:38:04,922:DEBUG:in-event <InotifyEvent: src_path=b'/home/rabbia/To-DoList/test.log', wd=1, mask=IN_MODIFY, cookie=0, name=test.log>
2021-08-03 16:38:04,923:DEBUG:in-event <InotifyEvent: src_path=b'/home/rabbia/To-DoList/test.log', wd=1, mask=IN_MODIFY, cookie=0, name=test.log>
2021-08-03 16:38:04,923:DEBUG:in-event <InotifyEvent: src_path=b'/home/rabbia/To-DoList/test.log', wd=1, mask=IN_MODIFY, cookie=0, name=test.log>
2021-08-03 16:38:04,923:DEBUG:in-event <InotifyEvent: src_path=b'/home/rabbia/To-DoList/test.log', wd=1, mask=IN_MODIFY, cookie=0, name=test.log>
2021-08-03 16:38:04,923:DEBUG:in-event <InotifyEvent: src_path=b'/home/rabbia/To-DoList/test.log', wd=1, mask=IN_MODIFY, cookie=0, name=test.log>
2021-08-03 16:38:04,923:DEBUG:in-event <InotifyEvent: src_path=b'/home/rabbia/To-DoList/test.log', wd=1, mask=IN_MODIFY, cookie=0, name=test.log>
2021-08-03 16:38:04,924:DEBUG:in-event <InotifyEvent: src_path=b'/home/rabbia/To-DoList/test.log', wd=1, mask=IN_MODIFY, cookie=0, name=test.log>
2021-08-03 16:38:04,924:DEBUG:in-event <InotifyEvent: src_path=b'/home/rabbia/To-DoList/test.log', wd=1, mask=IN_MODIFY, cookie=0, name=test.log>
2021-08-03 16:38:04,924:DEBUG:in-event <InotifyEvent: src_path=b'/home/rabbia/To-DoList/test.log', wd=1, mask=IN_MODIFY, cookie=0, name=test.log>
2021-08-03 16:38:04,925:DEBUG:in-event <InotifyEvent: src_path=b'/home/rabbia/To-DoList/test.log', wd=1, mask=IN_MODIFY, cookie=0, name=test.log>
2021-08-03 16:38:04,925:DEBUG:in-event <InotifyEvent: src_path=b'/home/rabbia/To-DoList/test.log', wd=1, mask=IN_MODIFY, cookie=0, name=test.log>
2021-08-03 16:38:04,925:DEBUG:in-event <InotifyEvent: src_path=b'/home/rabbia/To-DoList/test.log', wd=1, mask=IN_MODIFY, cookie=0, name=test.log>
2021-08-03 16:38:04,925:DEBUG:in-event <InotifyEvent: src_path=b'/home/rabbia/To-DoList/test.log', wd=1, mask=IN_MODIFY, cookie=0, name=test.log>
2021-08-03 16:38:04,925:DEBUG:in-event <InotifyEvent: src_path=b'/home/rabbia/To-DoList/test.log', wd=1, mask=IN_MODIFY, cookie=0, name=test.log>
2021-08-03 16:38:04,926:DEBUG:in-event <InotifyEvent: src_path=b'/home/rabbia/To-DoList/test.log', wd=1, mask=IN_MODIFY, cookie=0, name=test.log>
2021-08-03 16:38:04,926:DEBUG:in-event <InotifyEvent: src_path=b'/home/rabbia/To-DoList/test.log', wd=1, mask=IN_MODIFY, cookie=0, name=test.log>
2021-08-03 16:38:04,926:DEBUG:in-event <InotifyEvent: src_path=b'/home/rabbia/To-DoList/test.log', wd=1, mask=IN_MODIFY, cookie=0, name=test.log>
2021-08-03 16:38:04,926:DEBUG:in-event <InotifyEvent: src_path=b'/home/rabbia/To-DoList/test.log', wd=1, mask=IN_MODIFY, cookie=0, name=test.log>
2021-08-03 16:38:04,926:DEBUG:in-event <InotifyEvent: src_path=b'/home/rabbia/To-DoList/test.log', wd=1, mask=IN_MODIFY, cookie=0, name=test.log>
2021-08-03 16:38:04,926:DEBUG:in-event <InotifyEvent: src_path=b'/home/rabbia/To-DoList/test.log', wd=1, mask=IN_MODIFY, cookie=0, name=test.log>
2021-08-03 16:38:04,927:DEBUG:in-event <InotifyEvent: src_path=b'/home/rabbia/To-DoList/test.log', wd=1, mask=IN_MODIFY, cookie=0, name=test.log>
2021-08-03 16:38:04,927:DEBUG:in-event <InotifyEvent: src_path=b'/home/rabbia/To-DoList/test.log', wd=1, mask=IN_MODIFY, cookie=0, name=test.log>
2021-08-03 16:38:04,927:DEBUG:in-event <InotifyEvent: src_path=b'/home/rabbia/To-DoList/test.log', wd=1, mask=IN_MODIFY, cookie=0, name=test.log>
2021-08-03 16:38:04,927:DEBUG:in-event <InotifyEvent: src_path=b'/home/rabbia/To-DoList/test.log', wd=1, mask=IN_MODIFY, cookie=0, name=test.log>
2021-08-03 16:38:04,927:DEBUG:in-event <InotifyEvent: src_path=b'/home/rabbia/To-DoList/test.log', wd=1, mask=IN_MODIFY, cookie=0, name=test.log>
2021-08-03 16:38:04,928:DEBUG:in-event <InotifyEvent: src_path=b'/home/rabbia/To-DoList/test.log', wd=1, mask=IN_MODIFY, cookie=0, name=test.log>
2021-08-03 16:38:04,928:DEBUG:in-event <InotifyEvent: src_path=b'/home/rabbia/To-DoList/test.log', wd=1, mask=IN_MODIFY, cookie=0, name=test.log>
2021-08-03 16:38:04,928:DEBUG:in-event <InotifyEvent: src_path=b'/home/rabbia/To-DoList/test.log', wd=1, mask=IN_MODIFY, cookie=0, name=test.log>
2021-08-03 16:38:04,928:DEBUG:in-event <InotifyEvent: src_path=b'/home/rabbia/To-DoList/test.log', wd=1, mask=IN_MODIFY, cookie=0, name=test.log>
2021-08-03 16:38:04,928:DEBUG:in-event <InotifyEvent: src_path=b'/home/rabbia/To-DoList/test.log', wd=1, mask=IN_MODIFY, cookie=0, name=test.log>
2021-08-03 16:38:04,929:DEBUG:in-event <InotifyEvent: src_path=b'/home/rabbia/To-DoList/test.log', wd=1, mask=IN_MODIFY, cookie=0, name=test.log>
2021-08-03 16:38:04,929:DEBUG:in-event <InotifyEvent: src_path=b'/home/rabbia/To-DoList/test.log', wd=1, mask=IN_MODIFY, cookie=0, name=test.log>
2021-08-03 16:38:04,929:DEBUG:in-event <InotifyEvent: src_path=b'/home/rabbia/To-DoList/test.log', wd=1, mask=IN_MODIFY, cookie=0, name=test.log>
2021-08-03 16:38:04,929:DEBUG:in-event <InotifyEvent: src_path=b'/home/rabbia/To-DoList/test.log', wd=1, mask=IN_MODIFY, cookie=0, name=test.log>
2021-08-03 16:38:04,929:DEBUG:in-event <InotifyEvent: src_path=b'/home/rabbia/To-DoList/test.log', wd=1, mask=IN_MODIFY, cookie=0, name=test.log>
2021-08-03 16:38:04,930:DEBUG:in-event <InotifyEvent: src_path=b'/home/rabbia/To-DoList/test.log', wd=1, mask=IN_MODIFY, cookie=0, name=test.log>
2021-08-03 16:38:04,930:DEBUG:in-event <InotifyEvent: src_path=b'/home/rabbia/To-DoList/test.log', wd=1, mask=IN_MODIFY, cookie=0, name=test.log>
2021-08-03 16:38:04,930:DEBUG:in-event <InotifyEvent: src_path=b'/home/rabbia/To-DoList/test.log', wd=1, mask=IN_MODIFY, cookie=0, name=test.log>
2021-08-03 16:38:04,930:DEBUG:in-event <InotifyEvent: src_path=b'/home/rabbia/To-DoList/test.log', wd=1, mask=IN_MODIFY, cookie=0, name=test.log>
2021-08-03 16:38:04,930:DEBUG:in-event <InotifyEvent: src_path=b'/home/rabbia/To-DoList/test.log', wd=1, mask=IN_MODIFY, cookie=0, name=test.log>
2021-08-03 16:38:04,931:DEBUG:in-event <InotifyEvent: src_path=b'/home/rabbia/To-DoList/test.log', wd=1, mask=IN_MODIFY, cookie=0, name=test.log>
2021-08-03 16:38:04,931:DEBUG:in-event <InotifyEvent: src_path=b'/home/rabbia/To-DoList/test.log', wd=1, mask=IN_MODIFY, cookie=0, name=test.log>
2021-08-03 16:38:04,931:DEBUG:in-event <InotifyEvent: src_path=b'/home/rabbia/To-DoList/test.log', wd=1, mask=IN_MODIFY, cookie=0, name=test.log>
2021-08-03 16:38:04,931:DEBUG:in-event <InotifyEvent: src_path=b'/home/rabbia/To-DoList/test.log', wd=1, mask=IN_MODIFY, cookie=0, name=test.log>
2021-08-03 16:38:04,931:DEBUG:in-event <InotifyEvent: src_path=b'/home/rabbia/To-DoList/test.log', wd=1, mask=IN_MODIFY, cookie=0, name=test.log>
2021-08-03 16:38:04,932:DEBUG:in-event <InotifyEvent: src_path=b'/home/rabbia/To-DoList/test.log', wd=1, mask=IN_MODIFY, cookie=0, name=test.log>
2021-08-03 16:38:04,932:DEBUG:in-event <InotifyEvent: src_path=b'/home/rabbia/To-DoList/test.log', wd=1, mask=IN_MODIFY, cookie=0, name=test.log>
2021-08-03 16:38:04,932:DEBUG:in-event <InotifyEvent: src_path=b'/home/rabbia/To-DoList/test.log', wd=1, mask=IN_MODIFY, cookie=0, name=test.log>
2021-08-03 16:38:04,932:DEBUG:in-event <InotifyEvent: src_path=b'/home/rabbia/To-DoList/test.log', wd=1, mask=IN_MODIFY, cookie=0, name=test.log>
2021-08-03 16:38:04,932:DEBUG:in-event <InotifyEvent: src_path=b'/home/rabbia/To-DoList/test.log', wd=1, mask=IN_MODIFY, cookie=0, name=test.log>
2021-08-03 16:38:04,933:DEBUG:in-event <InotifyEvent: src_path=b'/home/rabbia/To-DoList/test.log', wd=1, mask=IN_MODIFY, cookie=0, name=test.log>
2021-08-03 16:38:04,933:DEBUG:in-event <InotifyEvent: src_path=b'/home/rabbia/To-DoList/test.log', wd=1, mask=IN_MODIFY, cookie=0, name=test.log>
2021-08-03 16:38:04,933:DEBUG:in-event <InotifyEvent: src_path=b'/home/rabbia/To-DoList/test.log', wd=1, mask=IN_MODIFY, cookie=0, name=test.log>
2021-08-03 16:38:04,933:DEBUG:in-event <InotifyEvent: src_path=b'/home/rabbia/To-DoList/test.log', wd=1, mask=IN_MODIFY, cookie=0, name=test.log>
2021-08-03 16:38:04,933:DEBUG:in-event <InotifyEvent: src_path=b'/home/rabbia/To-DoList/test.log', wd=1, mask=IN_MODIFY, cookie=0, name=test.log>
2021-08-03 16:38:04,934:DEBUG:in-event <InotifyEvent: src_path=b'/home/rabbia/To-DoList/test.log', wd=1, mask=IN_MODIFY, cookie=0, name=test.log>
2021-08-03 16:38:04,934:DEBUG:in-event <InotifyEvent: src_path=b'/home/rabbia/To-DoList/test.log', wd=1, mask=IN_MODIFY, cookie=0, name=test.log>
2021-08-03 16:38:04,934:DEBUG:in-event <InotifyEvent: src_path=b'/home/rabbia/To-DoList/test.log', wd=1, mask=IN_MODIFY, cookie=0, name=test.log>
2021-08-03 16:38:04,934:DEBUG:in-event <InotifyEvent: src_path=b'/home/rabbia/To-DoList/test.log', wd=1, mask=IN_MODIFY, cookie=0, name=test.log>
2021-08-03 16:38:04,934:DEBUG:in-event <InotifyEvent: src_path=b'/home/rabbia/To-DoList/test.log', wd=1, mask=IN_MODIFY, cookie=0, name=test.log>
2021-08-03 16:38:04,935:DEBUG:in-event <InotifyEvent: src_path=b'/home/rabbia/To-DoList/test.log', wd=1, mask=IN_MODIFY, cookie=0, name=test.log>
2021-08-03 16:38:04,935:DEBUG:in-event <InotifyEvent: src_path=b'/home/rabbia/To-DoList/test.log', wd=1, mask=IN_MODIFY, cookie=0, name=test.log>
2021-08-03 16:38:04,935:DEBUG:in-event <InotifyEvent: src_path=b'/home/rabbia/To-DoList/test.log', wd=1, mask=IN_MODIFY, cookie=0, name=test.log>
2021-08-03 16:38:04,935:DEBUG:in-event <InotifyEvent: src_path=b'/home/rabbia/To-DoList/test.log', wd=1, mask=IN_MODIFY, cookie=0, name=test.log>
2021-08-03 16:38:04,935:DEBUG:in-event <InotifyEvent: src_path=b'/home/rabbia/To-DoList/test.log', wd=1, mask=IN_MODIFY, cookie=0, name=test.log>
2021-08-03 16:38:04,935:DEBUG:in-event <InotifyEvent: src_path=b'/home/rabbia/To-DoList/test.log', wd=1, mask=IN_MODIFY, cookie=0, name=test.log>
2021-08-03 16:38:04,936:DEBUG:in-event <InotifyEvent: src_path=b'/home/rabbia/To-DoList/test.log', wd=1, mask=IN_MODIFY, cookie=0, name=test.log>
2021-08-03 16:38:04,936:DEBUG:in-event <InotifyEvent: src_path=b'/home/rabbia/To-DoList/test.log', wd=1, mask=IN_MODIFY, cookie=0, name=test.log>
2021-08-03 16:38:04,936:DEBUG:in-event <InotifyEvent: src_path=b'/home/rabbia/To-DoList/test.log', wd=1, mask=IN_MODIFY, cookie=0, name=test.log>
2021-08-03 16:38:04,936:DEBUG:in-event <InotifyEvent: src_path=b'/home/rabbia/To-DoList/test.log', wd=1, mask=IN_MODIFY, cookie=0, name=test.log>
2021-08-03 16:38:04,936:DEBUG:in-event <InotifyEvent: src_path=b'/home/rabbia/To-DoList/test.log', wd=1, mask=IN_MODIFY, cookie=0, name=test.log>
2021-08-03 16:38:04,937:DEBUG:in-event <InotifyEvent: src_path=b'/home/rabbia/To-DoList/test.log', wd=1, mask=IN_MODIFY, cookie=0, name=test.log>
2021-08-03 16:38:04,937:DEBUG:in-event <InotifyEvent: src_path=b'/home/rabbia/To-DoList/test.log', wd=1, mask=IN_MODIFY, cookie=0, name=test.log>
2021-08-03 16:38:04,937:DEBUG:in-event <InotifyEvent: src_path=b'/home/rabbia/To-DoList/test.log', wd=1, mask=IN_MODIFY, cookie=0, name=test.log>
2021-08-03 16:38:04,937:DEBUG:in-event <InotifyEvent: src_path=b'/home/rabbia/To-DoList/test.log', wd=1, mask=IN_MODIFY, cookie=0, name=test.log>
2021-08-03 16:38:04,937:DEBUG:in-event <InotifyEvent: src_path=b'/home/rabbia/To-DoList/test.log', wd=1, mask=IN_MODIFY, cookie=0, name=test.log>
2021-08-03 16:38:04,937:DEBUG:in-event <InotifyEvent: src_path=b'/home/rabbia/To-DoList/test.log', wd=1, mask=IN_MODIFY, cookie=0, name=test.log>
2021-08-03 16:38:04,937:DEBUG:in-event <InotifyEvent: src_path=b'/home/rabbia/To-DoList/test.log', wd=1, mask=IN_MODIFY, cookie=0, name=test.log>
2021-08-03 16:38:04,938:DEBUG:in-event <InotifyEvent: src_path=b'/home/rabbia/To-DoList/test.log', wd=1, mask=IN_MODIFY, cookie=0, name=test.log>
2021-08-03 16:38:04,938:DEBUG:in-event <InotifyEvent: src_path=b'/home/rabbia/To-DoList/test.log', wd=1, mask=IN_MODIFY, cookie=0, name=test.log>
2021-08-03 16:38:04,938:DEBUG:in-event <InotifyEvent: src_path=b'/home/rabbia/To-DoList/test.log', wd=1, mask=IN_MODIFY, cookie=0, name=test.log>
2021-08-03 16:38:04,938:DEBUG:in-event <InotifyEvent: src_path=b'/home/rabbia/To-DoList/test.log', wd=1, mask=IN_MODIFY, cookie=0, name=test.log>
2021-08-03 16:38:04,938:DEBUG:in-event <InotifyEvent: src_path=b'/home/rabbia/To-DoList/test.log', wd=1, mask=IN_MODIFY, cookie=0, name=test.log>
2021-08-03 16:38:04,938:DEBUG:in-event <InotifyEvent: src_path=b'/home/rabbia/To-DoList/test.log', wd=1, mask=IN_MODIFY, cookie=0, name=test.log>
2021-08-03 16:38:04,939:DEBUG:in-event <InotifyEvent: src_path=b'/home/rabbia/To-DoList/test.log', wd=1, mask=IN_MODIFY, cookie=0, name=test.log>
2021-08-03 16:38:04,939:DEBUG:in-event <InotifyEvent: src_path=b'/home/rabbia/To-DoList/test.log', wd=1, mask=IN_MODIFY, cookie=0, name=test.log>
2021-08-03 16:38:04,939:DEBUG:in-event <InotifyEvent: src_path=b'/home/rabbia/To-DoList/test.log', wd=1, mask=IN_MODIFY, cookie=0, name=test.log>
2021-08-03 16:38:04,939:DEBUG:in-event <InotifyEvent: src_path=b'/home/rabbia/To-DoList/test.log', wd=1, mask=IN_MODIFY, cookie=0, name=test.log>
2021-08-03 16:38:04,939:DEBUG:in-event <InotifyEvent: src_path=b'/home/rabbia/To-DoList/test.log', wd=1, mask=IN_MODIFY, cookie=0, name=test.log>
2021-08-03 16:38:04,939:DEBUG:in-event <InotifyEvent: src_path=b'/home/rabbia/To-DoList/test.log', wd=1, mask=IN_MODIFY, cookie=0, name=test.log>
2021-08-03 16:38:04,939:DEBUG:in-event <InotifyEvent: src_path=b'/home/rabbia/To-DoList/test.log', wd=1, mask=IN_MODIFY, cookie=0, name=test.log>
2021-08-03 16:38:04,940:DEBUG:in-event <InotifyEvent: src_path=b'/home/rabbia/To-DoList/test.log', wd=1, mask=IN_MODIFY, cookie=0, name=test.log>
2021-08-03 16:38:04,940:DEBUG:in-event <InotifyEvent: src_path=b'/home/rabbia/To-DoList/test.log', wd=1, mask=IN_MODIFY, cookie=0, name=test.log>
2021-08-03 16:38:04,940:DEBUG:in-event <InotifyEvent: src_path=b'/home/rabbia/To-DoList/test.log', wd=1, mask=IN_MODIFY, cookie=0, name=test.log>
2021-08-03 16:38:04,940:DEBUG:in-event <InotifyEvent: src_path=b'/home/rabbia/To-DoList/test.log', wd=1, mask=IN_MODIFY, cookie=0, name=test.log>
2021-08-03 16:38:04,940:DEBUG:in-event <InotifyEvent: src_path=b'/home/rabbia/To-DoList/test.log', wd=1, mask=IN_MODIFY, cookie=0, name=test.log>
2021-08-03 16:38:04,940:DEBUG:in-event <InotifyEvent: src_path=b'/home/rabbia/To-DoList/test.log', wd=1, mask=IN_MODIFY, cookie=0, name=test.log>
2021-08-03 16:38:04,941:DEBUG:in-event <InotifyEvent: src_path=b'/home/rabbia/To-DoList/test.log', wd=1, mask=IN_MODIFY, cookie=0, name=test.log>
2021-08-03 16:38:04,941:DEBUG:in-event <InotifyEvent: src_path=b'/home/rabbia/To-DoList/test.log', wd=1, mask=IN_MODIFY, cookie=0, name=test.log>
2021-08-03 16:38:04,941:DEBUG:in-event <InotifyEvent: src_path=b'/home/rabbia/To-DoList/test.log', wd=1, mask=IN_MODIFY, cookie=0, name=test.log>
2021-08-03 16:38:04,941:DEBUG:in-event <InotifyEvent: src_path=b'/home/rabbia/To-DoList/test.log', wd=1, mask=IN_MODIFY, cookie=0, name=test.log>
2021-08-03 16:38:04,941:DEBUG:in-event <InotifyEvent: src_path=b'/home/rabbia/To-DoList/test.log', wd=1, mask=IN_MODIFY, cookie=0, name=test.log>
2021-08-03 16:38:04,941:DEBUG:in-event <InotifyEvent: src_path=b'/home/rabbia/To-DoList/test.log', wd=1, mask=IN_MODIFY, cookie=0, name=test.log>
2021-08-03 16:38:04,941:DEBUG:in-event <InotifyEvent: src_path=b'/home/rabbia/To-DoList/test.log', wd=1, mask=IN_MODIFY, cookie=0, name=test.log>
2021-08-03 16:38:04,941:DEBUG:in-event <InotifyEvent: src_path=b'/home/rabbia/To-DoList/test.log', wd=1, mask=IN_MODIFY, cookie=0, name=test.log>
2021-08-03 16:38:04,942:DEBUG:in-event <InotifyEvent: src_path=b'/home/rabbia/To-DoList/test.log', wd=1, mask=IN_MODIFY, cookie=0, name=test.log>
2021-08-03 16:38:04,942:DEBUG:in-event <InotifyEvent: src_path=b'/home/rabbia/To-DoList/test.log', wd=1, mask=IN_MODIFY, cookie=0, name=test.log>
2021-08-03 16:38:04,942:DEBUG:in-event <InotifyEvent: src_path=b'/home/rabbia/To-DoList/test.log', wd=1, mask=IN_MODIFY, cookie=0, name=test.log>
2021-08-03 16:38:04,942:DEBUG:in-event <InotifyEvent: src_path=b'/home/rabbia/To-DoList/test.log', wd=1, mask=IN_MODIFY, cookie=0, name=test.log>
2021-08-03 16:38:04,942:DEBUG:in-event <InotifyEvent: src_path=b'/home/rabbia/To-DoList/test.log', wd=1, mask=IN_MODIFY, cookie=0, name=test.log>
2021-08-03 16:38:04,942:DEBUG:in-event <InotifyEvent: src_path=b'/home/rabbia/To-DoList/test.log', wd=1, mask=IN_MODIFY, cookie=0, name=test.log>
2021-08-03 16:38:04,942:DEBUG:in-event <InotifyEvent: src_path=b'/home/rabbia/To-DoList/test.log', wd=1, mask=IN_MODIFY, cookie=0, name=test.log>
2021-08-03 16:38:04,943:DEBUG:in-event <InotifyEvent: src_path=b'/home/rabbia/To-DoList/test.log', wd=1, mask=IN_MODIFY, cookie=0, name=test.log>
2021-08-03 16:38:04,943:DEBUG:in-event <InotifyEvent: src_path=b'/home/rabbia/To-DoList/test.log', wd=1, mask=IN_MODIFY, cookie=0, name=test.log>
2021-08-03 16:38:04,943:DEBUG:in-event <InotifyEvent: src_path=b'/home/rabbia/To-DoList/test.log', wd=1, mask=IN_MODIFY, cookie=0, name=test.log>
2021-08-03 16:38:04,943:DEBUG:in-event <InotifyEvent: src_path=b'/home/rabbia/To-DoList/test.log', wd=1, mask=IN_MODIFY, cookie=0, name=test.log>
2021-08-03 16:38:04,943:DEBUG:in-event <InotifyEvent: src_path=b'/home/rabbia/To-DoList/test.log', wd=1, mask=IN_MODIFY, cookie=0, name=test.log>
2021-08-03 16:38:04,943:DEBUG:in-event <InotifyEvent: src_path=b'/home/rabbia/To-DoList/test.log', wd=1, mask=IN_MODIFY, cookie=0, name=test.log>
2021-08-03 16:38:04,944:DEBUG:in-event <InotifyEvent: src_path=b'/home/rabbia/To-DoList/test.log', wd=1, mask=IN_MODIFY, cookie=0, name=test.log>
2021-08-03 16:38:04,944:DEBUG:in-event <InotifyEvent: src_path=b'/home/rabbia/To-DoList/test.log', wd=1, mask=IN_MODIFY, cookie=0, name=test.log>
2021-08-03 16:38:04,944:DEBUG:in-event <InotifyEvent: src_path=b'/home/rabbia/To-DoList/test.log', wd=1, mask=IN_MODIFY, cookie=0, name=test.log>
2021-08-03 16:38:04,944:DEBUG:in-event <InotifyEvent: src_path=b'/home/rabbia/To-DoList/test.log', wd=1, mask=IN_MODIFY, cookie=0, name=test.log>
2021-08-03 16:38:04,944:DEBUG:in-event <InotifyEvent: src_path=b'/home/rabbia/To-DoList/test.log', wd=1, mask=IN_MODIFY, cookie=0, name=test.log>
2021-08-03 16:38:04,945:DEBUG:in-event <InotifyEvent: src_path=b'/home/rabbia/To-DoList/test.log', wd=1, mask=IN_MODIFY, cookie=0, name=test.log>
2021-08-03 16:38:04,945:DEBUG:in-event <InotifyEvent: src_path=b'/home/rabbia/To-DoList/test.log', wd=1, mask=IN_MODIFY, cookie=0, name=test.log>
2021-08-03 16:38:04,945:DEBUG:in-event <InotifyEvent: src_path=b'/home/rabbia/To-DoList/test.log', wd=1, mask=IN_MODIFY, cookie=0, name=test.log>
2021-08-03 16:38:04,945:DEBUG:in-event <InotifyEvent: src_path=b'/home/rabbia/To-DoList/test.log', wd=1, mask=IN_MODIFY, cookie=0, name=test.log>
2021-08-03 16:38:04,945:DEBUG:in-event <InotifyEvent: src_path=b'/home/rabbia/To-DoList/test.log', wd=1, mask=IN_MODIFY, cookie=0, name=test.log>
2021-08-03 16:38:04,945:DEBUG:in-event <InotifyEvent: src_path=b'/home/rabbia/To-DoList/test.log', wd=1, mask=IN_MODIFY, cookie=0, name=test.log>
2021-08-03 16:38:04,946:DEBUG:in-event <InotifyEvent: src_path=b'/home/rabbia/To-DoList/test.log', wd=1, mask=IN_MODIFY, cookie=0, name=test.log>
2021-08-03 16:38:04,946:DEBUG:in-event <InotifyEvent: src_path=b'/home/rabbia/To-DoList/test.log', wd=1, mask=IN_MODIFY, cookie=0, name=test.log>
2021-08-03 16:38:04,946:DEBUG:in-event <InotifyEvent: src_path=b'/home/rabbia/To-DoList/test.log', wd=1, mask=IN_MODIFY, cookie=0, name=test.log>
2021-08-03 16:38:04,946:DEBUG:in-event <InotifyEvent: src_path=b'/home/rabbia/To-DoList/test.log', wd=1, mask=IN_MODIFY, cookie=0, name=test.log>
2021-08-03 16:38:04,946:DEBUG:in-event <InotifyEvent: src_path=b'/home/rabbia/To-DoList/test.log', wd=1, mask=IN_MODIFY, cookie=0, name=test.log>
2021-08-03 16:38:04,947:DEBUG:in-event <InotifyEvent: src_path=b'/home/rabbia/To-DoList/test.log', wd=1, mask=IN_MODIFY, cookie=0, name=test.log>
2021-08-03 16:38:04,947:DEBUG:in-event <InotifyEvent: src_path=b'/home/rabbia/To-DoList/test.log', wd=1, mask=IN_MODIFY, cookie=0, name=test.log>
2021-08-03 16:38:04,947:DEBUG:in-event <InotifyEvent: src_path=b'/home/rabbia/To-DoList/test.log', wd=1, mask=IN_MODIFY, cookie=0, name=test.log>
2021-08-03 16:38:04,947:DEBUG:in-event <InotifyEvent: src_path=b'/home/rabbia/To-DoList/test.log', wd=1, mask=IN_MODIFY, cookie=0, name=test.log>
2021-08-03 16:38:04,947:DEBUG:in-event <InotifyEvent: src_path=b'/home/rabbia/To-DoList/test.log', wd=1, mask=IN_MODIFY, cookie=0, name=test.log>
2021-08-03 16:38:04,947:DEBUG:in-event <InotifyEvent: src_path=b'/home/rabbia/To-DoList/test.log', wd=1, mask=IN_MODIFY, cookie=0, name=test.log>
2021-08-03 16:38:04,948:DEBUG:in-event <InotifyEvent: src_path=b'/home/rabbia/To-DoList/test.log', wd=1, mask=IN_MODIFY, cookie=0, name=test.log>
2021-08-03 16:38:04,948:DEBUG:in-event <InotifyEvent: src_path=b'/home/rabbia/To-DoList/test.log', wd=1, mask=IN_MODIFY, cookie=0, name=test.log>
2021-08-03 16:38:04,948:DEBUG:in-event <InotifyEvent: src_path=b'/home/rabbia/To-DoList/test.log', wd=1, mask=IN_MODIFY, cookie=0, name=test.log>
2021-08-03 16:38:04,948:DEBUG:in-event <InotifyEvent: src_path=b'/home/rabbia/To-DoList/test.log', wd=1, mask=IN_MODIFY, cookie=0, name=test.log>
2021-08-03 16:38:04,948:DEBUG:in-event <InotifyEvent: src_path=b'/home/rabbia/To-DoList/test.log', wd=1, mask=IN_MODIFY, cookie=0, name=test.log>
2021-08-03 16:38:04,948:DEBUG:in-event <InotifyEvent: src_path=b'/home/rabbia/To-DoList/test.log', wd=1, mask=IN_MODIFY, cookie=0, name=test.log>
2021-08-03 16:38:04,949:DEBUG:in-event <InotifyEvent: src_path=b'/home/rabbia/To-DoList/test.log', wd=1, mask=IN_MODIFY, cookie=0, name=test.log>
2021-08-03 16:38:04,949:DEBUG:in-event <InotifyEvent: src_path=b'/home/rabbia/To-DoList/test.log', wd=1, mask=IN_MODIFY, cookie=0, name=test.log>
2021-08-03 16:38:04,949:DEBUG:in-event <InotifyEvent: src_path=b'/home/rabbia/To-DoList/test.log', wd=1, mask=IN_MODIFY, cookie=0, name=test.log>
2021-08-03 16:38:04,949:DEBUG:in-event <InotifyEvent: src_path=b'/home/rabbia/To-DoList/test.log', wd=1, mask=IN_MODIFY, cookie=0, name=test.log>
2021-08-03 16:38:04,949:DEBUG:in-event <InotifyEvent: src_path=b'/home/rabbia/To-DoList/test.log', wd=1, mask=IN_MODIFY, cookie=0, name=test.log>
2021-08-03 16:38:04,950:DEBUG:in-event <InotifyEvent: src_path=b'/home/rabbia/To-DoList/test.log', wd=1, mask=IN_MODIFY, cookie=0, name=test.log>
2021-08-03 16:38:04,950:DEBUG:in-event <InotifyEvent: src_path=b'/home/rabbia/To-DoList/test.log', wd=1, mask=IN_MODIFY, cookie=0, name=test.log>
2021-08-03 16:38:04,950:DEBUG:in-event <InotifyEvent: src_path=b'/home/rabbia/To-DoList/test.log', wd=1, mask=IN_MODIFY, cookie=0, name=test.log>
2021-08-03 16:38:04,950:DEBUG:in-event <InotifyEvent: src_path=b'/home/rabbia/To-DoList/test.log', wd=1, mask=IN_MODIFY, cookie=0, name=test.log>
2021-08-03 16:38:04,950:DEBUG:in-event <InotifyEvent: src_path=b'/home/rabbia/To-DoList/test.log', wd=1, mask=IN_MODIFY, cookie=0, name=test.log>
2021-08-03 16:38:04,950:DEBUG:in-event <InotifyEvent: src_path=b'/home/rabbia/To-DoList/test.log', wd=1, mask=IN_MODIFY, cookie=0, name=test.log>
2021-08-03 16:38:04,951:DEBUG:in-event <InotifyEvent: src_path=b'/home/rabbia/To-DoList/test.log', wd=1, mask=IN_MODIFY, cookie=0, name=test.log>
2021-08-03 16:38:04,951:DEBUG:in-event <InotifyEvent: src_path=b'/home/rabbia/To-DoList/test.log', wd=1, mask=IN_MODIFY, cookie=0, name=test.log>
2021-08-03 16:38:04,951:DEBUG:in-event <InotifyEvent: src_path=b'/home/rabbia/To-DoList/test.log', wd=1, mask=IN_MODIFY, cookie=0, name=test.log>
2021-08-03 16:38:04,951:DEBUG:in-event <InotifyEvent: src_path=b'/home/rabbia/To-DoList/test.log', wd=1, mask=IN_MODIFY, cookie=0, name=test.log>
2021-08-03 16:38:04,951:DEBUG:in-event <InotifyEvent: src_path=b'/home/rabbia/To-DoList/test.log', wd=1, mask=IN_MODIFY, cookie=0, name=test.log>
2021-08-03 16:38:04,951:DEBUG:in-event <InotifyEvent: src_path=b'/home/rabbia/To-DoList/test.log', wd=1, mask=IN_MODIFY, cookie=0, name=test.log>
2021-08-03 16:38:04,951:DEBUG:in-event <InotifyEvent: src_path=b'/home/rabbia/To-DoList/test.log', wd=1, mask=IN_MODIFY, cookie=0, name=test.log>
2021-08-03 16:38:04,952:DEBUG:in-event <InotifyEvent: src_path=b'/home/rabbia/To-DoList/test.log', wd=1, mask=IN_MODIFY, cookie=0, name=test.log>
2021-08-03 16:38:04,952:DEBUG:in-event <InotifyEvent: src_path=b'/home/rabbia/To-DoList/test.log', wd=1, mask=IN_MODIFY, cookie=0, name=test.log>
2021-08-03 16:38:04,952:DEBUG:in-event <InotifyEvent: src_path=b'/home/rabbia/To-DoList/test.log', wd=1, mask=IN_MODIFY, cookie=0, name=test.log>
2021-08-03 16:38:04,952:DEBUG:in-event <InotifyEvent: src_path=b'/home/rabbia/To-DoList/test.log', wd=1, mask=IN_MODIFY, cookie=0, name=test.log>
2021-08-03 16:38:04,952:DEBUG:in-event <InotifyEvent: src_path=b'/home/rabbia/To-DoList/test.log', wd=1, mask=IN_MODIFY, cookie=0, name=test.log>
2021-08-03 16:38:04,952:DEBUG:in-event <InotifyEvent: src_path=b'/home/rabbia/To-DoList/test.log', wd=1, mask=IN_MODIFY, cookie=0, name=test.log>
2021-08-03 16:38:04,953:DEBUG:in-event <InotifyEvent: src_path=b'/home/rabbia/To-DoList/test.log', wd=1, mask=IN_MODIFY, cookie=0, name=test.log>
2021-08-03 16:38:04,953:DEBUG:in-event <InotifyEvent: src_path=b'/home/rabbia/To-DoList/test.log', wd=1, mask=IN_MODIFY, cookie=0, name=test.log>
2021-08-03 16:38:04,953:DEBUG:in-event <InotifyEvent: src_path=b'/home/rabbia/To-DoList/test.log', wd=1, mask=IN_MODIFY, cookie=0, name=test.log>
2021-08-03 16:38:04,953:DEBUG:in-event <InotifyEvent: src_path=b'/home/rabbia/To-DoList/test.log', wd=1, mask=IN_MODIFY, cookie=0, name=test.log>
2021-08-03 16:38:04,953:DEBUG:in-event <InotifyEvent: src_path=b'/home/rabbia/To-DoList/test.log', wd=1, mask=IN_MODIFY, cookie=0, name=test.log>
2021-08-03 16:38:04,953:DEBUG:in-event <InotifyEvent: src_path=b'/home/rabbia/To-DoList/test.log', wd=1, mask=IN_MODIFY, cookie=0, name=test.log>
2021-08-03 16:38:04,954:DEBUG:in-event <InotifyEvent: src_path=b'/home/rabbia/To-DoList/test.log', wd=1, mask=IN_MODIFY, cookie=0, name=test.log>
2021-08-03 16:38:04,954:DEBUG:in-event <InotifyEvent: src_path=b'/home/rabbia/To-DoList/test.log', wd=1, mask=IN_MODIFY, cookie=0, name=test.log>
2021-08-03 16:38:04,954:DEBUG:in-event <InotifyEvent: src_path=b'/home/rabbia/To-DoList/test.log', wd=1, mask=IN_MODIFY, cookie=0, name=test.log>
2021-08-03 16:38:04,954:DEBUG:in-event <InotifyEvent: src_path=b'/home/rabbia/To-DoList/test.log', wd=1, mask=IN_MODIFY, cookie=0, name=test.log>
2021-08-03 16:38:04,954:DEBUG:in-event <InotifyEvent: src_path=b'/home/rabbia/To-DoList/test.log', wd=1, mask=IN_MODIFY, cookie=0, name=test.log>
2021-08-03 16:38:04,954:DEBUG:in-event <InotifyEvent: src_path=b'/home/rabbia/To-DoList/test.log', wd=1, mask=IN_MODIFY, cookie=0, name=test.log>
2021-08-03 16:38:04,955:DEBUG:in-event <InotifyEvent: src_path=b'/home/rabbia/To-DoList/test.log', wd=1, mask=IN_MODIFY, cookie=0, name=test.log>
2021-08-03 16:38:04,955:DEBUG:in-event <InotifyEvent: src_path=b'/home/rabbia/To-DoList/test.log', wd=1, mask=IN_MODIFY, cookie=0, name=test.log>
2021-08-03 16:38:04,955:DEBUG:in-event <InotifyEvent: src_path=b'/home/rabbia/To-DoList/test.log', wd=1, mask=IN_MODIFY, cookie=0, name=test.log>
2021-08-03 16:38:04,955:DEBUG:in-event <InotifyEvent: src_path=b'/home/rabbia/To-DoList/test.log', wd=1, mask=IN_MODIFY, cookie=0, name=test.log>
2021-08-03 16:38:04,955:DEBUG:in-event <InotifyEvent: src_path=b'/home/rabbia/To-DoList/test.log', wd=1, mask=IN_MODIFY, cookie=0, name=test.log>
2021-08-03 16:38:04,955:DEBUG:in-event <InotifyEvent: src_path=b'/home/rabbia/To-DoList/test.log', wd=1, mask=IN_MODIFY, cookie=0, name=test.log>
2021-08-03 16:38:04,956:DEBUG:in-event <InotifyEvent: src_path=b'/home/rabbia/To-DoList/test.log', wd=1, mask=IN_MODIFY, cookie=0, name=test.log>
2021-08-03 16:38:04,956:DEBUG:in-event <InotifyEvent: src_path=b'/home/rabbia/To-DoList/test.log', wd=1, mask=IN_MODIFY, cookie=0, name=test.log>
2021-08-03 16:38:04,956:DEBUG:in-event <InotifyEvent: src_path=b'/home/rabbia/To-DoList/test.log', wd=1, mask=IN_MODIFY, cookie=0, name=test.log>
2021-08-03 16:38:04,956:DEBUG:in-event <InotifyEvent: src_path=b'/home/rabbia/To-DoList/test.log', wd=1, mask=IN_MODIFY, cookie=0, name=test.log>
2021-08-03 16:38:04,956:DEBUG:in-event <InotifyEvent: src_path=b'/home/rabbia/To-DoList/test.log', wd=1, mask=IN_MODIFY, cookie=0, name=test.log>
2021-08-03 16:38:04,956:DEBUG:in-event <InotifyEvent: src_path=b'/home/rabbia/To-DoList/test.log', wd=1, mask=IN_MODIFY, cookie=0, name=test.log>
2021-08-03 16:38:04,957:DEBUG:in-event <InotifyEvent: src_path=b'/home/rabbia/To-DoList/test.log', wd=1, mask=IN_MODIFY, cookie=0, name=test.log>
2021-08-03 16:38:04,957:DEBUG:in-event <InotifyEvent: src_path=b'/home/rabbia/To-DoList/test.log', wd=1, mask=IN_MODIFY, cookie=0, name=test.log>
2021-08-03 16:38:04,957:DEBUG:in-event <InotifyEvent: src_path=b'/home/rabbia/To-DoList/test.log', wd=1, mask=IN_MODIFY, cookie=0, name=test.log>
2021-08-03 16:38:04,957:DEBUG:in-event <InotifyEvent: src_path=b'/home/rabbia/To-DoList/test.log', wd=1, mask=IN_MODIFY, cookie=0, name=test.log>
2021-08-03 16:38:04,957:DEBUG:in-event <InotifyEvent: src_path=b'/home/rabbia/To-DoList/test.log', wd=1, mask=IN_MODIFY, cookie=0, name=test.log>
2021-08-03 16:38:04,957:DEBUG:in-event <InotifyEvent: src_path=b'/home/rabbia/To-DoList/test.log', wd=1, mask=IN_MODIFY, cookie=0, name=test.log>
2021-08-03 16:38:04,958:DEBUG:in-event <InotifyEvent: src_path=b'/home/rabbia/To-DoList/test.log', wd=1, mask=IN_MODIFY, cookie=0, name=test.log>
2021-08-03 16:38:04,958:DEBUG:in-event <InotifyEvent: src_path=b'/home/rabbia/To-DoList/test.log', wd=1, mask=IN_MODIFY, cookie=0, name=test.log>
2021-08-03 16:38:04,958:DEBUG:in-event <InotifyEvent: src_path=b'/home/rabbia/To-DoList/test.log', wd=1, mask=IN_MODIFY, cookie=0, name=test.log>
2021-08-03 16:38:04,958:DEBUG:in-event <InotifyEvent: src_path=b'/home/rabbia/To-DoList/test.log', wd=1, mask=IN_MODIFY, cookie=0, name=test.log>
2021-08-03 16:38:04,958:DEBUG:in-event <InotifyEvent: src_path=b'/home/rabbia/To-DoList/test.log', wd=1, mask=IN_MODIFY, cookie=0, name=test.log>
2021-08-03 16:38:04,958:DEBUG:in-event <InotifyEvent: src_path=b'/home/rabbia/To-DoList/test.log', wd=1, mask=IN_MODIFY, cookie=0, name=test.log>
2021-08-03 16:38:04,959:DEBUG:in-event <InotifyEvent: src_path=b'/home/rabbia/To-DoList/test.log', wd=1, mask=IN_MODIFY, cookie=0, name=test.log>
2021-08-03 16:38:04,959:DEBUG:in-event <InotifyEvent: src_path=b'/home/rabbia/To-DoList/test.log', wd=1, mask=IN_MODIFY, cookie=0, name=test.log>
2021-08-03 16:38:04,959:DEBUG:in-event <InotifyEvent: src_path=b'/home/rabbia/To-DoList/test.log', wd=1, mask=IN_MODIFY, cookie=0, name=test.log>
2021-08-03 16:38:04,959:DEBUG:in-event <InotifyEvent: src_path=b'/home/rabbia/To-DoList/test.log', wd=1, mask=IN_MODIFY, cookie=0, name=test.log>
2021-08-03 16:38:04,959:DEBUG:in-event <InotifyEvent: src_path=b'/home/rabbia/To-DoList/test.log', wd=1, mask=IN_MODIFY, cookie=0, name=test.log>
2021-08-03 16:38:04,959:DEBUG:in-event <InotifyEvent: src_path=b'/home/rabbia/To-DoList/test.log', wd=1, mask=IN_MODIFY, cookie=0, name=test.log>
2021-08-03 16:38:04,960:DEBUG:in-event <InotifyEvent: src_path=b'/home/rabbia/To-DoList/test.log', wd=1, mask=IN_MODIFY, cookie=0, name=test.log>
2021-08-03 16:38:04,960:DEBUG:in-event <InotifyEvent: src_path=b'/home/rabbia/To-DoList/test.log', wd=1, mask=IN_MODIFY, cookie=0, name=test.log>
2021-08-03 16:38:04,960:DEBUG:in-event <InotifyEvent: src_path=b'/home/rabbia/To-DoList/test.log', wd=1, mask=IN_MODIFY, cookie=0, name=test.log>
2021-08-03 16:38:04,960:DEBUG:in-event <InotifyEvent: src_path=b'/home/rabbia/To-DoList/test.log', wd=1, mask=IN_MODIFY, cookie=0, name=test.log>
2021-08-03 16:38:04,960:DEBUG:in-event <InotifyEvent: src_path=b'/home/rabbia/To-DoList/test.log', wd=1, mask=IN_MODIFY, cookie=0, name=test.log>
2021-08-03 16:38:04,960:DEBUG:in-event <InotifyEvent: src_path=b'/home/rabbia/To-DoList/test.log', wd=1, mask=IN_MODIFY, cookie=0, name=test.log>
2021-08-03 16:38:04,961:DEBUG:in-event <InotifyEvent: src_path=b'/home/rabbia/To-DoList/test.log', wd=1, mask=IN_MODIFY, cookie=0, name=test.log>
2021-08-03 16:38:04,961:DEBUG:in-event <InotifyEvent: src_path=b'/home/rabbia/To-DoList/test.log', wd=1, mask=IN_MODIFY, cookie=0, name=test.log>
2021-08-03 16:38:04,961:DEBUG:in-event <InotifyEvent: src_path=b'/home/rabbia/To-DoList/test.log', wd=1, mask=IN_MODIFY, cookie=0, name=test.log>
2021-08-03 16:38:04,961:DEBUG:in-event <InotifyEvent: src_path=b'/home/rabbia/To-DoList/test.log', wd=1, mask=IN_MODIFY, cookie=0, name=test.log>
2021-08-03 16:38:04,961:DEBUG:in-event <InotifyEvent: src_path=b'/home/rabbia/To-DoList/test.log', wd=1, mask=IN_MODIFY, cookie=0, name=test.log>
2021-08-03 16:38:04,961:DEBUG:in-event <InotifyEvent: src_path=b'/home/rabbia/To-DoList/test.log', wd=1, mask=IN_MODIFY, cookie=0, name=test.log>
2021-08-03 16:38:04,962:DEBUG:in-event <InotifyEvent: src_path=b'/home/rabbia/To-DoList/test.log', wd=1, mask=IN_MODIFY, cookie=0, name=test.log>
2021-08-03 16:38:04,962:DEBUG:in-event <InotifyEvent: src_path=b'/home/rabbia/To-DoList/test.log', wd=1, mask=IN_MODIFY, cookie=0, name=test.log>
2021-08-03 16:38:04,962:DEBUG:in-event <InotifyEvent: src_path=b'/home/rabbia/To-DoList/test.log', wd=1, mask=IN_MODIFY, cookie=0, name=test.log>
2021-08-03 16:38:04,962:DEBUG:in-event <InotifyEvent: src_path=b'/home/rabbia/To-DoList/test.log', wd=1, mask=IN_MODIFY, cookie=0, name=test.log>
2021-08-03 16:38:04,962:DEBUG:in-event <InotifyEvent: src_path=b'/home/rabbia/To-DoList/test.log', wd=1, mask=IN_MODIFY, cookie=0, name=test.log>
2021-08-03 16:38:04,962:DEBUG:in-event <InotifyEvent: src_path=b'/home/rabbia/To-DoList/test.log', wd=1, mask=IN_MODIFY, cookie=0, name=test.log>
2021-08-03 16:38:04,963:DEBUG:in-event <InotifyEvent: src_path=b'/home/rabbia/To-DoList/test.log', wd=1, mask=IN_MODIFY, cookie=0, name=test.log>
2021-08-03 16:38:04,963:DEBUG:in-event <InotifyEvent: src_path=b'/home/rabbia/To-DoList/test.log', wd=1, mask=IN_MODIFY, cookie=0, name=test.log>
2021-08-03 16:38:04,963:DEBUG:in-event <InotifyEvent: src_path=b'/home/rabbia/To-DoList/test.log', wd=1, mask=IN_MODIFY, cookie=0, name=test.log>
2021-08-03 16:38:04,963:DEBUG:in-event <InotifyEvent: src_path=b'/home/rabbia/To-DoList/test.log', wd=1, mask=IN_MODIFY, cookie=0, name=test.log>
2021-08-03 16:38:04,963:DEBUG:in-event <InotifyEvent: src_path=b'/home/rabbia/To-DoList/test.log', wd=1, mask=IN_MODIFY, cookie=0, name=test.log>
2021-08-03 16:38:04,963:DEBUG:in-event <InotifyEvent: src_path=b'/home/rabbia/To-DoList/test.log', wd=1, mask=IN_MODIFY, cookie=0, name=test.log>
2021-08-03 16:38:04,963:DEBUG:in-event <InotifyEvent: src_path=b'/home/rabbia/To-DoList/test.log', wd=1, mask=IN_MODIFY, cookie=0, name=test.log>
2021-08-03 16:38:04,964:DEBUG:in-event <InotifyEvent: src_path=b'/home/rabbia/To-DoList/test.log', wd=1, mask=IN_MODIFY, cookie=0, name=test.log>
2021-08-03 16:38:04,964:DEBUG:in-event <InotifyEvent: src_path=b'/home/rabbia/To-DoList/test.log', wd=1, mask=IN_MODIFY, cookie=0, name=test.log>
2021-08-03 16:38:04,964:DEBUG:in-event <InotifyEvent: src_path=b'/home/rabbia/To-DoList/test.log', wd=1, mask=IN_MODIFY, cookie=0, name=test.log>
2021-08-03 16:38:04,964:DEBUG:in-event <InotifyEvent: src_path=b'/home/rabbia/To-DoList/test.log', wd=1, mask=IN_MODIFY, cookie=0, name=test.log>
2021-08-03 16:38:04,964:DEBUG:in-event <InotifyEvent: src_path=b'/home/rabbia/To-DoList/test.log', wd=1, mask=IN_MODIFY, cookie=0, name=test.log>
2021-08-03 16:38:04,964:DEBUG:in-event <InotifyEvent: src_path=b'/home/rabbia/To-DoList/test.log', wd=1, mask=IN_MODIFY, cookie=0, name=test.log>
2021-08-03 16:38:04,965:DEBUG:in-event <InotifyEvent: src_path=b'/home/rabbia/To-DoList/test.log', wd=1, mask=IN_MODIFY, cookie=0, name=test.log>
2021-08-03 16:38:04,965:DEBUG:in-event <InotifyEvent: src_path=b'/home/rabbia/To-DoList/test.log', wd=1, mask=IN_MODIFY, cookie=0, name=test.log>
2021-08-03 16:38:04,965:DEBUG:in-event <InotifyEvent: src_path=b'/home/rabbia/To-DoList/test.log', wd=1, mask=IN_MODIFY, cookie=0, name=test.log>
2021-08-03 16:38:04,965:DEBUG:in-event <InotifyEvent: src_path=b'/home/rabbia/To-DoList/test.log', wd=1, mask=IN_MODIFY, cookie=0, name=test.log>
2021-08-03 16:38:04,965:DEBUG:in-event <InotifyEvent: src_path=b'/home/rabbia/To-DoList/test.log', wd=1, mask=IN_MODIFY, cookie=0, name=test.log>
2021-08-03 16:38:04,965:DEBUG:in-event <InotifyEvent: src_path=b'/home/rabbia/To-DoList/test.log', wd=1, mask=IN_MODIFY, cookie=0, name=test.log>
2021-08-03 16:38:04,966:DEBUG:in-event <InotifyEvent: src_path=b'/home/rabbia/To-DoList/test.log', wd=1, mask=IN_MODIFY, cookie=0, name=test.log>
2021-08-03 16:38:04,966:DEBUG:in-event <InotifyEvent: src_path=b'/home/rabbia/To-DoList/test.log', wd=1, mask=IN_MODIFY, cookie=0, name=test.log>
2021-08-03 16:38:04,966:DEBUG:in-event <InotifyEvent: src_path=b'/home/rabbia/To-DoList/test.log', wd=1, mask=IN_MODIFY, cookie=0, name=test.log>
2021-08-03 16:38:04,966:DEBUG:in-event <InotifyEvent: src_path=b'/home/rabbia/To-DoList/test.log', wd=1, mask=IN_MODIFY, cookie=0, name=test.log>
2021-08-03 16:38:04,966:DEBUG:in-event <InotifyEvent: src_path=b'/home/rabbia/To-DoList/test.log', wd=1, mask=IN_MODIFY, cookie=0, name=test.log>
2021-08-03 16:38:04,966:DEBUG:in-event <InotifyEvent: src_path=b'/home/rabbia/To-DoList/test.log', wd=1, mask=IN_MODIFY, cookie=0, name=test.log>
2021-08-03 16:38:04,967:DEBUG:in-event <InotifyEvent: src_path=b'/home/rabbia/To-DoList/test.log', wd=1, mask=IN_MODIFY, cookie=0, name=test.log>
2021-08-03 16:38:04,967:DEBUG:in-event <InotifyEvent: src_path=b'/home/rabbia/To-DoList/test.log', wd=1, mask=IN_MODIFY, cookie=0, name=test.log>
2021-08-03 16:38:04,967:DEBUG:in-event <InotifyEvent: src_path=b'/home/rabbia/To-DoList/test.log', wd=1, mask=IN_MODIFY, cookie=0, name=test.log>
2021-08-03 16:38:04,967:DEBUG:in-event <InotifyEvent: src_path=b'/home/rabbia/To-DoList/test.log', wd=1, mask=IN_MODIFY, cookie=0, name=test.log>
2021-08-03 16:38:04,967:DEBUG:in-event <InotifyEvent: src_path=b'/home/rabbia/To-DoList/test.log', wd=1, mask=IN_MODIFY, cookie=0, name=test.log>
2021-08-03 16:38:04,967:DEBUG:in-event <InotifyEvent: src_path=b'/home/rabbia/To-DoList/test.log', wd=1, mask=IN_MODIFY, cookie=0, name=test.log>
2021-08-03 16:38:04,967:DEBUG:in-event <InotifyEvent: src_path=b'/home/rabbia/To-DoList/test.log', wd=1, mask=IN_MODIFY, cookie=0, name=test.log>
2021-08-03 16:38:04,968:DEBUG:in-event <InotifyEvent: src_path=b'/home/rabbia/To-DoList/test.log', wd=1, mask=IN_MODIFY, cookie=0, name=test.log>
2021-08-03 16:38:04,968:DEBUG:in-event <InotifyEvent: src_path=b'/home/rabbia/To-DoList/test.log', wd=1, mask=IN_MODIFY, cookie=0, name=test.log>
2021-08-03 16:38:04,968:DEBUG:in-event <InotifyEvent: src_path=b'/home/rabbia/To-DoList/test.log', wd=1, mask=IN_MODIFY, cookie=0, name=test.log>
2021-08-03 16:38:04,968:DEBUG:in-event <InotifyEvent: src_path=b'/home/rabbia/To-DoList/test.log', wd=1, mask=IN_MODIFY, cookie=0, name=test.log>
2021-08-03 16:38:04,968:DEBUG:in-event <InotifyEvent: src_path=b'/home/rabbia/To-DoList/test.log', wd=1, mask=IN_MODIFY, cookie=0, name=test.log>
2021-08-03 16:38:04,968:DEBUG:in-event <InotifyEvent: src_path=b'/home/rabbia/To-DoList/test.log', wd=1, mask=IN_MODIFY, cookie=0, name=test.log>
2021-08-03 16:38:04,969:DEBUG:in-event <InotifyEvent: src_path=b'/home/rabbia/To-DoList/test.log', wd=1, mask=IN_MODIFY, cookie=0, name=test.log>
2021-08-03 16:38:04,969:DEBUG:in-event <InotifyEvent: src_path=b'/home/rabbia/To-DoList/test.log', wd=1, mask=IN_MODIFY, cookie=0, name=test.log>
2021-08-03 16:38:04,969:DEBUG:in-event <InotifyEvent: src_path=b'/home/rabbia/To-DoList/test.log', wd=1, mask=IN_MODIFY, cookie=0, name=test.log>
2021-08-03 16:38:04,969:DEBUG:in-event <InotifyEvent: src_path=b'/home/rabbia/To-DoList/test.log', wd=1, mask=IN_MODIFY, cookie=0, name=test.log>
2021-08-03 16:38:04,969:DEBUG:in-event <InotifyEvent: src_path=b'/home/rabbia/To-DoList/test.log', wd=1, mask=IN_MODIFY, cookie=0, name=test.log>
2021-08-03 16:38:04,969:DEBUG:in-event <InotifyEvent: src_path=b'/home/rabbia/To-DoList/test.log', wd=1, mask=IN_MODIFY, cookie=0, name=test.log>
2021-08-03 16:38:04,970:DEBUG:in-event <InotifyEvent: src_path=b'/home/rabbia/To-DoList/test.log', wd=1, mask=IN_MODIFY, cookie=0, name=test.log>
2021-08-03 16:38:04,970:DEBUG:in-event <InotifyEvent: src_path=b'/home/rabbia/To-DoList/test.log', wd=1, mask=IN_MODIFY, cookie=0, name=test.log>
2021-08-03 16:38:04,970:DEBUG:in-event <InotifyEvent: src_path=b'/home/rabbia/To-DoList/test.log', wd=1, mask=IN_MODIFY, cookie=0, name=test.log>
2021-08-03 16:38:04,970:DEBUG:in-event <InotifyEvent: src_path=b'/home/rabbia/To-DoList/test.log', wd=1, mask=IN_MODIFY, cookie=0, name=test.log>
2021-08-03 16:38:04,970:DEBUG:in-event <InotifyEvent: src_path=b'/home/rabbia/To-DoList/test.log', wd=1, mask=IN_MODIFY, cookie=0, name=test.log>
2021-08-03 16:38:04,971:DEBUG:in-event <InotifyEvent: src_path=b'/home/rabbia/To-DoList/test.log', wd=1, mask=IN_MODIFY, cookie=0, name=test.log>
2021-08-03 16:38:04,971:DEBUG:in-event <InotifyEvent: src_path=b'/home/rabbia/To-DoList/test.log', wd=1, mask=IN_MODIFY, cookie=0, name=test.log>
2021-08-03 16:38:04,971:DEBUG:in-event <InotifyEvent: src_path=b'/home/rabbia/To-DoList/test.log', wd=1, mask=IN_MODIFY, cookie=0, name=test.log>
2021-08-03 16:38:04,971:DEBUG:in-event <InotifyEvent: src_path=b'/home/rabbia/To-DoList/test.log', wd=1, mask=IN_MODIFY, cookie=0, name=test.log>
2021-08-03 16:38:04,971:DEBUG:in-event <InotifyEvent: src_path=b'/home/rabbia/To-DoList/test.log', wd=1, mask=IN_MODIFY, cookie=0, name=test.log>
2021-08-03 16:38:04,972:DEBUG:in-event <InotifyEvent: src_path=b'/home/rabbia/To-DoList/test.log', wd=1, mask=IN_MODIFY, cookie=0, name=test.log>
2021-08-03 16:38:04,972:DEBUG:in-event <InotifyEvent: src_path=b'/home/rabbia/To-DoList/test.log', wd=1, mask=IN_MODIFY, cookie=0, name=test.log>
2021-08-03 16:38:04,972:DEBUG:in-event <InotifyEvent: src_path=b'/home/rabbia/To-DoList/test.log', wd=1, mask=IN_MODIFY, cookie=0, name=test.log>
2021-08-03 16:38:04,972:DEBUG:in-event <InotifyEvent: src_path=b'/home/rabbia/To-DoList/test.log', wd=1, mask=IN_MODIFY, cookie=0, name=test.log>
2021-08-03 16:38:04,972:DEBUG:in-event <InotifyEvent: src_path=b'/home/rabbia/To-DoList/test.log', wd=1, mask=IN_MODIFY, cookie=0, name=test.log>
2021-08-03 16:38:04,973:DEBUG:in-event <InotifyEvent: src_path=b'/home/rabbia/To-DoList/test.log', wd=1, mask=IN_MODIFY, cookie=0, name=test.log>
2021-08-03 16:38:04,973:DEBUG:in-event <InotifyEvent: src_path=b'/home/rabbia/To-DoList/test.log', wd=1, mask=IN_MODIFY, cookie=0, name=test.log>
2021-08-03 16:38:04,973:DEBUG:in-event <InotifyEvent: src_path=b'/home/rabbia/To-DoList/test.log', wd=1, mask=IN_MODIFY, cookie=0, name=test.log>
2021-08-03 16:38:04,973:DEBUG:in-event <InotifyEvent: src_path=b'/home/rabbia/To-DoList/test.log', wd=1, mask=IN_MODIFY, cookie=0, name=test.log>
2021-08-03 16:38:04,973:DEBUG:in-event <InotifyEvent: src_path=b'/home/rabbia/To-DoList/test.log', wd=1, mask=IN_MODIFY, cookie=0, name=test.log>
2021-08-03 16:38:04,974:DEBUG:in-event <InotifyEvent: src_path=b'/home/rabbia/To-DoList/test.log', wd=1, mask=IN_MODIFY, cookie=0, name=test.log>
2021-08-03 16:38:04,974:DEBUG:in-event <InotifyEvent: src_path=b'/home/rabbia/To-DoList/test.log', wd=1, mask=IN_MODIFY, cookie=0, name=test.log>
2021-08-03 16:38:04,974:DEBUG:in-event <InotifyEvent: src_path=b'/home/rabbia/To-DoList/test.log', wd=1, mask=IN_MODIFY, cookie=0, name=test.log>
2021-08-03 16:38:04,974:DEBUG:in-event <InotifyEvent: src_path=b'/home/rabbia/To-DoList/test.log', wd=1, mask=IN_MODIFY, cookie=0, name=test.log>
2021-08-03 16:38:04,974:DEBUG:in-event <InotifyEvent: src_path=b'/home/rabbia/To-DoList/test.log', wd=1, mask=IN_MODIFY, cookie=0, name=test.log>
2021-08-03 16:38:04,975:DEBUG:in-event <InotifyEvent: src_path=b'/home/rabbia/To-DoList/test.log', wd=1, mask=IN_MODIFY, cookie=0, name=test.log>
2021-08-03 16:38:04,975:DEBUG:in-event <InotifyEvent: src_path=b'/home/rabbia/To-DoList/test.log', wd=1, mask=IN_MODIFY, cookie=0, name=test.log>
2021-08-03 16:38:04,975:DEBUG:in-event <InotifyEvent: src_path=b'/home/rabbia/To-DoList/test.log', wd=1, mask=IN_MODIFY, cookie=0, name=test.log>
2021-08-03 16:38:04,975:DEBUG:in-event <InotifyEvent: src_path=b'/home/rabbia/To-DoList/test.log', wd=1, mask=IN_MODIFY, cookie=0, name=test.log>
2021-08-03 16:38:04,975:DEBUG:in-event <InotifyEvent: src_path=b'/home/rabbia/To-DoList/test.log', wd=1, mask=IN_MODIFY, cookie=0, name=test.log>
2021-08-03 16:38:04,975:DEBUG:in-event <InotifyEvent: src_path=b'/home/rabbia/To-DoList/test.log', wd=1, mask=IN_MODIFY, cookie=0, name=test.log>
2021-08-03 16:38:04,976:DEBUG:in-event <InotifyEvent: src_path=b'/home/rabbia/To-DoList/test.log', wd=1, mask=IN_MODIFY, cookie=0, name=test.log>
2021-08-03 16:38:04,976:DEBUG:in-event <InotifyEvent: src_path=b'/home/rabbia/To-DoList/test.log', wd=1, mask=IN_MODIFY, cookie=0, name=test.log>
2021-08-03 16:38:04,976:DEBUG:in-event <InotifyEvent: src_path=b'/home/rabbia/To-DoList/test.log', wd=1, mask=IN_MODIFY, cookie=0, name=test.log>
2021-08-03 16:38:04,976:DEBUG:in-event <InotifyEvent: src_path=b'/home/rabbia/To-DoList/test.log', wd=1, mask=IN_MODIFY, cookie=0, name=test.log>
2021-08-03 16:38:04,976:DEBUG:in-event <InotifyEvent: src_path=b'/home/rabbia/To-DoList/test.log', wd=1, mask=IN_MODIFY, cookie=0, name=test.log>
2021-08-03 16:38:04,977:DEBUG:in-event <InotifyEvent: src_path=b'/home/rabbia/To-DoList/test.log', wd=1, mask=IN_MODIFY, cookie=0, name=test.log>
2021-08-03 16:38:04,977:DEBUG:in-event <InotifyEvent: src_path=b'/home/rabbia/To-DoList/test.log', wd=1, mask=IN_MODIFY, cookie=0, name=test.log>
2021-08-03 16:38:04,977:DEBUG:in-event <InotifyEvent: src_path=b'/home/rabbia/To-DoList/test.log', wd=1, mask=IN_MODIFY, cookie=0, name=test.log>
2021-08-03 16:38:04,978:DEBUG:in-event <InotifyEvent: src_path=b'/home/rabbia/To-DoList/test.log', wd=1, mask=IN_MODIFY, cookie=0, name=test.log>
2021-08-03 16:38:04,978:DEBUG:in-event <InotifyEvent: src_path=b'/home/rabbia/To-DoList/test.log', wd=1, mask=IN_MODIFY, cookie=0, name=test.log>
2021-08-03 16:38:04,978:DEBUG:in-event <InotifyEvent: src_path=b'/home/rabbia/To-DoList/test.log', wd=1, mask=IN_MODIFY, cookie=0, name=test.log>
2021-08-03 16:38:04,978:DEBUG:in-event <InotifyEvent: src_path=b'/home/rabbia/To-DoList/test.log', wd=1, mask=IN_MODIFY, cookie=0, name=test.log>
2021-08-03 16:38:04,978:DEBUG:in-event <InotifyEvent: src_path=b'/home/rabbia/To-DoList/test.log', wd=1, mask=IN_MODIFY, cookie=0, name=test.log>
2021-08-03 16:38:04,979:DEBUG:in-event <InotifyEvent: src_path=b'/home/rabbia/To-DoList/test.log', wd=1, mask=IN_MODIFY, cookie=0, name=test.log>
2021-08-03 16:38:04,979:DEBUG:in-event <InotifyEvent: src_path=b'/home/rabbia/To-DoList/test.log', wd=1, mask=IN_MODIFY, cookie=0, name=test.log>
2021-08-03 16:38:04,979:DEBUG:in-event <InotifyEvent: src_path=b'/home/rabbia/To-DoList/test.log', wd=1, mask=IN_MODIFY, cookie=0, name=test.log>
2021-08-03 16:38:04,979:DEBUG:in-event <InotifyEvent: src_path=b'/home/rabbia/To-DoList/test.log', wd=1, mask=IN_MODIFY, cookie=0, name=test.log>
2021-08-03 16:38:04,980:DEBUG:in-event <InotifyEvent: src_path=b'/home/rabbia/To-DoList/test.log', wd=1, mask=IN_MODIFY, cookie=0, name=test.log>
2021-08-03 16:38:04,980:DEBUG:in-event <InotifyEvent: src_path=b'/home/rabbia/To-DoList/test.log', wd=1, mask=IN_MODIFY, cookie=0, name=test.log>
2021-08-03 16:38:04,980:DEBUG:in-event <InotifyEvent: src_path=b'/home/rabbia/To-DoList/test.log', wd=1, mask=IN_MODIFY, cookie=0, name=test.log>
2021-08-03 16:38:04,980:DEBUG:in-event <InotifyEvent: src_path=b'/home/rabbia/To-DoList/test.log', wd=1, mask=IN_MODIFY, cookie=0, name=test.log>
2021-08-03 16:38:04,981:DEBUG:in-event <InotifyEvent: src_path=b'/home/rabbia/To-DoList/test.log', wd=1, mask=IN_MODIFY, cookie=0, name=test.log>
2021-08-03 16:38:04,981:DEBUG:in-event <InotifyEvent: src_path=b'/home/rabbia/To-DoList/test.log', wd=1, mask=IN_MODIFY, cookie=0, name=test.log>
2021-08-03 16:38:04,981:DEBUG:in-event <InotifyEvent: src_path=b'/home/rabbia/To-DoList/test.log', wd=1, mask=IN_MODIFY, cookie=0, name=test.log>
2021-08-03 16:38:04,981:DEBUG:in-event <InotifyEvent: src_path=b'/home/rabbia/To-DoList/test.log', wd=1, mask=IN_MODIFY, cookie=0, name=test.log>
2021-08-03 16:38:04,981:DEBUG:in-event <InotifyEvent: src_path=b'/home/rabbia/To-DoList/test.log', wd=1, mask=IN_MODIFY, cookie=0, name=test.log>
2021-08-03 16:38:04,982:DEBUG:in-event <InotifyEvent: src_path=b'/home/rabbia/To-DoList/test.log', wd=1, mask=IN_MODIFY, cookie=0, name=test.log>
2021-08-03 16:38:04,982:DEBUG:in-event <InotifyEvent: src_path=b'/home/rabbia/To-DoList/test.log', wd=1, mask=IN_MODIFY, cookie=0, name=test.log>
2021-08-03 16:38:04,982:DEBUG:in-event <InotifyEvent: src_path=b'/home/rabbia/To-DoList/test.log', wd=1, mask=IN_MODIFY, cookie=0, name=test.log>
2021-08-03 16:38:04,982:DEBUG:in-event <InotifyEvent: src_path=b'/home/rabbia/To-DoList/test.log', wd=1, mask=IN_MODIFY, cookie=0, name=test.log>
2021-08-03 16:38:04,983:DEBUG:in-event <InotifyEvent: src_path=b'/home/rabbia/To-DoList/test.log', wd=1, mask=IN_MODIFY, cookie=0, name=test.log>
2021-08-03 16:38:04,983:DEBUG:in-event <InotifyEvent: src_path=b'/home/rabbia/To-DoList/test.log', wd=1, mask=IN_MODIFY, cookie=0, name=test.log>
2021-08-03 16:38:04,983:DEBUG:in-event <InotifyEvent: src_path=b'/home/rabbia/To-DoList/test.log', wd=1, mask=IN_MODIFY, cookie=0, name=test.log>
2021-08-03 16:38:04,984:DEBUG:in-event <InotifyEvent: src_path=b'/home/rabbia/To-DoList/test.log', wd=1, mask=IN_MODIFY, cookie=0, name=test.log>
2021-08-03 16:38:04,984:DEBUG:in-event <InotifyEvent: src_path=b'/home/rabbia/To-DoList/test.log', wd=1, mask=IN_MODIFY, cookie=0, name=test.log>
2021-08-03 16:38:04,984:DEBUG:in-event <InotifyEvent: src_path=b'/home/rabbia/To-DoList/test.log', wd=1, mask=IN_MODIFY, cookie=0, name=test.log>
2021-08-03 16:38:04,984:DEBUG:in-event <InotifyEvent: src_path=b'/home/rabbia/To-DoList/test.log', wd=1, mask=IN_MODIFY, cookie=0, name=test.log>
2021-08-03 16:38:04,985:DEBUG:in-event <InotifyEvent: src_path=b'/home/rabbia/To-DoList/test.log', wd=1, mask=IN_MODIFY, cookie=0, name=test.log>
2021-08-03 16:38:04,985:DEBUG:in-event <InotifyEvent: src_path=b'/home/rabbia/To-DoList/test.log', wd=1, mask=IN_MODIFY, cookie=0, name=test.log>
2021-08-03 16:38:04,985:DEBUG:in-event <InotifyEvent: src_path=b'/home/rabbia/To-DoList/test.log', wd=1, mask=IN_MODIFY, cookie=0, name=test.log>
2021-08-03 16:38:04,985:DEBUG:in-event <InotifyEvent: src_path=b'/home/rabbia/To-DoList/test.log', wd=1, mask=IN_MODIFY, cookie=0, name=test.log>
2021-08-03 16:38:04,985:DEBUG:in-event <InotifyEvent: src_path=b'/home/rabbia/To-DoList/test.log', wd=1, mask=IN_MODIFY, cookie=0, name=test.log>
2021-08-03 16:38:04,986:DEBUG:in-event <InotifyEvent: src_path=b'/home/rabbia/To-DoList/test.log', wd=1, mask=IN_MODIFY, cookie=0, name=test.log>
2021-08-03 16:38:04,986:DEBUG:in-event <InotifyEvent: src_path=b'/home/rabbia/To-DoList/test.log', wd=1, mask=IN_MODIFY, cookie=0, name=test.log>
2021-08-03 16:38:04,986:DEBUG:in-event <InotifyEvent: src_path=b'/home/rabbia/To-DoList/test.log', wd=1, mask=IN_MODIFY, cookie=0, name=test.log>
2021-08-03 16:38:04,986:DEBUG:in-event <InotifyEvent: src_path=b'/home/rabbia/To-DoList/test.log', wd=1, mask=IN_MODIFY, cookie=0, name=test.log>
2021-08-03 16:38:04,986:DEBUG:in-event <InotifyEvent: src_path=b'/home/rabbia/To-DoList/test.log', wd=1, mask=IN_MODIFY, cookie=0, name=test.log>
2021-08-03 16:38:04,986:DEBUG:in-event <InotifyEvent: src_path=b'/home/rabbia/To-DoList/test.log', wd=1, mask=IN_MODIFY, cookie=0, name=test.log>
2021-08-03 16:38:04,987:DEBUG:in-event <InotifyEvent: src_path=b'/home/rabbia/To-DoList/test.log', wd=1, mask=IN_MODIFY, cookie=0, name=test.log>
2021-08-03 16:38:04,987:DEBUG:in-event <InotifyEvent: src_path=b'/home/rabbia/To-DoList/test.log', wd=1, mask=IN_MODIFY, cookie=0, name=test.log>
2021-08-03 16:38:04,987:DEBUG:in-event <InotifyEvent: src_path=b'/home/rabbia/To-DoList/test.log', wd=1, mask=IN_MODIFY, cookie=0, name=test.log>
2021-08-03 16:38:04,987:DEBUG:in-event <InotifyEvent: src_path=b'/home/rabbia/To-DoList/test.log', wd=1, mask=IN_MODIFY, cookie=0, name=test.log>
2021-08-03 16:38:04,988:DEBUG:in-event <InotifyEvent: src_path=b'/home/rabbia/To-DoList/test.log', wd=1, mask=IN_MODIFY, cookie=0, name=test.log>
2021-08-03 16:38:04,988:DEBUG:in-event <InotifyEvent: src_path=b'/home/rabbia/To-DoList/test.log', wd=1, mask=IN_MODIFY, cookie=0, name=test.log>
2021-08-03 16:38:04,988:DEBUG:in-event <InotifyEvent: src_path=b'/home/rabbia/To-DoList/test.log', wd=1, mask=IN_MODIFY, cookie=0, name=test.log>
2021-08-03 16:38:04,988:DEBUG:in-event <InotifyEvent: src_path=b'/home/rabbia/To-DoList/test.log', wd=1, mask=IN_MODIFY, cookie=0, name=test.log>
2021-08-03 16:38:04,989:DEBUG:in-event <InotifyEvent: src_path=b'/home/rabbia/To-DoList/test.log', wd=1, mask=IN_MODIFY, cookie=0, name=test.log>
2021-08-03 16:38:04,989:DEBUG:in-event <InotifyEvent: src_path=b'/home/rabbia/To-DoList/test.log', wd=1, mask=IN_MODIFY, cookie=0, name=test.log>
2021-08-03 16:38:04,989:DEBUG:in-event <InotifyEvent: src_path=b'/home/rabbia/To-DoList/test.log', wd=1, mask=IN_MODIFY, cookie=0, name=test.log>
2021-08-03 16:38:04,989:DEBUG:in-event <InotifyEvent: src_path=b'/home/rabbia/To-DoList/test.log', wd=1, mask=IN_MODIFY, cookie=0, name=test.log>
2021-08-03 16:38:04,989:DEBUG:in-event <InotifyEvent: src_path=b'/home/rabbia/To-DoList/test.log', wd=1, mask=IN_MODIFY, cookie=0, name=test.log>
2021-08-03 16:38:04,990:DEBUG:in-event <InotifyEvent: src_path=b'/home/rabbia/To-DoList/test.log', wd=1, mask=IN_MODIFY, cookie=0, name=test.log>
2021-08-03 16:38:04,990:DEBUG:in-event <InotifyEvent: src_path=b'/home/rabbia/To-DoList/test.log', wd=1, mask=IN_MODIFY, cookie=0, name=test.log>
2021-08-03 16:38:04,990:DEBUG:in-event <InotifyEvent: src_path=b'/home/rabbia/To-DoList/test.log', wd=1, mask=IN_MODIFY, cookie=0, name=test.log>
2021-08-03 16:38:04,990:DEBUG:in-event <InotifyEvent: src_path=b'/home/rabbia/To-DoList/test.log', wd=1, mask=IN_MODIFY, cookie=0, name=test.log>
2021-08-03 16:38:04,990:DEBUG:in-event <InotifyEvent: src_path=b'/home/rabbia/To-DoList/test.log', wd=1, mask=IN_MODIFY, cookie=0, name=test.log>
2021-08-03 16:38:04,990:DEBUG:in-event <InotifyEvent: src_path=b'/home/rabbia/To-DoList/test.log', wd=1, mask=IN_MODIFY, cookie=0, name=test.log>
2021-08-03 16:38:04,991:DEBUG:in-event <InotifyEvent: src_path=b'/home/rabbia/To-DoList/test.log', wd=1, mask=IN_MODIFY, cookie=0, name=test.log>
2021-08-03 16:38:04,991:DEBUG:in-event <InotifyEvent: src_path=b'/home/rabbia/To-DoList/test.log', wd=1, mask=IN_MODIFY, cookie=0, name=test.log>
2021-08-03 16:38:04,991:DEBUG:in-event <InotifyEvent: src_path=b'/home/rabbia/To-DoList/test.log', wd=1, mask=IN_MODIFY, cookie=0, name=test.log>
2021-08-03 16:38:04,991:DEBUG:in-event <InotifyEvent: src_path=b'/home/rabbia/To-DoList/test.log', wd=1, mask=IN_MODIFY, cookie=0, name=test.log>
2021-08-03 16:38:04,991:DEBUG:in-event <InotifyEvent: src_path=b'/home/rabbia/To-DoList/test.log', wd=1, mask=IN_MODIFY, cookie=0, name=test.log>
2021-08-03 16:38:04,991:DEBUG:in-event <InotifyEvent: src_path=b'/home/rabbia/To-DoList/test.log', wd=1, mask=IN_MODIFY, cookie=0, name=test.log>
2021-08-03 16:38:04,992:DEBUG:in-event <InotifyEvent: src_path=b'/home/rabbia/To-DoList/test.log', wd=1, mask=IN_MODIFY, cookie=0, name=test.log>
2021-08-03 16:38:04,992:DEBUG:in-event <InotifyEvent: src_path=b'/home/rabbia/To-DoList/test.log', wd=1, mask=IN_MODIFY, cookie=0, name=test.log>
2021-08-03 16:38:04,992:DEBUG:in-event <InotifyEvent: src_path=b'/home/rabbia/To-DoList/test.log', wd=1, mask=IN_MODIFY, cookie=0, name=test.log>
2021-08-03 16:38:04,992:DEBUG:in-event <InotifyEvent: src_path=b'/home/rabbia/To-DoList/test.log', wd=1, mask=IN_MODIFY, cookie=0, name=test.log>
2021-08-03 16:38:04,992:DEBUG:in-event <InotifyEvent: src_path=b'/home/rabbia/To-DoList/test.log', wd=1, mask=IN_MODIFY, cookie=0, name=test.log>
2021-08-03 16:38:04,992:DEBUG:in-event <InotifyEvent: src_path=b'/home/rabbia/To-DoList/test.log', wd=1, mask=IN_MODIFY, cookie=0, name=test.log>
2021-08-03 16:38:04,992:DEBUG:in-event <InotifyEvent: src_path=b'/home/rabbia/To-DoList/test.log', wd=1, mask=IN_MODIFY, cookie=0, name=test.log>
2021-08-03 16:38:04,993:DEBUG:in-event <InotifyEvent: src_path=b'/home/rabbia/To-DoList/test.log', wd=1, mask=IN_MODIFY, cookie=0, name=test.log>
2021-08-03 16:38:04,993:DEBUG:in-event <InotifyEvent: src_path=b'/home/rabbia/To-DoList/test.log', wd=1, mask=IN_MODIFY, cookie=0, name=test.log>
2021-08-03 16:38:04,993:DEBUG:in-event <InotifyEvent: src_path=b'/home/rabbia/To-DoList/test.log', wd=1, mask=IN_MODIFY, cookie=0, name=test.log>
2021-08-03 16:38:04,993:DEBUG:in-event <InotifyEvent: src_path=b'/home/rabbia/To-DoList/test.log', wd=1, mask=IN_MODIFY, cookie=0, name=test.log>
2021-08-03 16:38:04,993:DEBUG:in-event <InotifyEvent: src_path=b'/home/rabbia/To-DoList/test.log', wd=1, mask=IN_MODIFY, cookie=0, name=test.log>
2021-08-03 16:38:04,993:DEBUG:in-event <InotifyEvent: src_path=b'/home/rabbia/To-DoList/test.log', wd=1, mask=IN_MODIFY, cookie=0, name=test.log>
2021-08-03 16:38:04,994:DEBUG:in-event <InotifyEvent: src_path=b'/home/rabbia/To-DoList/test.log', wd=1, mask=IN_MODIFY, cookie=0, name=test.log>
2021-08-03 16:38:04,994:DEBUG:in-event <InotifyEvent: src_path=b'/home/rabbia/To-DoList/test.log', wd=1, mask=IN_MODIFY, cookie=0, name=test.log>
2021-08-03 16:38:04,994:DEBUG:in-event <InotifyEvent: src_path=b'/home/rabbia/To-DoList/test.log', wd=1, mask=IN_MODIFY, cookie=0, name=test.log>
2021-08-03 16:38:04,994:DEBUG:in-event <InotifyEvent: src_path=b'/home/rabbia/To-DoList/test.log', wd=1, mask=IN_MODIFY, cookie=0, name=test.log>
2021-08-03 16:38:04,994:DEBUG:in-event <InotifyEvent: src_path=b'/home/rabbia/To-DoList/test.log', wd=1, mask=IN_MODIFY, cookie=0, name=test.log>
2021-08-03 16:38:04,994:DEBUG:in-event <InotifyEvent: src_path=b'/home/rabbia/To-DoList/test.log', wd=1, mask=IN_MODIFY, cookie=0, name=test.log>
2021-08-03 16:38:04,995:DEBUG:in-event <InotifyEvent: src_path=b'/home/rabbia/To-DoList/test.log', wd=1, mask=IN_MODIFY, cookie=0, name=test.log>
2021-08-03 16:38:04,995:DEBUG:in-event <InotifyEvent: src_path=b'/home/rabbia/To-DoList/test.log', wd=1, mask=IN_MODIFY, cookie=0, name=test.log>
2021-08-03 16:38:04,995:DEBUG:in-event <InotifyEvent: src_path=b'/home/rabbia/To-DoList/test.log', wd=1, mask=IN_MODIFY, cookie=0, name=test.log>
2021-08-03 16:38:04,995:DEBUG:in-event <InotifyEvent: src_path=b'/home/rabbia/To-DoList/test.log', wd=1, mask=IN_MODIFY, cookie=0, name=test.log>
2021-08-03 16:38:04,995:DEBUG:in-event <InotifyEvent: src_path=b'/home/rabbia/To-DoList/test.log', wd=1, mask=IN_MODIFY, cookie=0, name=test.log>
2021-08-03 16:38:04,995:DEBUG:in-event <InotifyEvent: src_path=b'/home/rabbia/To-DoList/test.log', wd=1, mask=IN_MODIFY, cookie=0, name=test.log>
2021-08-03 16:38:04,996:DEBUG:in-event <InotifyEvent: src_path=b'/home/rabbia/To-DoList/test.log', wd=1, mask=IN_MODIFY, cookie=0, name=test.log>
2021-08-03 16:38:04,996:DEBUG:in-event <InotifyEvent: src_path=b'/home/rabbia/To-DoList/test.log', wd=1, mask=IN_MODIFY, cookie=0, name=test.log>
2021-08-03 16:38:04,996:DEBUG:in-event <InotifyEvent: src_path=b'/home/rabbia/To-DoList/test.log', wd=1, mask=IN_MODIFY, cookie=0, name=test.log>
2021-08-03 16:38:04,996:DEBUG:in-event <InotifyEvent: src_path=b'/home/rabbia/To-DoList/test.log', wd=1, mask=IN_MODIFY, cookie=0, name=test.log>
2021-08-03 16:38:04,996:DEBUG:in-event <InotifyEvent: src_path=b'/home/rabbia/To-DoList/test.log', wd=1, mask=IN_MODIFY, cookie=0, name=test.log>
2021-08-03 16:38:04,996:DEBUG:in-event <InotifyEvent: src_path=b'/home/rabbia/To-DoList/test.log', wd=1, mask=IN_MODIFY, cookie=0, name=test.log>
2021-08-03 16:38:04,997:DEBUG:in-event <InotifyEvent: src_path=b'/home/rabbia/To-DoList/test.log', wd=1, mask=IN_MODIFY, cookie=0, name=test.log>
2021-08-03 16:38:04,997:DEBUG:in-event <InotifyEvent: src_path=b'/home/rabbia/To-DoList/test.log', wd=1, mask=IN_MODIFY, cookie=0, name=test.log>
2021-08-03 16:38:04,997:DEBUG:in-event <InotifyEvent: src_path=b'/home/rabbia/To-DoList/test.log', wd=1, mask=IN_MODIFY, cookie=0, name=test.log>
2021-08-03 16:38:04,997:DEBUG:in-event <InotifyEvent: src_path=b'/home/rabbia/To-DoList/test.log', wd=1, mask=IN_MODIFY, cookie=0, name=test.log>
2021-08-03 16:38:04,998:DEBUG:in-event <InotifyEvent: src_path=b'/home/rabbia/To-DoList/test.log', wd=1, mask=IN_MODIFY, cookie=0, name=test.log>
2021-08-03 16:38:04,998:DEBUG:in-event <InotifyEvent: src_path=b'/home/rabbia/To-DoList/test.log', wd=1, mask=IN_MODIFY, cookie=0, name=test.log>
2021-08-03 16:38:04,998:DEBUG:in-event <InotifyEvent: src_path=b'/home/rabbia/To-DoList/test.log', wd=1, mask=IN_MODIFY, cookie=0, name=test.log>
2021-08-03 16:38:04,998:DEBUG:in-event <InotifyEvent: src_path=b'/home/rabbia/To-DoList/test.log', wd=1, mask=IN_MODIFY, cookie=0, name=test.log>
2021-08-03 16:38:04,998:DEBUG:in-event <InotifyEvent: src_path=b'/home/rabbia/To-DoList/test.log', wd=1, mask=IN_MODIFY, cookie=0, name=test.log>
2021-08-03 16:38:04,998:DEBUG:in-event <InotifyEvent: src_path=b'/home/rabbia/To-DoList/test.log', wd=1, mask=IN_MODIFY, cookie=0, name=test.log>
2021-08-03 16:38:04,999:DEBUG:in-event <InotifyEvent: src_path=b'/home/rabbia/To-DoList/test.log', wd=1, mask=IN_MODIFY, cookie=0, name=test.log>
2021-08-03 16:38:04,999:DEBUG:in-event <InotifyEvent: src_path=b'/home/rabbia/To-DoList/test.log', wd=1, mask=IN_MODIFY, cookie=0, name=test.log>
2021-08-03 16:38:04,999:DEBUG:in-event <InotifyEvent: src_path=b'/home/rabbia/To-DoList/test.log', wd=1, mask=IN_MODIFY, cookie=0, name=test.log>
2021-08-03 16:38:04,999:DEBUG:in-event <InotifyEvent: src_path=b'/home/rabbia/To-DoList/test.log', wd=1, mask=IN_MODIFY, cookie=0, name=test.log>
2021-08-03 16:38:04,999:DEBUG:in-event <InotifyEvent: src_path=b'/home/rabbia/To-DoList/test.log', wd=1, mask=IN_MODIFY, cookie=0, name=test.log>
2021-08-03 16:38:04,999:DEBUG:in-event <InotifyEvent: src_path=b'/home/rabbia/To-DoList/test.log', wd=1, mask=IN_MODIFY, cookie=0, name=test.log>
2021-08-03 16:38:05,000:DEBUG:in-event <InotifyEvent: src_path=b'/home/rabbia/To-DoList/test.log', wd=1, mask=IN_MODIFY, cookie=0, name=test.log>
2021-08-03 16:38:05,000:DEBUG:in-event <InotifyEvent: src_path=b'/home/rabbia/To-DoList/test.log', wd=1, mask=IN_MODIFY, cookie=0, name=test.log>
2021-08-03 16:38:05,000:DEBUG:in-event <InotifyEvent: src_path=b'/home/rabbia/To-DoList/test.log', wd=1, mask=IN_MODIFY, cookie=0, name=test.log>
2021-08-03 16:38:05,000:DEBUG:in-event <InotifyEvent: src_path=b'/home/rabbia/To-DoList/test.log', wd=1, mask=IN_MODIFY, cookie=0, name=test.log>
2021-08-03 16:38:05,001:DEBUG:in-event <InotifyEvent: src_path=b'/home/rabbia/To-DoList/test.log', wd=1, mask=IN_MODIFY, cookie=0, name=test.log>
2021-08-03 16:38:05,001:DEBUG:in-event <InotifyEvent: src_path=b'/home/rabbia/To-DoList/test.log', wd=1, mask=IN_MODIFY, cookie=0, name=test.log>
2021-08-03 16:38:05,001:DEBUG:in-event <InotifyEvent: src_path=b'/home/rabbia/To-DoList/test.log', wd=1, mask=IN_MODIFY, cookie=0, name=test.log>
2021-08-03 16:38:05,001:DEBUG:in-event <InotifyEvent: src_path=b'/home/rabbia/To-DoList/test.log', wd=1, mask=IN_MODIFY, cookie=0, name=test.log>
2021-08-03 16:38:05,001:DEBUG:in-event <InotifyEvent: src_path=b'/home/rabbia/To-DoList/test.log', wd=1, mask=IN_MODIFY, cookie=0, name=test.log>
2021-08-03 16:38:05,001:DEBUG:in-event <InotifyEvent: src_path=b'/home/rabbia/To-DoList/test.log', wd=1, mask=IN_MODIFY, cookie=0, name=test.log>
2021-08-03 16:38:05,002:DEBUG:in-event <InotifyEvent: src_path=b'/home/rabbia/To-DoList/test.log', wd=1, mask=IN_MODIFY, cookie=0, name=test.log>
2021-08-03 16:38:05,002:DEBUG:in-event <InotifyEvent: src_path=b'/home/rabbia/To-DoList/test.log', wd=1, mask=IN_MODIFY, cookie=0, name=test.log>
2021-08-03 16:38:05,002:DEBUG:in-event <InotifyEvent: src_path=b'/home/rabbia/To-DoList/test.log', wd=1, mask=IN_MODIFY, cookie=0, name=test.log>
2021-08-03 16:38:05,002:DEBUG:in-event <InotifyEvent: src_path=b'/home/rabbia/To-DoList/test.log', wd=1, mask=IN_MODIFY, cookie=0, name=test.log>
2021-08-03 16:38:05,002:DEBUG:in-event <InotifyEvent: src_path=b'/home/rabbia/To-DoList/test.log', wd=1, mask=IN_MODIFY, cookie=0, name=test.log>
2021-08-03 16:38:05,002:DEBUG:in-event <InotifyEvent: src_path=b'/home/rabbia/To-DoList/test.log', wd=1, mask=IN_MODIFY, cookie=0, name=test.log>
2021-08-03 16:38:05,002:DEBUG:in-event <InotifyEvent: src_path=b'/home/rabbia/To-DoList/test.log', wd=1, mask=IN_MODIFY, cookie=0, name=test.log>
2021-08-03 16:38:05,003:DEBUG:in-event <InotifyEvent: src_path=b'/home/rabbia/To-DoList/test.log', wd=1, mask=IN_MODIFY, cookie=0, name=test.log>
2021-08-03 16:38:05,003:DEBUG:in-event <InotifyEvent: src_path=b'/home/rabbia/To-DoList/test.log', wd=1, mask=IN_MODIFY, cookie=0, name=test.log>
2021-08-03 16:38:05,003:DEBUG:in-event <InotifyEvent: src_path=b'/home/rabbia/To-DoList/test.log', wd=1, mask=IN_MODIFY, cookie=0, name=test.log>
2021-08-03 16:38:05,003:DEBUG:in-event <InotifyEvent: src_path=b'/home/rabbia/To-DoList/test.log', wd=1, mask=IN_MODIFY, cookie=0, name=test.log>
2021-08-03 16:38:05,003:DEBUG:in-event <InotifyEvent: src_path=b'/home/rabbia/To-DoList/test.log', wd=1, mask=IN_MODIFY, cookie=0, name=test.log>
2021-08-03 16:38:05,003:DEBUG:in-event <InotifyEvent: src_path=b'/home/rabbia/To-DoList/test.log', wd=1, mask=IN_MODIFY, cookie=0, name=test.log>
2021-08-03 16:38:05,004:DEBUG:in-event <InotifyEvent: src_path=b'/home/rabbia/To-DoList/test.log', wd=1, mask=IN_MODIFY, cookie=0, name=test.log>
2021-08-03 16:38:05,004:DEBUG:in-event <InotifyEvent: src_path=b'/home/rabbia/To-DoList/test.log', wd=1, mask=IN_MODIFY, cookie=0, name=test.log>
2021-08-03 16:38:05,004:DEBUG:in-event <InotifyEvent: src_path=b'/home/rabbia/To-DoList/test.log', wd=1, mask=IN_MODIFY, cookie=0, name=test.log>
2021-08-03 16:38:05,004:DEBUG:in-event <InotifyEvent: src_path=b'/home/rabbia/To-DoList/test.log', wd=1, mask=IN_MODIFY, cookie=0, name=test.log>
2021-08-03 16:38:05,004:DEBUG:in-event <InotifyEvent: src_path=b'/home/rabbia/To-DoList/test.log', wd=1, mask=IN_MODIFY, cookie=0, name=test.log>
2021-08-03 16:38:05,005:DEBUG:in-event <InotifyEvent: src_path=b'/home/rabbia/To-DoList/test.log', wd=1, mask=IN_MODIFY, cookie=0, name=test.log>
2021-08-03 16:38:05,005:DEBUG:in-event <InotifyEvent: src_path=b'/home/rabbia/To-DoList/test.log', wd=1, mask=IN_MODIFY, cookie=0, name=test.log>
2021-08-03 16:38:05,005:DEBUG:in-event <InotifyEvent: src_path=b'/home/rabbia/To-DoList/test.log', wd=1, mask=IN_MODIFY, cookie=0, name=test.log>
2021-08-03 16:38:05,005:DEBUG:in-event <InotifyEvent: src_path=b'/home/rabbia/To-DoList/test.log', wd=1, mask=IN_MODIFY, cookie=0, name=test.log>
2021-08-03 16:38:05,005:DEBUG:in-event <InotifyEvent: src_path=b'/home/rabbia/To-DoList/test.log', wd=1, mask=IN_MODIFY, cookie=0, name=test.log>
2021-08-03 16:38:05,005:DEBUG:in-event <InotifyEvent: src_path=b'/home/rabbia/To-DoList/test.log', wd=1, mask=IN_MODIFY, cookie=0, name=test.log>
2021-08-03 16:38:05,006:DEBUG:in-event <InotifyEvent: src_path=b'/home/rabbia/To-DoList/test.log', wd=1, mask=IN_MODIFY, cookie=0, name=test.log>
2021-08-03 16:38:05,006:DEBUG:in-event <InotifyEvent: src_path=b'/home/rabbia/To-DoList/test.log', wd=1, mask=IN_MODIFY, cookie=0, name=test.log>
2021-08-03 16:38:05,006:DEBUG:in-event <InotifyEvent: src_path=b'/home/rabbia/To-DoList/test.log', wd=1, mask=IN_MODIFY, cookie=0, name=test.log>
2021-08-03 16:38:05,006:DEBUG:in-event <InotifyEvent: src_path=b'/home/rabbia/To-DoList/test.log', wd=1, mask=IN_MODIFY, cookie=0, name=test.log>
2021-08-03 16:38:05,006:DEBUG:in-event <InotifyEvent: src_path=b'/home/rabbia/To-DoList/test.log', wd=1, mask=IN_MODIFY, cookie=0, name=test.log>
2021-08-03 16:38:05,006:DEBUG:in-event <InotifyEvent: src_path=b'/home/rabbia/To-DoList/test.log', wd=1, mask=IN_MODIFY, cookie=0, name=test.log>
2021-08-03 16:38:05,006:DEBUG:in-event <InotifyEvent: src_path=b'/home/rabbia/To-DoList/test.log', wd=1, mask=IN_MODIFY, cookie=0, name=test.log>
2021-08-03 16:38:05,007:DEBUG:in-event <InotifyEvent: src_path=b'/home/rabbia/To-DoList/test.log', wd=1, mask=IN_MODIFY, cookie=0, name=test.log>
2021-08-03 16:38:05,007:DEBUG:in-event <InotifyEvent: src_path=b'/home/rabbia/To-DoList/test.log', wd=1, mask=IN_MODIFY, cookie=0, name=test.log>
2021-08-03 16:38:05,007:DEBUG:in-event <InotifyEvent: src_path=b'/home/rabbia/To-DoList/test.log', wd=1, mask=IN_MODIFY, cookie=0, name=test.log>
2021-08-03 16:38:05,007:DEBUG:in-event <InotifyEvent: src_path=b'/home/rabbia/To-DoList/test.log', wd=1, mask=IN_MODIFY, cookie=0, name=test.log>
2021-08-03 16:38:05,007:DEBUG:in-event <InotifyEvent: src_path=b'/home/rabbia/To-DoList/test.log', wd=1, mask=IN_MODIFY, cookie=0, name=test.log>
2021-08-03 16:38:05,007:DEBUG:in-event <InotifyEvent: src_path=b'/home/rabbia/To-DoList/test.log', wd=1, mask=IN_MODIFY, cookie=0, name=test.log>
2021-08-03 16:38:05,008:DEBUG:in-event <InotifyEvent: src_path=b'/home/rabbia/To-DoList/test.log', wd=1, mask=IN_MODIFY, cookie=0, name=test.log>
2021-08-03 16:38:05,008:DEBUG:in-event <InotifyEvent: src_path=b'/home/rabbia/To-DoList/test.log', wd=1, mask=IN_MODIFY, cookie=0, name=test.log>
2021-08-03 16:38:05,008:DEBUG:in-event <InotifyEvent: src_path=b'/home/rabbia/To-DoList/test.log', wd=1, mask=IN_MODIFY, cookie=0, name=test.log>
2021-08-03 16:38:05,008:DEBUG:in-event <InotifyEvent: src_path=b'/home/rabbia/To-DoList/test.log', wd=1, mask=IN_MODIFY, cookie=0, name=test.log>
2021-08-03 16:38:05,008:DEBUG:in-event <InotifyEvent: src_path=b'/home/rabbia/To-DoList/test.log', wd=1, mask=IN_MODIFY, cookie=0, name=test.log>
2021-08-03 16:38:05,009:DEBUG:in-event <InotifyEvent: src_path=b'/home/rabbia/To-DoList/test.log', wd=1, mask=IN_MODIFY, cookie=0, name=test.log>
2021-08-03 16:38:05,009:DEBUG:in-event <InotifyEvent: src_path=b'/home/rabbia/To-DoList/test.log', wd=1, mask=IN_MODIFY, cookie=0, name=test.log>
2021-08-03 16:38:05,009:DEBUG:in-event <InotifyEvent: src_path=b'/home/rabbia/To-DoList/test.log', wd=1, mask=IN_MODIFY, cookie=0, name=test.log>
2021-08-03 16:38:05,009:DEBUG:in-event <InotifyEvent: src_path=b'/home/rabbia/To-DoList/test.log', wd=1, mask=IN_MODIFY, cookie=0, name=test.log>
2021-08-03 16:38:05,009:DEBUG:in-event <InotifyEvent: src_path=b'/home/rabbia/To-DoList/test.log', wd=1, mask=IN_MODIFY, cookie=0, name=test.log>
2021-08-03 16:38:05,009:DEBUG:in-event <InotifyEvent: src_path=b'/home/rabbia/To-DoList/test.log', wd=1, mask=IN_MODIFY, cookie=0, name=test.log>
2021-08-03 16:38:05,010:DEBUG:in-event <InotifyEvent: src_path=b'/home/rabbia/To-DoList/test.log', wd=1, mask=IN_MODIFY, cookie=0, name=test.log>
2021-08-03 16:38:05,010:DEBUG:in-event <InotifyEvent: src_path=b'/home/rabbia/To-DoList/test.log', wd=1, mask=IN_MODIFY, cookie=0, name=test.log>
2021-08-03 16:38:05,010:DEBUG:in-event <InotifyEvent: src_path=b'/home/rabbia/To-DoList/test.log', wd=1, mask=IN_MODIFY, cookie=0, name=test.log>
2021-08-03 16:38:05,010:DEBUG:in-event <InotifyEvent: src_path=b'/home/rabbia/To-DoList/test.log', wd=1, mask=IN_MODIFY, cookie=0, name=test.log>
2021-08-03 16:38:05,010:DEBUG:in-event <InotifyEvent: src_path=b'/home/rabbia/To-DoList/test.log', wd=1, mask=IN_MODIFY, cookie=0, name=test.log>
2021-08-03 16:38:05,010:DEBUG:in-event <InotifyEvent: src_path=b'/home/rabbia/To-DoList/test.log', wd=1, mask=IN_MODIFY, cookie=0, name=test.log>
2021-08-03 16:38:05,011:DEBUG:in-event <InotifyEvent: src_path=b'/home/rabbia/To-DoList/test.log', wd=1, mask=IN_MODIFY, cookie=0, name=test.log>
2021-08-03 16:38:05,011:DEBUG:in-event <InotifyEvent: src_path=b'/home/rabbia/To-DoList/test.log', wd=1, mask=IN_MODIFY, cookie=0, name=test.log>
2021-08-03 16:38:05,011:DEBUG:in-event <InotifyEvent: src_path=b'/home/rabbia/To-DoList/test.log', wd=1, mask=IN_MODIFY, cookie=0, name=test.log>
2021-08-03 16:38:05,011:DEBUG:in-event <InotifyEvent: src_path=b'/home/rabbia/To-DoList/test.log', wd=1, mask=IN_MODIFY, cookie=0, name=test.log>
2021-08-03 16:38:05,011:DEBUG:in-event <InotifyEvent: src_path=b'/home/rabbia/To-DoList/test.log', wd=1, mask=IN_MODIFY, cookie=0, name=test.log>
2021-08-03 16:38:05,012:DEBUG:in-event <InotifyEvent: src_path=b'/home/rabbia/To-DoList/test.log', wd=1, mask=IN_MODIFY, cookie=0, name=test.log>
2021-08-03 16:38:05,012:DEBUG:in-event <InotifyEvent: src_path=b'/home/rabbia/To-DoList/test.log', wd=1, mask=IN_MODIFY, cookie=0, name=test.log>
2021-08-03 16:38:05,012:DEBUG:in-event <InotifyEvent: src_path=b'/home/rabbia/To-DoList/test.log', wd=1, mask=IN_MODIFY, cookie=0, name=test.log>
2021-08-03 16:38:05,012:DEBUG:in-event <InotifyEvent: src_path=b'/home/rabbia/To-DoList/test.log', wd=1, mask=IN_MODIFY, cookie=0, name=test.log>
2021-08-03 16:38:05,012:DEBUG:in-event <InotifyEvent: src_path=b'/home/rabbia/To-DoList/test.log', wd=1, mask=IN_MODIFY, cookie=0, name=test.log>
2021-08-03 16:38:05,012:DEBUG:in-event <InotifyEvent: src_path=b'/home/rabbia/To-DoList/test.log', wd=1, mask=IN_MODIFY, cookie=0, name=test.log>
2021-08-03 16:38:05,013:DEBUG:in-event <InotifyEvent: src_path=b'/home/rabbia/To-DoList/test.log', wd=1, mask=IN_MODIFY, cookie=0, name=test.log>
2021-08-03 16:38:05,013:DEBUG:in-event <InotifyEvent: src_path=b'/home/rabbia/To-DoList/test.log', wd=1, mask=IN_MODIFY, cookie=0, name=test.log>
2021-08-03 16:38:05,013:DEBUG:in-event <InotifyEvent: src_path=b'/home/rabbia/To-DoList/test.log', wd=1, mask=IN_MODIFY, cookie=0, name=test.log>
2021-08-03 16:38:05,013:DEBUG:in-event <InotifyEvent: src_path=b'/home/rabbia/To-DoList/test.log', wd=1, mask=IN_MODIFY, cookie=0, name=test.log>
2021-08-03 16:38:05,013:DEBUG:in-event <InotifyEvent: src_path=b'/home/rabbia/To-DoList/test.log', wd=1, mask=IN_MODIFY, cookie=0, name=test.log>
2021-08-03 16:38:05,013:DEBUG:in-event <InotifyEvent: src_path=b'/home/rabbia/To-DoList/test.log', wd=1, mask=IN_MODIFY, cookie=0, name=test.log>
2021-08-03 16:38:05,013:DEBUG:in-event <InotifyEvent: src_path=b'/home/rabbia/To-DoList/test.log', wd=1, mask=IN_MODIFY, cookie=0, name=test.log>
2021-08-03 16:38:05,013:DEBUG:in-event <InotifyEvent: src_path=b'/home/rabbia/To-DoList/test.log', wd=1, mask=IN_MODIFY, cookie=0, name=test.log>
2021-08-03 16:38:05,013:DEBUG:in-event <InotifyEvent: src_path=b'/home/rabbia/To-DoList/test.log', wd=1, mask=IN_MODIFY, cookie=0, name=test.log>
2021-08-03 16:38:05,014:DEBUG:in-event <InotifyEvent: src_path=b'/home/rabbia/To-DoList/test.log', wd=1, mask=IN_MODIFY, cookie=0, name=test.log>
2021-08-03 16:38:05,014:DEBUG:in-event <InotifyEvent: src_path=b'/home/rabbia/To-DoList/test.log', wd=1, mask=IN_MODIFY, cookie=0, name=test.log>
2021-08-03 16:38:05,014:DEBUG:in-event <InotifyEvent: src_path=b'/home/rabbia/To-DoList/test.log', wd=1, mask=IN_MODIFY, cookie=0, name=test.log>
2021-08-03 16:38:05,014:DEBUG:in-event <InotifyEvent: src_path=b'/home/rabbia/To-DoList/test.log', wd=1, mask=IN_MODIFY, cookie=0, name=test.log>
2021-08-03 16:38:05,014:DEBUG:in-event <InotifyEvent: src_path=b'/home/rabbia/To-DoList/test.log', wd=1, mask=IN_MODIFY, cookie=0, name=test.log>
2021-08-03 16:38:05,014:DEBUG:in-event <InotifyEvent: src_path=b'/home/rabbia/To-DoList/test.log', wd=1, mask=IN_MODIFY, cookie=0, name=test.log>
2021-08-03 16:38:05,014:DEBUG:in-event <InotifyEvent: src_path=b'/home/rabbia/To-DoList/test.log', wd=1, mask=IN_MODIFY, cookie=0, name=test.log>
2021-08-03 16:38:05,014:DEBUG:in-event <InotifyEvent: src_path=b'/home/rabbia/To-DoList/test.log', wd=1, mask=IN_MODIFY, cookie=0, name=test.log>
2021-08-03 16:38:05,015:DEBUG:in-event <InotifyEvent: src_path=b'/home/rabbia/To-DoList/test.log', wd=1, mask=IN_MODIFY, cookie=0, name=test.log>
2021-08-03 16:38:05,015:DEBUG:in-event <InotifyEvent: src_path=b'/home/rabbia/To-DoList/test.log', wd=1, mask=IN_MODIFY, cookie=0, name=test.log>
2021-08-03 16:38:05,015:DEBUG:in-event <InotifyEvent: src_path=b'/home/rabbia/To-DoList/test.log', wd=1, mask=IN_MODIFY, cookie=0, name=test.log>
2021-08-03 16:38:05,015:DEBUG:in-event <InotifyEvent: src_path=b'/home/rabbia/To-DoList/test.log', wd=1, mask=IN_MODIFY, cookie=0, name=test.log>
2021-08-03 16:38:05,015:DEBUG:in-event <InotifyEvent: src_path=b'/home/rabbia/To-DoList/test.log', wd=1, mask=IN_MODIFY, cookie=0, name=test.log>
2021-08-03 16:38:05,015:DEBUG:in-event <InotifyEvent: src_path=b'/home/rabbia/To-DoList/test.log', wd=1, mask=IN_MODIFY, cookie=0, name=test.log>
2021-08-03 16:38:05,016:DEBUG:in-event <InotifyEvent: src_path=b'/home/rabbia/To-DoList/test.log', wd=1, mask=IN_MODIFY, cookie=0, name=test.log>
2021-08-03 16:38:05,016:DEBUG:in-event <InotifyEvent: src_path=b'/home/rabbia/To-DoList/test.log', wd=1, mask=IN_MODIFY, cookie=0, name=test.log>
2021-08-03 16:38:05,016:DEBUG:in-event <InotifyEvent: src_path=b'/home/rabbia/To-DoList/test.log', wd=1, mask=IN_MODIFY, cookie=0, name=test.log>
2021-08-03 16:38:05,016:DEBUG:in-event <InotifyEvent: src_path=b'/home/rabbia/To-DoList/test.log', wd=1, mask=IN_MODIFY, cookie=0, name=test.log>
2021-08-03 16:38:05,016:DEBUG:in-event <InotifyEvent: src_path=b'/home/rabbia/To-DoList/test.log', wd=1, mask=IN_MODIFY, cookie=0, name=test.log>
2021-08-03 16:38:05,016:DEBUG:in-event <InotifyEvent: src_path=b'/home/rabbia/To-DoList/test.log', wd=1, mask=IN_MODIFY, cookie=0, name=test.log>
2021-08-03 16:38:05,017:DEBUG:in-event <InotifyEvent: src_path=b'/home/rabbia/To-DoList/test.log', wd=1, mask=IN_MODIFY, cookie=0, name=test.log>
2021-08-03 16:38:05,017:DEBUG:in-event <InotifyEvent: src_path=b'/home/rabbia/To-DoList/test.log', wd=1, mask=IN_MODIFY, cookie=0, name=test.log>
2021-08-03 16:38:05,017:DEBUG:in-event <InotifyEvent: src_path=b'/home/rabbia/To-DoList/test.log', wd=1, mask=IN_MODIFY, cookie=0, name=test.log>
2021-08-03 16:38:05,017:DEBUG:in-event <InotifyEvent: src_path=b'/home/rabbia/To-DoList/test.log', wd=1, mask=IN_MODIFY, cookie=0, name=test.log>
2021-08-03 16:38:05,017:DEBUG:in-event <InotifyEvent: src_path=b'/home/rabbia/To-DoList/test.log', wd=1, mask=IN_MODIFY, cookie=0, name=test.log>
2021-08-03 16:38:05,017:DEBUG:in-event <InotifyEvent: src_path=b'/home/rabbia/To-DoList/test.log', wd=1, mask=IN_MODIFY, cookie=0, name=test.log>
2021-08-03 16:38:05,017:DEBUG:in-event <InotifyEvent: src_path=b'/home/rabbia/To-DoList/test.log', wd=1, mask=IN_MODIFY, cookie=0, name=test.log>
2021-08-03 16:38:05,017:DEBUG:in-event <InotifyEvent: src_path=b'/home/rabbia/To-DoList/test.log', wd=1, mask=IN_MODIFY, cookie=0, name=test.log>
2021-08-03 16:38:05,018:DEBUG:in-event <InotifyEvent: src_path=b'/home/rabbia/To-DoList/test.log', wd=1, mask=IN_MODIFY, cookie=0, name=test.log>
2021-08-03 16:38:05,018:DEBUG:in-event <InotifyEvent: src_path=b'/home/rabbia/To-DoList/test.log', wd=1, mask=IN_MODIFY, cookie=0, name=test.log>
2021-08-03 16:38:05,018:DEBUG:in-event <InotifyEvent: src_path=b'/home/rabbia/To-DoList/test.log', wd=1, mask=IN_MODIFY, cookie=0, name=test.log>
2021-08-03 16:38:05,018:DEBUG:in-event <InotifyEvent: src_path=b'/home/rabbia/To-DoList/test.log', wd=1, mask=IN_MODIFY, cookie=0, name=test.log>
2021-08-03 16:38:05,018:DEBUG:in-event <InotifyEvent: src_path=b'/home/rabbia/To-DoList/test.log', wd=1, mask=IN_MODIFY, cookie=0, name=test.log>
2021-08-03 16:38:05,019:DEBUG:in-event <InotifyEvent: src_path=b'/home/rabbia/To-DoList/test.log', wd=1, mask=IN_MODIFY, cookie=0, name=test.log>
2021-08-03 16:38:05,019:DEBUG:in-event <InotifyEvent: src_path=b'/home/rabbia/To-DoList/test.log', wd=1, mask=IN_MODIFY, cookie=0, name=test.log>
2021-08-03 16:38:05,019:DEBUG:in-event <InotifyEvent: src_path=b'/home/rabbia/To-DoList/test.log', wd=1, mask=IN_MODIFY, cookie=0, name=test.log>
2021-08-03 16:38:05,019:DEBUG:in-event <InotifyEvent: src_path=b'/home/rabbia/To-DoList/test.log', wd=1, mask=IN_MODIFY, cookie=0, name=test.log>
2021-08-03 16:38:05,020:DEBUG:in-event <InotifyEvent: src_path=b'/home/rabbia/To-DoList/test.log', wd=1, mask=IN_MODIFY, cookie=0, name=test.log>
2021-08-03 16:38:05,020:DEBUG:in-event <InotifyEvent: src_path=b'/home/rabbia/To-DoList/test.log', wd=1, mask=IN_MODIFY, cookie=0, name=test.log>
2021-08-03 16:38:05,020:DEBUG:in-event <InotifyEvent: src_path=b'/home/rabbia/To-DoList/test.log', wd=1, mask=IN_MODIFY, cookie=0, name=test.log>
2021-08-03 16:38:05,020:DEBUG:in-event <InotifyEvent: src_path=b'/home/rabbia/To-DoList/test.log', wd=1, mask=IN_MODIFY, cookie=0, name=test.log>
2021-08-03 16:38:05,021:DEBUG:in-event <InotifyEvent: src_path=b'/home/rabbia/To-DoList/test.log', wd=1, mask=IN_MODIFY, cookie=0, name=test.log>
2021-08-03 16:38:05,021:DEBUG:in-event <InotifyEvent: src_path=b'/home/rabbia/To-DoList/test.log', wd=1, mask=IN_MODIFY, cookie=0, name=test.log>
2021-08-03 16:38:05,021:DEBUG:in-event <InotifyEvent: src_path=b'/home/rabbia/To-DoList/test.log', wd=1, mask=IN_MODIFY, cookie=0, name=test.log>
2021-08-03 16:38:05,021:DEBUG:in-event <InotifyEvent: src_path=b'/home/rabbia/To-DoList/test.log', wd=1, mask=IN_MODIFY, cookie=0, name=test.log>
2021-08-03 16:38:05,021:DEBUG:in-event <InotifyEvent: src_path=b'/home/rabbia/To-DoList/test.log', wd=1, mask=IN_MODIFY, cookie=0, name=test.log>
2021-08-03 16:38:05,022:DEBUG:in-event <InotifyEvent: src_path=b'/home/rabbia/To-DoList/test.log', wd=1, mask=IN_MODIFY, cookie=0, name=test.log>
2021-08-03 16:38:05,022:DEBUG:in-event <InotifyEvent: src_path=b'/home/rabbia/To-DoList/test.log', wd=1, mask=IN_MODIFY, cookie=0, name=test.log>
2021-08-03 16:38:05,022:DEBUG:in-event <InotifyEvent: src_path=b'/home/rabbia/To-DoList/test.log', wd=1, mask=IN_MODIFY, cookie=0, name=test.log>
2021-08-03 16:38:05,022:DEBUG:in-event <InotifyEvent: src_path=b'/home/rabbia/To-DoList/test.log', wd=1, mask=IN_MODIFY, cookie=0, name=test.log>
2021-08-03 16:38:05,022:DEBUG:in-event <InotifyEvent: src_path=b'/home/rabbia/To-DoList/test.log', wd=1, mask=IN_MODIFY, cookie=0, name=test.log>
2021-08-03 16:38:05,023:DEBUG:in-event <InotifyEvent: src_path=b'/home/rabbia/To-DoList/test.log', wd=1, mask=IN_MODIFY, cookie=0, name=test.log>
2021-08-03 16:38:05,023:DEBUG:in-event <InotifyEvent: src_path=b'/home/rabbia/To-DoList/test.log', wd=1, mask=IN_MODIFY, cookie=0, name=test.log>
2021-08-03 16:38:05,023:DEBUG:in-event <InotifyEvent: src_path=b'/home/rabbia/To-DoList/test.log', wd=1, mask=IN_MODIFY, cookie=0, name=test.log>
2021-08-03 16:38:05,023:DEBUG:in-event <InotifyEvent: src_path=b'/home/rabbia/To-DoList/test.log', wd=1, mask=IN_MODIFY, cookie=0, name=test.log>
2021-08-03 16:38:05,024:DEBUG:in-event <InotifyEvent: src_path=b'/home/rabbia/To-DoList/test.log', wd=1, mask=IN_MODIFY, cookie=0, name=test.log>
2021-08-03 16:38:05,024:DEBUG:in-event <InotifyEvent: src_path=b'/home/rabbia/To-DoList/test.log', wd=1, mask=IN_MODIFY, cookie=0, name=test.log>
2021-08-03 16:38:05,024:DEBUG:in-event <InotifyEvent: src_path=b'/home/rabbia/To-DoList/test.log', wd=1, mask=IN_MODIFY, cookie=0, name=test.log>
2021-08-03 16:38:05,024:DEBUG:in-event <InotifyEvent: src_path=b'/home/rabbia/To-DoList/test.log', wd=1, mask=IN_MODIFY, cookie=0, name=test.log>
2021-08-03 16:38:05,025:DEBUG:in-event <InotifyEvent: src_path=b'/home/rabbia/To-DoList/test.log', wd=1, mask=IN_MODIFY, cookie=0, name=test.log>
2021-08-03 16:38:05,025:DEBUG:in-event <InotifyEvent: src_path=b'/home/rabbia/To-DoList/test.log', wd=1, mask=IN_MODIFY, cookie=0, name=test.log>
2021-08-03 16:38:05,025:DEBUG:in-event <InotifyEvent: src_path=b'/home/rabbia/To-DoList/test.log', wd=1, mask=IN_MODIFY, cookie=0, name=test.log>
2021-08-03 16:38:05,025:DEBUG:in-event <InotifyEvent: src_path=b'/home/rabbia/To-DoList/test.log', wd=1, mask=IN_MODIFY, cookie=0, name=test.log>
2021-08-03 16:38:05,025:DEBUG:in-event <InotifyEvent: src_path=b'/home/rabbia/To-DoList/test.log', wd=1, mask=IN_MODIFY, cookie=0, name=test.log>
2021-08-03 16:38:05,025:DEBUG:in-event <InotifyEvent: src_path=b'/home/rabbia/To-DoList/test.log', wd=1, mask=IN_MODIFY, cookie=0, name=test.log>
2021-08-03 16:38:05,026:DEBUG:in-event <InotifyEvent: src_path=b'/home/rabbia/To-DoList/test.log', wd=1, mask=IN_MODIFY, cookie=0, name=test.log>
2021-08-03 16:38:05,026:DEBUG:in-event <InotifyEvent: src_path=b'/home/rabbia/To-DoList/test.log', wd=1, mask=IN_MODIFY, cookie=0, name=test.log>
2021-08-03 16:38:05,026:DEBUG:in-event <InotifyEvent: src_path=b'/home/rabbia/To-DoList/test.log', wd=1, mask=IN_MODIFY, cookie=0, name=test.log>
2021-08-03 16:38:05,026:DEBUG:in-event <InotifyEvent: src_path=b'/home/rabbia/To-DoList/test.log', wd=1, mask=IN_MODIFY, cookie=0, name=test.log>
2021-08-03 16:38:05,026:DEBUG:in-event <InotifyEvent: src_path=b'/home/rabbia/To-DoList/test.log', wd=1, mask=IN_MODIFY, cookie=0, name=test.log>
2021-08-03 16:38:05,027:DEBUG:in-event <InotifyEvent: src_path=b'/home/rabbia/To-DoList/test.log', wd=1, mask=IN_MODIFY, cookie=0, name=test.log>
2021-08-03 16:38:05,027:DEBUG:in-event <InotifyEvent: src_path=b'/home/rabbia/To-DoList/test.log', wd=1, mask=IN_MODIFY, cookie=0, name=test.log>
2021-08-03 16:38:05,027:DEBUG:in-event <InotifyEvent: src_path=b'/home/rabbia/To-DoList/test.log', wd=1, mask=IN_MODIFY, cookie=0, name=test.log>
2021-08-03 16:38:05,028:DEBUG:in-event <InotifyEvent: src_path=b'/home/rabbia/To-DoList/test.log', wd=1, mask=IN_MODIFY, cookie=0, name=test.log>
2021-08-03 16:38:05,028:DEBUG:in-event <InotifyEvent: src_path=b'/home/rabbia/To-DoList/test.log', wd=1, mask=IN_MODIFY, cookie=0, name=test.log>
2021-08-03 16:38:05,028:DEBUG:in-event <InotifyEvent: src_path=b'/home/rabbia/To-DoList/test.log', wd=1, mask=IN_MODIFY, cookie=0, name=test.log>
2021-08-03 16:38:05,029:DEBUG:in-event <InotifyEvent: src_path=b'/home/rabbia/To-DoList/test.log', wd=1, mask=IN_MODIFY, cookie=0, name=test.log>
2021-08-03 16:38:05,029:DEBUG:in-event <InotifyEvent: src_path=b'/home/rabbia/To-DoList/test.log', wd=1, mask=IN_MODIFY, cookie=0, name=test.log>
2021-08-03 16:38:05,029:DEBUG:in-event <InotifyEvent: src_path=b'/home/rabbia/To-DoList/test.log', wd=1, mask=IN_MODIFY, cookie=0, name=test.log>
2021-08-03 16:38:05,029:DEBUG:in-event <InotifyEvent: src_path=b'/home/rabbia/To-DoList/test.log', wd=1, mask=IN_MODIFY, cookie=0, name=test.log>
2021-08-03 16:38:05,030:DEBUG:in-event <InotifyEvent: src_path=b'/home/rabbia/To-DoList/test.log', wd=1, mask=IN_MODIFY, cookie=0, name=test.log>
2021-08-03 16:38:05,030:DEBUG:in-event <InotifyEvent: src_path=b'/home/rabbia/To-DoList/test.log', wd=1, mask=IN_MODIFY, cookie=0, name=test.log>
2021-08-03 16:38:05,030:DEBUG:in-event <InotifyEvent: src_path=b'/home/rabbia/To-DoList/test.log', wd=1, mask=IN_MODIFY, cookie=0, name=test.log>
2021-08-03 16:38:05,030:DEBUG:in-event <InotifyEvent: src_path=b'/home/rabbia/To-DoList/test.log', wd=1, mask=IN_MODIFY, cookie=0, name=test.log>
2021-08-03 16:38:05,031:DEBUG:in-event <InotifyEvent: src_path=b'/home/rabbia/To-DoList/test.log', wd=1, mask=IN_MODIFY, cookie=0, name=test.log>
2021-08-03 16:38:05,031:DEBUG:in-event <InotifyEvent: src_path=b'/home/rabbia/To-DoList/test.log', wd=1, mask=IN_MODIFY, cookie=0, name=test.log>
2021-08-03 16:38:05,031:DEBUG:in-event <InotifyEvent: src_path=b'/home/rabbia/To-DoList/test.log', wd=1, mask=IN_MODIFY, cookie=0, name=test.log>
2021-08-03 16:38:05,032:DEBUG:in-event <InotifyEvent: src_path=b'/home/rabbia/To-DoList/test.log', wd=1, mask=IN_MODIFY, cookie=0, name=test.log>
2021-08-03 16:38:05,032:DEBUG:in-event <InotifyEvent: src_path=b'/home/rabbia/To-DoList/test.log', wd=1, mask=IN_MODIFY, cookie=0, name=test.log>
2021-08-03 16:38:05,032:DEBUG:in-event <InotifyEvent: src_path=b'/home/rabbia/To-DoList/test.log', wd=1, mask=IN_MODIFY, cookie=0, name=test.log>
2021-08-03 16:38:05,032:DEBUG:in-event <InotifyEvent: src_path=b'/home/rabbia/To-DoList/test.log', wd=1, mask=IN_MODIFY, cookie=0, name=test.log>
2021-08-03 16:38:05,033:DEBUG:in-event <InotifyEvent: src_path=b'/home/rabbia/To-DoList/test.log', wd=1, mask=IN_MODIFY, cookie=0, name=test.log>
2021-08-03 16:38:05,033:DEBUG:in-event <InotifyEvent: src_path=b'/home/rabbia/To-DoList/test.log', wd=1, mask=IN_MODIFY, cookie=0, name=test.log>
2021-08-03 16:38:05,033:DEBUG:in-event <InotifyEvent: src_path=b'/home/rabbia/To-DoList/test.log', wd=1, mask=IN_MODIFY, cookie=0, name=test.log>
2021-08-03 16:38:05,033:DEBUG:in-event <InotifyEvent: src_path=b'/home/rabbia/To-DoList/test.log', wd=1, mask=IN_MODIFY, cookie=0, name=test.log>
2021-08-03 16:38:05,034:DEBUG:in-event <InotifyEvent: src_path=b'/home/rabbia/To-DoList/test.log', wd=1, mask=IN_MODIFY, cookie=0, name=test.log>
2021-08-03 16:38:05,034:DEBUG:in-event <InotifyEvent: src_path=b'/home/rabbia/To-DoList/test.log', wd=1, mask=IN_MODIFY, cookie=0, name=test.log>
2021-08-03 16:38:05,034:DEBUG:in-event <InotifyEvent: src_path=b'/home/rabbia/To-DoList/test.log', wd=1, mask=IN_MODIFY, cookie=0, name=test.log>
2021-08-03 16:38:05,034:DEBUG:in-event <InotifyEvent: src_path=b'/home/rabbia/To-DoList/test.log', wd=1, mask=IN_MODIFY, cookie=0, name=test.log>
2021-08-03 16:38:05,035:DEBUG:in-event <InotifyEvent: src_path=b'/home/rabbia/To-DoList/test.log', wd=1, mask=IN_MODIFY, cookie=0, name=test.log>
2021-08-03 16:38:05,035:DEBUG:in-event <InotifyEvent: src_path=b'/home/rabbia/To-DoList/test.log', wd=1, mask=IN_MODIFY, cookie=0, name=test.log>
2021-08-03 16:38:05,035:DEBUG:in-event <InotifyEvent: src_path=b'/home/rabbia/To-DoList/test.log', wd=1, mask=IN_MODIFY, cookie=0, name=test.log>
2021-08-03 16:38:05,035:DEBUG:in-event <InotifyEvent: src_path=b'/home/rabbia/To-DoList/test.log', wd=1, mask=IN_MODIFY, cookie=0, name=test.log>
2021-08-03 16:38:05,036:DEBUG:in-event <InotifyEvent: src_path=b'/home/rabbia/To-DoList/test.log', wd=1, mask=IN_MODIFY, cookie=0, name=test.log>
2021-08-03 16:38:05,036:DEBUG:in-event <InotifyEvent: src_path=b'/home/rabbia/To-DoList/test.log', wd=1, mask=IN_MODIFY, cookie=0, name=test.log>
2021-08-03 16:38:05,036:DEBUG:in-event <InotifyEvent: src_path=b'/home/rabbia/To-DoList/test.log', wd=1, mask=IN_MODIFY, cookie=0, name=test.log>
2021-08-03 16:38:05,036:DEBUG:in-event <InotifyEvent: src_path=b'/home/rabbia/To-DoList/test.log', wd=1, mask=IN_MODIFY, cookie=0, name=test.log>
2021-08-03 16:38:05,036:DEBUG:in-event <InotifyEvent: src_path=b'/home/rabbia/To-DoList/test.log', wd=1, mask=IN_MODIFY, cookie=0, name=test.log>
2021-08-03 16:38:05,036:DEBUG:in-event <InotifyEvent: src_path=b'/home/rabbia/To-DoList/test.log', wd=1, mask=IN_MODIFY, cookie=0, name=test.log>
2021-08-03 16:38:05,036:DEBUG:in-event <InotifyEvent: src_path=b'/home/rabbia/To-DoList/test.log', wd=1, mask=IN_MODIFY, cookie=0, name=test.log>
2021-08-03 16:38:05,036:DEBUG:in-event <InotifyEvent: src_path=b'/home/rabbia/To-DoList/test.log', wd=1, mask=IN_MODIFY, cookie=0, name=test.log>
2021-08-03 16:38:05,037:DEBUG:in-event <InotifyEvent: src_path=b'/home/rabbia/To-DoList/test.log', wd=1, mask=IN_MODIFY, cookie=0, name=test.log>
2021-08-03 16:38:05,037:DEBUG:in-event <InotifyEvent: src_path=b'/home/rabbia/To-DoList/test.log', wd=1, mask=IN_MODIFY, cookie=0, name=test.log>
2021-08-03 16:38:05,037:DEBUG:in-event <InotifyEvent: src_path=b'/home/rabbia/To-DoList/test.log', wd=1, mask=IN_MODIFY, cookie=0, name=test.log>
2021-08-03 16:38:05,037:DEBUG:in-event <InotifyEvent: src_path=b'/home/rabbia/To-DoList/test.log', wd=1, mask=IN_MODIFY, cookie=0, name=test.log>
2021-08-03 16:38:05,037:DEBUG:in-event <InotifyEvent: src_path=b'/home/rabbia/To-DoList/test.log', wd=1, mask=IN_MODIFY, cookie=0, name=test.log>
2021-08-03 16:38:05,037:DEBUG:in-event <InotifyEvent: src_path=b'/home/rabbia/To-DoList/test.log', wd=1, mask=IN_MODIFY, cookie=0, name=test.log>
2021-08-03 16:38:05,037:DEBUG:in-event <InotifyEvent: src_path=b'/home/rabbia/To-DoList/test.log', wd=1, mask=IN_MODIFY, cookie=0, name=test.log>
2021-08-03 16:38:05,038:DEBUG:in-event <InotifyEvent: src_path=b'/home/rabbia/To-DoList/test.log', wd=1, mask=IN_MODIFY, cookie=0, name=test.log>
2021-08-03 16:38:05,038:DEBUG:in-event <InotifyEvent: src_path=b'/home/rabbia/To-DoList/test.log', wd=1, mask=IN_MODIFY, cookie=0, name=test.log>
2021-08-03 16:38:05,038:DEBUG:in-event <InotifyEvent: src_path=b'/home/rabbia/To-DoList/test.log', wd=1, mask=IN_MODIFY, cookie=0, name=test.log>
2021-08-03 16:38:05,038:DEBUG:in-event <InotifyEvent: src_path=b'/home/rabbia/To-DoList/test.log', wd=1, mask=IN_MODIFY, cookie=0, name=test.log>
2021-08-03 16:38:05,038:DEBUG:in-event <InotifyEvent: src_path=b'/home/rabbia/To-DoList/test.log', wd=1, mask=IN_MODIFY, cookie=0, name=test.log>
2021-08-03 16:38:05,038:DEBUG:in-event <InotifyEvent: src_path=b'/home/rabbia/To-DoList/test.log', wd=1, mask=IN_MODIFY, cookie=0, name=test.log>
2021-08-03 16:38:05,038:DEBUG:in-event <InotifyEvent: src_path=b'/home/rabbia/To-DoList/test.log', wd=1, mask=IN_MODIFY, cookie=0, name=test.log>
2021-08-03 16:38:05,039:DEBUG:in-event <InotifyEvent: src_path=b'/home/rabbia/To-DoList/test.log', wd=1, mask=IN_MODIFY, cookie=0, name=test.log>
2021-08-03 16:38:05,039:DEBUG:in-event <InotifyEvent: src_path=b'/home/rabbia/To-DoList/test.log', wd=1, mask=IN_MODIFY, cookie=0, name=test.log>
2021-08-03 16:38:05,039:DEBUG:in-event <InotifyEvent: src_path=b'/home/rabbia/To-DoList/test.log', wd=1, mask=IN_MODIFY, cookie=0, name=test.log>
2021-08-03 16:38:05,039:DEBUG:in-event <InotifyEvent: src_path=b'/home/rabbia/To-DoList/test.log', wd=1, mask=IN_MODIFY, cookie=0, name=test.log>
2021-08-03 16:38:05,039:DEBUG:in-event <InotifyEvent: src_path=b'/home/rabbia/To-DoList/test.log', wd=1, mask=IN_MODIFY, cookie=0, name=test.log>
2021-08-03 16:38:05,039:DEBUG:in-event <InotifyEvent: src_path=b'/home/rabbia/To-DoList/test.log', wd=1, mask=IN_MODIFY, cookie=0, name=test.log>
2021-08-03 16:38:05,039:DEBUG:in-event <InotifyEvent: src_path=b'/home/rabbia/To-DoList/test.log', wd=1, mask=IN_MODIFY, cookie=0, name=test.log>
2021-08-03 16:38:05,039:DEBUG:in-event <InotifyEvent: src_path=b'/home/rabbia/To-DoList/test.log', wd=1, mask=IN_MODIFY, cookie=0, name=test.log>
2021-08-03 16:38:05,040:DEBUG:in-event <InotifyEvent: src_path=b'/home/rabbia/To-DoList/test.log', wd=1, mask=IN_MODIFY, cookie=0, name=test.log>
2021-08-03 16:38:05,040:DEBUG:in-event <InotifyEvent: src_path=b'/home/rabbia/To-DoList/test.log', wd=1, mask=IN_MODIFY, cookie=0, name=test.log>
2021-08-03 16:38:05,040:DEBUG:in-event <InotifyEvent: src_path=b'/home/rabbia/To-DoList/test.log', wd=1, mask=IN_MODIFY, cookie=0, name=test.log>
2021-08-03 16:38:05,040:DEBUG:in-event <InotifyEvent: src_path=b'/home/rabbia/To-DoList/test.log', wd=1, mask=IN_MODIFY, cookie=0, name=test.log>
2021-08-03 16:38:05,040:DEBUG:in-event <InotifyEvent: src_path=b'/home/rabbia/To-DoList/test.log', wd=1, mask=IN_MODIFY, cookie=0, name=test.log>
2021-08-03 16:38:05,040:DEBUG:in-event <InotifyEvent: src_path=b'/home/rabbia/To-DoList/test.log', wd=1, mask=IN_MODIFY, cookie=0, name=test.log>
2021-08-03 16:38:05,040:DEBUG:in-event <InotifyEvent: src_path=b'/home/rabbia/To-DoList/test.log', wd=1, mask=IN_MODIFY, cookie=0, name=test.log>
2021-08-03 16:38:05,040:DEBUG:in-event <InotifyEvent: src_path=b'/home/rabbia/To-DoList/test.log', wd=1, mask=IN_MODIFY, cookie=0, name=test.log>
2021-08-03 16:38:05,041:DEBUG:in-event <InotifyEvent: src_path=b'/home/rabbia/To-DoList/test.log', wd=1, mask=IN_MODIFY, cookie=0, name=test.log>
2021-08-03 16:38:05,041:DEBUG:in-event <InotifyEvent: src_path=b'/home/rabbia/To-DoList/test.log', wd=1, mask=IN_MODIFY, cookie=0, name=test.log>
2021-08-03 16:38:05,041:DEBUG:in-event <InotifyEvent: src_path=b'/home/rabbia/To-DoList/test.log', wd=1, mask=IN_MODIFY, cookie=0, name=test.log>
2021-08-03 16:38:05,041:DEBUG:in-event <InotifyEvent: src_path=b'/home/rabbia/To-DoList/test.log', wd=1, mask=IN_MODIFY, cookie=0, name=test.log>
2021-08-03 16:38:05,041:DEBUG:in-event <InotifyEvent: src_path=b'/home/rabbia/To-DoList/test.log', wd=1, mask=IN_MODIFY, cookie=0, name=test.log>
2021-08-03 16:38:05,041:DEBUG:in-event <InotifyEvent: src_path=b'/home/rabbia/To-DoList/test.log', wd=1, mask=IN_MODIFY, cookie=0, name=test.log>
2021-08-03 16:38:05,041:DEBUG:in-event <InotifyEvent: src_path=b'/home/rabbia/To-DoList/test.log', wd=1, mask=IN_MODIFY, cookie=0, name=test.log>
2021-08-03 16:38:05,042:DEBUG:in-event <InotifyEvent: src_path=b'/home/rabbia/To-DoList/test.log', wd=1, mask=IN_MODIFY, cookie=0, name=test.log>
2021-08-03 16:38:05,042:DEBUG:in-event <InotifyEvent: src_path=b'/home/rabbia/To-DoList/test.log', wd=1, mask=IN_MODIFY, cookie=0, name=test.log>
2021-08-03 16:38:05,042:DEBUG:in-event <InotifyEvent: src_path=b'/home/rabbia/To-DoList/test.log', wd=1, mask=IN_MODIFY, cookie=0, name=test.log>
2021-08-03 16:38:05,043:DEBUG:in-event <InotifyEvent: src_path=b'/home/rabbia/To-DoList/test.log', wd=1, mask=IN_MODIFY, cookie=0, name=test.log>
2021-08-03 16:38:05,043:DEBUG:in-event <InotifyEvent: src_path=b'/home/rabbia/To-DoList/test.log', wd=1, mask=IN_MODIFY, cookie=0, name=test.log>
2021-08-03 16:38:05,043:DEBUG:in-event <InotifyEvent: src_path=b'/home/rabbia/To-DoList/test.log', wd=1, mask=IN_MODIFY, cookie=0, name=test.log>
2021-08-03 16:38:05,043:DEBUG:in-event <InotifyEvent: src_path=b'/home/rabbia/To-DoList/test.log', wd=1, mask=IN_MODIFY, cookie=0, name=test.log>
2021-08-03 16:38:05,043:DEBUG:in-event <InotifyEvent: src_path=b'/home/rabbia/To-DoList/test.log', wd=1, mask=IN_MODIFY, cookie=0, name=test.log>
2021-08-03 16:38:05,044:DEBUG:in-event <InotifyEvent: src_path=b'/home/rabbia/To-DoList/test.log', wd=1, mask=IN_MODIFY, cookie=0, name=test.log>
2021-08-03 16:38:05,044:DEBUG:in-event <InotifyEvent: src_path=b'/home/rabbia/To-DoList/test.log', wd=1, mask=IN_MODIFY, cookie=0, name=test.log>
2021-08-03 16:38:05,044:DEBUG:in-event <InotifyEvent: src_path=b'/home/rabbia/To-DoList/test.log', wd=1, mask=IN_MODIFY, cookie=0, name=test.log>
2021-08-03 16:38:05,044:DEBUG:in-event <InotifyEvent: src_path=b'/home/rabbia/To-DoList/test.log', wd=1, mask=IN_MODIFY, cookie=0, name=test.log>
2021-08-03 16:38:05,044:DEBUG:in-event <InotifyEvent: src_path=b'/home/rabbia/To-DoList/test.log', wd=1, mask=IN_MODIFY, cookie=0, name=test.log>
2021-08-03 16:38:05,045:DEBUG:in-event <InotifyEvent: src_path=b'/home/rabbia/To-DoList/test.log', wd=1, mask=IN_MODIFY, cookie=0, name=test.log>
2021-08-03 16:38:05,045:DEBUG:in-event <InotifyEvent: src_path=b'/home/rabbia/To-DoList/test.log', wd=1, mask=IN_MODIFY, cookie=0, name=test.log>
2021-08-03 16:38:05,045:DEBUG:in-event <InotifyEvent: src_path=b'/home/rabbia/To-DoList/test.log', wd=1, mask=IN_MODIFY, cookie=0, name=test.log>
2021-08-03 16:38:05,045:DEBUG:in-event <InotifyEvent: src_path=b'/home/rabbia/To-DoList/test.log', wd=1, mask=IN_MODIFY, cookie=0, name=test.log>
2021-08-03 16:38:05,045:DEBUG:in-event <InotifyEvent: src_path=b'/home/rabbia/To-DoList/test.log', wd=1, mask=IN_MODIFY, cookie=0, name=test.log>
2021-08-03 16:38:05,045:DEBUG:in-event <InotifyEvent: src_path=b'/home/rabbia/To-DoList/test.log', wd=1, mask=IN_MODIFY, cookie=0, name=test.log>
2021-08-03 16:38:05,046:DEBUG:in-event <InotifyEvent: src_path=b'/home/rabbia/To-DoList/test.log', wd=1, mask=IN_MODIFY, cookie=0, name=test.log>
2021-08-03 16:38:05,050:DEBUG:in-event <InotifyEvent: src_path=b'/home/rabbia/To-DoList/test.log', wd=1, mask=IN_MODIFY, cookie=0, name=test.log>
2021-08-03 16:38:05,050:DEBUG:in-event <InotifyEvent: src_path=b'/home/rabbia/To-DoList/test.log', wd=1, mask=IN_MODIFY, cookie=0, name=test.log>
2021-08-03 16:38:05,050:DEBUG:in-event <InotifyEvent: src_path=b'/home/rabbia/To-DoList/test.log', wd=1, mask=IN_MODIFY, cookie=0, name=test.log>
2021-08-03 16:38:05,050:DEBUG:in-event <InotifyEvent: src_path=b'/home/rabbia/To-DoList/test.log', wd=1, mask=IN_MODIFY, cookie=0, name=test.log>
2021-08-03 16:38:05,050:DEBUG:in-event <InotifyEvent: src_path=b'/home/rabbia/To-DoList/test.log', wd=1, mask=IN_MODIFY, cookie=0, name=test.log>
2021-08-03 16:38:05,051:DEBUG:in-event <InotifyEvent: src_path=b'/home/rabbia/To-DoList/test.log', wd=1, mask=IN_MODIFY, cookie=0, name=test.log>
2021-08-03 16:38:05,051:DEBUG:in-event <InotifyEvent: src_path=b'/home/rabbia/To-DoList/test.log', wd=1, mask=IN_MODIFY, cookie=0, name=test.log>
2021-08-03 16:38:05,051:DEBUG:in-event <InotifyEvent: src_path=b'/home/rabbia/To-DoList/test.log', wd=1, mask=IN_MODIFY, cookie=0, name=test.log>
2021-08-03 16:38:05,051:DEBUG:in-event <InotifyEvent: src_path=b'/home/rabbia/To-DoList/test.log', wd=1, mask=IN_MODIFY, cookie=0, name=test.log>
2021-08-03 16:38:05,051:DEBUG:in-event <InotifyEvent: src_path=b'/home/rabbia/To-DoList/test.log', wd=1, mask=IN_MODIFY, cookie=0, name=test.log>
2021-08-03 16:38:05,051:DEBUG:in-event <InotifyEvent: src_path=b'/home/rabbia/To-DoList/test.log', wd=1, mask=IN_MODIFY, cookie=0, name=test.log>
2021-08-03 16:38:05,051:DEBUG:in-event <InotifyEvent: src_path=b'/home/rabbia/To-DoList/test.log', wd=1, mask=IN_MODIFY, cookie=0, name=test.log>
2021-08-03 16:38:05,051:DEBUG:in-event <InotifyEvent: src_path=b'/home/rabbia/To-DoList/test.log', wd=1, mask=IN_MODIFY, cookie=0, name=test.log>
2021-08-03 16:38:05,052:DEBUG:in-event <InotifyEvent: src_path=b'/home/rabbia/To-DoList/test.log', wd=1, mask=IN_MODIFY, cookie=0, name=test.log>
2021-08-03 16:38:05,052:DEBUG:in-event <InotifyEvent: src_path=b'/home/rabbia/To-DoList/test.log', wd=1, mask=IN_MODIFY, cookie=0, name=test.log>
2021-08-03 16:38:05,052:DEBUG:in-event <InotifyEvent: src_path=b'/home/rabbia/To-DoList/test.log', wd=1, mask=IN_MODIFY, cookie=0, name=test.log>
2021-08-03 16:38:05,052:DEBUG:in-event <InotifyEvent: src_path=b'/home/rabbia/To-DoList/test.log', wd=1, mask=IN_MODIFY, cookie=0, name=test.log>
2021-08-03 16:38:05,052:DEBUG:in-event <InotifyEvent: src_path=b'/home/rabbia/To-DoList/test.log', wd=1, mask=IN_MODIFY, cookie=0, name=test.log>
2021-08-03 16:38:05,052:DEBUG:in-event <InotifyEvent: src_path=b'/home/rabbia/To-DoList/test.log', wd=1, mask=IN_MODIFY, cookie=0, name=test.log>
2021-08-03 16:38:05,052:DEBUG:in-event <InotifyEvent: src_path=b'/home/rabbia/To-DoList/test.log', wd=1, mask=IN_MODIFY, cookie=0, name=test.log>
2021-08-03 16:38:05,053:DEBUG:in-event <InotifyEvent: src_path=b'/home/rabbia/To-DoList/test.log', wd=1, mask=IN_MODIFY, cookie=0, name=test.log>
2021-08-03 16:38:05,053:DEBUG:in-event <InotifyEvent: src_path=b'/home/rabbia/To-DoList/test.log', wd=1, mask=IN_MODIFY, cookie=0, name=test.log>
2021-08-03 16:38:05,053:DEBUG:in-event <InotifyEvent: src_path=b'/home/rabbia/To-DoList/test.log', wd=1, mask=IN_MODIFY, cookie=0, name=test.log>
2021-08-03 16:38:05,053:DEBUG:in-event <InotifyEvent: src_path=b'/home/rabbia/To-DoList/test.log', wd=1, mask=IN_MODIFY, cookie=0, name=test.log>
2021-08-03 16:38:05,053:DEBUG:in-event <InotifyEvent: src_path=b'/home/rabbia/To-DoList/test.log', wd=1, mask=IN_MODIFY, cookie=0, name=test.log>
2021-08-03 16:38:05,053:DEBUG:in-event <InotifyEvent: src_path=b'/home/rabbia/To-DoList/test.log', wd=1, mask=IN_MODIFY, cookie=0, name=test.log>
2021-08-03 16:38:05,053:DEBUG:in-event <InotifyEvent: src_path=b'/home/rabbia/To-DoList/test.log', wd=1, mask=IN_MODIFY, cookie=0, name=test.log>
2021-08-03 16:38:05,054:DEBUG:in-event <InotifyEvent: src_path=b'/home/rabbia/To-DoList/test.log', wd=1, mask=IN_MODIFY, cookie=0, name=test.log>
2021-08-03 16:38:05,054:DEBUG:in-event <InotifyEvent: src_path=b'/home/rabbia/To-DoList/test.log', wd=1, mask=IN_MODIFY, cookie=0, name=test.log>
2021-08-03 16:38:05,054:DEBUG:in-event <InotifyEvent: src_path=b'/home/rabbia/To-DoList/test.log', wd=1, mask=IN_MODIFY, cookie=0, name=test.log>
2021-08-03 16:38:05,054:DEBUG:in-event <InotifyEvent: src_path=b'/home/rabbia/To-DoList/test.log', wd=1, mask=IN_MODIFY, cookie=0, name=test.log>
2021-08-03 16:38:05,054:DEBUG:in-event <InotifyEvent: src_path=b'/home/rabbia/To-DoList/test.log', wd=1, mask=IN_MODIFY, cookie=0, name=test.log>
2021-08-03 16:38:05,054:DEBUG:in-event <InotifyEvent: src_path=b'/home/rabbia/To-DoList/test.log', wd=1, mask=IN_MODIFY, cookie=0, name=test.log>
2021-08-03 16:38:05,054:DEBUG:in-event <InotifyEvent: src_path=b'/home/rabbia/To-DoList/test.log', wd=1, mask=IN_MODIFY, cookie=0, name=test.log>
2021-08-03 16:38:05,054:DEBUG:in-event <InotifyEvent: src_path=b'/home/rabbia/To-DoList/test.log', wd=1, mask=IN_MODIFY, cookie=0, name=test.log>
2021-08-03 16:38:05,055:DEBUG:in-event <InotifyEvent: src_path=b'/home/rabbia/To-DoList/test.log', wd=1, mask=IN_MODIFY, cookie=0, name=test.log>
2021-08-03 16:38:05,055:DEBUG:in-event <InotifyEvent: src_path=b'/home/rabbia/To-DoList/test.log', wd=1, mask=IN_MODIFY, cookie=0, name=test.log>
2021-08-03 16:38:05,055:DEBUG:in-event <InotifyEvent: src_path=b'/home/rabbia/To-DoList/test.log', wd=1, mask=IN_MODIFY, cookie=0, name=test.log>
2021-08-03 16:38:05,055:DEBUG:in-event <InotifyEvent: src_path=b'/home/rabbia/To-DoList/test.log', wd=1, mask=IN_MODIFY, cookie=0, name=test.log>
2021-08-03 16:38:05,055:DEBUG:in-event <InotifyEvent: src_path=b'/home/rabbia/To-DoList/test.log', wd=1, mask=IN_MODIFY, cookie=0, name=test.log>
2021-08-03 16:38:05,055:DEBUG:in-event <InotifyEvent: src_path=b'/home/rabbia/To-DoList/test.log', wd=1, mask=IN_MODIFY, cookie=0, name=test.log>
2021-08-03 16:38:05,055:DEBUG:in-event <InotifyEvent: src_path=b'/home/rabbia/To-DoList/test.log', wd=1, mask=IN_MODIFY, cookie=0, name=test.log>
2021-08-03 16:38:05,056:DEBUG:in-event <InotifyEvent: src_path=b'/home/rabbia/To-DoList/test.log', wd=1, mask=IN_MODIFY, cookie=0, name=test.log>
2021-08-03 16:38:05,056:DEBUG:in-event <InotifyEvent: src_path=b'/home/rabbia/To-DoList/test.log', wd=1, mask=IN_MODIFY, cookie=0, name=test.log>
2021-08-03 16:38:05,056:DEBUG:in-event <InotifyEvent: src_path=b'/home/rabbia/To-DoList/test.log', wd=1, mask=IN_MODIFY, cookie=0, name=test.log>
2021-08-03 16:38:05,056:DEBUG:in-event <InotifyEvent: src_path=b'/home/rabbia/To-DoList/test.log', wd=1, mask=IN_MODIFY, cookie=0, name=test.log>
2021-08-03 16:38:05,056:DEBUG:in-event <InotifyEvent: src_path=b'/home/rabbia/To-DoList/test.log', wd=1, mask=IN_MODIFY, cookie=0, name=test.log>
2021-08-03 16:38:05,056:DEBUG:in-event <InotifyEvent: src_path=b'/home/rabbia/To-DoList/test.log', wd=1, mask=IN_MODIFY, cookie=0, name=test.log>
2021-08-03 16:38:05,056:DEBUG:in-event <InotifyEvent: src_path=b'/home/rabbia/To-DoList/test.log', wd=1, mask=IN_MODIFY, cookie=0, name=test.log>
2021-08-03 16:38:05,057:DEBUG:in-event <InotifyEvent: src_path=b'/home/rabbia/To-DoList/test.log', wd=1, mask=IN_MODIFY, cookie=0, name=test.log>
2021-08-03 16:38:05,057:DEBUG:in-event <InotifyEvent: src_path=b'/home/rabbia/To-DoList/test.log', wd=1, mask=IN_MODIFY, cookie=0, name=test.log>
2021-08-03 16:38:05,057:DEBUG:in-event <InotifyEvent: src_path=b'/home/rabbia/To-DoList/test.log', wd=1, mask=IN_MODIFY, cookie=0, name=test.log>
2021-08-03 16:38:05,057:DEBUG:in-event <InotifyEvent: src_path=b'/home/rabbia/To-DoList/test.log', wd=1, mask=IN_MODIFY, cookie=0, name=test.log>
2021-08-03 16:38:05,057:DEBUG:in-event <InotifyEvent: src_path=b'/home/rabbia/To-DoList/test.log', wd=1, mask=IN_MODIFY, cookie=0, name=test.log>
2021-08-03 16:38:05,057:DEBUG:in-event <InotifyEvent: src_path=b'/home/rabbia/To-DoList/test.log', wd=1, mask=IN_MODIFY, cookie=0, name=test.log>
2021-08-03 16:38:05,057:DEBUG:in-event <InotifyEvent: src_path=b'/home/rabbia/To-DoList/test.log', wd=1, mask=IN_MODIFY, cookie=0, name=test.log>
2021-08-03 16:38:05,057:DEBUG:in-event <InotifyEvent: src_path=b'/home/rabbia/To-DoList/test.log', wd=1, mask=IN_MODIFY, cookie=0, name=test.log>
2021-08-03 16:38:05,057:DEBUG:in-event <InotifyEvent: src_path=b'/home/rabbia/To-DoList/test.log', wd=1, mask=IN_MODIFY, cookie=0, name=test.log>
2021-08-03 16:38:05,058:DEBUG:in-event <InotifyEvent: src_path=b'/home/rabbia/To-DoList/test.log', wd=1, mask=IN_MODIFY, cookie=0, name=test.log>
2021-08-03 16:38:05,059:DEBUG:in-event <InotifyEvent: src_path=b'/home/rabbia/To-DoList/test.log', wd=1, mask=IN_MODIFY, cookie=0, name=test.log>
2021-08-03 16:38:05,059:DEBUG:in-event <InotifyEvent: src_path=b'/home/rabbia/To-DoList/test.log', wd=1, mask=IN_MODIFY, cookie=0, name=test.log>
2021-08-03 16:38:05,059:DEBUG:in-event <InotifyEvent: src_path=b'/home/rabbia/To-DoList/test.log', wd=1, mask=IN_MODIFY, cookie=0, name=test.log>
2021-08-03 16:38:05,060:DEBUG:in-event <InotifyEvent: src_path=b'/home/rabbia/To-DoList/test.log', wd=1, mask=IN_MODIFY, cookie=0, name=test.log>
2021-08-03 16:38:05,060:DEBUG:in-event <InotifyEvent: src_path=b'/home/rabbia/To-DoList/test.log', wd=1, mask=IN_MODIFY, cookie=0, name=test.log>
2021-08-03 16:38:05,061:DEBUG:in-event <InotifyEvent: src_path=b'/home/rabbia/To-DoList/test.log', wd=1, mask=IN_MODIFY, cookie=0, name=test.log>
2021-08-03 16:38:05,061:DEBUG:in-event <InotifyEvent: src_path=b'/home/rabbia/To-DoList/test.log', wd=1, mask=IN_MODIFY, cookie=0, name=test.log>
2021-08-03 16:38:05,061:DEBUG:in-event <InotifyEvent: src_path=b'/home/rabbia/To-DoList/test.log', wd=1, mask=IN_MODIFY, cookie=0, name=test.log>
2021-08-03 16:38:05,061:DEBUG:in-event <InotifyEvent: src_path=b'/home/rabbia/To-DoList/test.log', wd=1, mask=IN_MODIFY, cookie=0, name=test.log>
2021-08-03 16:38:05,061:DEBUG:in-event <InotifyEvent: src_path=b'/home/rabbia/To-DoList/test.log', wd=1, mask=IN_MODIFY, cookie=0, name=test.log>
2021-08-03 16:38:05,061:DEBUG:in-event <InotifyEvent: src_path=b'/home/rabbia/To-DoList/test.log', wd=1, mask=IN_MODIFY, cookie=0, name=test.log>
2021-08-03 16:38:05,062:DEBUG:in-event <InotifyEvent: src_path=b'/home/rabbia/To-DoList/test.log', wd=1, mask=IN_MODIFY, cookie=0, name=test.log>
2021-08-03 16:38:05,062:DEBUG:in-event <InotifyEvent: src_path=b'/home/rabbia/To-DoList/test.log', wd=1, mask=IN_MODIFY, cookie=0, name=test.log>
2021-08-03 16:38:05,062:DEBUG:in-event <InotifyEvent: src_path=b'/home/rabbia/To-DoList/test.log', wd=1, mask=IN_MODIFY, cookie=0, name=test.log>
2021-08-03 16:38:05,063:DEBUG:in-event <InotifyEvent: src_path=b'/home/rabbia/To-DoList/test.log', wd=1, mask=IN_MODIFY, cookie=0, name=test.log>
2021-08-03 16:38:05,063:DEBUG:in-event <InotifyEvent: src_path=b'/home/rabbia/To-DoList/test.log', wd=1, mask=IN_MODIFY, cookie=0, name=test.log>
2021-08-03 16:38:05,063:DEBUG:in-event <InotifyEvent: src_path=b'/home/rabbia/To-DoList/test.log', wd=1, mask=IN_MODIFY, cookie=0, name=test.log>
2021-08-03 16:38:05,063:DEBUG:in-event <InotifyEvent: src_path=b'/home/rabbia/To-DoList/test.log', wd=1, mask=IN_MODIFY, cookie=0, name=test.log>
2021-08-03 16:38:05,063:DEBUG:in-event <InotifyEvent: src_path=b'/home/rabbia/To-DoList/test.log', wd=1, mask=IN_MODIFY, cookie=0, name=test.log>
2021-08-03 16:38:05,063:DEBUG:in-event <InotifyEvent: src_path=b'/home/rabbia/To-DoList/test.log', wd=1, mask=IN_MODIFY, cookie=0, name=test.log>
2021-08-03 16:38:05,064:DEBUG:in-event <InotifyEvent: src_path=b'/home/rabbia/To-DoList/test.log', wd=1, mask=IN_MODIFY, cookie=0, name=test.log>
2021-08-03 16:38:05,064:DEBUG:in-event <InotifyEvent: src_path=b'/home/rabbia/To-DoList/test.log', wd=1, mask=IN_MODIFY, cookie=0, name=test.log>
2021-08-03 16:38:05,064:DEBUG:in-event <InotifyEvent: src_path=b'/home/rabbia/To-DoList/test.log', wd=1, mask=IN_MODIFY, cookie=0, name=test.log>
2021-08-03 16:38:05,064:DEBUG:in-event <InotifyEvent: src_path=b'/home/rabbia/To-DoList/test.log', wd=1, mask=IN_MODIFY, cookie=0, name=test.log>
2021-08-03 16:38:05,065:DEBUG:in-event <InotifyEvent: src_path=b'/home/rabbia/To-DoList/test.log', wd=1, mask=IN_MODIFY, cookie=0, name=test.log>
2021-08-03 16:38:05,065:DEBUG:in-event <InotifyEvent: src_path=b'/home/rabbia/To-DoList/test.log', wd=1, mask=IN_MODIFY, cookie=0, name=test.log>
2021-08-03 16:38:05,065:DEBUG:in-event <InotifyEvent: src_path=b'/home/rabbia/To-DoList/test.log', wd=1, mask=IN_MODIFY, cookie=0, name=test.log>
2021-08-03 16:38:05,066:DEBUG:in-event <InotifyEvent: src_path=b'/home/rabbia/To-DoList/test.log', wd=1, mask=IN_MODIFY, cookie=0, name=test.log>
2021-08-03 16:38:05,066:DEBUG:in-event <InotifyEvent: src_path=b'/home/rabbia/To-DoList/test.log', wd=1, mask=IN_MODIFY, cookie=0, name=test.log>
2021-08-03 16:38:05,066:DEBUG:in-event <InotifyEvent: src_path=b'/home/rabbia/To-DoList/test.log', wd=1, mask=IN_MODIFY, cookie=0, name=test.log>
2021-08-03 16:38:05,067:DEBUG:in-event <InotifyEvent: src_path=b'/home/rabbia/To-DoList/test.log', wd=1, mask=IN_MODIFY, cookie=0, name=test.log>
2021-08-03 16:38:05,067:DEBUG:in-event <InotifyEvent: src_path=b'/home/rabbia/To-DoList/test.log', wd=1, mask=IN_MODIFY, cookie=0, name=test.log>
2021-08-03 16:38:05,067:DEBUG:in-event <InotifyEvent: src_path=b'/home/rabbia/To-DoList/test.log', wd=1, mask=IN_MODIFY, cookie=0, name=test.log>
2021-08-03 16:38:05,068:DEBUG:in-event <InotifyEvent: src_path=b'/home/rabbia/To-DoList/test.log', wd=1, mask=IN_MODIFY, cookie=0, name=test.log>
2021-08-03 16:38:05,068:DEBUG:in-event <InotifyEvent: src_path=b'/home/rabbia/To-DoList/test.log', wd=1, mask=IN_MODIFY, cookie=0, name=test.log>
2021-08-03 16:38:05,068:DEBUG:in-event <InotifyEvent: src_path=b'/home/rabbia/To-DoList/test.log', wd=1, mask=IN_MODIFY, cookie=0, name=test.log>
2021-08-03 16:38:05,069:DEBUG:in-event <InotifyEvent: src_path=b'/home/rabbia/To-DoList/test.log', wd=1, mask=IN_MODIFY, cookie=0, name=test.log>
2021-08-03 16:38:05,069:DEBUG:in-event <InotifyEvent: src_path=b'/home/rabbia/To-DoList/test.log', wd=1, mask=IN_MODIFY, cookie=0, name=test.log>
2021-08-03 16:38:05,069:DEBUG:in-event <InotifyEvent: src_path=b'/home/rabbia/To-DoList/test.log', wd=1, mask=IN_MODIFY, cookie=0, name=test.log>
2021-08-03 16:38:05,070:DEBUG:in-event <InotifyEvent: src_path=b'/home/rabbia/To-DoList/test.log', wd=1, mask=IN_MODIFY, cookie=0, name=test.log>
2021-08-03 16:38:05,070:DEBUG:in-event <InotifyEvent: src_path=b'/home/rabbia/To-DoList/test.log', wd=1, mask=IN_MODIFY, cookie=0, name=test.log>
2021-08-03 16:38:05,070:DEBUG:in-event <InotifyEvent: src_path=b'/home/rabbia/To-DoList/test.log', wd=1, mask=IN_MODIFY, cookie=0, name=test.log>
2021-08-03 16:38:05,071:DEBUG:in-event <InotifyEvent: src_path=b'/home/rabbia/To-DoList/test.log', wd=1, mask=IN_MODIFY, cookie=0, name=test.log>
2021-08-03 16:38:05,071:DEBUG:in-event <InotifyEvent: src_path=b'/home/rabbia/To-DoList/test.log', wd=1, mask=IN_MODIFY, cookie=0, name=test.log>
2021-08-03 16:38:05,071:DEBUG:in-event <InotifyEvent: src_path=b'/home/rabbia/To-DoList/test.log', wd=1, mask=IN_MODIFY, cookie=0, name=test.log>
2021-08-03 16:38:05,071:DEBUG:in-event <InotifyEvent: src_path=b'/home/rabbia/To-DoList/test.log', wd=1, mask=IN_MODIFY, cookie=0, name=test.log>
2021-08-03 16:38:05,072:DEBUG:in-event <InotifyEvent: src_path=b'/home/rabbia/To-DoList/test.log', wd=1, mask=IN_MODIFY, cookie=0, name=test.log>
2021-08-03 16:38:05,072:DEBUG:in-event <InotifyEvent: src_path=b'/home/rabbia/To-DoList/test.log', wd=1, mask=IN_MODIFY, cookie=0, name=test.log>
2021-08-03 16:38:05,072:DEBUG:in-event <InotifyEvent: src_path=b'/home/rabbia/To-DoList/test.log', wd=1, mask=IN_MODIFY, cookie=0, name=test.log>
2021-08-03 16:38:05,073:DEBUG:in-event <InotifyEvent: src_path=b'/home/rabbia/To-DoList/test.log', wd=1, mask=IN_MODIFY, cookie=0, name=test.log>
2021-08-03 16:38:05,073:DEBUG:in-event <InotifyEvent: src_path=b'/home/rabbia/To-DoList/test.log', wd=1, mask=IN_MODIFY, cookie=0, name=test.log>
2021-08-03 16:38:05,073:DEBUG:in-event <InotifyEvent: src_path=b'/home/rabbia/To-DoList/test.log', wd=1, mask=IN_MODIFY, cookie=0, name=test.log>
2021-08-03 16:38:05,073:DEBUG:in-event <InotifyEvent: src_path=b'/home/rabbia/To-DoList/test.log', wd=1, mask=IN_MODIFY, cookie=0, name=test.log>
2021-08-03 16:38:05,073:DEBUG:in-event <InotifyEvent: src_path=b'/home/rabbia/To-DoList/test.log', wd=1, mask=IN_MODIFY, cookie=0, name=test.log>
2021-08-03 16:38:05,073:DEBUG:in-event <InotifyEvent: src_path=b'/home/rabbia/To-DoList/test.log', wd=1, mask=IN_MODIFY, cookie=0, name=test.log>
2021-08-03 16:38:05,074:DEBUG:in-event <InotifyEvent: src_path=b'/home/rabbia/To-DoList/test.log', wd=1, mask=IN_MODIFY, cookie=0, name=test.log>
2021-08-03 16:38:05,074:DEBUG:in-event <InotifyEvent: src_path=b'/home/rabbia/To-DoList/test.log', wd=1, mask=IN_MODIFY, cookie=0, name=test.log>
2021-08-03 16:38:05,074:DEBUG:in-event <InotifyEvent: src_path=b'/home/rabbia/To-DoList/test.log', wd=1, mask=IN_MODIFY, cookie=0, name=test.log>
2021-08-03 16:38:05,074:DEBUG:in-event <InotifyEvent: src_path=b'/home/rabbia/To-DoList/test.log', wd=1, mask=IN_MODIFY, cookie=0, name=test.log>
2021-08-03 16:38:05,074:DEBUG:in-event <InotifyEvent: src_path=b'/home/rabbia/To-DoList/test.log', wd=1, mask=IN_MODIFY, cookie=0, name=test.log>
2021-08-03 16:38:05,075:DEBUG:in-event <InotifyEvent: src_path=b'/home/rabbia/To-DoList/test.log', wd=1, mask=IN_MODIFY, cookie=0, name=test.log>
2021-08-03 16:38:05,075:DEBUG:in-event <InotifyEvent: src_path=b'/home/rabbia/To-DoList/test.log', wd=1, mask=IN_MODIFY, cookie=0, name=test.log>
2021-08-03 16:38:05,075:DEBUG:in-event <InotifyEvent: src_path=b'/home/rabbia/To-DoList/test.log', wd=1, mask=IN_MODIFY, cookie=0, name=test.log>
2021-08-03 16:38:05,075:DEBUG:in-event <InotifyEvent: src_path=b'/home/rabbia/To-DoList/test.log', wd=1, mask=IN_MODIFY, cookie=0, name=test.log>
2021-08-03 16:38:05,076:DEBUG:in-event <InotifyEvent: src_path=b'/home/rabbia/To-DoList/test.log', wd=1, mask=IN_MODIFY, cookie=0, name=test.log>
2021-08-03 16:38:05,076:DEBUG:in-event <InotifyEvent: src_path=b'/home/rabbia/To-DoList/test.log', wd=1, mask=IN_MODIFY, cookie=0, name=test.log>
2021-08-03 16:38:05,076:DEBUG:in-event <InotifyEvent: src_path=b'/home/rabbia/To-DoList/test.log', wd=1, mask=IN_MODIFY, cookie=0, name=test.log>
2021-08-03 16:38:05,076:DEBUG:in-event <InotifyEvent: src_path=b'/home/rabbia/To-DoList/test.log', wd=1, mask=IN_MODIFY, cookie=0, name=test.log>
2021-08-03 16:38:05,076:DEBUG:in-event <InotifyEvent: src_path=b'/home/rabbia/To-DoList/test.log', wd=1, mask=IN_MODIFY, cookie=0, name=test.log>
2021-08-03 16:38:05,076:DEBUG:in-event <InotifyEvent: src_path=b'/home/rabbia/To-DoList/test.log', wd=1, mask=IN_MODIFY, cookie=0, name=test.log>
2021-08-03 16:38:05,076:DEBUG:in-event <InotifyEvent: src_path=b'/home/rabbia/To-DoList/test.log', wd=1, mask=IN_MODIFY, cookie=0, name=test.log>
2021-08-03 16:38:05,077:DEBUG:in-event <InotifyEvent: src_path=b'/home/rabbia/To-DoList/test.log', wd=1, mask=IN_MODIFY, cookie=0, name=test.log>
2021-08-03 16:38:05,077:DEBUG:in-event <InotifyEvent: src_path=b'/home/rabbia/To-DoList/test.log', wd=1, mask=IN_MODIFY, cookie=0, name=test.log>
2021-08-03 16:38:05,077:DEBUG:in-event <InotifyEvent: src_path=b'/home/rabbia/To-DoList/test.log', wd=1, mask=IN_MODIFY, cookie=0, name=test.log>
2021-08-03 16:38:05,077:DEBUG:in-event <InotifyEvent: src_path=b'/home/rabbia/To-DoList/test.log', wd=1, mask=IN_MODIFY, cookie=0, name=test.log>
2021-08-03 16:38:05,077:DEBUG:in-event <InotifyEvent: src_path=b'/home/rabbia/To-DoList/test.log', wd=1, mask=IN_MODIFY, cookie=0, name=test.log>
2021-08-03 16:38:05,077:DEBUG:in-event <InotifyEvent: src_path=b'/home/rabbia/To-DoList/test.log', wd=1, mask=IN_MODIFY, cookie=0, name=test.log>
2021-08-03 16:38:05,078:DEBUG:in-event <InotifyEvent: src_path=b'/home/rabbia/To-DoList/test.log', wd=1, mask=IN_MODIFY, cookie=0, name=test.log>
2021-08-03 16:38:05,078:DEBUG:in-event <InotifyEvent: src_path=b'/home/rabbia/To-DoList/test.log', wd=1, mask=IN_MODIFY, cookie=0, name=test.log>
2021-08-03 16:38:05,078:DEBUG:in-event <InotifyEvent: src_path=b'/home/rabbia/To-DoList/test.log', wd=1, mask=IN_MODIFY, cookie=0, name=test.log>
2021-08-03 16:38:05,078:DEBUG:in-event <InotifyEvent: src_path=b'/home/rabbia/To-DoList/test.log', wd=1, mask=IN_MODIFY, cookie=0, name=test.log>
2021-08-03 16:38:05,078:DEBUG:in-event <InotifyEvent: src_path=b'/home/rabbia/To-DoList/test.log', wd=1, mask=IN_MODIFY, cookie=0, name=test.log>
2021-08-03 16:38:05,078:DEBUG:in-event <InotifyEvent: src_path=b'/home/rabbia/To-DoList/test.log', wd=1, mask=IN_MODIFY, cookie=0, name=test.log>
2021-08-03 16:38:05,078:DEBUG:in-event <InotifyEvent: src_path=b'/home/rabbia/To-DoList/test.log', wd=1, mask=IN_MODIFY, cookie=0, name=test.log>
2021-08-03 16:38:05,078:DEBUG:in-event <InotifyEvent: src_path=b'/home/rabbia/To-DoList/test.log', wd=1, mask=IN_MODIFY, cookie=0, name=test.log>
2021-08-03 16:38:05,079:DEBUG:in-event <InotifyEvent: src_path=b'/home/rabbia/To-DoList/test.log', wd=1, mask=IN_MODIFY, cookie=0, name=test.log>
2021-08-03 16:38:05,079:DEBUG:in-event <InotifyEvent: src_path=b'/home/rabbia/To-DoList/test.log', wd=1, mask=IN_MODIFY, cookie=0, name=test.log>
2021-08-03 16:38:05,079:DEBUG:in-event <InotifyEvent: src_path=b'/home/rabbia/To-DoList/test.log', wd=1, mask=IN_MODIFY, cookie=0, name=test.log>
2021-08-03 16:38:05,079:DEBUG:in-event <InotifyEvent: src_path=b'/home/rabbia/To-DoList/test.log', wd=1, mask=IN_MODIFY, cookie=0, name=test.log>
2021-08-03 16:38:05,079:DEBUG:in-event <InotifyEvent: src_path=b'/home/rabbia/To-DoList/test.log', wd=1, mask=IN_MODIFY, cookie=0, name=test.log>
2021-08-03 16:38:05,079:DEBUG:in-event <InotifyEvent: src_path=b'/home/rabbia/To-DoList/test.log', wd=1, mask=IN_MODIFY, cookie=0, name=test.log>
2021-08-03 16:38:05,079:DEBUG:in-event <InotifyEvent: src_path=b'/home/rabbia/To-DoList/test.log', wd=1, mask=IN_MODIFY, cookie=0, name=test.log>
2021-08-03 16:38:05,080:DEBUG:in-event <InotifyEvent: src_path=b'/home/rabbia/To-DoList/test.log', wd=1, mask=IN_MODIFY, cookie=0, name=test.log>
2021-08-03 16:38:05,080:DEBUG:in-event <InotifyEvent: src_path=b'/home/rabbia/To-DoList/test.log', wd=1, mask=IN_MODIFY, cookie=0, name=test.log>
2021-08-03 16:38:05,080:DEBUG:in-event <InotifyEvent: src_path=b'/home/rabbia/To-DoList/test.log', wd=1, mask=IN_MODIFY, cookie=0, name=test.log>
2021-08-03 16:38:05,080:DEBUG:in-event <InotifyEvent: src_path=b'/home/rabbia/To-DoList/test.log', wd=1, mask=IN_MODIFY, cookie=0, name=test.log>
2021-08-03 16:38:05,080:DEBUG:in-event <InotifyEvent: src_path=b'/home/rabbia/To-DoList/test.log', wd=1, mask=IN_MODIFY, cookie=0, name=test.log>
2021-08-03 16:38:05,080:DEBUG:in-event <InotifyEvent: src_path=b'/home/rabbia/To-DoList/test.log', wd=1, mask=IN_MODIFY, cookie=0, name=test.log>
2021-08-03 16:38:05,080:DEBUG:in-event <InotifyEvent: src_path=b'/home/rabbia/To-DoList/test.log', wd=1, mask=IN_MODIFY, cookie=0, name=test.log>
2021-08-03 16:38:05,080:DEBUG:in-event <InotifyEvent: src_path=b'/home/rabbia/To-DoList/test.log', wd=1, mask=IN_MODIFY, cookie=0, name=test.log>
2021-08-03 16:38:05,081:DEBUG:in-event <InotifyEvent: src_path=b'/home/rabbia/To-DoList/test.log', wd=1, mask=IN_MODIFY, cookie=0, name=test.log>
2021-08-03 16:38:05,081:DEBUG:in-event <InotifyEvent: src_path=b'/home/rabbia/To-DoList/test.log', wd=1, mask=IN_MODIFY, cookie=0, name=test.log>
2021-08-03 16:38:05,081:DEBUG:in-event <InotifyEvent: src_path=b'/home/rabbia/To-DoList/test.log', wd=1, mask=IN_MODIFY, cookie=0, name=test.log>
2021-08-03 16:38:05,081:DEBUG:in-event <InotifyEvent: src_path=b'/home/rabbia/To-DoList/test.log', wd=1, mask=IN_MODIFY, cookie=0, name=test.log>
2021-08-03 16:38:05,081:DEBUG:in-event <InotifyEvent: src_path=b'/home/rabbia/To-DoList/test.log', wd=1, mask=IN_MODIFY, cookie=0, name=test.log>
2021-08-03 16:38:05,081:DEBUG:in-event <InotifyEvent: src_path=b'/home/rabbia/To-DoList/test.log', wd=1, mask=IN_MODIFY, cookie=0, name=test.log>
2021-08-03 16:38:05,081:DEBUG:in-event <InotifyEvent: src_path=b'/home/rabbia/To-DoList/test.log', wd=1, mask=IN_MODIFY, cookie=0, name=test.log>
2021-08-03 16:38:05,081:DEBUG:in-event <InotifyEvent: src_path=b'/home/rabbia/To-DoList/test.log', wd=1, mask=IN_MODIFY, cookie=0, name=test.log>
2021-08-03 16:38:05,082:DEBUG:in-event <InotifyEvent: src_path=b'/home/rabbia/To-DoList/test.log', wd=1, mask=IN_MODIFY, cookie=0, name=test.log>
2021-08-03 16:38:05,082:DEBUG:in-event <InotifyEvent: src_path=b'/home/rabbia/To-DoList/test.log', wd=1, mask=IN_MODIFY, cookie=0, name=test.log>
2021-08-03 16:38:05,083:DEBUG:in-event <InotifyEvent: src_path=b'/home/rabbia/To-DoList/test.log', wd=1, mask=IN_MODIFY, cookie=0, name=test.log>
2021-08-03 16:38:05,083:DEBUG:in-event <InotifyEvent: src_path=b'/home/rabbia/To-DoList/test.log', wd=1, mask=IN_MODIFY, cookie=0, name=test.log>
2021-08-03 16:38:05,083:DEBUG:in-event <InotifyEvent: src_path=b'/home/rabbia/To-DoList/test.log', wd=1, mask=IN_MODIFY, cookie=0, name=test.log>
2021-08-03 16:38:05,084:DEBUG:in-event <InotifyEvent: src_path=b'/home/rabbia/To-DoList/test.log', wd=1, mask=IN_MODIFY, cookie=0, name=test.log>
2021-08-03 16:38:05,084:DEBUG:in-event <InotifyEvent: src_path=b'/home/rabbia/To-DoList/test.log', wd=1, mask=IN_MODIFY, cookie=0, name=test.log>
2021-08-03 16:38:05,084:DEBUG:in-event <InotifyEvent: src_path=b'/home/rabbia/To-DoList/test.log', wd=1, mask=IN_MODIFY, cookie=0, name=test.log>
2021-08-03 16:38:05,084:DEBUG:in-event <InotifyEvent: src_path=b'/home/rabbia/To-DoList/test.log', wd=1, mask=IN_MODIFY, cookie=0, name=test.log>
2021-08-03 16:38:05,085:DEBUG:in-event <InotifyEvent: src_path=b'/home/rabbia/To-DoList/test.log', wd=1, mask=IN_MODIFY, cookie=0, name=test.log>
2021-08-03 16:38:05,085:DEBUG:in-event <InotifyEvent: src_path=b'/home/rabbia/To-DoList/test.log', wd=1, mask=IN_MODIFY, cookie=0, name=test.log>
2021-08-03 16:38:05,085:DEBUG:in-event <InotifyEvent: src_path=b'/home/rabbia/To-DoList/test.log', wd=1, mask=IN_MODIFY, cookie=0, name=test.log>
2021-08-03 16:38:05,086:DEBUG:in-event <InotifyEvent: src_path=b'/home/rabbia/To-DoList/test.log', wd=1, mask=IN_MODIFY, cookie=0, name=test.log>
2021-08-03 16:38:05,086:DEBUG:in-event <InotifyEvent: src_path=b'/home/rabbia/To-DoList/test.log', wd=1, mask=IN_MODIFY, cookie=0, name=test.log>
2021-08-03 16:38:05,086:DEBUG:in-event <InotifyEvent: src_path=b'/home/rabbia/To-DoList/test.log', wd=1, mask=IN_MODIFY, cookie=0, name=test.log>
2021-08-03 16:38:05,086:DEBUG:in-event <InotifyEvent: src_path=b'/home/rabbia/To-DoList/test.log', wd=1, mask=IN_MODIFY, cookie=0, name=test.log>
2021-08-03 16:38:05,086:DEBUG:in-event <InotifyEvent: src_path=b'/home/rabbia/To-DoList/test.log', wd=1, mask=IN_MODIFY, cookie=0, name=test.log>
2021-08-03 16:38:05,087:DEBUG:in-event <InotifyEvent: src_path=b'/home/rabbia/To-DoList/test.log', wd=1, mask=IN_MODIFY, cookie=0, name=test.log>
2021-08-03 16:38:05,087:DEBUG:in-event <InotifyEvent: src_path=b'/home/rabbia/To-DoList/test.log', wd=1, mask=IN_MODIFY, cookie=0, name=test.log>
2021-08-03 16:38:05,087:DEBUG:in-event <InotifyEvent: src_path=b'/home/rabbia/To-DoList/test.log', wd=1, mask=IN_MODIFY, cookie=0, name=test.log>
2021-08-03 16:38:05,087:DEBUG:in-event <InotifyEvent: src_path=b'/home/rabbia/To-DoList/test.log', wd=1, mask=IN_MODIFY, cookie=0, name=test.log>
2021-08-03 16:38:05,088:DEBUG:in-event <InotifyEvent: src_path=b'/home/rabbia/To-DoList/test.log', wd=1, mask=IN_MODIFY, cookie=0, name=test.log>
2021-08-03 16:38:05,088:DEBUG:in-event <InotifyEvent: src_path=b'/home/rabbia/To-DoList/test.log', wd=1, mask=IN_MODIFY, cookie=0, name=test.log>
2021-08-03 16:38:05,088:DEBUG:in-event <InotifyEvent: src_path=b'/home/rabbia/To-DoList/test.log', wd=1, mask=IN_MODIFY, cookie=0, name=test.log>
2021-08-03 16:38:05,088:DEBUG:in-event <InotifyEvent: src_path=b'/home/rabbia/To-DoList/test.log', wd=1, mask=IN_MODIFY, cookie=0, name=test.log>
2021-08-03 16:38:05,089:DEBUG:in-event <InotifyEvent: src_path=b'/home/rabbia/To-DoList/test.log', wd=1, mask=IN_MODIFY, cookie=0, name=test.log>
2021-08-03 16:38:05,089:DEBUG:in-event <InotifyEvent: src_path=b'/home/rabbia/To-DoList/test.log', wd=1, mask=IN_MODIFY, cookie=0, name=test.log>
2021-08-03 16:38:05,089:DEBUG:in-event <InotifyEvent: src_path=b'/home/rabbia/To-DoList/test.log', wd=1, mask=IN_MODIFY, cookie=0, name=test.log>
2021-08-03 16:38:05,089:DEBUG:in-event <InotifyEvent: src_path=b'/home/rabbia/To-DoList/test.log', wd=1, mask=IN_MODIFY, cookie=0, name=test.log>
2021-08-03 16:38:05,089:DEBUG:in-event <InotifyEvent: src_path=b'/home/rabbia/To-DoList/test.log', wd=1, mask=IN_MODIFY, cookie=0, name=test.log>
2021-08-03 16:38:05,090:DEBUG:in-event <InotifyEvent: src_path=b'/home/rabbia/To-DoList/test.log', wd=1, mask=IN_MODIFY, cookie=0, name=test.log>
2021-08-03 16:38:05,090:DEBUG:in-event <InotifyEvent: src_path=b'/home/rabbia/To-DoList/test.log', wd=1, mask=IN_MODIFY, cookie=0, name=test.log>
2021-08-03 16:38:05,090:DEBUG:in-event <InotifyEvent: src_path=b'/home/rabbia/To-DoList/test.log', wd=1, mask=IN_MODIFY, cookie=0, name=test.log>
2021-08-03 16:38:05,090:DEBUG:in-event <InotifyEvent: src_path=b'/home/rabbia/To-DoList/test.log', wd=1, mask=IN_MODIFY, cookie=0, name=test.log>
2021-08-03 16:38:05,091:DEBUG:in-event <InotifyEvent: src_path=b'/home/rabbia/To-DoList/test.log', wd=1, mask=IN_MODIFY, cookie=0, name=test.log>
2021-08-03 16:38:05,091:DEBUG:in-event <InotifyEvent: src_path=b'/home/rabbia/To-DoList/test.log', wd=1, mask=IN_MODIFY, cookie=0, name=test.log>
2021-08-03 16:38:05,091:DEBUG:in-event <InotifyEvent: src_path=b'/home/rabbia/To-DoList/test.log', wd=1, mask=IN_MODIFY, cookie=0, name=test.log>
2021-08-03 16:38:05,091:DEBUG:in-event <InotifyEvent: src_path=b'/home/rabbia/To-DoList/test.log', wd=1, mask=IN_MODIFY, cookie=0, name=test.log>
2021-08-03 16:38:05,092:DEBUG:in-event <InotifyEvent: src_path=b'/home/rabbia/To-DoList/test.log', wd=1, mask=IN_MODIFY, cookie=0, name=test.log>
2021-08-03 16:38:05,092:DEBUG:in-event <InotifyEvent: src_path=b'/home/rabbia/To-DoList/test.log', wd=1, mask=IN_MODIFY, cookie=0, name=test.log>
2021-08-03 16:38:05,092:DEBUG:in-event <InotifyEvent: src_path=b'/home/rabbia/To-DoList/test.log', wd=1, mask=IN_MODIFY, cookie=0, name=test.log>
2021-08-03 16:38:05,092:DEBUG:in-event <InotifyEvent: src_path=b'/home/rabbia/To-DoList/test.log', wd=1, mask=IN_MODIFY, cookie=0, name=test.log>
2021-08-03 16:38:05,093:DEBUG:in-event <InotifyEvent: src_path=b'/home/rabbia/To-DoList/test.log', wd=1, mask=IN_MODIFY, cookie=0, name=test.log>
2021-08-03 16:38:05,093:DEBUG:in-event <InotifyEvent: src_path=b'/home/rabbia/To-DoList/test.log', wd=1, mask=IN_MODIFY, cookie=0, name=test.log>
2021-08-03 16:38:05,093:DEBUG:in-event <InotifyEvent: src_path=b'/home/rabbia/To-DoList/test.log', wd=1, mask=IN_MODIFY, cookie=0, name=test.log>
2021-08-03 16:38:05,093:DEBUG:in-event <InotifyEvent: src_path=b'/home/rabbia/To-DoList/test.log', wd=1, mask=IN_MODIFY, cookie=0, name=test.log>
2021-08-03 16:38:05,094:DEBUG:in-event <InotifyEvent: src_path=b'/home/rabbia/To-DoList/test.log', wd=1, mask=IN_MODIFY, cookie=0, name=test.log>
2021-08-03 16:38:05,094:DEBUG:in-event <InotifyEvent: src_path=b'/home/rabbia/To-DoList/test.log', wd=1, mask=IN_MODIFY, cookie=0, name=test.log>
2021-08-03 16:38:05,094:DEBUG:in-event <InotifyEvent: src_path=b'/home/rabbia/To-DoList/test.log', wd=1, mask=IN_MODIFY, cookie=0, name=test.log>
2021-08-03 16:38:05,094:DEBUG:in-event <InotifyEvent: src_path=b'/home/rabbia/To-DoList/test.log', wd=1, mask=IN_MODIFY, cookie=0, name=test.log>
2021-08-03 16:38:05,094:DEBUG:in-event <InotifyEvent: src_path=b'/home/rabbia/To-DoList/test.log', wd=1, mask=IN_MODIFY, cookie=0, name=test.log>
2021-08-03 16:38:05,095:DEBUG:in-event <InotifyEvent: src_path=b'/home/rabbia/To-DoList/test.log', wd=1, mask=IN_MODIFY, cookie=0, name=test.log>
2021-08-03 16:38:05,095:DEBUG:in-event <InotifyEvent: src_path=b'/home/rabbia/To-DoList/test.log', wd=1, mask=IN_MODIFY, cookie=0, name=test.log>
2021-08-03 16:38:05,095:DEBUG:in-event <InotifyEvent: src_path=b'/home/rabbia/To-DoList/test.log', wd=1, mask=IN_MODIFY, cookie=0, name=test.log>
2021-08-03 16:38:05,095:DEBUG:in-event <InotifyEvent: src_path=b'/home/rabbia/To-DoList/test.log', wd=1, mask=IN_MODIFY, cookie=0, name=test.log>
2021-08-03 16:38:05,096:DEBUG:in-event <InotifyEvent: src_path=b'/home/rabbia/To-DoList/test.log', wd=1, mask=IN_MODIFY, cookie=0, name=test.log>
2021-08-03 16:38:05,096:DEBUG:in-event <InotifyEvent: src_path=b'/home/rabbia/To-DoList/test.log', wd=1, mask=IN_MODIFY, cookie=0, name=test.log>
2021-08-03 16:38:05,096:DEBUG:in-event <InotifyEvent: src_path=b'/home/rabbia/To-DoList/test.log', wd=1, mask=IN_MODIFY, cookie=0, name=test.log>
2021-08-03 16:38:05,096:DEBUG:in-event <InotifyEvent: src_path=b'/home/rabbia/To-DoList/test.log', wd=1, mask=IN_MODIFY, cookie=0, name=test.log>
2021-08-03 16:38:05,096:DEBUG:in-event <InotifyEvent: src_path=b'/home/rabbia/To-DoList/test.log', wd=1, mask=IN_MODIFY, cookie=0, name=test.log>
2021-08-03 16:38:05,097:DEBUG:in-event <InotifyEvent: src_path=b'/home/rabbia/To-DoList/test.log', wd=1, mask=IN_MODIFY, cookie=0, name=test.log>
2021-08-03 16:38:05,097:DEBUG:in-event <InotifyEvent: src_path=b'/home/rabbia/To-DoList/test.log', wd=1, mask=IN_MODIFY, cookie=0, name=test.log>
2021-08-03 16:38:05,097:DEBUG:in-event <InotifyEvent: src_path=b'/home/rabbia/To-DoList/test.log', wd=1, mask=IN_MODIFY, cookie=0, name=test.log>
2021-08-03 16:38:05,097:DEBUG:in-event <InotifyEvent: src_path=b'/home/rabbia/To-DoList/test.log', wd=1, mask=IN_MODIFY, cookie=0, name=test.log>
2021-08-03 16:38:05,098:DEBUG:in-event <InotifyEvent: src_path=b'/home/rabbia/To-DoList/test.log', wd=1, mask=IN_MODIFY, cookie=0, name=test.log>
2021-08-03 16:38:05,098:DEBUG:in-event <InotifyEvent: src_path=b'/home/rabbia/To-DoList/test.log', wd=1, mask=IN_MODIFY, cookie=0, name=test.log>
2021-08-03 16:38:05,098:DEBUG:in-event <InotifyEvent: src_path=b'/home/rabbia/To-DoList/test.log', wd=1, mask=IN_MODIFY, cookie=0, name=test.log>
2021-08-03 16:38:05,098:DEBUG:in-event <InotifyEvent: src_path=b'/home/rabbia/To-DoList/test.log', wd=1, mask=IN_MODIFY, cookie=0, name=test.log>
2021-08-03 16:38:05,098:DEBUG:in-event <InotifyEvent: src_path=b'/home/rabbia/To-DoList/test.log', wd=1, mask=IN_MODIFY, cookie=0, name=test.log>
2021-08-03 16:38:05,098:DEBUG:in-event <InotifyEvent: src_path=b'/home/rabbia/To-DoList/test.log', wd=1, mask=IN_MODIFY, cookie=0, name=test.log>
2021-08-03 16:38:05,099:DEBUG:in-event <InotifyEvent: src_path=b'/home/rabbia/To-DoList/test.log', wd=1, mask=IN_MODIFY, cookie=0, name=test.log>
2021-08-03 16:38:05,099:DEBUG:in-event <InotifyEvent: src_path=b'/home/rabbia/To-DoList/test.log', wd=1, mask=IN_MODIFY, cookie=0, name=test.log>
2021-08-03 16:38:05,099:DEBUG:in-event <InotifyEvent: src_path=b'/home/rabbia/To-DoList/test.log', wd=1, mask=IN_MODIFY, cookie=0, name=test.log>
2021-08-03 16:38:05,099:DEBUG:in-event <InotifyEvent: src_path=b'/home/rabbia/To-DoList/test.log', wd=1, mask=IN_MODIFY, cookie=0, name=test.log>
2021-08-03 16:38:05,099:DEBUG:in-event <InotifyEvent: src_path=b'/home/rabbia/To-DoList/test.log', wd=1, mask=IN_MODIFY, cookie=0, name=test.log>
2021-08-03 16:38:05,100:DEBUG:in-event <InotifyEvent: src_path=b'/home/rabbia/To-DoList/test.log', wd=1, mask=IN_MODIFY, cookie=0, name=test.log>
2021-08-03 16:38:05,100:DEBUG:in-event <InotifyEvent: src_path=b'/home/rabbia/To-DoList/test.log', wd=1, mask=IN_MODIFY, cookie=0, name=test.log>
2021-08-03 16:38:05,100:DEBUG:in-event <InotifyEvent: src_path=b'/home/rabbia/To-DoList/test.log', wd=1, mask=IN_MODIFY, cookie=0, name=test.log>
2021-08-03 16:38:05,100:DEBUG:in-event <InotifyEvent: src_path=b'/home/rabbia/To-DoList/test.log', wd=1, mask=IN_MODIFY, cookie=0, name=test.log>
2021-08-03 16:38:05,100:DEBUG:in-event <InotifyEvent: src_path=b'/home/rabbia/To-DoList/test.log', wd=1, mask=IN_MODIFY, cookie=0, name=test.log>
2021-08-03 16:38:05,100:DEBUG:in-event <InotifyEvent: src_path=b'/home/rabbia/To-DoList/test.log', wd=1, mask=IN_MODIFY, cookie=0, name=test.log>
2021-08-03 16:38:05,101:DEBUG:in-event <InotifyEvent: src_path=b'/home/rabbia/To-DoList/test.log', wd=1, mask=IN_MODIFY, cookie=0, name=test.log>
2021-08-03 16:38:05,101:DEBUG:in-event <InotifyEvent: src_path=b'/home/rabbia/To-DoList/test.log', wd=1, mask=IN_MODIFY, cookie=0, name=test.log>
2021-08-03 16:38:05,101:DEBUG:in-event <InotifyEvent: src_path=b'/home/rabbia/To-DoList/test.log', wd=1, mask=IN_MODIFY, cookie=0, name=test.log>
2021-08-03 16:38:05,101:DEBUG:in-event <InotifyEvent: src_path=b'/home/rabbia/To-DoList/test.log', wd=1, mask=IN_MODIFY, cookie=0, name=test.log>
2021-08-03 16:38:05,101:DEBUG:in-event <InotifyEvent: src_path=b'/home/rabbia/To-DoList/test.log', wd=1, mask=IN_MODIFY, cookie=0, name=test.log>
2021-08-03 16:38:05,102:DEBUG:in-event <InotifyEvent: src_path=b'/home/rabbia/To-DoList/test.log', wd=1, mask=IN_MODIFY, cookie=0, name=test.log>
2021-08-03 16:38:05,102:DEBUG:in-event <InotifyEvent: src_path=b'/home/rabbia/To-DoList/test.log', wd=1, mask=IN_MODIFY, cookie=0, name=test.log>
2021-08-03 16:38:05,102:DEBUG:in-event <InotifyEvent: src_path=b'/home/rabbia/To-DoList/test.log', wd=1, mask=IN_MODIFY, cookie=0, name=test.log>
2021-08-03 16:38:05,102:DEBUG:in-event <InotifyEvent: src_path=b'/home/rabbia/To-DoList/test.log', wd=1, mask=IN_MODIFY, cookie=0, name=test.log>
2021-08-03 16:38:05,102:DEBUG:in-event <InotifyEvent: src_path=b'/home/rabbia/To-DoList/test.log', wd=1, mask=IN_MODIFY, cookie=0, name=test.log>
2021-08-03 16:38:05,103:DEBUG:in-event <InotifyEvent: src_path=b'/home/rabbia/To-DoList/test.log', wd=1, mask=IN_MODIFY, cookie=0, name=test.log>
2021-08-03 16:38:05,103:DEBUG:in-event <InotifyEvent: src_path=b'/home/rabbia/To-DoList/test.log', wd=1, mask=IN_MODIFY, cookie=0, name=test.log>
2021-08-03 16:38:05,103:DEBUG:in-event <InotifyEvent: src_path=b'/home/rabbia/To-DoList/test.log', wd=1, mask=IN_MODIFY, cookie=0, name=test.log>
2021-08-03 16:38:05,103:DEBUG:in-event <InotifyEvent: src_path=b'/home/rabbia/To-DoList/test.log', wd=1, mask=IN_MODIFY, cookie=0, name=test.log>
2021-08-03 16:38:05,103:DEBUG:in-event <InotifyEvent: src_path=b'/home/rabbia/To-DoList/test.log', wd=1, mask=IN_MODIFY, cookie=0, name=test.log>
2021-08-03 16:38:05,103:DEBUG:in-event <InotifyEvent: src_path=b'/home/rabbia/To-DoList/test.log', wd=1, mask=IN_MODIFY, cookie=0, name=test.log>
2021-08-03 16:38:05,104:DEBUG:in-event <InotifyEvent: src_path=b'/home/rabbia/To-DoList/test.log', wd=1, mask=IN_MODIFY, cookie=0, name=test.log>
2021-08-03 16:38:05,104:DEBUG:in-event <InotifyEvent: src_path=b'/home/rabbia/To-DoList/test.log', wd=1, mask=IN_MODIFY, cookie=0, name=test.log>
2021-08-03 16:38:05,104:DEBUG:in-event <InotifyEvent: src_path=b'/home/rabbia/To-DoList/test.log', wd=1, mask=IN_MODIFY, cookie=0, name=test.log>
2021-08-03 16:38:05,104:DEBUG:in-event <InotifyEvent: src_path=b'/home/rabbia/To-DoList/test.log', wd=1, mask=IN_MODIFY, cookie=0, name=test.log>
2021-08-03 16:38:05,104:DEBUG:in-event <InotifyEvent: src_path=b'/home/rabbia/To-DoList/test.log', wd=1, mask=IN_MODIFY, cookie=0, name=test.log>
2021-08-03 16:38:05,105:DEBUG:in-event <InotifyEvent: src_path=b'/home/rabbia/To-DoList/test.log', wd=1, mask=IN_MODIFY, cookie=0, name=test.log>
2021-08-03 16:38:05,105:DEBUG:in-event <InotifyEvent: src_path=b'/home/rabbia/To-DoList/test.log', wd=1, mask=IN_MODIFY, cookie=0, name=test.log>
2021-08-03 16:38:05,105:DEBUG:in-event <InotifyEvent: src_path=b'/home/rabbia/To-DoList/test.log', wd=1, mask=IN_MODIFY, cookie=0, name=test.log>
2021-08-03 16:38:05,105:DEBUG:in-event <InotifyEvent: src_path=b'/home/rabbia/To-DoList/test.log', wd=1, mask=IN_MODIFY, cookie=0, name=test.log>
2021-08-03 16:38:05,105:DEBUG:in-event <InotifyEvent: src_path=b'/home/rabbia/To-DoList/test.log', wd=1, mask=IN_MODIFY, cookie=0, name=test.log>
2021-08-03 16:38:05,106:DEBUG:in-event <InotifyEvent: src_path=b'/home/rabbia/To-DoList/test.log', wd=1, mask=IN_MODIFY, cookie=0, name=test.log>
2021-08-03 16:38:05,106:DEBUG:in-event <InotifyEvent: src_path=b'/home/rabbia/To-DoList/test.log', wd=1, mask=IN_MODIFY, cookie=0, name=test.log>
2021-08-03 16:38:05,106:DEBUG:in-event <InotifyEvent: src_path=b'/home/rabbia/To-DoList/test.log', wd=1, mask=IN_MODIFY, cookie=0, name=test.log>
2021-08-03 16:38:05,106:DEBUG:in-event <InotifyEvent: src_path=b'/home/rabbia/To-DoList/test.log', wd=1, mask=IN_MODIFY, cookie=0, name=test.log>
2021-08-03 16:38:05,106:DEBUG:in-event <InotifyEvent: src_path=b'/home/rabbia/To-DoList/test.log', wd=1, mask=IN_MODIFY, cookie=0, name=test.log>
2021-08-03 16:38:05,106:DEBUG:in-event <InotifyEvent: src_path=b'/home/rabbia/To-DoList/test.log', wd=1, mask=IN_MODIFY, cookie=0, name=test.log>
2021-08-03 16:38:05,107:DEBUG:in-event <InotifyEvent: src_path=b'/home/rabbia/To-DoList/test.log', wd=1, mask=IN_MODIFY, cookie=0, name=test.log>
2021-08-03 16:38:05,107:DEBUG:in-event <InotifyEvent: src_path=b'/home/rabbia/To-DoList/test.log', wd=1, mask=IN_MODIFY, cookie=0, name=test.log>
2021-08-03 16:38:05,107:DEBUG:in-event <InotifyEvent: src_path=b'/home/rabbia/To-DoList/test.log', wd=1, mask=IN_MODIFY, cookie=0, name=test.log>
2021-08-03 16:38:05,107:DEBUG:in-event <InotifyEvent: src_path=b'/home/rabbia/To-DoList/test.log', wd=1, mask=IN_MODIFY, cookie=0, name=test.log>
2021-08-03 16:38:05,107:DEBUG:in-event <InotifyEvent: src_path=b'/home/rabbia/To-DoList/test.log', wd=1, mask=IN_MODIFY, cookie=0, name=test.log>
2021-08-03 16:38:05,107:DEBUG:in-event <InotifyEvent: src_path=b'/home/rabbia/To-DoList/test.log', wd=1, mask=IN_MODIFY, cookie=0, name=test.log>
2021-08-03 16:38:05,107:DEBUG:in-event <InotifyEvent: src_path=b'/home/rabbia/To-DoList/test.log', wd=1, mask=IN_MODIFY, cookie=0, name=test.log>
2021-08-03 16:38:05,108:DEBUG:in-event <InotifyEvent: src_path=b'/home/rabbia/To-DoList/test.log', wd=1, mask=IN_MODIFY, cookie=0, name=test.log>
2021-08-03 16:38:05,108:DEBUG:in-event <InotifyEvent: src_path=b'/home/rabbia/To-DoList/test.log', wd=1, mask=IN_MODIFY, cookie=0, name=test.log>
2021-08-03 16:38:05,108:DEBUG:in-event <InotifyEvent: src_path=b'/home/rabbia/To-DoList/test.log', wd=1, mask=IN_MODIFY, cookie=0, name=test.log>
2021-08-03 16:38:05,108:DEBUG:in-event <InotifyEvent: src_path=b'/home/rabbia/To-DoList/test.log', wd=1, mask=IN_MODIFY, cookie=0, name=test.log>
2021-08-03 16:38:05,108:DEBUG:in-event <InotifyEvent: src_path=b'/home/rabbia/To-DoList/test.log', wd=1, mask=IN_MODIFY, cookie=0, name=test.log>
2021-08-03 16:38:05,108:DEBUG:in-event <InotifyEvent: src_path=b'/home/rabbia/To-DoList/test.log', wd=1, mask=IN_MODIFY, cookie=0, name=test.log>
2021-08-03 16:38:05,109:DEBUG:in-event <InotifyEvent: src_path=b'/home/rabbia/To-DoList/test.log', wd=1, mask=IN_MODIFY, cookie=0, name=test.log>
2021-08-03 16:38:05,109:DEBUG:in-event <InotifyEvent: src_path=b'/home/rabbia/To-DoList/test.log', wd=1, mask=IN_MODIFY, cookie=0, name=test.log>
2021-08-03 16:38:05,109:DEBUG:in-event <InotifyEvent: src_path=b'/home/rabbia/To-DoList/test.log', wd=1, mask=IN_MODIFY, cookie=0, name=test.log>
2021-08-03 16:38:05,109:DEBUG:in-event <InotifyEvent: src_path=b'/home/rabbia/To-DoList/test.log', wd=1, mask=IN_MODIFY, cookie=0, name=test.log>
2021-08-03 16:38:05,109:DEBUG:in-event <InotifyEvent: src_path=b'/home/rabbia/To-DoList/test.log', wd=1, mask=IN_MODIFY, cookie=0, name=test.log>
2021-08-03 16:38:05,109:DEBUG:in-event <InotifyEvent: src_path=b'/home/rabbia/To-DoList/test.log', wd=1, mask=IN_MODIFY, cookie=0, name=test.log>
2021-08-03 16:38:05,109:DEBUG:in-event <InotifyEvent: src_path=b'/home/rabbia/To-DoList/test.log', wd=1, mask=IN_MODIFY, cookie=0, name=test.log>
2021-08-03 16:38:05,109:DEBUG:in-event <InotifyEvent: src_path=b'/home/rabbia/To-DoList/test.log', wd=1, mask=IN_MODIFY, cookie=0, name=test.log>
2021-08-03 16:38:05,110:DEBUG:in-event <InotifyEvent: src_path=b'/home/rabbia/To-DoList/test.log', wd=1, mask=IN_MODIFY, cookie=0, name=test.log>
2021-08-03 16:38:05,110:DEBUG:in-event <InotifyEvent: src_path=b'/home/rabbia/To-DoList/test.log', wd=1, mask=IN_MODIFY, cookie=0, name=test.log>
2021-08-03 16:38:05,110:DEBUG:in-event <InotifyEvent: src_path=b'/home/rabbia/To-DoList/test.log', wd=1, mask=IN_MODIFY, cookie=0, name=test.log>
2021-08-03 16:38:05,110:DEBUG:in-event <InotifyEvent: src_path=b'/home/rabbia/To-DoList/test.log', wd=1, mask=IN_MODIFY, cookie=0, name=test.log>
2021-08-03 16:38:05,110:DEBUG:in-event <InotifyEvent: src_path=b'/home/rabbia/To-DoList/test.log', wd=1, mask=IN_MODIFY, cookie=0, name=test.log>
2021-08-03 16:38:05,111:DEBUG:in-event <InotifyEvent: src_path=b'/home/rabbia/To-DoList/test.log', wd=1, mask=IN_MODIFY, cookie=0, name=test.log>
2021-08-03 16:38:05,111:DEBUG:in-event <InotifyEvent: src_path=b'/home/rabbia/To-DoList/test.log', wd=1, mask=IN_MODIFY, cookie=0, name=test.log>
2021-08-03 16:38:05,111:DEBUG:in-event <InotifyEvent: src_path=b'/home/rabbia/To-DoList/test.log', wd=1, mask=IN_MODIFY, cookie=0, name=test.log>
2021-08-03 16:38:05,111:DEBUG:in-event <InotifyEvent: src_path=b'/home/rabbia/To-DoList/test.log', wd=1, mask=IN_MODIFY, cookie=0, name=test.log>
2021-08-03 16:38:05,111:DEBUG:in-event <InotifyEvent: src_path=b'/home/rabbia/To-DoList/test.log', wd=1, mask=IN_MODIFY, cookie=0, name=test.log>
2021-08-03 16:38:05,111:DEBUG:in-event <InotifyEvent: src_path=b'/home/rabbia/To-DoList/test.log', wd=1, mask=IN_MODIFY, cookie=0, name=test.log>
2021-08-03 16:38:05,111:DEBUG:in-event <InotifyEvent: src_path=b'/home/rabbia/To-DoList/test.log', wd=1, mask=IN_MODIFY, cookie=0, name=test.log>
2021-08-03 16:38:05,111:DEBUG:in-event <InotifyEvent: src_path=b'/home/rabbia/To-DoList/test.log', wd=1, mask=IN_MODIFY, cookie=0, name=test.log>
2021-08-03 16:38:05,112:DEBUG:in-event <InotifyEvent: src_path=b'/home/rabbia/To-DoList/test.log', wd=1, mask=IN_MODIFY, cookie=0, name=test.log>
2021-08-03 16:38:05,112:DEBUG:in-event <InotifyEvent: src_path=b'/home/rabbia/To-DoList/test.log', wd=1, mask=IN_MODIFY, cookie=0, name=test.log>
2021-08-03 16:38:05,112:DEBUG:in-event <InotifyEvent: src_path=b'/home/rabbia/To-DoList/test.log', wd=1, mask=IN_MODIFY, cookie=0, name=test.log>
2021-08-03 16:38:05,112:DEBUG:in-event <InotifyEvent: src_path=b'/home/rabbia/To-DoList/test.log', wd=1, mask=IN_MODIFY, cookie=0, name=test.log>
2021-08-03 16:38:05,112:DEBUG:in-event <InotifyEvent: src_path=b'/home/rabbia/To-DoList/test.log', wd=1, mask=IN_MODIFY, cookie=0, name=test.log>
2021-08-03 16:38:05,112:DEBUG:in-event <InotifyEvent: src_path=b'/home/rabbia/To-DoList/test.log', wd=1, mask=IN_MODIFY, cookie=0, name=test.log>
2021-08-03 16:38:05,113:DEBUG:in-event <InotifyEvent: src_path=b'/home/rabbia/To-DoList/test.log', wd=1, mask=IN_MODIFY, cookie=0, name=test.log>
2021-08-03 16:38:05,113:DEBUG:in-event <InotifyEvent: src_path=b'/home/rabbia/To-DoList/test.log', wd=1, mask=IN_MODIFY, cookie=0, name=test.log>
2021-08-03 16:38:05,113:DEBUG:in-event <InotifyEvent: src_path=b'/home/rabbia/To-DoList/test.log', wd=1, mask=IN_MODIFY, cookie=0, name=test.log>
2021-08-03 16:38:05,113:DEBUG:in-event <InotifyEvent: src_path=b'/home/rabbia/To-DoList/test.log', wd=1, mask=IN_MODIFY, cookie=0, name=test.log>
2021-08-03 16:38:05,113:DEBUG:in-event <InotifyEvent: src_path=b'/home/rabbia/To-DoList/test.log', wd=1, mask=IN_MODIFY, cookie=0, name=test.log>
2021-08-03 16:38:05,113:DEBUG:in-event <InotifyEvent: src_path=b'/home/rabbia/To-DoList/test.log', wd=1, mask=IN_MODIFY, cookie=0, name=test.log>
2021-08-03 16:38:05,114:DEBUG:in-event <InotifyEvent: src_path=b'/home/rabbia/To-DoList/test.log', wd=1, mask=IN_MODIFY, cookie=0, name=test.log>
2021-08-03 16:38:05,114:DEBUG:in-event <InotifyEvent: src_path=b'/home/rabbia/To-DoList/test.log', wd=1, mask=IN_MODIFY, cookie=0, name=test.log>
2021-08-03 16:38:05,114:DEBUG:in-event <InotifyEvent: src_path=b'/home/rabbia/To-DoList/test.log', wd=1, mask=IN_MODIFY, cookie=0, name=test.log>
2021-08-03 16:38:05,114:DEBUG:in-event <InotifyEvent: src_path=b'/home/rabbia/To-DoList/test.log', wd=1, mask=IN_MODIFY, cookie=0, name=test.log>
2021-08-03 16:38:05,114:DEBUG:in-event <InotifyEvent: src_path=b'/home/rabbia/To-DoList/test.log', wd=1, mask=IN_MODIFY, cookie=0, name=test.log>
2021-08-03 16:38:05,114:DEBUG:in-event <InotifyEvent: src_path=b'/home/rabbia/To-DoList/test.log', wd=1, mask=IN_MODIFY, cookie=0, name=test.log>
2021-08-03 16:38:05,115:DEBUG:in-event <InotifyEvent: src_path=b'/home/rabbia/To-DoList/test.log', wd=1, mask=IN_MODIFY, cookie=0, name=test.log>
2021-08-03 16:38:05,115:DEBUG:in-event <InotifyEvent: src_path=b'/home/rabbia/To-DoList/test.log', wd=1, mask=IN_MODIFY, cookie=0, name=test.log>
2021-08-03 16:38:05,115:DEBUG:in-event <InotifyEvent: src_path=b'/home/rabbia/To-DoList/test.log', wd=1, mask=IN_MODIFY, cookie=0, name=test.log>
2021-08-03 16:38:05,115:DEBUG:in-event <InotifyEvent: src_path=b'/home/rabbia/To-DoList/test.log', wd=1, mask=IN_MODIFY, cookie=0, name=test.log>
2021-08-03 16:38:05,115:DEBUG:in-event <InotifyEvent: src_path=b'/home/rabbia/To-DoList/test.log', wd=1, mask=IN_MODIFY, cookie=0, name=test.log>
2021-08-03 16:38:05,115:DEBUG:in-event <InotifyEvent: src_path=b'/home/rabbia/To-DoList/test.log', wd=1, mask=IN_MODIFY, cookie=0, name=test.log>
2021-08-03 16:38:05,115:DEBUG:in-event <InotifyEvent: src_path=b'/home/rabbia/To-DoList/test.log', wd=1, mask=IN_MODIFY, cookie=0, name=test.log>
2021-08-03 16:38:05,116:DEBUG:in-event <InotifyEvent: src_path=b'/home/rabbia/To-DoList/test.log', wd=1, mask=IN_MODIFY, cookie=0, name=test.log>
2021-08-03 16:38:05,116:DEBUG:in-event <InotifyEvent: src_path=b'/home/rabbia/To-DoList/test.log', wd=1, mask=IN_MODIFY, cookie=0, name=test.log>
2021-08-03 16:38:05,116:DEBUG:in-event <InotifyEvent: src_path=b'/home/rabbia/To-DoList/test.log', wd=1, mask=IN_MODIFY, cookie=0, name=test.log>
2021-08-03 16:38:05,116:DEBUG:in-event <InotifyEvent: src_path=b'/home/rabbia/To-DoList/test.log', wd=1, mask=IN_MODIFY, cookie=0, name=test.log>
2021-08-03 16:38:05,116:DEBUG:in-event <InotifyEvent: src_path=b'/home/rabbia/To-DoList/test.log', wd=1, mask=IN_MODIFY, cookie=0, name=test.log>
2021-08-03 16:38:05,116:DEBUG:in-event <InotifyEvent: src_path=b'/home/rabbia/To-DoList/test.log', wd=1, mask=IN_MODIFY, cookie=0, name=test.log>
2021-08-03 16:38:05,116:DEBUG:in-event <InotifyEvent: src_path=b'/home/rabbia/To-DoList/test.log', wd=1, mask=IN_MODIFY, cookie=0, name=test.log>
2021-08-03 16:38:05,117:DEBUG:in-event <InotifyEvent: src_path=b'/home/rabbia/To-DoList/test.log', wd=1, mask=IN_MODIFY, cookie=0, name=test.log>
2021-08-03 16:38:05,117:DEBUG:in-event <InotifyEvent: src_path=b'/home/rabbia/To-DoList/test.log', wd=1, mask=IN_MODIFY, cookie=0, name=test.log>
2021-08-03 16:38:05,117:DEBUG:in-event <InotifyEvent: src_path=b'/home/rabbia/To-DoList/test.log', wd=1, mask=IN_MODIFY, cookie=0, name=test.log>
2021-08-03 16:38:05,117:DEBUG:in-event <InotifyEvent: src_path=b'/home/rabbia/To-DoList/test.log', wd=1, mask=IN_MODIFY, cookie=0, name=test.log>
2021-08-03 16:38:05,117:DEBUG:in-event <InotifyEvent: src_path=b'/home/rabbia/To-DoList/test.log', wd=1, mask=IN_MODIFY, cookie=0, name=test.log>
2021-08-03 16:38:05,117:DEBUG:in-event <InotifyEvent: src_path=b'/home/rabbia/To-DoList/test.log', wd=1, mask=IN_MODIFY, cookie=0, name=test.log>
2021-08-03 16:38:05,117:DEBUG:in-event <InotifyEvent: src_path=b'/home/rabbia/To-DoList/test.log', wd=1, mask=IN_MODIFY, cookie=0, name=test.log>
2021-08-03 16:38:05,118:DEBUG:in-event <InotifyEvent: src_path=b'/home/rabbia/To-DoList/test.log', wd=1, mask=IN_MODIFY, cookie=0, name=test.log>
2021-08-03 16:38:05,118:DEBUG:in-event <InotifyEvent: src_path=b'/home/rabbia/To-DoList/test.log', wd=1, mask=IN_MODIFY, cookie=0, name=test.log>
2021-08-03 16:38:05,118:DEBUG:in-event <InotifyEvent: src_path=b'/home/rabbia/To-DoList/test.log', wd=1, mask=IN_MODIFY, cookie=0, name=test.log>
2021-08-03 16:38:05,118:DEBUG:in-event <InotifyEvent: src_path=b'/home/rabbia/To-DoList/test.log', wd=1, mask=IN_MODIFY, cookie=0, name=test.log>
2021-08-03 16:38:05,118:DEBUG:in-event <InotifyEvent: src_path=b'/home/rabbia/To-DoList/test.log', wd=1, mask=IN_MODIFY, cookie=0, name=test.log>
2021-08-03 16:38:05,118:DEBUG:in-event <InotifyEvent: src_path=b'/home/rabbia/To-DoList/test.log', wd=1, mask=IN_MODIFY, cookie=0, name=test.log>
2021-08-03 16:38:05,119:DEBUG:in-event <InotifyEvent: src_path=b'/home/rabbia/To-DoList/test.log', wd=1, mask=IN_MODIFY, cookie=0, name=test.log>
2021-08-03 16:38:05,119:DEBUG:in-event <InotifyEvent: src_path=b'/home/rabbia/To-DoList/test.log', wd=1, mask=IN_MODIFY, cookie=0, name=test.log>
2021-08-03 16:38:05,119:DEBUG:in-event <InotifyEvent: src_path=b'/home/rabbia/To-DoList/test.log', wd=1, mask=IN_MODIFY, cookie=0, name=test.log>
2021-08-03 16:38:05,119:DEBUG:in-event <InotifyEvent: src_path=b'/home/rabbia/To-DoList/test.log', wd=1, mask=IN_MODIFY, cookie=0, name=test.log>
2021-08-03 16:38:05,119:DEBUG:in-event <InotifyEvent: src_path=b'/home/rabbia/To-DoList/test.log', wd=1, mask=IN_MODIFY, cookie=0, name=test.log>
2021-08-03 16:38:05,119:DEBUG:in-event <InotifyEvent: src_path=b'/home/rabbia/To-DoList/test.log', wd=1, mask=IN_MODIFY, cookie=0, name=test.log>
2021-08-03 16:38:05,119:DEBUG:in-event <InotifyEvent: src_path=b'/home/rabbia/To-DoList/test.log', wd=1, mask=IN_MODIFY, cookie=0, name=test.log>
2021-08-03 16:38:05,120:DEBUG:in-event <InotifyEvent: src_path=b'/home/rabbia/To-DoList/test.log', wd=1, mask=IN_MODIFY, cookie=0, name=test.log>
2021-08-03 16:38:05,120:DEBUG:in-event <InotifyEvent: src_path=b'/home/rabbia/To-DoList/test.log', wd=1, mask=IN_MODIFY, cookie=0, name=test.log>
2021-08-03 16:38:05,120:DEBUG:in-event <InotifyEvent: src_path=b'/home/rabbia/To-DoList/test.log', wd=1, mask=IN_MODIFY, cookie=0, name=test.log>
2021-08-03 16:38:05,120:DEBUG:in-event <InotifyEvent: src_path=b'/home/rabbia/To-DoList/test.log', wd=1, mask=IN_MODIFY, cookie=0, name=test.log>
2021-08-03 16:38:05,120:DEBUG:in-event <InotifyEvent: src_path=b'/home/rabbia/To-DoList/test.log', wd=1, mask=IN_MODIFY, cookie=0, name=test.log>
2021-08-03 16:38:05,120:DEBUG:in-event <InotifyEvent: src_path=b'/home/rabbia/To-DoList/test.log', wd=1, mask=IN_MODIFY, cookie=0, name=test.log>
2021-08-03 16:38:05,120:DEBUG:in-event <InotifyEvent: src_path=b'/home/rabbia/To-DoList/test.log', wd=1, mask=IN_MODIFY, cookie=0, name=test.log>
2021-08-03 16:38:05,121:DEBUG:in-event <InotifyEvent: src_path=b'/home/rabbia/To-DoList/test.log', wd=1, mask=IN_MODIFY, cookie=0, name=test.log>
2021-08-03 16:38:05,121:DEBUG:in-event <InotifyEvent: src_path=b'/home/rabbia/To-DoList/test.log', wd=1, mask=IN_MODIFY, cookie=0, name=test.log>
2021-08-03 16:38:05,121:DEBUG:in-event <InotifyEvent: src_path=b'/home/rabbia/To-DoList/test.log', wd=1, mask=IN_MODIFY, cookie=0, name=test.log>
2021-08-03 16:38:05,121:DEBUG:in-event <InotifyEvent: src_path=b'/home/rabbia/To-DoList/test.log', wd=1, mask=IN_MODIFY, cookie=0, name=test.log>
2021-08-03 16:38:05,121:DEBUG:in-event <InotifyEvent: src_path=b'/home/rabbia/To-DoList/test.log', wd=1, mask=IN_MODIFY, cookie=0, name=test.log>
2021-08-03 16:38:05,121:DEBUG:in-event <InotifyEvent: src_path=b'/home/rabbia/To-DoList/test.log', wd=1, mask=IN_MODIFY, cookie=0, name=test.log>
2021-08-03 16:38:05,121:DEBUG:in-event <InotifyEvent: src_path=b'/home/rabbia/To-DoList/test.log', wd=1, mask=IN_MODIFY, cookie=0, name=test.log>
2021-08-03 16:38:05,122:DEBUG:in-event <InotifyEvent: src_path=b'/home/rabbia/To-DoList/test.log', wd=1, mask=IN_MODIFY, cookie=0, name=test.log>
2021-08-03 16:38:05,122:DEBUG:in-event <InotifyEvent: src_path=b'/home/rabbia/To-DoList/test.log', wd=1, mask=IN_MODIFY, cookie=0, name=test.log>
2021-08-03 16:38:05,122:DEBUG:in-event <InotifyEvent: src_path=b'/home/rabbia/To-DoList/test.log', wd=1, mask=IN_MODIFY, cookie=0, name=test.log>
2021-08-03 16:38:05,122:DEBUG:in-event <InotifyEvent: src_path=b'/home/rabbia/To-DoList/test.log', wd=1, mask=IN_MODIFY, cookie=0, name=test.log>
2021-08-03 16:38:05,122:DEBUG:in-event <InotifyEvent: src_path=b'/home/rabbia/To-DoList/test.log', wd=1, mask=IN_MODIFY, cookie=0, name=test.log>
2021-08-03 16:38:05,122:DEBUG:in-event <InotifyEvent: src_path=b'/home/rabbia/To-DoList/test.log', wd=1, mask=IN_MODIFY, cookie=0, name=test.log>
2021-08-03 16:38:05,122:DEBUG:in-event <InotifyEvent: src_path=b'/home/rabbia/To-DoList/test.log', wd=1, mask=IN_MODIFY, cookie=0, name=test.log>
2021-08-03 16:38:05,123:DEBUG:in-event <InotifyEvent: src_path=b'/home/rabbia/To-DoList/test.log', wd=1, mask=IN_MODIFY, cookie=0, name=test.log>
2021-08-03 16:38:05,123:DEBUG:in-event <InotifyEvent: src_path=b'/home/rabbia/To-DoList/test.log', wd=1, mask=IN_MODIFY, cookie=0, name=test.log>
2021-08-03 16:38:05,123:DEBUG:in-event <InotifyEvent: src_path=b'/home/rabbia/To-DoList/test.log', wd=1, mask=IN_MODIFY, cookie=0, name=test.log>
2021-08-03 16:38:05,123:DEBUG:in-event <InotifyEvent: src_path=b'/home/rabbia/To-DoList/test.log', wd=1, mask=IN_MODIFY, cookie=0, name=test.log>
2021-08-03 16:38:05,123:DEBUG:in-event <InotifyEvent: src_path=b'/home/rabbia/To-DoList/test.log', wd=1, mask=IN_MODIFY, cookie=0, name=test.log>
2021-08-03 16:38:05,123:DEBUG:in-event <InotifyEvent: src_path=b'/home/rabbia/To-DoList/test.log', wd=1, mask=IN_MODIFY, cookie=0, name=test.log>
2021-08-03 16:38:05,124:DEBUG:in-event <InotifyEvent: src_path=b'/home/rabbia/To-DoList/test.log', wd=1, mask=IN_MODIFY, cookie=0, name=test.log>
2021-08-03 16:38:05,124:DEBUG:in-event <InotifyEvent: src_path=b'/home/rabbia/To-DoList/test.log', wd=1, mask=IN_MODIFY, cookie=0, name=test.log>
2021-08-03 16:38:05,124:DEBUG:in-event <InotifyEvent: src_path=b'/home/rabbia/To-DoList/test.log', wd=1, mask=IN_MODIFY, cookie=0, name=test.log>
2021-08-03 16:38:05,124:DEBUG:in-event <InotifyEvent: src_path=b'/home/rabbia/To-DoList/test.log', wd=1, mask=IN_MODIFY, cookie=0, name=test.log>
2021-08-03 16:38:05,125:DEBUG:in-event <InotifyEvent: src_path=b'/home/rabbia/To-DoList/test.log', wd=1, mask=IN_MODIFY, cookie=0, name=test.log>
2021-08-03 16:38:05,125:DEBUG:in-event <InotifyEvent: src_path=b'/home/rabbia/To-DoList/test.log', wd=1, mask=IN_MODIFY, cookie=0, name=test.log>
2021-08-03 16:38:05,125:DEBUG:in-event <InotifyEvent: src_path=b'/home/rabbia/To-DoList/test.log', wd=1, mask=IN_MODIFY, cookie=0, name=test.log>
2021-08-03 16:38:05,125:DEBUG:in-event <InotifyEvent: src_path=b'/home/rabbia/To-DoList/test.log', wd=1, mask=IN_MODIFY, cookie=0, name=test.log>
2021-08-03 16:38:05,126:DEBUG:in-event <InotifyEvent: src_path=b'/home/rabbia/To-DoList/test.log', wd=1, mask=IN_MODIFY, cookie=0, name=test.log>
2021-08-03 16:38:05,126:DEBUG:in-event <InotifyEvent: src_path=b'/home/rabbia/To-DoList/test.log', wd=1, mask=IN_MODIFY, cookie=0, name=test.log>
2021-08-03 16:38:05,126:DEBUG:in-event <InotifyEvent: src_path=b'/home/rabbia/To-DoList/test.log', wd=1, mask=IN_MODIFY, cookie=0, name=test.log>
2021-08-03 16:38:05,126:DEBUG:in-event <InotifyEvent: src_path=b'/home/rabbia/To-DoList/test.log', wd=1, mask=IN_MODIFY, cookie=0, name=test.log>
2021-08-03 16:38:05,127:DEBUG:in-event <InotifyEvent: src_path=b'/home/rabbia/To-DoList/test.log', wd=1, mask=IN_MODIFY, cookie=0, name=test.log>
2021-08-03 16:38:05,127:DEBUG:in-event <InotifyEvent: src_path=b'/home/rabbia/To-DoList/test.log', wd=1, mask=IN_MODIFY, cookie=0, name=test.log>
2021-08-03 16:38:05,127:DEBUG:in-event <InotifyEvent: src_path=b'/home/rabbia/To-DoList/test.log', wd=1, mask=IN_MODIFY, cookie=0, name=test.log>
2021-08-03 16:38:05,127:DEBUG:in-event <InotifyEvent: src_path=b'/home/rabbia/To-DoList/test.log', wd=1, mask=IN_MODIFY, cookie=0, name=test.log>
2021-08-03 16:38:05,127:DEBUG:in-event <InotifyEvent: src_path=b'/home/rabbia/To-DoList/test.log', wd=1, mask=IN_MODIFY, cookie=0, name=test.log>
2021-08-03 16:38:05,127:DEBUG:in-event <InotifyEvent: src_path=b'/home/rabbia/To-DoList/test.log', wd=1, mask=IN_MODIFY, cookie=0, name=test.log>
2021-08-03 16:38:05,128:DEBUG:in-event <InotifyEvent: src_path=b'/home/rabbia/To-DoList/test.log', wd=1, mask=IN_MODIFY, cookie=0, name=test.log>
2021-08-03 16:38:05,128:DEBUG:in-event <InotifyEvent: src_path=b'/home/rabbia/To-DoList/test.log', wd=1, mask=IN_MODIFY, cookie=0, name=test.log>
2021-08-03 16:38:05,128:DEBUG:in-event <InotifyEvent: src_path=b'/home/rabbia/To-DoList/test.log', wd=1, mask=IN_MODIFY, cookie=0, name=test.log>
2021-08-03 16:38:05,128:DEBUG:in-event <InotifyEvent: src_path=b'/home/rabbia/To-DoList/test.log', wd=1, mask=IN_MODIFY, cookie=0, name=test.log>
2021-08-03 16:38:05,128:DEBUG:in-event <InotifyEvent: src_path=b'/home/rabbia/To-DoList/test.log', wd=1, mask=IN_MODIFY, cookie=0, name=test.log>
2021-08-03 16:38:05,128:DEBUG:in-event <InotifyEvent: src_path=b'/home/rabbia/To-DoList/test.log', wd=1, mask=IN_MODIFY, cookie=0, name=test.log>
2021-08-03 16:38:05,129:DEBUG:in-event <InotifyEvent: src_path=b'/home/rabbia/To-DoList/test.log', wd=1, mask=IN_MODIFY, cookie=0, name=test.log>
2021-08-03 16:38:05,129:DEBUG:in-event <InotifyEvent: src_path=b'/home/rabbia/To-DoList/test.log', wd=1, mask=IN_MODIFY, cookie=0, name=test.log>
2021-08-03 16:38:05,129:DEBUG:in-event <InotifyEvent: src_path=b'/home/rabbia/To-DoList/test.log', wd=1, mask=IN_MODIFY, cookie=0, name=test.log>
2021-08-03 16:38:05,129:DEBUG:in-event <InotifyEvent: src_path=b'/home/rabbia/To-DoList/test.log', wd=1, mask=IN_MODIFY, cookie=0, name=test.log>
2021-08-03 16:38:05,129:DEBUG:in-event <InotifyEvent: src_path=b'/home/rabbia/To-DoList/test.log', wd=1, mask=IN_MODIFY, cookie=0, name=test.log>
2021-08-03 16:38:05,129:DEBUG:in-event <InotifyEvent: src_path=b'/home/rabbia/To-DoList/test.log', wd=1, mask=IN_MODIFY, cookie=0, name=test.log>
2021-08-03 16:38:05,130:DEBUG:in-event <InotifyEvent: src_path=b'/home/rabbia/To-DoList/test.log', wd=1, mask=IN_MODIFY, cookie=0, name=test.log>
2021-08-03 16:38:05,130:DEBUG:in-event <InotifyEvent: src_path=b'/home/rabbia/To-DoList/test.log', wd=1, mask=IN_MODIFY, cookie=0, name=test.log>
2021-08-03 16:38:05,130:DEBUG:in-event <InotifyEvent: src_path=b'/home/rabbia/To-DoList/test.log', wd=1, mask=IN_MODIFY, cookie=0, name=test.log>
2021-08-03 16:38:05,130:DEBUG:in-event <InotifyEvent: src_path=b'/home/rabbia/To-DoList/test.log', wd=1, mask=IN_MODIFY, cookie=0, name=test.log>
2021-08-03 16:38:05,130:DEBUG:in-event <InotifyEvent: src_path=b'/home/rabbia/To-DoList/test.log', wd=1, mask=IN_MODIFY, cookie=0, name=test.log>
2021-08-03 16:38:05,130:DEBUG:in-event <InotifyEvent: src_path=b'/home/rabbia/To-DoList/test.log', wd=1, mask=IN_MODIFY, cookie=0, name=test.log>
2021-08-03 16:38:05,131:DEBUG:in-event <InotifyEvent: src_path=b'/home/rabbia/To-DoList/test.log', wd=1, mask=IN_MODIFY, cookie=0, name=test.log>
2021-08-03 16:38:05,131:DEBUG:in-event <InotifyEvent: src_path=b'/home/rabbia/To-DoList/test.log', wd=1, mask=IN_MODIFY, cookie=0, name=test.log>
2021-08-03 16:38:05,131:DEBUG:in-event <InotifyEvent: src_path=b'/home/rabbia/To-DoList/test.log', wd=1, mask=IN_MODIFY, cookie=0, name=test.log>
2021-08-03 16:38:05,131:DEBUG:in-event <InotifyEvent: src_path=b'/home/rabbia/To-DoList/test.log', wd=1, mask=IN_MODIFY, cookie=0, name=test.log>
2021-08-03 16:38:05,131:DEBUG:in-event <InotifyEvent: src_path=b'/home/rabbia/To-DoList/test.log', wd=1, mask=IN_MODIFY, cookie=0, name=test.log>
2021-08-03 16:38:05,131:DEBUG:in-event <InotifyEvent: src_path=b'/home/rabbia/To-DoList/test.log', wd=1, mask=IN_MODIFY, cookie=0, name=test.log>
2021-08-03 16:38:05,132:DEBUG:in-event <InotifyEvent: src_path=b'/home/rabbia/To-DoList/test.log', wd=1, mask=IN_MODIFY, cookie=0, name=test.log>
2021-08-03 16:38:05,132:DEBUG:in-event <InotifyEvent: src_path=b'/home/rabbia/To-DoList/test.log', wd=1, mask=IN_MODIFY, cookie=0, name=test.log>
2021-08-03 16:38:05,132:DEBUG:in-event <InotifyEvent: src_path=b'/home/rabbia/To-DoList/test.log', wd=1, mask=IN_MODIFY, cookie=0, name=test.log>
2021-08-03 16:38:05,132:DEBUG:in-event <InotifyEvent: src_path=b'/home/rabbia/To-DoList/test.log', wd=1, mask=IN_MODIFY, cookie=0, name=test.log>
2021-08-03 16:38:05,132:DEBUG:in-event <InotifyEvent: src_path=b'/home/rabbia/To-DoList/test.log', wd=1, mask=IN_MODIFY, cookie=0, name=test.log>
2021-08-03 16:38:05,132:DEBUG:in-event <InotifyEvent: src_path=b'/home/rabbia/To-DoList/test.log', wd=1, mask=IN_MODIFY, cookie=0, name=test.log>
2021-08-03 16:38:05,133:DEBUG:in-event <InotifyEvent: src_path=b'/home/rabbia/To-DoList/test.log', wd=1, mask=IN_MODIFY, cookie=0, name=test.log>
2021-08-03 16:38:05,133:DEBUG:in-event <InotifyEvent: src_path=b'/home/rabbia/To-DoList/test.log', wd=1, mask=IN_MODIFY, cookie=0, name=test.log>
2021-08-03 16:38:05,133:DEBUG:in-event <InotifyEvent: src_path=b'/home/rabbia/To-DoList/test.log', wd=1, mask=IN_MODIFY, cookie=0, name=test.log>
2021-08-03 16:38:05,133:DEBUG:in-event <InotifyEvent: src_path=b'/home/rabbia/To-DoList/test.log', wd=1, mask=IN_MODIFY, cookie=0, name=test.log>
2021-08-03 16:38:05,134:DEBUG:in-event <InotifyEvent: src_path=b'/home/rabbia/To-DoList/test.log', wd=1, mask=IN_MODIFY, cookie=0, name=test.log>
2021-08-03 16:38:05,134:DEBUG:in-event <InotifyEvent: src_path=b'/home/rabbia/To-DoList/test.log', wd=1, mask=IN_MODIFY, cookie=0, name=test.log>
2021-08-03 16:38:05,134:DEBUG:in-event <InotifyEvent: src_path=b'/home/rabbia/To-DoList/test.log', wd=1, mask=IN_MODIFY, cookie=0, name=test.log>
2021-08-03 16:38:05,134:DEBUG:in-event <InotifyEvent: src_path=b'/home/rabbia/To-DoList/test.log', wd=1, mask=IN_MODIFY, cookie=0, name=test.log>
2021-08-03 16:38:05,134:DEBUG:in-event <InotifyEvent: src_path=b'/home/rabbia/To-DoList/test.log', wd=1, mask=IN_MODIFY, cookie=0, name=test.log>
2021-08-03 16:38:05,134:DEBUG:in-event <InotifyEvent: src_path=b'/home/rabbia/To-DoList/test.log', wd=1, mask=IN_MODIFY, cookie=0, name=test.log>
2021-08-03 16:38:05,135:DEBUG:in-event <InotifyEvent: src_path=b'/home/rabbia/To-DoList/test.log', wd=1, mask=IN_MODIFY, cookie=0, name=test.log>
2021-08-03 16:38:05,135:DEBUG:in-event <InotifyEvent: src_path=b'/home/rabbia/To-DoList/test.log', wd=1, mask=IN_MODIFY, cookie=0, name=test.log>
2021-08-03 16:38:05,135:DEBUG:in-event <InotifyEvent: src_path=b'/home/rabbia/To-DoList/test.log', wd=1, mask=IN_MODIFY, cookie=0, name=test.log>
2021-08-03 16:38:05,135:DEBUG:in-event <InotifyEvent: src_path=b'/home/rabbia/To-DoList/test.log', wd=1, mask=IN_MODIFY, cookie=0, name=test.log>
2021-08-03 16:38:05,135:DEBUG:in-event <InotifyEvent: src_path=b'/home/rabbia/To-DoList/test.log', wd=1, mask=IN_MODIFY, cookie=0, name=test.log>
2021-08-03 16:38:05,136:DEBUG:in-event <InotifyEvent: src_path=b'/home/rabbia/To-DoList/test.log', wd=1, mask=IN_MODIFY, cookie=0, name=test.log>
2021-08-03 16:38:05,136:DEBUG:in-event <InotifyEvent: src_path=b'/home/rabbia/To-DoList/test.log', wd=1, mask=IN_MODIFY, cookie=0, name=test.log>
2021-08-03 16:38:05,136:DEBUG:in-event <InotifyEvent: src_path=b'/home/rabbia/To-DoList/test.log', wd=1, mask=IN_MODIFY, cookie=0, name=test.log>
2021-08-03 16:38:05,137:DEBUG:in-event <InotifyEvent: src_path=b'/home/rabbia/To-DoList/test.log', wd=1, mask=IN_MODIFY, cookie=0, name=test.log>
2021-08-03 16:38:05,137:DEBUG:in-event <InotifyEvent: src_path=b'/home/rabbia/To-DoList/test.log', wd=1, mask=IN_MODIFY, cookie=0, name=test.log>
2021-08-03 16:38:05,137:DEBUG:in-event <InotifyEvent: src_path=b'/home/rabbia/To-DoList/test.log', wd=1, mask=IN_MODIFY, cookie=0, name=test.log>
2021-08-03 16:38:05,137:DEBUG:in-event <InotifyEvent: src_path=b'/home/rabbia/To-DoList/test.log', wd=1, mask=IN_MODIFY, cookie=0, name=test.log>
2021-08-03 16:38:05,138:DEBUG:in-event <InotifyEvent: src_path=b'/home/rabbia/To-DoList/test.log', wd=1, mask=IN_MODIFY, cookie=0, name=test.log>
2021-08-03 16:38:05,138:DEBUG:in-event <InotifyEvent: src_path=b'/home/rabbia/To-DoList/test.log', wd=1, mask=IN_MODIFY, cookie=0, name=test.log>
2021-08-03 16:38:05,138:DEBUG:in-event <InotifyEvent: src_path=b'/home/rabbia/To-DoList/test.log', wd=1, mask=IN_MODIFY, cookie=0, name=test.log>
2021-08-03 16:38:05,138:DEBUG:in-event <InotifyEvent: src_path=b'/home/rabbia/To-DoList/test.log', wd=1, mask=IN_MODIFY, cookie=0, name=test.log>
2021-08-03 16:38:05,139:DEBUG:in-event <InotifyEvent: src_path=b'/home/rabbia/To-DoList/test.log', wd=1, mask=IN_MODIFY, cookie=0, name=test.log>
2021-08-03 16:38:05,139:DEBUG:in-event <InotifyEvent: src_path=b'/home/rabbia/To-DoList/test.log', wd=1, mask=IN_MODIFY, cookie=0, name=test.log>
2021-08-03 16:38:05,139:DEBUG:in-event <InotifyEvent: src_path=b'/home/rabbia/To-DoList/test.log', wd=1, mask=IN_MODIFY, cookie=0, name=test.log>
2021-08-03 16:38:05,139:DEBUG:in-event <InotifyEvent: src_path=b'/home/rabbia/To-DoList/test.log', wd=1, mask=IN_MODIFY, cookie=0, name=test.log>
2021-08-03 16:38:05,140:DEBUG:in-event <InotifyEvent: src_path=b'/home/rabbia/To-DoList/test.log', wd=1, mask=IN_MODIFY, cookie=0, name=test.log>
2021-08-03 16:38:05,140:DEBUG:in-event <InotifyEvent: src_path=b'/home/rabbia/To-DoList/test.log', wd=1, mask=IN_MODIFY, cookie=0, name=test.log>
2021-08-03 16:38:05,140:DEBUG:in-event <InotifyEvent: src_path=b'/home/rabbia/To-DoList/test.log', wd=1, mask=IN_MODIFY, cookie=0, name=test.log>
2021-08-03 16:38:05,140:DEBUG:in-event <InotifyEvent: src_path=b'/home/rabbia/To-DoList/test.log', wd=1, mask=IN_MODIFY, cookie=0, name=test.log>
2021-08-03 16:38:05,140:DEBUG:in-event <InotifyEvent: src_path=b'/home/rabbia/To-DoList/test.log', wd=1, mask=IN_MODIFY, cookie=0, name=test.log>
2021-08-03 16:38:05,141:DEBUG:in-event <InotifyEvent: src_path=b'/home/rabbia/To-DoList/test.log', wd=1, mask=IN_MODIFY, cookie=0, name=test.log>
2021-08-03 16:38:05,141:DEBUG:in-event <InotifyEvent: src_path=b'/home/rabbia/To-DoList/test.log', wd=1, mask=IN_MODIFY, cookie=0, name=test.log>
2021-08-03 16:38:05,141:DEBUG:in-event <InotifyEvent: src_path=b'/home/rabbia/To-DoList/test.log', wd=1, mask=IN_MODIFY, cookie=0, name=test.log>
2021-08-03 16:38:05,141:DEBUG:in-event <InotifyEvent: src_path=b'/home/rabbia/To-DoList/test.log', wd=1, mask=IN_MODIFY, cookie=0, name=test.log>
2021-08-03 16:38:05,142:DEBUG:in-event <InotifyEvent: src_path=b'/home/rabbia/To-DoList/test.log', wd=1, mask=IN_MODIFY, cookie=0, name=test.log>
2021-08-03 16:38:05,142:DEBUG:in-event <InotifyEvent: src_path=b'/home/rabbia/To-DoList/test.log', wd=1, mask=IN_MODIFY, cookie=0, name=test.log>
2021-08-03 16:38:05,142:DEBUG:in-event <InotifyEvent: src_path=b'/home/rabbia/To-DoList/test.log', wd=1, mask=IN_MODIFY, cookie=0, name=test.log>
2021-08-03 16:38:05,142:DEBUG:in-event <InotifyEvent: src_path=b'/home/rabbia/To-DoList/test.log', wd=1, mask=IN_MODIFY, cookie=0, name=test.log>
2021-08-03 16:38:05,142:DEBUG:in-event <InotifyEvent: src_path=b'/home/rabbia/To-DoList/test.log', wd=1, mask=IN_MODIFY, cookie=0, name=test.log>
2021-08-03 16:38:05,143:DEBUG:in-event <InotifyEvent: src_path=b'/home/rabbia/To-DoList/test.log', wd=1, mask=IN_MODIFY, cookie=0, name=test.log>
2021-08-03 16:38:05,143:DEBUG:in-event <InotifyEvent: src_path=b'/home/rabbia/To-DoList/test.log', wd=1, mask=IN_MODIFY, cookie=0, name=test.log>
2021-08-03 16:38:05,143:DEBUG:in-event <InotifyEvent: src_path=b'/home/rabbia/To-DoList/test.log', wd=1, mask=IN_MODIFY, cookie=0, name=test.log>
2021-08-03 16:38:05,143:DEBUG:in-event <InotifyEvent: src_path=b'/home/rabbia/To-DoList/test.log', wd=1, mask=IN_MODIFY, cookie=0, name=test.log>
2021-08-03 16:38:05,143:DEBUG:in-event <InotifyEvent: src_path=b'/home/rabbia/To-DoList/test.log', wd=1, mask=IN_MODIFY, cookie=0, name=test.log>
2021-08-03 16:38:05,144:DEBUG:in-event <InotifyEvent: src_path=b'/home/rabbia/To-DoList/test.log', wd=1, mask=IN_MODIFY, cookie=0, name=test.log>
2021-08-03 16:38:05,144:DEBUG:in-event <InotifyEvent: src_path=b'/home/rabbia/To-DoList/test.log', wd=1, mask=IN_MODIFY, cookie=0, name=test.log>
2021-08-03 16:38:05,144:DEBUG:in-event <InotifyEvent: src_path=b'/home/rabbia/To-DoList/test.log', wd=1, mask=IN_MODIFY, cookie=0, name=test.log>
2021-08-03 16:38:05,144:DEBUG:in-event <InotifyEvent: src_path=b'/home/rabbia/To-DoList/test.log', wd=1, mask=IN_MODIFY, cookie=0, name=test.log>
2021-08-03 16:38:05,145:DEBUG:in-event <InotifyEvent: src_path=b'/home/rabbia/To-DoList/test.log', wd=1, mask=IN_MODIFY, cookie=0, name=test.log>
2021-08-03 16:38:05,145:DEBUG:in-event <InotifyEvent: src_path=b'/home/rabbia/To-DoList/test.log', wd=1, mask=IN_MODIFY, cookie=0, name=test.log>
2021-08-03 16:38:05,145:DEBUG:in-event <InotifyEvent: src_path=b'/home/rabbia/To-DoList/test.log', wd=1, mask=IN_MODIFY, cookie=0, name=test.log>
2021-08-03 16:38:05,145:DEBUG:in-event <InotifyEvent: src_path=b'/home/rabbia/To-DoList/test.log', wd=1, mask=IN_MODIFY, cookie=0, name=test.log>
2021-08-03 16:38:05,145:DEBUG:in-event <InotifyEvent: src_path=b'/home/rabbia/To-DoList/test.log', wd=1, mask=IN_MODIFY, cookie=0, name=test.log>
2021-08-03 16:38:05,146:DEBUG:in-event <InotifyEvent: src_path=b'/home/rabbia/To-DoList/test.log', wd=1, mask=IN_MODIFY, cookie=0, name=test.log>
2021-08-03 16:38:05,146:DEBUG:in-event <InotifyEvent: src_path=b'/home/rabbia/To-DoList/test.log', wd=1, mask=IN_MODIFY, cookie=0, name=test.log>
2021-08-03 16:38:05,146:DEBUG:in-event <InotifyEvent: src_path=b'/home/rabbia/To-DoList/test.log', wd=1, mask=IN_MODIFY, cookie=0, name=test.log>
2021-08-03 16:38:05,146:DEBUG:in-event <InotifyEvent: src_path=b'/home/rabbia/To-DoList/test.log', wd=1, mask=IN_MODIFY, cookie=0, name=test.log>
2021-08-03 16:38:05,146:DEBUG:in-event <InotifyEvent: src_path=b'/home/rabbia/To-DoList/test.log', wd=1, mask=IN_MODIFY, cookie=0, name=test.log>
2021-08-03 16:38:05,147:DEBUG:in-event <InotifyEvent: src_path=b'/home/rabbia/To-DoList/test.log', wd=1, mask=IN_MODIFY, cookie=0, name=test.log>
2021-08-03 16:38:05,147:DEBUG:in-event <InotifyEvent: src_path=b'/home/rabbia/To-DoList/test.log', wd=1, mask=IN_MODIFY, cookie=0, name=test.log>
2021-08-03 16:38:05,147:DEBUG:in-event <InotifyEvent: src_path=b'/home/rabbia/To-DoList/test.log', wd=1, mask=IN_MODIFY, cookie=0, name=test.log>
2021-08-03 16:38:05,147:DEBUG:in-event <InotifyEvent: src_path=b'/home/rabbia/To-DoList/test.log', wd=1, mask=IN_MODIFY, cookie=0, name=test.log>
2021-08-03 16:38:05,147:DEBUG:in-event <InotifyEvent: src_path=b'/home/rabbia/To-DoList/test.log', wd=1, mask=IN_MODIFY, cookie=0, name=test.log>
2021-08-03 16:38:05,147:DEBUG:in-event <InotifyEvent: src_path=b'/home/rabbia/To-DoList/test.log', wd=1, mask=IN_MODIFY, cookie=0, name=test.log>
2021-08-03 16:38:05,148:DEBUG:in-event <InotifyEvent: src_path=b'/home/rabbia/To-DoList/test.log', wd=1, mask=IN_MODIFY, cookie=0, name=test.log>
2021-08-03 16:38:05,148:DEBUG:in-event <InotifyEvent: src_path=b'/home/rabbia/To-DoList/test.log', wd=1, mask=IN_MODIFY, cookie=0, name=test.log>
2021-08-03 16:38:05,148:DEBUG:in-event <InotifyEvent: src_path=b'/home/rabbia/To-DoList/test.log', wd=1, mask=IN_MODIFY, cookie=0, name=test.log>
2021-08-03 16:38:05,148:DEBUG:in-event <InotifyEvent: src_path=b'/home/rabbia/To-DoList/test.log', wd=1, mask=IN_MODIFY, cookie=0, name=test.log>
2021-08-03 16:38:05,148:DEBUG:in-event <InotifyEvent: src_path=b'/home/rabbia/To-DoList/test.log', wd=1, mask=IN_MODIFY, cookie=0, name=test.log>
2021-08-03 16:38:05,148:DEBUG:in-event <InotifyEvent: src_path=b'/home/rabbia/To-DoList/test.log', wd=1, mask=IN_MODIFY, cookie=0, name=test.log>
2021-08-03 16:38:05,148:DEBUG:in-event <InotifyEvent: src_path=b'/home/rabbia/To-DoList/test.log', wd=1, mask=IN_MODIFY, cookie=0, name=test.log>
2021-08-03 16:38:05,148:DEBUG:in-event <InotifyEvent: src_path=b'/home/rabbia/To-DoList/test.log', wd=1, mask=IN_MODIFY, cookie=0, name=test.log>
2021-08-03 16:38:05,149:DEBUG:in-event <InotifyEvent: src_path=b'/home/rabbia/To-DoList/test.log', wd=1, mask=IN_MODIFY, cookie=0, name=test.log>
2021-08-03 16:38:05,149:DEBUG:in-event <InotifyEvent: src_path=b'/home/rabbia/To-DoList/test.log', wd=1, mask=IN_MODIFY, cookie=0, name=test.log>
2021-08-03 16:38:05,149:DEBUG:in-event <InotifyEvent: src_path=b'/home/rabbia/To-DoList/test.log', wd=1, mask=IN_MODIFY, cookie=0, name=test.log>
2021-08-03 16:38:05,149:DEBUG:in-event <InotifyEvent: src_path=b'/home/rabbia/To-DoList/test.log', wd=1, mask=IN_MODIFY, cookie=0, name=test.log>
2021-08-03 16:38:05,149:DEBUG:in-event <InotifyEvent: src_path=b'/home/rabbia/To-DoList/test.log', wd=1, mask=IN_MODIFY, cookie=0, name=test.log>
2021-08-03 16:38:05,149:DEBUG:in-event <InotifyEvent: src_path=b'/home/rabbia/To-DoList/test.log', wd=1, mask=IN_MODIFY, cookie=0, name=test.log>
2021-08-03 16:38:05,150:DEBUG:in-event <InotifyEvent: src_path=b'/home/rabbia/To-DoList/test.log', wd=1, mask=IN_MODIFY, cookie=0, name=test.log>
2021-08-03 16:38:05,150:DEBUG:in-event <InotifyEvent: src_path=b'/home/rabbia/To-DoList/test.log', wd=1, mask=IN_MODIFY, cookie=0, name=test.log>
2021-08-03 16:38:05,150:DEBUG:in-event <InotifyEvent: src_path=b'/home/rabbia/To-DoList/test.log', wd=1, mask=IN_MODIFY, cookie=0, name=test.log>
2021-08-03 16:38:05,150:DEBUG:in-event <InotifyEvent: src_path=b'/home/rabbia/To-DoList/test.log', wd=1, mask=IN_MODIFY, cookie=0, name=test.log>
2021-08-03 16:38:05,150:DEBUG:in-event <InotifyEvent: src_path=b'/home/rabbia/To-DoList/test.log', wd=1, mask=IN_MODIFY, cookie=0, name=test.log>
2021-08-03 16:38:05,150:DEBUG:in-event <InotifyEvent: src_path=b'/home/rabbia/To-DoList/test.log', wd=1, mask=IN_MODIFY, cookie=0, name=test.log>
2021-08-03 16:38:05,151:DEBUG:in-event <InotifyEvent: src_path=b'/home/rabbia/To-DoList/test.log', wd=1, mask=IN_MODIFY, cookie=0, name=test.log>
2021-08-03 16:38:05,151:DEBUG:in-event <InotifyEvent: src_path=b'/home/rabbia/To-DoList/test.log', wd=1, mask=IN_MODIFY, cookie=0, name=test.log>
2021-08-03 16:38:05,151:DEBUG:in-event <InotifyEvent: src_path=b'/home/rabbia/To-DoList/test.log', wd=1, mask=IN_MODIFY, cookie=0, name=test.log>
2021-08-03 16:38:05,151:DEBUG:in-event <InotifyEvent: src_path=b'/home/rabbia/To-DoList/test.log', wd=1, mask=IN_MODIFY, cookie=0, name=test.log>
2021-08-03 16:38:05,151:DEBUG:in-event <InotifyEvent: src_path=b'/home/rabbia/To-DoList/test.log', wd=1, mask=IN_MODIFY, cookie=0, name=test.log>
2021-08-03 16:38:05,151:DEBUG:in-event <InotifyEvent: src_path=b'/home/rabbia/To-DoList/test.log', wd=1, mask=IN_MODIFY, cookie=0, name=test.log>
2021-08-03 16:38:05,151:DEBUG:in-event <InotifyEvent: src_path=b'/home/rabbia/To-DoList/test.log', wd=1, mask=IN_MODIFY, cookie=0, name=test.log>
2021-08-03 16:38:05,152:DEBUG:in-event <InotifyEvent: src_path=b'/home/rabbia/To-DoList/test.log', wd=1, mask=IN_MODIFY, cookie=0, name=test.log>
2021-08-03 16:38:05,152:DEBUG:in-event <InotifyEvent: src_path=b'/home/rabbia/To-DoList/test.log', wd=1, mask=IN_MODIFY, cookie=0, name=test.log>
2021-08-03 16:38:05,152:DEBUG:in-event <InotifyEvent: src_path=b'/home/rabbia/To-DoList/test.log', wd=1, mask=IN_MODIFY, cookie=0, name=test.log>
2021-08-03 16:38:05,152:DEBUG:in-event <InotifyEvent: src_path=b'/home/rabbia/To-DoList/test.log', wd=1, mask=IN_MODIFY, cookie=0, name=test.log>
2021-08-03 16:38:05,152:DEBUG:in-event <InotifyEvent: src_path=b'/home/rabbia/To-DoList/test.log', wd=1, mask=IN_MODIFY, cookie=0, name=test.log>
2021-08-03 16:38:05,152:DEBUG:in-event <InotifyEvent: src_path=b'/home/rabbia/To-DoList/test.log', wd=1, mask=IN_MODIFY, cookie=0, name=test.log>
2021-08-03 16:38:05,152:DEBUG:in-event <InotifyEvent: src_path=b'/home/rabbia/To-DoList/test.log', wd=1, mask=IN_MODIFY, cookie=0, name=test.log>
2021-08-03 16:38:05,153:DEBUG:in-event <InotifyEvent: src_path=b'/home/rabbia/To-DoList/test.log', wd=1, mask=IN_MODIFY, cookie=0, name=test.log>
2021-08-03 16:38:05,153:DEBUG:in-event <InotifyEvent: src_path=b'/home/rabbia/To-DoList/test.log', wd=1, mask=IN_MODIFY, cookie=0, name=test.log>
2021-08-03 16:38:05,153:DEBUG:in-event <InotifyEvent: src_path=b'/home/rabbia/To-DoList/test.log', wd=1, mask=IN_MODIFY, cookie=0, name=test.log>
2021-08-03 16:38:05,153:DEBUG:in-event <InotifyEvent: src_path=b'/home/rabbia/To-DoList/test.log', wd=1, mask=IN_MODIFY, cookie=0, name=test.log>
2021-08-03 16:38:05,153:DEBUG:in-event <InotifyEvent: src_path=b'/home/rabbia/To-DoList/test.log', wd=1, mask=IN_MODIFY, cookie=0, name=test.log>
2021-08-03 16:38:05,153:DEBUG:in-event <InotifyEvent: src_path=b'/home/rabbia/To-DoList/test.log', wd=1, mask=IN_MODIFY, cookie=0, name=test.log>
2021-08-03 16:38:05,153:DEBUG:in-event <InotifyEvent: src_path=b'/home/rabbia/To-DoList/test.log', wd=1, mask=IN_MODIFY, cookie=0, name=test.log>
2021-08-03 16:38:05,154:DEBUG:in-event <InotifyEvent: src_path=b'/home/rabbia/To-DoList/test.log', wd=1, mask=IN_MODIFY, cookie=0, name=test.log>
2021-08-03 16:38:05,154:DEBUG:in-event <InotifyEvent: src_path=b'/home/rabbia/To-DoList/test.log', wd=1, mask=IN_MODIFY, cookie=0, name=test.log>
2021-08-03 16:38:05,154:DEBUG:in-event <InotifyEvent: src_path=b'/home/rabbia/To-DoList/test.log', wd=1, mask=IN_MODIFY, cookie=0, name=test.log>
2021-08-03 16:38:05,154:DEBUG:in-event <InotifyEvent: src_path=b'/home/rabbia/To-DoList/test.log', wd=1, mask=IN_MODIFY, cookie=0, name=test.log>
2021-08-03 16:38:05,154:DEBUG:in-event <InotifyEvent: src_path=b'/home/rabbia/To-DoList/test.log', wd=1, mask=IN_MODIFY, cookie=0, name=test.log>
2021-08-03 16:38:05,155:DEBUG:in-event <InotifyEvent: src_path=b'/home/rabbia/To-DoList/test.log', wd=1, mask=IN_MODIFY, cookie=0, name=test.log>
2021-08-03 16:38:05,155:DEBUG:in-event <InotifyEvent: src_path=b'/home/rabbia/To-DoList/test.log', wd=1, mask=IN_MODIFY, cookie=0, name=test.log>
2021-08-03 16:38:05,155:DEBUG:in-event <InotifyEvent: src_path=b'/home/rabbia/To-DoList/test.log', wd=1, mask=IN_MODIFY, cookie=0, name=test.log>
2021-08-03 16:38:05,155:DEBUG:in-event <InotifyEvent: src_path=b'/home/rabbia/To-DoList/test.log', wd=1, mask=IN_MODIFY, cookie=0, name=test.log>
2021-08-03 16:38:05,155:DEBUG:in-event <InotifyEvent: src_path=b'/home/rabbia/To-DoList/test.log', wd=1, mask=IN_MODIFY, cookie=0, name=test.log>
2021-08-03 16:38:05,156:DEBUG:in-event <InotifyEvent: src_path=b'/home/rabbia/To-DoList/test.log', wd=1, mask=IN_MODIFY, cookie=0, name=test.log>
2021-08-03 16:38:05,156:DEBUG:in-event <InotifyEvent: src_path=b'/home/rabbia/To-DoList/test.log', wd=1, mask=IN_MODIFY, cookie=0, name=test.log>
2021-08-03 16:38:05,156:DEBUG:in-event <InotifyEvent: src_path=b'/home/rabbia/To-DoList/test.log', wd=1, mask=IN_MODIFY, cookie=0, name=test.log>
2021-08-03 16:38:05,156:DEBUG:in-event <InotifyEvent: src_path=b'/home/rabbia/To-DoList/test.log', wd=1, mask=IN_MODIFY, cookie=0, name=test.log>
2021-08-03 16:38:05,156:DEBUG:in-event <InotifyEvent: src_path=b'/home/rabbia/To-DoList/test.log', wd=1, mask=IN_MODIFY, cookie=0, name=test.log>
2021-08-03 16:38:05,157:DEBUG:in-event <InotifyEvent: src_path=b'/home/rabbia/To-DoList/test.log', wd=1, mask=IN_MODIFY, cookie=0, name=test.log>
2021-08-03 16:38:05,157:DEBUG:in-event <InotifyEvent: src_path=b'/home/rabbia/To-DoList/test.log', wd=1, mask=IN_MODIFY, cookie=0, name=test.log>
2021-08-03 16:38:05,157:DEBUG:in-event <InotifyEvent: src_path=b'/home/rabbia/To-DoList/test.log', wd=1, mask=IN_MODIFY, cookie=0, name=test.log>
2021-08-03 16:38:05,157:DEBUG:in-event <InotifyEvent: src_path=b'/home/rabbia/To-DoList/test.log', wd=1, mask=IN_MODIFY, cookie=0, name=test.log>
2021-08-03 16:38:05,158:DEBUG:in-event <InotifyEvent: src_path=b'/home/rabbia/To-DoList/test.log', wd=1, mask=IN_MODIFY, cookie=0, name=test.log>
2021-08-03 16:38:05,158:DEBUG:in-event <InotifyEvent: src_path=b'/home/rabbia/To-DoList/test.log', wd=1, mask=IN_MODIFY, cookie=0, name=test.log>
2021-08-03 16:38:05,159:DEBUG:in-event <InotifyEvent: src_path=b'/home/rabbia/To-DoList/test.log', wd=1, mask=IN_MODIFY, cookie=0, name=test.log>
2021-08-03 16:38:05,159:DEBUG:in-event <InotifyEvent: src_path=b'/home/rabbia/To-DoList/test.log', wd=1, mask=IN_MODIFY, cookie=0, name=test.log>
2021-08-03 16:38:05,159:DEBUG:in-event <InotifyEvent: src_path=b'/home/rabbia/To-DoList/test.log', wd=1, mask=IN_MODIFY, cookie=0, name=test.log>
2021-08-03 16:38:05,159:DEBUG:in-event <InotifyEvent: src_path=b'/home/rabbia/To-DoList/test.log', wd=1, mask=IN_MODIFY, cookie=0, name=test.log>
2021-08-03 16:38:05,159:DEBUG:in-event <InotifyEvent: src_path=b'/home/rabbia/To-DoList/test.log', wd=1, mask=IN_MODIFY, cookie=0, name=test.log>
2021-08-03 16:38:05,160:DEBUG:in-event <InotifyEvent: src_path=b'/home/rabbia/To-DoList/test.log', wd=1, mask=IN_MODIFY, cookie=0, name=test.log>
2021-08-03 16:38:05,160:DEBUG:in-event <InotifyEvent: src_path=b'/home/rabbia/To-DoList/test.log', wd=1, mask=IN_MODIFY, cookie=0, name=test.log>
2021-08-03 16:38:05,160:DEBUG:in-event <InotifyEvent: src_path=b'/home/rabbia/To-DoList/test.log', wd=1, mask=IN_MODIFY, cookie=0, name=test.log>
2021-08-03 16:38:05,160:DEBUG:in-event <InotifyEvent: src_path=b'/home/rabbia/To-DoList/test.log', wd=1, mask=IN_MODIFY, cookie=0, name=test.log>
2021-08-03 16:38:05,161:DEBUG:in-event <InotifyEvent: src_path=b'/home/rabbia/To-DoList/test.log', wd=1, mask=IN_MODIFY, cookie=0, name=test.log>
2021-08-03 16:38:05,161:DEBUG:in-event <InotifyEvent: src_path=b'/home/rabbia/To-DoList/test.log', wd=1, mask=IN_MODIFY, cookie=0, name=test.log>
2021-08-03 16:38:05,161:DEBUG:in-event <InotifyEvent: src_path=b'/home/rabbia/To-DoList/test.log', wd=1, mask=IN_MODIFY, cookie=0, name=test.log>
2021-08-03 16:38:05,162:DEBUG:in-event <InotifyEvent: src_path=b'/home/rabbia/To-DoList/test.log', wd=1, mask=IN_MODIFY, cookie=0, name=test.log>
2021-08-03 16:38:05,162:DEBUG:in-event <InotifyEvent: src_path=b'/home/rabbia/To-DoList/test.log', wd=1, mask=IN_MODIFY, cookie=0, name=test.log>
2021-08-03 16:38:05,162:DEBUG:in-event <InotifyEvent: src_path=b'/home/rabbia/To-DoList/test.log', wd=1, mask=IN_MODIFY, cookie=0, name=test.log>
2021-08-03 16:38:05,162:DEBUG:in-event <InotifyEvent: src_path=b'/home/rabbia/To-DoList/test.log', wd=1, mask=IN_MODIFY, cookie=0, name=test.log>
2021-08-03 16:38:05,163:DEBUG:in-event <InotifyEvent: src_path=b'/home/rabbia/To-DoList/test.log', wd=1, mask=IN_MODIFY, cookie=0, name=test.log>
2021-08-03 16:38:05,163:DEBUG:in-event <InotifyEvent: src_path=b'/home/rabbia/To-DoList/test.log', wd=1, mask=IN_MODIFY, cookie=0, name=test.log>
2021-08-03 16:38:05,163:DEBUG:in-event <InotifyEvent: src_path=b'/home/rabbia/To-DoList/test.log', wd=1, mask=IN_MODIFY, cookie=0, name=test.log>
2021-08-03 16:38:05,164:DEBUG:in-event <InotifyEvent: src_path=b'/home/rabbia/To-DoList/test.log', wd=1, mask=IN_MODIFY, cookie=0, name=test.log>
2021-08-03 16:38:05,164:DEBUG:in-event <InotifyEvent: src_path=b'/home/rabbia/To-DoList/test.log', wd=1, mask=IN_MODIFY, cookie=0, name=test.log>
2021-08-03 16:38:05,164:DEBUG:in-event <InotifyEvent: src_path=b'/home/rabbia/To-DoList/test.log', wd=1, mask=IN_MODIFY, cookie=0, name=test.log>
2021-08-03 16:38:05,164:DEBUG:in-event <InotifyEvent: src_path=b'/home/rabbia/To-DoList/test.log', wd=1, mask=IN_MODIFY, cookie=0, name=test.log>
2021-08-03 16:38:05,164:DEBUG:in-event <InotifyEvent: src_path=b'/home/rabbia/To-DoList/test.log', wd=1, mask=IN_MODIFY, cookie=0, name=test.log>
2021-08-03 16:38:05,165:DEBUG:in-event <InotifyEvent: src_path=b'/home/rabbia/To-DoList/test.log', wd=1, mask=IN_MODIFY, cookie=0, name=test.log>
2021-08-03 16:38:05,165:DEBUG:in-event <InotifyEvent: src_path=b'/home/rabbia/To-DoList/test.log', wd=1, mask=IN_MODIFY, cookie=0, name=test.log>
2021-08-03 16:38:05,165:DEBUG:in-event <InotifyEvent: src_path=b'/home/rabbia/To-DoList/test.log', wd=1, mask=IN_MODIFY, cookie=0, name=test.log>
2021-08-03 16:38:05,165:DEBUG:in-event <InotifyEvent: src_path=b'/home/rabbia/To-DoList/test.log', wd=1, mask=IN_MODIFY, cookie=0, name=test.log>
2021-08-03 16:38:05,166:DEBUG:in-event <InotifyEvent: src_path=b'/home/rabbia/To-DoList/test.log', wd=1, mask=IN_MODIFY, cookie=0, name=test.log>
2021-08-03 16:38:05,166:DEBUG:in-event <InotifyEvent: src_path=b'/home/rabbia/To-DoList/test.log', wd=1, mask=IN_MODIFY, cookie=0, name=test.log>
2021-08-03 16:38:05,166:DEBUG:in-event <InotifyEvent: src_path=b'/home/rabbia/To-DoList/test.log', wd=1, mask=IN_MODIFY, cookie=0, name=test.log>
2021-08-03 16:38:05,166:DEBUG:in-event <InotifyEvent: src_path=b'/home/rabbia/To-DoList/test.log', wd=1, mask=IN_MODIFY, cookie=0, name=test.log>
2021-08-03 16:38:05,167:DEBUG:in-event <InotifyEvent: src_path=b'/home/rabbia/To-DoList/test.log', wd=1, mask=IN_MODIFY, cookie=0, name=test.log>
2021-08-03 16:38:05,167:DEBUG:in-event <InotifyEvent: src_path=b'/home/rabbia/To-DoList/test.log', wd=1, mask=IN_MODIFY, cookie=0, name=test.log>
2021-08-03 16:38:05,167:DEBUG:in-event <InotifyEvent: src_path=b'/home/rabbia/To-DoList/test.log', wd=1, mask=IN_MODIFY, cookie=0, name=test.log>
2021-08-03 16:38:05,167:DEBUG:in-event <InotifyEvent: src_path=b'/home/rabbia/To-DoList/test.log', wd=1, mask=IN_MODIFY, cookie=0, name=test.log>
2021-08-03 16:38:05,168:DEBUG:in-event <InotifyEvent: src_path=b'/home/rabbia/To-DoList/test.log', wd=1, mask=IN_MODIFY, cookie=0, name=test.log>
2021-08-03 16:38:05,168:DEBUG:in-event <InotifyEvent: src_path=b'/home/rabbia/To-DoList/test.log', wd=1, mask=IN_MODIFY, cookie=0, name=test.log>
2021-08-03 16:38:05,168:DEBUG:in-event <InotifyEvent: src_path=b'/home/rabbia/To-DoList/test.log', wd=1, mask=IN_MODIFY, cookie=0, name=test.log>
2021-08-03 16:38:05,168:DEBUG:in-event <InotifyEvent: src_path=b'/home/rabbia/To-DoList/test.log', wd=1, mask=IN_MODIFY, cookie=0, name=test.log>
2021-08-03 16:38:05,169:DEBUG:in-event <InotifyEvent: src_path=b'/home/rabbia/To-DoList/test.log', wd=1, mask=IN_MODIFY, cookie=0, name=test.log>
2021-08-03 16:38:05,169:DEBUG:in-event <InotifyEvent: src_path=b'/home/rabbia/To-DoList/test.log', wd=1, mask=IN_MODIFY, cookie=0, name=test.log>
2021-08-03 16:38:05,169:DEBUG:in-event <InotifyEvent: src_path=b'/home/rabbia/To-DoList/test.log', wd=1, mask=IN_MODIFY, cookie=0, name=test.log>
2021-08-03 16:38:05,169:DEBUG:in-event <InotifyEvent: src_path=b'/home/rabbia/To-DoList/test.log', wd=1, mask=IN_MODIFY, cookie=0, name=test.log>
2021-08-03 16:38:05,170:DEBUG:in-event <InotifyEvent: src_path=b'/home/rabbia/To-DoList/test.log', wd=1, mask=IN_MODIFY, cookie=0, name=test.log>
2021-08-03 16:38:05,170:DEBUG:in-event <InotifyEvent: src_path=b'/home/rabbia/To-DoList/test.log', wd=1, mask=IN_MODIFY, cookie=0, name=test.log>
2021-08-03 16:38:05,170:DEBUG:in-event <InotifyEvent: src_path=b'/home/rabbia/To-DoList/test.log', wd=1, mask=IN_MODIFY, cookie=0, name=test.log>
2021-08-03 16:38:05,170:DEBUG:in-event <InotifyEvent: src_path=b'/home/rabbia/To-DoList/test.log', wd=1, mask=IN_MODIFY, cookie=0, name=test.log>
2021-08-03 16:38:05,171:DEBUG:in-event <InotifyEvent: src_path=b'/home/rabbia/To-DoList/test.log', wd=1, mask=IN_MODIFY, cookie=0, name=test.log>
2021-08-03 16:38:05,171:DEBUG:in-event <InotifyEvent: src_path=b'/home/rabbia/To-DoList/test.log', wd=1, mask=IN_MODIFY, cookie=0, name=test.log>
2021-08-03 16:38:05,171:DEBUG:in-event <InotifyEvent: src_path=b'/home/rabbia/To-DoList/test.log', wd=1, mask=IN_MODIFY, cookie=0, name=test.log>
2021-08-03 16:38:05,171:DEBUG:in-event <InotifyEvent: src_path=b'/home/rabbia/To-DoList/test.log', wd=1, mask=IN_MODIFY, cookie=0, name=test.log>
2021-08-03 16:38:05,172:DEBUG:in-event <InotifyEvent: src_path=b'/home/rabbia/To-DoList/test.log', wd=1, mask=IN_MODIFY, cookie=0, name=test.log>
2021-08-03 16:38:05,172:DEBUG:in-event <InotifyEvent: src_path=b'/home/rabbia/To-DoList/test.log', wd=1, mask=IN_MODIFY, cookie=0, name=test.log>
2021-08-03 16:38:05,172:DEBUG:in-event <InotifyEvent: src_path=b'/home/rabbia/To-DoList/test.log', wd=1, mask=IN_MODIFY, cookie=0, name=test.log>
2021-08-03 16:38:05,172:DEBUG:in-event <InotifyEvent: src_path=b'/home/rabbia/To-DoList/test.log', wd=1, mask=IN_MODIFY, cookie=0, name=test.log>
2021-08-03 16:38:05,173:DEBUG:in-event <InotifyEvent: src_path=b'/home/rabbia/To-DoList/test.log', wd=1, mask=IN_MODIFY, cookie=0, name=test.log>
2021-08-03 16:38:05,173:DEBUG:in-event <InotifyEvent: src_path=b'/home/rabbia/To-DoList/test.log', wd=1, mask=IN_MODIFY, cookie=0, name=test.log>
2021-08-03 16:38:05,173:DEBUG:in-event <InotifyEvent: src_path=b'/home/rabbia/To-DoList/test.log', wd=1, mask=IN_MODIFY, cookie=0, name=test.log>
2021-08-03 16:38:05,173:DEBUG:in-event <InotifyEvent: src_path=b'/home/rabbia/To-DoList/test.log', wd=1, mask=IN_MODIFY, cookie=0, name=test.log>
2021-08-03 16:38:05,173:DEBUG:in-event <InotifyEvent: src_path=b'/home/rabbia/To-DoList/test.log', wd=1, mask=IN_MODIFY, cookie=0, name=test.log>
2021-08-03 16:38:05,174:DEBUG:in-event <InotifyEvent: src_path=b'/home/rabbia/To-DoList/test.log', wd=1, mask=IN_MODIFY, cookie=0, name=test.log>
2021-08-03 16:38:05,174:DEBUG:in-event <InotifyEvent: src_path=b'/home/rabbia/To-DoList/test.log', wd=1, mask=IN_MODIFY, cookie=0, name=test.log>
2021-08-03 16:38:05,174:DEBUG:in-event <InotifyEvent: src_path=b'/home/rabbia/To-DoList/test.log', wd=1, mask=IN_MODIFY, cookie=0, name=test.log>
2021-08-03 16:38:05,175:DEBUG:in-event <InotifyEvent: src_path=b'/home/rabbia/To-DoList/test.log', wd=1, mask=IN_MODIFY, cookie=0, name=test.log>
2021-08-03 16:38:05,175:DEBUG:in-event <InotifyEvent: src_path=b'/home/rabbia/To-DoList/test.log', wd=1, mask=IN_MODIFY, cookie=0, name=test.log>
2021-08-03 16:38:05,175:DEBUG:in-event <InotifyEvent: src_path=b'/home/rabbia/To-DoList/test.log', wd=1, mask=IN_MODIFY, cookie=0, name=test.log>
2021-08-03 16:38:05,175:DEBUG:in-event <InotifyEvent: src_path=b'/home/rabbia/To-DoList/test.log', wd=1, mask=IN_MODIFY, cookie=0, name=test.log>
2021-08-03 16:38:05,175:DEBUG:in-event <InotifyEvent: src_path=b'/home/rabbia/To-DoList/test.log', wd=1, mask=IN_MODIFY, cookie=0, name=test.log>
2021-08-03 16:38:05,176:DEBUG:in-event <InotifyEvent: src_path=b'/home/rabbia/To-DoList/test.log', wd=1, mask=IN_MODIFY, cookie=0, name=test.log>
2021-08-03 16:38:05,176:DEBUG:in-event <InotifyEvent: src_path=b'/home/rabbia/To-DoList/test.log', wd=1, mask=IN_MODIFY, cookie=0, name=test.log>
2021-08-03 16:38:05,176:DEBUG:in-event <InotifyEvent: src_path=b'/home/rabbia/To-DoList/test.log', wd=1, mask=IN_MODIFY, cookie=0, name=test.log>
2021-08-03 16:38:05,176:DEBUG:in-event <InotifyEvent: src_path=b'/home/rabbia/To-DoList/test.log', wd=1, mask=IN_MODIFY, cookie=0, name=test.log>
2021-08-03 16:38:05,177:DEBUG:in-event <InotifyEvent: src_path=b'/home/rabbia/To-DoList/test.log', wd=1, mask=IN_MODIFY, cookie=0, name=test.log>
2021-08-03 16:38:05,177:DEBUG:in-event <InotifyEvent: src_path=b'/home/rabbia/To-DoList/test.log', wd=1, mask=IN_MODIFY, cookie=0, name=test.log>
2021-08-03 16:38:05,177:DEBUG:in-event <InotifyEvent: src_path=b'/home/rabbia/To-DoList/test.log', wd=1, mask=IN_MODIFY, cookie=0, name=test.log>
2021-08-03 16:38:05,177:DEBUG:in-event <InotifyEvent: src_path=b'/home/rabbia/To-DoList/test.log', wd=1, mask=IN_MODIFY, cookie=0, name=test.log>
2021-08-03 16:38:05,177:DEBUG:in-event <InotifyEvent: src_path=b'/home/rabbia/To-DoList/test.log', wd=1, mask=IN_MODIFY, cookie=0, name=test.log>
2021-08-03 16:38:05,178:DEBUG:in-event <InotifyEvent: src_path=b'/home/rabbia/To-DoList/test.log', wd=1, mask=IN_MODIFY, cookie=0, name=test.log>
2021-08-03 16:38:05,178:DEBUG:in-event <InotifyEvent: src_path=b'/home/rabbia/To-DoList/test.log', wd=1, mask=IN_MODIFY, cookie=0, name=test.log>
2021-08-03 16:38:05,178:DEBUG:in-event <InotifyEvent: src_path=b'/home/rabbia/To-DoList/test.log', wd=1, mask=IN_MODIFY, cookie=0, name=test.log>
2021-08-03 16:38:05,178:DEBUG:in-event <InotifyEvent: src_path=b'/home/rabbia/To-DoList/test.log', wd=1, mask=IN_MODIFY, cookie=0, name=test.log>
2021-08-03 16:38:05,178:DEBUG:in-event <InotifyEvent: src_path=b'/home/rabbia/To-DoList/test.log', wd=1, mask=IN_MODIFY, cookie=0, name=test.log>
2021-08-03 16:38:05,179:DEBUG:in-event <InotifyEvent: src_path=b'/home/rabbia/To-DoList/test.log', wd=1, mask=IN_MODIFY, cookie=0, name=test.log>
2021-08-03 16:38:05,179:DEBUG:in-event <InotifyEvent: src_path=b'/home/rabbia/To-DoList/test.log', wd=1, mask=IN_MODIFY, cookie=0, name=test.log>
2021-08-03 16:38:05,179:DEBUG:in-event <InotifyEvent: src_path=b'/home/rabbia/To-DoList/test.log', wd=1, mask=IN_MODIFY, cookie=0, name=test.log>
2021-08-03 16:38:05,179:DEBUG:in-event <InotifyEvent: src_path=b'/home/rabbia/To-DoList/test.log', wd=1, mask=IN_MODIFY, cookie=0, name=test.log>
2021-08-03 16:38:05,179:DEBUG:in-event <InotifyEvent: src_path=b'/home/rabbia/To-DoList/test.log', wd=1, mask=IN_MODIFY, cookie=0, name=test.log>
2021-08-03 16:38:05,179:DEBUG:in-event <InotifyEvent: src_path=b'/home/rabbia/To-DoList/test.log', wd=1, mask=IN_MODIFY, cookie=0, name=test.log>
2021-08-03 16:38:05,180:DEBUG:in-event <InotifyEvent: src_path=b'/home/rabbia/To-DoList/test.log', wd=1, mask=IN_MODIFY, cookie=0, name=test.log>
2021-08-03 16:38:05,180:DEBUG:in-event <InotifyEvent: src_path=b'/home/rabbia/To-DoList/test.log', wd=1, mask=IN_MODIFY, cookie=0, name=test.log>
2021-08-03 16:38:05,180:DEBUG:in-event <InotifyEvent: src_path=b'/home/rabbia/To-DoList/test.log', wd=1, mask=IN_MODIFY, cookie=0, name=test.log>
2021-08-03 16:38:05,180:DEBUG:in-event <InotifyEvent: src_path=b'/home/rabbia/To-DoList/test.log', wd=1, mask=IN_MODIFY, cookie=0, name=test.log>
2021-08-03 16:38:05,181:DEBUG:in-event <InotifyEvent: src_path=b'/home/rabbia/To-DoList/test.log', wd=1, mask=IN_MODIFY, cookie=0, name=test.log>
2021-08-03 16:38:05,181:DEBUG:in-event <InotifyEvent: src_path=b'/home/rabbia/To-DoList/test.log', wd=1, mask=IN_MODIFY, cookie=0, name=test.log>
2021-08-03 16:38:05,181:DEBUG:in-event <InotifyEvent: src_path=b'/home/rabbia/To-DoList/test.log', wd=1, mask=IN_MODIFY, cookie=0, name=test.log>
2021-08-03 16:38:05,181:DEBUG:in-event <InotifyEvent: src_path=b'/home/rabbia/To-DoList/test.log', wd=1, mask=IN_MODIFY, cookie=0, name=test.log>
2021-08-03 16:38:05,182:DEBUG:in-event <InotifyEvent: src_path=b'/home/rabbia/To-DoList/test.log', wd=1, mask=IN_MODIFY, cookie=0, name=test.log>
2021-08-03 16:38:05,182:DEBUG:in-event <InotifyEvent: src_path=b'/home/rabbia/To-DoList/test.log', wd=1, mask=IN_MODIFY, cookie=0, name=test.log>
2021-08-03 16:38:05,182:DEBUG:in-event <InotifyEvent: src_path=b'/home/rabbia/To-DoList/test.log', wd=1, mask=IN_MODIFY, cookie=0, name=test.log>
2021-08-03 16:38:05,182:DEBUG:in-event <InotifyEvent: src_path=b'/home/rabbia/To-DoList/test.log', wd=1, mask=IN_MODIFY, cookie=0, name=test.log>
2021-08-03 16:38:05,182:DEBUG:in-event <InotifyEvent: src_path=b'/home/rabbia/To-DoList/test.log', wd=1, mask=IN_MODIFY, cookie=0, name=test.log>
2021-08-03 16:38:05,182:DEBUG:in-event <InotifyEvent: src_path=b'/home/rabbia/To-DoList/test.log', wd=1, mask=IN_MODIFY, cookie=0, name=test.log>
2021-08-03 16:38:05,183:DEBUG:in-event <InotifyEvent: src_path=b'/home/rabbia/To-DoList/test.log', wd=1, mask=IN_MODIFY, cookie=0, name=test.log>
2021-08-03 16:38:05,183:DEBUG:in-event <InotifyEvent: src_path=b'/home/rabbia/To-DoList/test.log', wd=1, mask=IN_MODIFY, cookie=0, name=test.log>
2021-08-03 16:38:05,183:DEBUG:in-event <InotifyEvent: src_path=b'/home/rabbia/To-DoList/test.log', wd=1, mask=IN_MODIFY, cookie=0, name=test.log>
2021-08-03 16:38:05,183:DEBUG:in-event <InotifyEvent: src_path=b'/home/rabbia/To-DoList/test.log', wd=1, mask=IN_MODIFY, cookie=0, name=test.log>
2021-08-03 16:38:05,184:DEBUG:in-event <InotifyEvent: src_path=b'/home/rabbia/To-DoList/test.log', wd=1, mask=IN_MODIFY, cookie=0, name=test.log>
2021-08-03 16:38:05,184:DEBUG:in-event <InotifyEvent: src_path=b'/home/rabbia/To-DoList/test.log', wd=1, mask=IN_MODIFY, cookie=0, name=test.log>
2021-08-03 16:38:05,184:DEBUG:in-event <InotifyEvent: src_path=b'/home/rabbia/To-DoList/test.log', wd=1, mask=IN_MODIFY, cookie=0, name=test.log>
2021-08-03 16:38:05,184:DEBUG:in-event <InotifyEvent: src_path=b'/home/rabbia/To-DoList/test.log', wd=1, mask=IN_MODIFY, cookie=0, name=test.log>
2021-08-03 16:38:05,184:DEBUG:in-event <InotifyEvent: src_path=b'/home/rabbia/To-DoList/test.log', wd=1, mask=IN_MODIFY, cookie=0, name=test.log>
2021-08-03 16:38:05,185:DEBUG:in-event <InotifyEvent: src_path=b'/home/rabbia/To-DoList/test.log', wd=1, mask=IN_MODIFY, cookie=0, name=test.log>
2021-08-03 16:38:05,185:DEBUG:in-event <InotifyEvent: src_path=b'/home/rabbia/To-DoList/test.log', wd=1, mask=IN_MODIFY, cookie=0, name=test.log>
2021-08-03 16:38:05,185:DEBUG:in-event <InotifyEvent: src_path=b'/home/rabbia/To-DoList/test.log', wd=1, mask=IN_MODIFY, cookie=0, name=test.log>
2021-08-03 16:38:05,185:DEBUG:in-event <InotifyEvent: src_path=b'/home/rabbia/To-DoList/test.log', wd=1, mask=IN_MODIFY, cookie=0, name=test.log>
2021-08-03 16:38:05,185:DEBUG:in-event <InotifyEvent: src_path=b'/home/rabbia/To-DoList/test.log', wd=1, mask=IN_MODIFY, cookie=0, name=test.log>
2021-08-03 16:38:05,186:DEBUG:in-event <InotifyEvent: src_path=b'/home/rabbia/To-DoList/test.log', wd=1, mask=IN_MODIFY, cookie=0, name=test.log>
2021-08-03 16:38:05,186:DEBUG:in-event <InotifyEvent: src_path=b'/home/rabbia/To-DoList/test.log', wd=1, mask=IN_MODIFY, cookie=0, name=test.log>
2021-08-03 16:38:05,186:DEBUG:in-event <InotifyEvent: src_path=b'/home/rabbia/To-DoList/test.log', wd=1, mask=IN_MODIFY, cookie=0, name=test.log>
2021-08-03 16:38:05,186:DEBUG:in-event <InotifyEvent: src_path=b'/home/rabbia/To-DoList/test.log', wd=1, mask=IN_MODIFY, cookie=0, name=test.log>
2021-08-03 16:38:05,186:DEBUG:in-event <InotifyEvent: src_path=b'/home/rabbia/To-DoList/test.log', wd=1, mask=IN_MODIFY, cookie=0, name=test.log>
2021-08-03 16:38:05,186:DEBUG:in-event <InotifyEvent: src_path=b'/home/rabbia/To-DoList/test.log', wd=1, mask=IN_MODIFY, cookie=0, name=test.log>
2021-08-03 16:38:05,187:DEBUG:in-event <InotifyEvent: src_path=b'/home/rabbia/To-DoList/test.log', wd=1, mask=IN_MODIFY, cookie=0, name=test.log>
2021-08-03 16:38:05,187:DEBUG:in-event <InotifyEvent: src_path=b'/home/rabbia/To-DoList/test.log', wd=1, mask=IN_MODIFY, cookie=0, name=test.log>
2021-08-03 16:38:05,187:DEBUG:in-event <InotifyEvent: src_path=b'/home/rabbia/To-DoList/test.log', wd=1, mask=IN_MODIFY, cookie=0, name=test.log>
2021-08-03 16:38:05,187:DEBUG:in-event <InotifyEvent: src_path=b'/home/rabbia/To-DoList/test.log', wd=1, mask=IN_MODIFY, cookie=0, name=test.log>
2021-08-03 16:38:05,187:DEBUG:in-event <InotifyEvent: src_path=b'/home/rabbia/To-DoList/test.log', wd=1, mask=IN_MODIFY, cookie=0, name=test.log>
2021-08-03 16:38:05,188:DEBUG:in-event <InotifyEvent: src_path=b'/home/rabbia/To-DoList/test.log', wd=1, mask=IN_MODIFY, cookie=0, name=test.log>
2021-08-03 16:38:05,188:DEBUG:in-event <InotifyEvent: src_path=b'/home/rabbia/To-DoList/test.log', wd=1, mask=IN_MODIFY, cookie=0, name=test.log>
2021-08-03 16:38:05,188:DEBUG:in-event <InotifyEvent: src_path=b'/home/rabbia/To-DoList/test.log', wd=1, mask=IN_MODIFY, cookie=0, name=test.log>
2021-08-03 16:38:05,188:DEBUG:in-event <InotifyEvent: src_path=b'/home/rabbia/To-DoList/test.log', wd=1, mask=IN_MODIFY, cookie=0, name=test.log>
2021-08-03 16:38:05,188:DEBUG:in-event <InotifyEvent: src_path=b'/home/rabbia/To-DoList/test.log', wd=1, mask=IN_MODIFY, cookie=0, name=test.log>
2021-08-03 16:38:05,188:DEBUG:in-event <InotifyEvent: src_path=b'/home/rabbia/To-DoList/test.log', wd=1, mask=IN_MODIFY, cookie=0, name=test.log>
2021-08-03 16:38:05,189:DEBUG:in-event <InotifyEvent: src_path=b'/home/rabbia/To-DoList/test.log', wd=1, mask=IN_MODIFY, cookie=0, name=test.log>
2021-08-03 16:38:05,189:DEBUG:in-event <InotifyEvent: src_path=b'/home/rabbia/To-DoList/test.log', wd=1, mask=IN_MODIFY, cookie=0, name=test.log>
2021-08-03 16:38:05,189:DEBUG:in-event <InotifyEvent: src_path=b'/home/rabbia/To-DoList/test.log', wd=1, mask=IN_MODIFY, cookie=0, name=test.log>
2021-08-03 16:38:05,189:DEBUG:in-event <InotifyEvent: src_path=b'/home/rabbia/To-DoList/test.log', wd=1, mask=IN_MODIFY, cookie=0, name=test.log>
2021-08-03 16:38:05,189:DEBUG:in-event <InotifyEvent: src_path=b'/home/rabbia/To-DoList/test.log', wd=1, mask=IN_MODIFY, cookie=0, name=test.log>
2021-08-03 16:38:05,189:DEBUG:in-event <InotifyEvent: src_path=b'/home/rabbia/To-DoList/test.log', wd=1, mask=IN_MODIFY, cookie=0, name=test.log>
2021-08-03 16:38:05,190:DEBUG:in-event <InotifyEvent: src_path=b'/home/rabbia/To-DoList/test.log', wd=1, mask=IN_MODIFY, cookie=0, name=test.log>
2021-08-03 16:38:05,190:DEBUG:in-event <InotifyEvent: src_path=b'/home/rabbia/To-DoList/test.log', wd=1, mask=IN_MODIFY, cookie=0, name=test.log>
2021-08-03 16:38:05,190:DEBUG:in-event <InotifyEvent: src_path=b'/home/rabbia/To-DoList/test.log', wd=1, mask=IN_MODIFY, cookie=0, name=test.log>
2021-08-03 16:38:05,190:DEBUG:in-event <InotifyEvent: src_path=b'/home/rabbia/To-DoList/test.log', wd=1, mask=IN_MODIFY, cookie=0, name=test.log>
2021-08-03 16:38:05,190:DEBUG:in-event <InotifyEvent: src_path=b'/home/rabbia/To-DoList/test.log', wd=1, mask=IN_MODIFY, cookie=0, name=test.log>
2021-08-03 16:38:05,190:DEBUG:in-event <InotifyEvent: src_path=b'/home/rabbia/To-DoList/test.log', wd=1, mask=IN_MODIFY, cookie=0, name=test.log>
2021-08-03 16:38:05,190:DEBUG:in-event <InotifyEvent: src_path=b'/home/rabbia/To-DoList/test.log', wd=1, mask=IN_MODIFY, cookie=0, name=test.log>
2021-08-03 16:38:05,191:DEBUG:in-event <InotifyEvent: src_path=b'/home/rabbia/To-DoList/test.log', wd=1, mask=IN_MODIFY, cookie=0, name=test.log>
2021-08-03 16:38:05,191:DEBUG:in-event <InotifyEvent: src_path=b'/home/rabbia/To-DoList/test.log', wd=1, mask=IN_MODIFY, cookie=0, name=test.log>
2021-08-03 16:38:05,191:DEBUG:in-event <InotifyEvent: src_path=b'/home/rabbia/To-DoList/test.log', wd=1, mask=IN_MODIFY, cookie=0, name=test.log>
2021-08-03 16:38:05,191:DEBUG:in-event <InotifyEvent: src_path=b'/home/rabbia/To-DoList/test.log', wd=1, mask=IN_MODIFY, cookie=0, name=test.log>
2021-08-03 16:38:05,191:DEBUG:in-event <InotifyEvent: src_path=b'/home/rabbia/To-DoList/test.log', wd=1, mask=IN_MODIFY, cookie=0, name=test.log>
2021-08-03 16:38:05,191:DEBUG:in-event <InotifyEvent: src_path=b'/home/rabbia/To-DoList/test.log', wd=1, mask=IN_MODIFY, cookie=0, name=test.log>
2021-08-03 16:38:05,192:DEBUG:in-event <InotifyEvent: src_path=b'/home/rabbia/To-DoList/test.log', wd=1, mask=IN_MODIFY, cookie=0, name=test.log>
2021-08-03 16:38:05,192:DEBUG:in-event <InotifyEvent: src_path=b'/home/rabbia/To-DoList/test.log', wd=1, mask=IN_MODIFY, cookie=0, name=test.log>
2021-08-03 16:38:05,192:DEBUG:in-event <InotifyEvent: src_path=b'/home/rabbia/To-DoList/test.log', wd=1, mask=IN_MODIFY, cookie=0, name=test.log>
2021-08-03 16:38:05,192:DEBUG:in-event <InotifyEvent: src_path=b'/home/rabbia/To-DoList/test.log', wd=1, mask=IN_MODIFY, cookie=0, name=test.log>
2021-08-03 16:38:05,192:DEBUG:in-event <InotifyEvent: src_path=b'/home/rabbia/To-DoList/test.log', wd=1, mask=IN_MODIFY, cookie=0, name=test.log>
2021-08-03 16:38:05,192:DEBUG:in-event <InotifyEvent: src_path=b'/home/rabbia/To-DoList/test.log', wd=1, mask=IN_MODIFY, cookie=0, name=test.log>
2021-08-03 16:38:05,193:DEBUG:in-event <InotifyEvent: src_path=b'/home/rabbia/To-DoList/test.log', wd=1, mask=IN_MODIFY, cookie=0, name=test.log>
2021-08-03 16:38:05,193:DEBUG:in-event <InotifyEvent: src_path=b'/home/rabbia/To-DoList/test.log', wd=1, mask=IN_MODIFY, cookie=0, name=test.log>
2021-08-03 16:38:05,193:DEBUG:in-event <InotifyEvent: src_path=b'/home/rabbia/To-DoList/test.log', wd=1, mask=IN_MODIFY, cookie=0, name=test.log>
2021-08-03 16:38:05,193:DEBUG:in-event <InotifyEvent: src_path=b'/home/rabbia/To-DoList/test.log', wd=1, mask=IN_MODIFY, cookie=0, name=test.log>
2021-08-03 16:38:05,193:DEBUG:in-event <InotifyEvent: src_path=b'/home/rabbia/To-DoList/test.log', wd=1, mask=IN_MODIFY, cookie=0, name=test.log>
2021-08-03 16:38:05,194:DEBUG:in-event <InotifyEvent: src_path=b'/home/rabbia/To-DoList/test.log', wd=1, mask=IN_MODIFY, cookie=0, name=test.log>
2021-08-03 16:38:05,194:DEBUG:in-event <InotifyEvent: src_path=b'/home/rabbia/To-DoList/test.log', wd=1, mask=IN_MODIFY, cookie=0, name=test.log>
2021-08-03 16:38:05,194:DEBUG:in-event <InotifyEvent: src_path=b'/home/rabbia/To-DoList/test.log', wd=1, mask=IN_MODIFY, cookie=0, name=test.log>
2021-08-03 16:38:05,194:DEBUG:in-event <InotifyEvent: src_path=b'/home/rabbia/To-DoList/test.log', wd=1, mask=IN_MODIFY, cookie=0, name=test.log>
2021-08-03 16:38:05,195:DEBUG:in-event <InotifyEvent: src_path=b'/home/rabbia/To-DoList/test.log', wd=1, mask=IN_MODIFY, cookie=0, name=test.log>
2021-08-03 16:38:05,195:DEBUG:in-event <InotifyEvent: src_path=b'/home/rabbia/To-DoList/test.log', wd=1, mask=IN_MODIFY, cookie=0, name=test.log>
2021-08-03 16:38:05,195:DEBUG:in-event <InotifyEvent: src_path=b'/home/rabbia/To-DoList/test.log', wd=1, mask=IN_MODIFY, cookie=0, name=test.log>
2021-08-03 16:38:05,195:DEBUG:in-event <InotifyEvent: src_path=b'/home/rabbia/To-DoList/test.log', wd=1, mask=IN_MODIFY, cookie=0, name=test.log>
2021-08-03 16:38:05,196:DEBUG:in-event <InotifyEvent: src_path=b'/home/rabbia/To-DoList/test.log', wd=1, mask=IN_MODIFY, cookie=0, name=test.log>
2021-08-03 16:38:05,196:DEBUG:in-event <InotifyEvent: src_path=b'/home/rabbia/To-DoList/test.log', wd=1, mask=IN_MODIFY, cookie=0, name=test.log>
2021-08-03 16:38:05,196:DEBUG:in-event <InotifyEvent: src_path=b'/home/rabbia/To-DoList/test.log', wd=1, mask=IN_MODIFY, cookie=0, name=test.log>
2021-08-03 16:38:05,196:DEBUG:in-event <InotifyEvent: src_path=b'/home/rabbia/To-DoList/test.log', wd=1, mask=IN_MODIFY, cookie=0, name=test.log>
2021-08-03 16:38:05,196:DEBUG:in-event <InotifyEvent: src_path=b'/home/rabbia/To-DoList/test.log', wd=1, mask=IN_MODIFY, cookie=0, name=test.log>
2021-08-03 16:38:05,196:DEBUG:in-event <InotifyEvent: src_path=b'/home/rabbia/To-DoList/test.log', wd=1, mask=IN_MODIFY, cookie=0, name=test.log>
2021-08-03 16:38:05,197:DEBUG:in-event <InotifyEvent: src_path=b'/home/rabbia/To-DoList/test.log', wd=1, mask=IN_MODIFY, cookie=0, name=test.log>
2021-08-03 16:38:05,197:DEBUG:in-event <InotifyEvent: src_path=b'/home/rabbia/To-DoList/test.log', wd=1, mask=IN_MODIFY, cookie=0, name=test.log>
2021-08-03 16:38:05,197:DEBUG:in-event <InotifyEvent: src_path=b'/home/rabbia/To-DoList/test.log', wd=1, mask=IN_MODIFY, cookie=0, name=test.log>
2021-08-03 16:38:05,197:DEBUG:in-event <InotifyEvent: src_path=b'/home/rabbia/To-DoList/test.log', wd=1, mask=IN_MODIFY, cookie=0, name=test.log>
2021-08-03 16:38:05,197:DEBUG:in-event <InotifyEvent: src_path=b'/home/rabbia/To-DoList/test.log', wd=1, mask=IN_MODIFY, cookie=0, name=test.log>
2021-08-03 16:38:05,197:DEBUG:in-event <InotifyEvent: src_path=b'/home/rabbia/To-DoList/test.log', wd=1, mask=IN_MODIFY, cookie=0, name=test.log>
2021-08-03 16:38:05,198:DEBUG:in-event <InotifyEvent: src_path=b'/home/rabbia/To-DoList/test.log', wd=1, mask=IN_MODIFY, cookie=0, name=test.log>
2021-08-03 16:38:05,198:DEBUG:in-event <InotifyEvent: src_path=b'/home/rabbia/To-DoList/test.log', wd=1, mask=IN_MODIFY, cookie=0, name=test.log>
2021-08-03 16:38:05,198:DEBUG:in-event <InotifyEvent: src_path=b'/home/rabbia/To-DoList/test.log', wd=1, mask=IN_MODIFY, cookie=0, name=test.log>
2021-08-03 16:38:05,198:DEBUG:in-event <InotifyEvent: src_path=b'/home/rabbia/To-DoList/test.log', wd=1, mask=IN_MODIFY, cookie=0, name=test.log>
2021-08-03 16:38:05,198:DEBUG:in-event <InotifyEvent: src_path=b'/home/rabbia/To-DoList/test.log', wd=1, mask=IN_MODIFY, cookie=0, name=test.log>
2021-08-03 16:38:05,199:DEBUG:in-event <InotifyEvent: src_path=b'/home/rabbia/To-DoList/test.log', wd=1, mask=IN_MODIFY, cookie=0, name=test.log>
2021-08-03 16:38:05,199:DEBUG:in-event <InotifyEvent: src_path=b'/home/rabbia/To-DoList/test.log', wd=1, mask=IN_MODIFY, cookie=0, name=test.log>
2021-08-03 16:38:05,199:DEBUG:in-event <InotifyEvent: src_path=b'/home/rabbia/To-DoList/test.log', wd=1, mask=IN_MODIFY, cookie=0, name=test.log>
2021-08-03 16:38:05,199:DEBUG:in-event <InotifyEvent: src_path=b'/home/rabbia/To-DoList/test.log', wd=1, mask=IN_MODIFY, cookie=0, name=test.log>
2021-08-03 16:38:05,199:DEBUG:in-event <InotifyEvent: src_path=b'/home/rabbia/To-DoList/test.log', wd=1, mask=IN_MODIFY, cookie=0, name=test.log>
2021-08-03 16:38:05,200:DEBUG:in-event <InotifyEvent: src_path=b'/home/rabbia/To-DoList/test.log', wd=1, mask=IN_MODIFY, cookie=0, name=test.log>
2021-08-03 16:38:05,200:DEBUG:in-event <InotifyEvent: src_path=b'/home/rabbia/To-DoList/test.log', wd=1, mask=IN_MODIFY, cookie=0, name=test.log>
2021-08-03 16:38:05,200:DEBUG:in-event <InotifyEvent: src_path=b'/home/rabbia/To-DoList/test.log', wd=1, mask=IN_MODIFY, cookie=0, name=test.log>
2021-08-03 16:38:05,200:DEBUG:in-event <InotifyEvent: src_path=b'/home/rabbia/To-DoList/test.log', wd=1, mask=IN_MODIFY, cookie=0, name=test.log>
2021-08-03 16:38:05,200:DEBUG:in-event <InotifyEvent: src_path=b'/home/rabbia/To-DoList/test.log', wd=1, mask=IN_MODIFY, cookie=0, name=test.log>
2021-08-03 16:38:05,200:DEBUG:in-event <InotifyEvent: src_path=b'/home/rabbia/To-DoList/test.log', wd=1, mask=IN_MODIFY, cookie=0, name=test.log>
2021-08-03 16:38:05,201:DEBUG:in-event <InotifyEvent: src_path=b'/home/rabbia/To-DoList/test.log', wd=1, mask=IN_MODIFY, cookie=0, name=test.log>
2021-08-03 16:38:05,201:DEBUG:in-event <InotifyEvent: src_path=b'/home/rabbia/To-DoList/test.log', wd=1, mask=IN_MODIFY, cookie=0, name=test.log>
2021-08-03 16:38:05,201:DEBUG:in-event <InotifyEvent: src_path=b'/home/rabbia/To-DoList/test.log', wd=1, mask=IN_MODIFY, cookie=0, name=test.log>
2021-08-03 16:38:05,201:DEBUG:in-event <InotifyEvent: src_path=b'/home/rabbia/To-DoList/test.log', wd=1, mask=IN_MODIFY, cookie=0, name=test.log>
2021-08-03 16:38:05,201:DEBUG:in-event <InotifyEvent: src_path=b'/home/rabbia/To-DoList/test.log', wd=1, mask=IN_MODIFY, cookie=0, name=test.log>
2021-08-03 16:38:05,201:DEBUG:in-event <InotifyEvent: src_path=b'/home/rabbia/To-DoList/test.log', wd=1, mask=IN_MODIFY, cookie=0, name=test.log>
2021-08-03 16:38:05,201:DEBUG:in-event <InotifyEvent: src_path=b'/home/rabbia/To-DoList/test.log', wd=1, mask=IN_MODIFY, cookie=0, name=test.log>
2021-08-03 16:38:05,201:DEBUG:in-event <InotifyEvent: src_path=b'/home/rabbia/To-DoList/test.log', wd=1, mask=IN_MODIFY, cookie=0, name=test.log>
2021-08-03 16:38:05,202:DEBUG:in-event <InotifyEvent: src_path=b'/home/rabbia/To-DoList/test.log', wd=1, mask=IN_MODIFY, cookie=0, name=test.log>
2021-08-03 16:38:05,202:DEBUG:in-event <InotifyEvent: src_path=b'/home/rabbia/To-DoList/test.log', wd=1, mask=IN_MODIFY, cookie=0, name=test.log>
2021-08-03 16:38:05,202:DEBUG:in-event <InotifyEvent: src_path=b'/home/rabbia/To-DoList/test.log', wd=1, mask=IN_MODIFY, cookie=0, name=test.log>
2021-08-03 16:38:05,202:DEBUG:in-event <InotifyEvent: src_path=b'/home/rabbia/To-DoList/test.log', wd=1, mask=IN_MODIFY, cookie=0, name=test.log>
2021-08-03 16:38:05,202:DEBUG:in-event <InotifyEvent: src_path=b'/home/rabbia/To-DoList/test.log', wd=1, mask=IN_MODIFY, cookie=0, name=test.log>
2021-08-03 16:38:05,202:DEBUG:in-event <InotifyEvent: src_path=b'/home/rabbia/To-DoList/test.log', wd=1, mask=IN_MODIFY, cookie=0, name=test.log>
2021-08-03 16:38:05,203:DEBUG:in-event <InotifyEvent: src_path=b'/home/rabbia/To-DoList/test.log', wd=1, mask=IN_MODIFY, cookie=0, name=test.log>
2021-08-03 16:38:05,203:DEBUG:in-event <InotifyEvent: src_path=b'/home/rabbia/To-DoList/test.log', wd=1, mask=IN_MODIFY, cookie=0, name=test.log>
2021-08-03 16:38:05,203:DEBUG:in-event <InotifyEvent: src_path=b'/home/rabbia/To-DoList/test.log', wd=1, mask=IN_MODIFY, cookie=0, name=test.log>
2021-08-03 16:38:05,203:DEBUG:in-event <InotifyEvent: src_path=b'/home/rabbia/To-DoList/test.log', wd=1, mask=IN_MODIFY, cookie=0, name=test.log>
2021-08-03 16:38:05,203:DEBUG:in-event <InotifyEvent: src_path=b'/home/rabbia/To-DoList/test.log', wd=1, mask=IN_MODIFY, cookie=0, name=test.log>
2021-08-03 16:38:05,203:DEBUG:in-event <InotifyEvent: src_path=b'/home/rabbia/To-DoList/test.log', wd=1, mask=IN_MODIFY, cookie=0, name=test.log>
2021-08-03 16:38:05,203:DEBUG:in-event <InotifyEvent: src_path=b'/home/rabbia/To-DoList/test.log', wd=1, mask=IN_MODIFY, cookie=0, name=test.log>
2021-08-03 16:38:05,204:DEBUG:in-event <InotifyEvent: src_path=b'/home/rabbia/To-DoList/test.log', wd=1, mask=IN_MODIFY, cookie=0, name=test.log>
2021-08-03 16:38:05,204:DEBUG:in-event <InotifyEvent: src_path=b'/home/rabbia/To-DoList/test.log', wd=1, mask=IN_MODIFY, cookie=0, name=test.log>
2021-08-03 16:38:05,204:DEBUG:in-event <InotifyEvent: src_path=b'/home/rabbia/To-DoList/test.log', wd=1, mask=IN_MODIFY, cookie=0, name=test.log>
2021-08-03 16:38:05,204:DEBUG:in-event <InotifyEvent: src_path=b'/home/rabbia/To-DoList/test.log', wd=1, mask=IN_MODIFY, cookie=0, name=test.log>
2021-08-03 16:38:05,204:DEBUG:in-event <InotifyEvent: src_path=b'/home/rabbia/To-DoList/test.log', wd=1, mask=IN_MODIFY, cookie=0, name=test.log>
2021-08-03 16:38:05,204:DEBUG:in-event <InotifyEvent: src_path=b'/home/rabbia/To-DoList/test.log', wd=1, mask=IN_MODIFY, cookie=0, name=test.log>
2021-08-03 16:38:05,204:DEBUG:in-event <InotifyEvent: src_path=b'/home/rabbia/To-DoList/test.log', wd=1, mask=IN_MODIFY, cookie=0, name=test.log>
2021-08-03 16:38:05,205:DEBUG:in-event <InotifyEvent: src_path=b'/home/rabbia/To-DoList/test.log', wd=1, mask=IN_MODIFY, cookie=0, name=test.log>
2021-08-03 16:38:05,205:DEBUG:in-event <InotifyEvent: src_path=b'/home/rabbia/To-DoList/test.log', wd=1, mask=IN_MODIFY, cookie=0, name=test.log>
2021-08-03 16:38:05,205:DEBUG:in-event <InotifyEvent: src_path=b'/home/rabbia/To-DoList/test.log', wd=1, mask=IN_MODIFY, cookie=0, name=test.log>
2021-08-03 16:38:05,205:DEBUG:in-event <InotifyEvent: src_path=b'/home/rabbia/To-DoList/test.log', wd=1, mask=IN_MODIFY, cookie=0, name=test.log>
2021-08-03 16:38:05,205:DEBUG:in-event <InotifyEvent: src_path=b'/home/rabbia/To-DoList/test.log', wd=1, mask=IN_MODIFY, cookie=0, name=test.log>
2021-08-03 16:38:05,205:DEBUG:in-event <InotifyEvent: src_path=b'/home/rabbia/To-DoList/test.log', wd=1, mask=IN_MODIFY, cookie=0, name=test.log>
2021-08-03 16:38:05,205:DEBUG:in-event <InotifyEvent: src_path=b'/home/rabbia/To-DoList/test.log', wd=1, mask=IN_MODIFY, cookie=0, name=test.log>
2021-08-03 16:38:05,206:DEBUG:in-event <InotifyEvent: src_path=b'/home/rabbia/To-DoList/test.log', wd=1, mask=IN_MODIFY, cookie=0, name=test.log>
2021-08-03 16:38:05,206:DEBUG:in-event <InotifyEvent: src_path=b'/home/rabbia/To-DoList/test.log', wd=1, mask=IN_MODIFY, cookie=0, name=test.log>
2021-08-03 16:38:05,206:DEBUG:in-event <InotifyEvent: src_path=b'/home/rabbia/To-DoList/test.log', wd=1, mask=IN_MODIFY, cookie=0, name=test.log>
2021-08-03 16:38:05,206:DEBUG:in-event <InotifyEvent: src_path=b'/home/rabbia/To-DoList/test.log', wd=1, mask=IN_MODIFY, cookie=0, name=test.log>
2021-08-03 16:38:05,206:DEBUG:in-event <InotifyEvent: src_path=b'/home/rabbia/To-DoList/test.log', wd=1, mask=IN_MODIFY, cookie=0, name=test.log>
2021-08-03 16:38:05,206:DEBUG:in-event <InotifyEvent: src_path=b'/home/rabbia/To-DoList/test.log', wd=1, mask=IN_MODIFY, cookie=0, name=test.log>
2021-08-03 16:38:05,206:DEBUG:in-event <InotifyEvent: src_path=b'/home/rabbia/To-DoList/test.log', wd=1, mask=IN_MODIFY, cookie=0, name=test.log>
2021-08-03 16:38:05,207:DEBUG:in-event <InotifyEvent: src_path=b'/home/rabbia/To-DoList/test.log', wd=1, mask=IN_MODIFY, cookie=0, name=test.log>
2021-08-03 16:38:05,207:DEBUG:in-event <InotifyEvent: src_path=b'/home/rabbia/To-DoList/test.log', wd=1, mask=IN_MODIFY, cookie=0, name=test.log>
2021-08-03 16:38:05,207:DEBUG:in-event <InotifyEvent: src_path=b'/home/rabbia/To-DoList/test.log', wd=1, mask=IN_MODIFY, cookie=0, name=test.log>
2021-08-03 16:38:05,207:DEBUG:in-event <InotifyEvent: src_path=b'/home/rabbia/To-DoList/test.log', wd=1, mask=IN_MODIFY, cookie=0, name=test.log>
2021-08-03 16:38:05,207:DEBUG:in-event <InotifyEvent: src_path=b'/home/rabbia/To-DoList/test.log', wd=1, mask=IN_MODIFY, cookie=0, name=test.log>
2021-08-03 16:38:05,207:DEBUG:in-event <InotifyEvent: src_path=b'/home/rabbia/To-DoList/test.log', wd=1, mask=IN_MODIFY, cookie=0, name=test.log>
2021-08-03 16:38:05,207:DEBUG:in-event <InotifyEvent: src_path=b'/home/rabbia/To-DoList/test.log', wd=1, mask=IN_MODIFY, cookie=0, name=test.log>
2021-08-03 16:38:05,208:DEBUG:in-event <InotifyEvent: src_path=b'/home/rabbia/To-DoList/test.log', wd=1, mask=IN_MODIFY, cookie=0, name=test.log>
2021-08-03 16:38:05,208:DEBUG:in-event <InotifyEvent: src_path=b'/home/rabbia/To-DoList/test.log', wd=1, mask=IN_MODIFY, cookie=0, name=test.log>
2021-08-03 16:38:05,208:DEBUG:in-event <InotifyEvent: src_path=b'/home/rabbia/To-DoList/test.log', wd=1, mask=IN_MODIFY, cookie=0, name=test.log>
2021-08-03 16:38:05,208:DEBUG:in-event <InotifyEvent: src_path=b'/home/rabbia/To-DoList/test.log', wd=1, mask=IN_MODIFY, cookie=0, name=test.log>
2021-08-03 16:38:05,208:DEBUG:in-event <InotifyEvent: src_path=b'/home/rabbia/To-DoList/test.log', wd=1, mask=IN_MODIFY, cookie=0, name=test.log>
2021-08-03 16:38:05,208:DEBUG:in-event <InotifyEvent: src_path=b'/home/rabbia/To-DoList/test.log', wd=1, mask=IN_MODIFY, cookie=0, name=test.log>
2021-08-03 16:38:05,209:DEBUG:in-event <InotifyEvent: src_path=b'/home/rabbia/To-DoList/test.log', wd=1, mask=IN_MODIFY, cookie=0, name=test.log>
2021-08-03 16:38:05,209:DEBUG:in-event <InotifyEvent: src_path=b'/home/rabbia/To-DoList/test.log', wd=1, mask=IN_MODIFY, cookie=0, name=test.log>
2021-08-03 16:38:05,209:DEBUG:in-event <InotifyEvent: src_path=b'/home/rabbia/To-DoList/test.log', wd=1, mask=IN_MODIFY, cookie=0, name=test.log>
2021-08-03 16:38:05,209:DEBUG:in-event <InotifyEvent: src_path=b'/home/rabbia/To-DoList/test.log', wd=1, mask=IN_MODIFY, cookie=0, name=test.log>
2021-08-03 16:38:05,209:DEBUG:in-event <InotifyEvent: src_path=b'/home/rabbia/To-DoList/test.log', wd=1, mask=IN_MODIFY, cookie=0, name=test.log>
2021-08-03 16:38:05,209:DEBUG:in-event <InotifyEvent: src_path=b'/home/rabbia/To-DoList/test.log', wd=1, mask=IN_MODIFY, cookie=0, name=test.log>
2021-08-03 16:38:05,209:DEBUG:in-event <InotifyEvent: src_path=b'/home/rabbia/To-DoList/test.log', wd=1, mask=IN_MODIFY, cookie=0, name=test.log>
2021-08-03 16:38:05,210:DEBUG:in-event <InotifyEvent: src_path=b'/home/rabbia/To-DoList/test.log', wd=1, mask=IN_MODIFY, cookie=0, name=test.log>
2021-08-03 16:38:05,210:DEBUG:in-event <InotifyEvent: src_path=b'/home/rabbia/To-DoList/test.log', wd=1, mask=IN_MODIFY, cookie=0, name=test.log>
2021-08-03 16:38:05,210:DEBUG:in-event <InotifyEvent: src_path=b'/home/rabbia/To-DoList/test.log', wd=1, mask=IN_MODIFY, cookie=0, name=test.log>
2021-08-03 16:38:05,210:DEBUG:in-event <InotifyEvent: src_path=b'/home/rabbia/To-DoList/test.log', wd=1, mask=IN_MODIFY, cookie=0, name=test.log>
2021-08-03 16:38:05,210:DEBUG:in-event <InotifyEvent: src_path=b'/home/rabbia/To-DoList/test.log', wd=1, mask=IN_MODIFY, cookie=0, name=test.log>
2021-08-03 16:38:05,210:DEBUG:in-event <InotifyEvent: src_path=b'/home/rabbia/To-DoList/test.log', wd=1, mask=IN_MODIFY, cookie=0, name=test.log>
2021-08-03 16:38:05,210:DEBUG:in-event <InotifyEvent: src_path=b'/home/rabbia/To-DoList/test.log', wd=1, mask=IN_MODIFY, cookie=0, name=test.log>
2021-08-03 16:38:05,211:DEBUG:in-event <InotifyEvent: src_path=b'/home/rabbia/To-DoList/test.log', wd=1, mask=IN_MODIFY, cookie=0, name=test.log>
2021-08-03 16:38:05,211:DEBUG:in-event <InotifyEvent: src_path=b'/home/rabbia/To-DoList/test.log', wd=1, mask=IN_MODIFY, cookie=0, name=test.log>
2021-08-03 16:38:05,211:DEBUG:in-event <InotifyEvent: src_path=b'/home/rabbia/To-DoList/test.log', wd=1, mask=IN_MODIFY, cookie=0, name=test.log>
2021-08-03 16:38:05,211:DEBUG:in-event <InotifyEvent: src_path=b'/home/rabbia/To-DoList/test.log', wd=1, mask=IN_MODIFY, cookie=0, name=test.log>
2021-08-03 16:38:05,211:DEBUG:in-event <InotifyEvent: src_path=b'/home/rabbia/To-DoList/test.log', wd=1, mask=IN_MODIFY, cookie=0, name=test.log>
2021-08-03 16:38:05,211:DEBUG:in-event <InotifyEvent: src_path=b'/home/rabbia/To-DoList/test.log', wd=1, mask=IN_MODIFY, cookie=0, name=test.log>
2021-08-03 16:38:05,211:DEBUG:in-event <InotifyEvent: src_path=b'/home/rabbia/To-DoList/test.log', wd=1, mask=IN_MODIFY, cookie=0, name=test.log>
2021-08-03 16:38:05,212:DEBUG:in-event <InotifyEvent: src_path=b'/home/rabbia/To-DoList/test.log', wd=1, mask=IN_MODIFY, cookie=0, name=test.log>
2021-08-03 16:38:05,212:DEBUG:in-event <InotifyEvent: src_path=b'/home/rabbia/To-DoList/test.log', wd=1, mask=IN_MODIFY, cookie=0, name=test.log>
2021-08-03 16:38:05,212:DEBUG:in-event <InotifyEvent: src_path=b'/home/rabbia/To-DoList/test.log', wd=1, mask=IN_MODIFY, cookie=0, name=test.log>
2021-08-03 16:38:05,212:DEBUG:in-event <InotifyEvent: src_path=b'/home/rabbia/To-DoList/test.log', wd=1, mask=IN_MODIFY, cookie=0, name=test.log>
2021-08-03 16:38:05,212:DEBUG:in-event <InotifyEvent: src_path=b'/home/rabbia/To-DoList/test.log', wd=1, mask=IN_MODIFY, cookie=0, name=test.log>
2021-08-03 16:38:05,212:DEBUG:in-event <InotifyEvent: src_path=b'/home/rabbia/To-DoList/test.log', wd=1, mask=IN_MODIFY, cookie=0, name=test.log>
2021-08-03 16:38:05,212:DEBUG:in-event <InotifyEvent: src_path=b'/home/rabbia/To-DoList/test.log', wd=1, mask=IN_MODIFY, cookie=0, name=test.log>
2021-08-03 16:38:05,213:DEBUG:in-event <InotifyEvent: src_path=b'/home/rabbia/To-DoList/test.log', wd=1, mask=IN_MODIFY, cookie=0, name=test.log>
2021-08-03 16:38:05,213:DEBUG:in-event <InotifyEvent: src_path=b'/home/rabbia/To-DoList/test.log', wd=1, mask=IN_MODIFY, cookie=0, name=test.log>
2021-08-03 16:38:05,213:DEBUG:in-event <InotifyEvent: src_path=b'/home/rabbia/To-DoList/test.log', wd=1, mask=IN_MODIFY, cookie=0, name=test.log>
2021-08-03 16:38:05,213:DEBUG:in-event <InotifyEvent: src_path=b'/home/rabbia/To-DoList/test.log', wd=1, mask=IN_MODIFY, cookie=0, name=test.log>
2021-08-03 16:38:05,213:DEBUG:in-event <InotifyEvent: src_path=b'/home/rabbia/To-DoList/test.log', wd=1, mask=IN_MODIFY, cookie=0, name=test.log>
2021-08-03 16:38:05,213:DEBUG:in-event <InotifyEvent: src_path=b'/home/rabbia/To-DoList/test.log', wd=1, mask=IN_MODIFY, cookie=0, name=test.log>
2021-08-03 16:38:05,213:DEBUG:in-event <InotifyEvent: src_path=b'/home/rabbia/To-DoList/test.log', wd=1, mask=IN_MODIFY, cookie=0, name=test.log>
2021-08-03 16:38:05,214:DEBUG:in-event <InotifyEvent: src_path=b'/home/rabbia/To-DoList/test.log', wd=1, mask=IN_MODIFY, cookie=0, name=test.log>
2021-08-03 16:38:05,214:DEBUG:in-event <InotifyEvent: src_path=b'/home/rabbia/To-DoList/test.log', wd=1, mask=IN_MODIFY, cookie=0, name=test.log>
2021-08-03 16:38:05,214:DEBUG:in-event <InotifyEvent: src_path=b'/home/rabbia/To-DoList/test.log', wd=1, mask=IN_MODIFY, cookie=0, name=test.log>
2021-08-03 16:38:05,214:DEBUG:in-event <InotifyEvent: src_path=b'/home/rabbia/To-DoList/test.log', wd=1, mask=IN_MODIFY, cookie=0, name=test.log>
2021-08-03 16:38:05,214:DEBUG:in-event <InotifyEvent: src_path=b'/home/rabbia/To-DoList/test.log', wd=1, mask=IN_MODIFY, cookie=0, name=test.log>
2021-08-03 16:38:05,214:DEBUG:in-event <InotifyEvent: src_path=b'/home/rabbia/To-DoList/test.log', wd=1, mask=IN_MODIFY, cookie=0, name=test.log>
2021-08-03 16:38:05,215:DEBUG:in-event <InotifyEvent: src_path=b'/home/rabbia/To-DoList/test.log', wd=1, mask=IN_MODIFY, cookie=0, name=test.log>
2021-08-03 16:38:05,215:DEBUG:in-event <InotifyEvent: src_path=b'/home/rabbia/To-DoList/test.log', wd=1, mask=IN_MODIFY, cookie=0, name=test.log>
2021-08-03 16:38:05,215:DEBUG:in-event <InotifyEvent: src_path=b'/home/rabbia/To-DoList/test.log', wd=1, mask=IN_MODIFY, cookie=0, name=test.log>
2021-08-03 16:38:05,215:DEBUG:in-event <InotifyEvent: src_path=b'/home/rabbia/To-DoList/test.log', wd=1, mask=IN_MODIFY, cookie=0, name=test.log>
2021-08-03 16:38:05,215:DEBUG:in-event <InotifyEvent: src_path=b'/home/rabbia/To-DoList/test.log', wd=1, mask=IN_MODIFY, cookie=0, name=test.log>
2021-08-03 16:38:05,215:DEBUG:in-event <InotifyEvent: src_path=b'/home/rabbia/To-DoList/test.log', wd=1, mask=IN_MODIFY, cookie=0, name=test.log>
2021-08-03 16:38:05,216:DEBUG:in-event <InotifyEvent: src_path=b'/home/rabbia/To-DoList/test.log', wd=1, mask=IN_MODIFY, cookie=0, name=test.log>
2021-08-03 16:38:05,216:DEBUG:in-event <InotifyEvent: src_path=b'/home/rabbia/To-DoList/test.log', wd=1, mask=IN_MODIFY, cookie=0, name=test.log>
2021-08-03 16:38:05,216:DEBUG:in-event <InotifyEvent: src_path=b'/home/rabbia/To-DoList/test.log', wd=1, mask=IN_MODIFY, cookie=0, name=test.log>
2021-08-03 16:38:05,216:DEBUG:in-event <InotifyEvent: src_path=b'/home/rabbia/To-DoList/test.log', wd=1, mask=IN_MODIFY, cookie=0, name=test.log>
2021-08-03 16:38:05,216:DEBUG:in-event <InotifyEvent: src_path=b'/home/rabbia/To-DoList/test.log', wd=1, mask=IN_MODIFY, cookie=0, name=test.log>
2021-08-03 16:38:05,216:DEBUG:in-event <InotifyEvent: src_path=b'/home/rabbia/To-DoList/test.log', wd=1, mask=IN_MODIFY, cookie=0, name=test.log>
2021-08-03 16:38:05,216:DEBUG:in-event <InotifyEvent: src_path=b'/home/rabbia/To-DoList/test.log', wd=1, mask=IN_MODIFY, cookie=0, name=test.log>
2021-08-03 16:38:05,217:DEBUG:in-event <InotifyEvent: src_path=b'/home/rabbia/To-DoList/test.log', wd=1, mask=IN_MODIFY, cookie=0, name=test.log>
2021-08-03 16:38:05,217:DEBUG:in-event <InotifyEvent: src_path=b'/home/rabbia/To-DoList/test.log', wd=1, mask=IN_MODIFY, cookie=0, name=test.log>
2021-08-03 16:38:05,217:DEBUG:in-event <InotifyEvent: src_path=b'/home/rabbia/To-DoList/test.log', wd=1, mask=IN_MODIFY, cookie=0, name=test.log>
2021-08-03 16:38:05,217:DEBUG:in-event <InotifyEvent: src_path=b'/home/rabbia/To-DoList/test.log', wd=1, mask=IN_MODIFY, cookie=0, name=test.log>
2021-08-03 16:38:05,217:DEBUG:in-event <InotifyEvent: src_path=b'/home/rabbia/To-DoList/test.log', wd=1, mask=IN_MODIFY, cookie=0, name=test.log>
2021-08-03 16:38:05,217:DEBUG:in-event <InotifyEvent: src_path=b'/home/rabbia/To-DoList/test.log', wd=1, mask=IN_MODIFY, cookie=0, name=test.log>
2021-08-03 16:38:05,218:DEBUG:in-event <InotifyEvent: src_path=b'/home/rabbia/To-DoList/test.log', wd=1, mask=IN_MODIFY, cookie=0, name=test.log>
2021-08-03 16:38:05,218:DEBUG:in-event <InotifyEvent: src_path=b'/home/rabbia/To-DoList/test.log', wd=1, mask=IN_MODIFY, cookie=0, name=test.log>
2021-08-03 16:38:05,218:DEBUG:in-event <InotifyEvent: src_path=b'/home/rabbia/To-DoList/test.log', wd=1, mask=IN_MODIFY, cookie=0, name=test.log>
2021-08-03 16:38:05,218:DEBUG:in-event <InotifyEvent: src_path=b'/home/rabbia/To-DoList/test.log', wd=1, mask=IN_MODIFY, cookie=0, name=test.log>
2021-08-03 16:38:05,218:DEBUG:in-event <InotifyEvent: src_path=b'/home/rabbia/To-DoList/test.log', wd=1, mask=IN_MODIFY, cookie=0, name=test.log>
2021-08-03 16:38:05,219:DEBUG:in-event <InotifyEvent: src_path=b'/home/rabbia/To-DoList/test.log', wd=1, mask=IN_MODIFY, cookie=0, name=test.log>
2021-08-03 16:38:05,219:DEBUG:in-event <InotifyEvent: src_path=b'/home/rabbia/To-DoList/test.log', wd=1, mask=IN_MODIFY, cookie=0, name=test.log>
2021-08-03 16:38:05,219:DEBUG:in-event <InotifyEvent: src_path=b'/home/rabbia/To-DoList/test.log', wd=1, mask=IN_MODIFY, cookie=0, name=test.log>
2021-08-03 16:38:05,219:DEBUG:in-event <InotifyEvent: src_path=b'/home/rabbia/To-DoList/test.log', wd=1, mask=IN_MODIFY, cookie=0, name=test.log>
2021-08-03 16:38:05,219:DEBUG:in-event <InotifyEvent: src_path=b'/home/rabbia/To-DoList/test.log', wd=1, mask=IN_MODIFY, cookie=0, name=test.log>
2021-08-03 16:38:05,219:DEBUG:in-event <InotifyEvent: src_path=b'/home/rabbia/To-DoList/test.log', wd=1, mask=IN_MODIFY, cookie=0, name=test.log>
2021-08-03 16:38:05,220:DEBUG:in-event <InotifyEvent: src_path=b'/home/rabbia/To-DoList/test.log', wd=1, mask=IN_MODIFY, cookie=0, name=test.log>
2021-08-03 16:38:05,220:DEBUG:in-event <InotifyEvent: src_path=b'/home/rabbia/To-DoList/test.log', wd=1, mask=IN_MODIFY, cookie=0, name=test.log>
2021-08-03 16:38:05,220:DEBUG:in-event <InotifyEvent: src_path=b'/home/rabbia/To-DoList/test.log', wd=1, mask=IN_MODIFY, cookie=0, name=test.log>
2021-08-03 16:38:05,220:DEBUG:in-event <InotifyEvent: src_path=b'/home/rabbia/To-DoList/test.log', wd=1, mask=IN_MODIFY, cookie=0, name=test.log>
2021-08-03 16:38:05,220:DEBUG:in-event <InotifyEvent: src_path=b'/home/rabbia/To-DoList/test.log', wd=1, mask=IN_MODIFY, cookie=0, name=test.log>
2021-08-03 16:38:05,220:DEBUG:in-event <InotifyEvent: src_path=b'/home/rabbia/To-DoList/test.log', wd=1, mask=IN_MODIFY, cookie=0, name=test.log>
2021-08-03 16:38:05,220:DEBUG:in-event <InotifyEvent: src_path=b'/home/rabbia/To-DoList/test.log', wd=1, mask=IN_MODIFY, cookie=0, name=test.log>
2021-08-03 16:38:05,221:DEBUG:in-event <InotifyEvent: src_path=b'/home/rabbia/To-DoList/test.log', wd=1, mask=IN_MODIFY, cookie=0, name=test.log>
2021-08-03 16:38:05,221:DEBUG:in-event <InotifyEvent: src_path=b'/home/rabbia/To-DoList/test.log', wd=1, mask=IN_MODIFY, cookie=0, name=test.log>
2021-08-03 16:38:05,221:DEBUG:in-event <InotifyEvent: src_path=b'/home/rabbia/To-DoList/test.log', wd=1, mask=IN_MODIFY, cookie=0, name=test.log>
2021-08-03 16:38:05,221:DEBUG:in-event <InotifyEvent: src_path=b'/home/rabbia/To-DoList/test.log', wd=1, mask=IN_MODIFY, cookie=0, name=test.log>
2021-08-03 16:38:05,221:DEBUG:in-event <InotifyEvent: src_path=b'/home/rabbia/To-DoList/test.log', wd=1, mask=IN_MODIFY, cookie=0, name=test.log>
2021-08-03 16:38:05,221:DEBUG:in-event <InotifyEvent: src_path=b'/home/rabbia/To-DoList/test.log', wd=1, mask=IN_MODIFY, cookie=0, name=test.log>
2021-08-03 16:38:05,221:DEBUG:in-event <InotifyEvent: src_path=b'/home/rabbia/To-DoList/test.log', wd=1, mask=IN_MODIFY, cookie=0, name=test.log>
2021-08-03 16:38:05,221:DEBUG:in-event <InotifyEvent: src_path=b'/home/rabbia/To-DoList/test.log', wd=1, mask=IN_MODIFY, cookie=0, name=test.log>
2021-08-03 16:38:05,222:DEBUG:in-event <InotifyEvent: src_path=b'/home/rabbia/To-DoList/test.log', wd=1, mask=IN_MODIFY, cookie=0, name=test.log>
2021-08-03 16:38:05,222:DEBUG:in-event <InotifyEvent: src_path=b'/home/rabbia/To-DoList/test.log', wd=1, mask=IN_MODIFY, cookie=0, name=test.log>
2021-08-03 16:38:05,222:DEBUG:in-event <InotifyEvent: src_path=b'/home/rabbia/To-DoList/test.log', wd=1, mask=IN_MODIFY, cookie=0, name=test.log>
2021-08-03 16:38:05,222:DEBUG:in-event <InotifyEvent: src_path=b'/home/rabbia/To-DoList/test.log', wd=1, mask=IN_MODIFY, cookie=0, name=test.log>
2021-08-03 16:38:05,222:DEBUG:in-event <InotifyEvent: src_path=b'/home/rabbia/To-DoList/test.log', wd=1, mask=IN_MODIFY, cookie=0, name=test.log>
2021-08-03 16:38:05,222:DEBUG:in-event <InotifyEvent: src_path=b'/home/rabbia/To-DoList/test.log', wd=1, mask=IN_MODIFY, cookie=0, name=test.log>
2021-08-03 16:38:05,222:DEBUG:in-event <InotifyEvent: src_path=b'/home/rabbia/To-DoList/test.log', wd=1, mask=IN_MODIFY, cookie=0, name=test.log>
2021-08-03 16:38:05,223:DEBUG:in-event <InotifyEvent: src_path=b'/home/rabbia/To-DoList/test.log', wd=1, mask=IN_MODIFY, cookie=0, name=test.log>
2021-08-03 16:38:05,223:DEBUG:in-event <InotifyEvent: src_path=b'/home/rabbia/To-DoList/test.log', wd=1, mask=IN_MODIFY, cookie=0, name=test.log>
2021-08-03 16:38:05,223:DEBUG:in-event <InotifyEvent: src_path=b'/home/rabbia/To-DoList/test.log', wd=1, mask=IN_MODIFY, cookie=0, name=test.log>
2021-08-03 16:38:05,223:DEBUG:in-event <InotifyEvent: src_path=b'/home/rabbia/To-DoList/test.log', wd=1, mask=IN_MODIFY, cookie=0, name=test.log>
2021-08-03 16:38:05,223:DEBUG:in-event <InotifyEvent: src_path=b'/home/rabbia/To-DoList/test.log', wd=1, mask=IN_MODIFY, cookie=0, name=test.log>
2021-08-03 16:38:05,223:DEBUG:in-event <InotifyEvent: src_path=b'/home/rabbia/To-DoList/test.log', wd=1, mask=IN_MODIFY, cookie=0, name=test.log>
2021-08-03 16:38:05,224:DEBUG:in-event <InotifyEvent: src_path=b'/home/rabbia/To-DoList/test.log', wd=1, mask=IN_MODIFY, cookie=0, name=test.log>
2021-08-03 16:38:05,224:DEBUG:in-event <InotifyEvent: src_path=b'/home/rabbia/To-DoList/test.log', wd=1, mask=IN_MODIFY, cookie=0, name=test.log>
2021-08-03 16:38:05,224:DEBUG:in-event <InotifyEvent: src_path=b'/home/rabbia/To-DoList/test.log', wd=1, mask=IN_MODIFY, cookie=0, name=test.log>
2021-08-03 16:38:05,224:DEBUG:in-event <InotifyEvent: src_path=b'/home/rabbia/To-DoList/test.log', wd=1, mask=IN_MODIFY, cookie=0, name=test.log>
2021-08-03 16:38:05,225:DEBUG:in-event <InotifyEvent: src_path=b'/home/rabbia/To-DoList/test.log', wd=1, mask=IN_MODIFY, cookie=0, name=test.log>
2021-08-03 16:38:05,225:DEBUG:in-event <InotifyEvent: src_path=b'/home/rabbia/To-DoList/test.log', wd=1, mask=IN_MODIFY, cookie=0, name=test.log>
2021-08-03 16:38:05,225:DEBUG:in-event <InotifyEvent: src_path=b'/home/rabbia/To-DoList/test.log', wd=1, mask=IN_MODIFY, cookie=0, name=test.log>
2021-08-03 16:38:05,225:DEBUG:in-event <InotifyEvent: src_path=b'/home/rabbia/To-DoList/test.log', wd=1, mask=IN_MODIFY, cookie=0, name=test.log>
2021-08-03 16:38:05,226:DEBUG:in-event <InotifyEvent: src_path=b'/home/rabbia/To-DoList/test.log', wd=1, mask=IN_MODIFY, cookie=0, name=test.log>
2021-08-03 16:38:05,226:DEBUG:in-event <InotifyEvent: src_path=b'/home/rabbia/To-DoList/test.log', wd=1, mask=IN_MODIFY, cookie=0, name=test.log>
2021-08-03 16:38:05,226:DEBUG:in-event <InotifyEvent: src_path=b'/home/rabbia/To-DoList/test.log', wd=1, mask=IN_MODIFY, cookie=0, name=test.log>
2021-08-03 16:38:05,226:DEBUG:in-event <InotifyEvent: src_path=b'/home/rabbia/To-DoList/test.log', wd=1, mask=IN_MODIFY, cookie=0, name=test.log>
2021-08-03 16:38:05,226:DEBUG:in-event <InotifyEvent: src_path=b'/home/rabbia/To-DoList/test.log', wd=1, mask=IN_MODIFY, cookie=0, name=test.log>
2021-08-03 16:38:05,226:DEBUG:in-event <InotifyEvent: src_path=b'/home/rabbia/To-DoList/test.log', wd=1, mask=IN_MODIFY, cookie=0, name=test.log>
2021-08-03 16:38:05,227:DEBUG:in-event <InotifyEvent: src_path=b'/home/rabbia/To-DoList/test.log', wd=1, mask=IN_MODIFY, cookie=0, name=test.log>
2021-08-03 16:38:05,227:DEBUG:in-event <InotifyEvent: src_path=b'/home/rabbia/To-DoList/test.log', wd=1, mask=IN_MODIFY, cookie=0, name=test.log>
2021-08-03 16:38:05,227:DEBUG:in-event <InotifyEvent: src_path=b'/home/rabbia/To-DoList/test.log', wd=1, mask=IN_MODIFY, cookie=0, name=test.log>
2021-08-03 16:38:05,227:DEBUG:in-event <InotifyEvent: src_path=b'/home/rabbia/To-DoList/test.log', wd=1, mask=IN_MODIFY, cookie=0, name=test.log>
2021-08-03 16:38:05,227:DEBUG:in-event <InotifyEvent: src_path=b'/home/rabbia/To-DoList/test.log', wd=1, mask=IN_MODIFY, cookie=0, name=test.log>
2021-08-03 16:38:05,227:DEBUG:in-event <InotifyEvent: src_path=b'/home/rabbia/To-DoList/test.log', wd=1, mask=IN_MODIFY, cookie=0, name=test.log>
2021-08-03 16:38:05,228:DEBUG:in-event <InotifyEvent: src_path=b'/home/rabbia/To-DoList/test.log', wd=1, mask=IN_MODIFY, cookie=0, name=test.log>
2021-08-03 16:38:05,228:DEBUG:in-event <InotifyEvent: src_path=b'/home/rabbia/To-DoList/test.log', wd=1, mask=IN_MODIFY, cookie=0, name=test.log>
2021-08-03 16:38:05,228:DEBUG:in-event <InotifyEvent: src_path=b'/home/rabbia/To-DoList/test.log', wd=1, mask=IN_MODIFY, cookie=0, name=test.log>
2021-08-03 16:38:05,228:DEBUG:in-event <InotifyEvent: src_path=b'/home/rabbia/To-DoList/test.log', wd=1, mask=IN_MODIFY, cookie=0, name=test.log>
2021-08-03 16:38:05,228:DEBUG:in-event <InotifyEvent: src_path=b'/home/rabbia/To-DoList/test.log', wd=1, mask=IN_MODIFY, cookie=0, name=test.log>
2021-08-03 16:38:05,228:DEBUG:in-event <InotifyEvent: src_path=b'/home/rabbia/To-DoList/test.log', wd=1, mask=IN_MODIFY, cookie=0, name=test.log>
2021-08-03 16:38:05,228:DEBUG:in-event <InotifyEvent: src_path=b'/home/rabbia/To-DoList/test.log', wd=1, mask=IN_MODIFY, cookie=0, name=test.log>
2021-08-03 16:38:05,229:DEBUG:in-event <InotifyEvent: src_path=b'/home/rabbia/To-DoList/test.log', wd=1, mask=IN_MODIFY, cookie=0, name=test.log>
2021-08-03 16:38:05,229:DEBUG:in-event <InotifyEvent: src_path=b'/home/rabbia/To-DoList/test.log', wd=1, mask=IN_MODIFY, cookie=0, name=test.log>
2021-08-03 16:38:05,229:DEBUG:in-event <InotifyEvent: src_path=b'/home/rabbia/To-DoList/test.log', wd=1, mask=IN_MODIFY, cookie=0, name=test.log>
2021-08-03 16:38:05,229:DEBUG:in-event <InotifyEvent: src_path=b'/home/rabbia/To-DoList/test.log', wd=1, mask=IN_MODIFY, cookie=0, name=test.log>
2021-08-03 16:38:05,230:DEBUG:in-event <InotifyEvent: src_path=b'/home/rabbia/To-DoList/test.log', wd=1, mask=IN_MODIFY, cookie=0, name=test.log>
2021-08-03 16:38:05,230:DEBUG:in-event <InotifyEvent: src_path=b'/home/rabbia/To-DoList/test.log', wd=1, mask=IN_MODIFY, cookie=0, name=test.log>
2021-08-03 16:38:05,230:DEBUG:in-event <InotifyEvent: src_path=b'/home/rabbia/To-DoList/test.log', wd=1, mask=IN_MODIFY, cookie=0, name=test.log>
2021-08-03 16:38:05,230:DEBUG:in-event <InotifyEvent: src_path=b'/home/rabbia/To-DoList/test.log', wd=1, mask=IN_MODIFY, cookie=0, name=test.log>
2021-08-03 16:38:05,230:DEBUG:in-event <InotifyEvent: src_path=b'/home/rabbia/To-DoList/test.log', wd=1, mask=IN_MODIFY, cookie=0, name=test.log>
2021-08-03 16:38:05,231:DEBUG:in-event <InotifyEvent: src_path=b'/home/rabbia/To-DoList/test.log', wd=1, mask=IN_MODIFY, cookie=0, name=test.log>
2021-08-03 16:38:05,231:DEBUG:in-event <InotifyEvent: src_path=b'/home/rabbia/To-DoList/test.log', wd=1, mask=IN_MODIFY, cookie=0, name=test.log>
2021-08-03 16:38:05,231:DEBUG:in-event <InotifyEvent: src_path=b'/home/rabbia/To-DoList/test.log', wd=1, mask=IN_MODIFY, cookie=0, name=test.log>
2021-08-03 16:38:05,231:DEBUG:in-event <InotifyEvent: src_path=b'/home/rabbia/To-DoList/test.log', wd=1, mask=IN_MODIFY, cookie=0, name=test.log>
2021-08-03 16:38:05,231:DEBUG:in-event <InotifyEvent: src_path=b'/home/rabbia/To-DoList/test.log', wd=1, mask=IN_MODIFY, cookie=0, name=test.log>
2021-08-03 16:38:05,232:DEBUG:in-event <InotifyEvent: src_path=b'/home/rabbia/To-DoList/test.log', wd=1, mask=IN_MODIFY, cookie=0, name=test.log>
2021-08-03 16:38:05,232:DEBUG:in-event <InotifyEvent: src_path=b'/home/rabbia/To-DoList/test.log', wd=1, mask=IN_MODIFY, cookie=0, name=test.log>
2021-08-03 16:38:05,232:DEBUG:in-event <InotifyEvent: src_path=b'/home/rabbia/To-DoList/test.log', wd=1, mask=IN_MODIFY, cookie=0, name=test.log>
2021-08-03 16:38:05,232:DEBUG:in-event <InotifyEvent: src_path=b'/home/rabbia/To-DoList/test.log', wd=1, mask=IN_MODIFY, cookie=0, name=test.log>
2021-08-03 16:38:05,232:DEBUG:in-event <InotifyEvent: src_path=b'/home/rabbia/To-DoList/test.log', wd=1, mask=IN_MODIFY, cookie=0, name=test.log>
2021-08-03 16:38:05,233:DEBUG:in-event <InotifyEvent: src_path=b'/home/rabbia/To-DoList/test.log', wd=1, mask=IN_MODIFY, cookie=0, name=test.log>
2021-08-03 16:38:05,233:DEBUG:in-event <InotifyEvent: src_path=b'/home/rabbia/To-DoList/test.log', wd=1, mask=IN_MODIFY, cookie=0, name=test.log>
2021-08-03 16:38:05,233:DEBUG:in-event <InotifyEvent: src_path=b'/home/rabbia/To-DoList/test.log', wd=1, mask=IN_MODIFY, cookie=0, name=test.log>
2021-08-03 16:38:05,233:DEBUG:in-event <InotifyEvent: src_path=b'/home/rabbia/To-DoList/test.log', wd=1, mask=IN_MODIFY, cookie=0, name=test.log>
2021-08-03 16:38:05,233:DEBUG:in-event <InotifyEvent: src_path=b'/home/rabbia/To-DoList/test.log', wd=1, mask=IN_MODIFY, cookie=0, name=test.log>
2021-08-03 16:38:05,233:DEBUG:in-event <InotifyEvent: src_path=b'/home/rabbia/To-DoList/test.log', wd=1, mask=IN_MODIFY, cookie=0, name=test.log>
2021-08-03 16:38:05,234:DEBUG:in-event <InotifyEvent: src_path=b'/home/rabbia/To-DoList/test.log', wd=1, mask=IN_MODIFY, cookie=0, name=test.log>
2021-08-03 16:38:05,234:DEBUG:in-event <InotifyEvent: src_path=b'/home/rabbia/To-DoList/test.log', wd=1, mask=IN_MODIFY, cookie=0, name=test.log>
2021-08-03 16:38:05,234:DEBUG:in-event <InotifyEvent: src_path=b'/home/rabbia/To-DoList/test.log', wd=1, mask=IN_MODIFY, cookie=0, name=test.log>
2021-08-03 16:38:05,234:DEBUG:in-event <InotifyEvent: src_path=b'/home/rabbia/To-DoList/test.log', wd=1, mask=IN_MODIFY, cookie=0, name=test.log>
2021-08-03 16:38:05,234:DEBUG:in-event <InotifyEvent: src_path=b'/home/rabbia/To-DoList/test.log', wd=1, mask=IN_MODIFY, cookie=0, name=test.log>
2021-08-03 16:38:05,234:DEBUG:in-event <InotifyEvent: src_path=b'/home/rabbia/To-DoList/test.log', wd=1, mask=IN_MODIFY, cookie=0, name=test.log>
2021-08-03 16:38:05,235:DEBUG:in-event <InotifyEvent: src_path=b'/home/rabbia/To-DoList/test.log', wd=1, mask=IN_MODIFY, cookie=0, name=test.log>
2021-08-03 16:38:05,235:DEBUG:in-event <InotifyEvent: src_path=b'/home/rabbia/To-DoList/test.log', wd=1, mask=IN_MODIFY, cookie=0, name=test.log>
2021-08-03 16:38:05,235:DEBUG:in-event <InotifyEvent: src_path=b'/home/rabbia/To-DoList/test.log', wd=1, mask=IN_MODIFY, cookie=0, name=test.log>
2021-08-03 16:38:05,235:DEBUG:in-event <InotifyEvent: src_path=b'/home/rabbia/To-DoList/test.log', wd=1, mask=IN_MODIFY, cookie=0, name=test.log>
2021-08-03 16:38:05,236:DEBUG:in-event <InotifyEvent: src_path=b'/home/rabbia/To-DoList/test.log', wd=1, mask=IN_MODIFY, cookie=0, name=test.log>
2021-08-03 16:38:05,236:DEBUG:in-event <InotifyEvent: src_path=b'/home/rabbia/To-DoList/test.log', wd=1, mask=IN_MODIFY, cookie=0, name=test.log>
2021-08-03 16:38:05,236:DEBUG:in-event <InotifyEvent: src_path=b'/home/rabbia/To-DoList/test.log', wd=1, mask=IN_MODIFY, cookie=0, name=test.log>
2021-08-03 16:38:05,236:DEBUG:in-event <InotifyEvent: src_path=b'/home/rabbia/To-DoList/test.log', wd=1, mask=IN_MODIFY, cookie=0, name=test.log>
2021-08-03 16:38:05,236:DEBUG:in-event <InotifyEvent: src_path=b'/home/rabbia/To-DoList/test.log', wd=1, mask=IN_MODIFY, cookie=0, name=test.log>
2021-08-03 16:38:05,236:DEBUG:in-event <InotifyEvent: src_path=b'/home/rabbia/To-DoList/test.log', wd=1, mask=IN_MODIFY, cookie=0, name=test.log>
2021-08-03 16:38:05,237:DEBUG:in-event <InotifyEvent: src_path=b'/home/rabbia/To-DoList/test.log', wd=1, mask=IN_MODIFY, cookie=0, name=test.log>
2021-08-03 16:38:05,237:DEBUG:in-event <InotifyEvent: src_path=b'/home/rabbia/To-DoList/test.log', wd=1, mask=IN_MODIFY, cookie=0, name=test.log>
2021-08-03 16:38:05,237:DEBUG:in-event <InotifyEvent: src_path=b'/home/rabbia/To-DoList/test.log', wd=1, mask=IN_MODIFY, cookie=0, name=test.log>
2021-08-03 16:38:05,237:DEBUG:in-event <InotifyEvent: src_path=b'/home/rabbia/To-DoList/test.log', wd=1, mask=IN_MODIFY, cookie=0, name=test.log>
2021-08-03 16:38:05,237:DEBUG:in-event <InotifyEvent: src_path=b'/home/rabbia/To-DoList/test.log', wd=1, mask=IN_MODIFY, cookie=0, name=test.log>
2021-08-03 16:38:05,238:DEBUG:in-event <InotifyEvent: src_path=b'/home/rabbia/To-DoList/test.log', wd=1, mask=IN_MODIFY, cookie=0, name=test.log>
2021-08-03 16:38:05,238:DEBUG:in-event <InotifyEvent: src_path=b'/home/rabbia/To-DoList/test.log', wd=1, mask=IN_MODIFY, cookie=0, name=test.log>
2021-08-03 16:38:05,238:DEBUG:in-event <InotifyEvent: src_path=b'/home/rabbia/To-DoList/test.log', wd=1, mask=IN_MODIFY, cookie=0, name=test.log>
2021-08-03 16:38:05,238:DEBUG:in-event <InotifyEvent: src_path=b'/home/rabbia/To-DoList/test.log', wd=1, mask=IN_MODIFY, cookie=0, name=test.log>
2021-08-03 16:38:05,238:DEBUG:in-event <InotifyEvent: src_path=b'/home/rabbia/To-DoList/test.log', wd=1, mask=IN_MODIFY, cookie=0, name=test.log>
2021-08-03 16:38:05,239:DEBUG:in-event <InotifyEvent: src_path=b'/home/rabbia/To-DoList/test.log', wd=1, mask=IN_MODIFY, cookie=0, name=test.log>
2021-08-03 16:38:05,239:DEBUG:in-event <InotifyEvent: src_path=b'/home/rabbia/To-DoList/test.log', wd=1, mask=IN_MODIFY, cookie=0, name=test.log>
2021-08-03 16:38:05,239:DEBUG:in-event <InotifyEvent: src_path=b'/home/rabbia/To-DoList/test.log', wd=1, mask=IN_MODIFY, cookie=0, name=test.log>
2021-08-03 16:38:05,239:DEBUG:in-event <InotifyEvent: src_path=b'/home/rabbia/To-DoList/test.log', wd=1, mask=IN_MODIFY, cookie=0, name=test.log>
2021-08-03 16:38:05,240:DEBUG:in-event <InotifyEvent: src_path=b'/home/rabbia/To-DoList/test.log', wd=1, mask=IN_MODIFY, cookie=0, name=test.log>
2021-08-03 16:38:05,240:DEBUG:in-event <InotifyEvent: src_path=b'/home/rabbia/To-DoList/test.log', wd=1, mask=IN_MODIFY, cookie=0, name=test.log>
2021-08-03 16:38:05,240:DEBUG:in-event <InotifyEvent: src_path=b'/home/rabbia/To-DoList/test.log', wd=1, mask=IN_MODIFY, cookie=0, name=test.log>
2021-08-03 16:38:05,240:DEBUG:in-event <InotifyEvent: src_path=b'/home/rabbia/To-DoList/test.log', wd=1, mask=IN_MODIFY, cookie=0, name=test.log>
2021-08-03 16:38:05,240:DEBUG:in-event <InotifyEvent: src_path=b'/home/rabbia/To-DoList/test.log', wd=1, mask=IN_MODIFY, cookie=0, name=test.log>
2021-08-03 16:38:05,241:DEBUG:in-event <InotifyEvent: src_path=b'/home/rabbia/To-DoList/test.log', wd=1, mask=IN_MODIFY, cookie=0, name=test.log>
2021-08-03 16:38:05,241:DEBUG:in-event <InotifyEvent: src_path=b'/home/rabbia/To-DoList/test.log', wd=1, mask=IN_MODIFY, cookie=0, name=test.log>
2021-08-03 16:38:05,241:DEBUG:in-event <InotifyEvent: src_path=b'/home/rabbia/To-DoList/test.log', wd=1, mask=IN_MODIFY, cookie=0, name=test.log>
2021-08-03 16:38:05,241:DEBUG:in-event <InotifyEvent: src_path=b'/home/rabbia/To-DoList/test.log', wd=1, mask=IN_MODIFY, cookie=0, name=test.log>
2021-08-03 16:38:05,241:DEBUG:in-event <InotifyEvent: src_path=b'/home/rabbia/To-DoList/test.log', wd=1, mask=IN_MODIFY, cookie=0, name=test.log>
2021-08-03 16:38:05,242:DEBUG:in-event <InotifyEvent: src_path=b'/home/rabbia/To-DoList/test.log', wd=1, mask=IN_MODIFY, cookie=0, name=test.log>
2021-08-03 16:38:05,242:DEBUG:in-event <InotifyEvent: src_path=b'/home/rabbia/To-DoList/test.log', wd=1, mask=IN_MODIFY, cookie=0, name=test.log>
2021-08-03 16:38:05,242:DEBUG:in-event <InotifyEvent: src_path=b'/home/rabbia/To-DoList/test.log', wd=1, mask=IN_MODIFY, cookie=0, name=test.log>
2021-08-03 16:38:05,242:DEBUG:in-event <InotifyEvent: src_path=b'/home/rabbia/To-DoList/test.log', wd=1, mask=IN_MODIFY, cookie=0, name=test.log>
2021-08-03 16:38:05,242:DEBUG:in-event <InotifyEvent: src_path=b'/home/rabbia/To-DoList/test.log', wd=1, mask=IN_MODIFY, cookie=0, name=test.log>
2021-08-03 16:38:05,243:DEBUG:in-event <InotifyEvent: src_path=b'/home/rabbia/To-DoList/test.log', wd=1, mask=IN_MODIFY, cookie=0, name=test.log>
2021-08-03 16:38:05,243:DEBUG:in-event <InotifyEvent: src_path=b'/home/rabbia/To-DoList/test.log', wd=1, mask=IN_MODIFY, cookie=0, name=test.log>
2021-08-03 16:38:05,243:DEBUG:in-event <InotifyEvent: src_path=b'/home/rabbia/To-DoList/test.log', wd=1, mask=IN_MODIFY, cookie=0, name=test.log>
2021-08-03 16:38:05,243:DEBUG:in-event <InotifyEvent: src_path=b'/home/rabbia/To-DoList/test.log', wd=1, mask=IN_MODIFY, cookie=0, name=test.log>
2021-08-03 16:38:05,243:DEBUG:in-event <InotifyEvent: src_path=b'/home/rabbia/To-DoList/test.log', wd=1, mask=IN_MODIFY, cookie=0, name=test.log>
2021-08-03 16:38:05,244:DEBUG:in-event <InotifyEvent: src_path=b'/home/rabbia/To-DoList/test.log', wd=1, mask=IN_MODIFY, cookie=0, name=test.log>
2021-08-03 16:38:05,244:DEBUG:in-event <InotifyEvent: src_path=b'/home/rabbia/To-DoList/test.log', wd=1, mask=IN_MODIFY, cookie=0, name=test.log>
2021-08-03 16:38:05,244:DEBUG:in-event <InotifyEvent: src_path=b'/home/rabbia/To-DoList/test.log', wd=1, mask=IN_MODIFY, cookie=0, name=test.log>
2021-08-03 16:38:05,244:DEBUG:in-event <InotifyEvent: src_path=b'/home/rabbia/To-DoList/test.log', wd=1, mask=IN_MODIFY, cookie=0, name=test.log>
2021-08-03 16:38:05,244:DEBUG:in-event <InotifyEvent: src_path=b'/home/rabbia/To-DoList/test.log', wd=1, mask=IN_MODIFY, cookie=0, name=test.log>
2021-08-03 16:38:05,244:DEBUG:in-event <InotifyEvent: src_path=b'/home/rabbia/To-DoList/test.log', wd=1, mask=IN_MODIFY, cookie=0, name=test.log>
2021-08-03 16:38:05,245:DEBUG:in-event <InotifyEvent: src_path=b'/home/rabbia/To-DoList/test.log', wd=1, mask=IN_MODIFY, cookie=0, name=test.log>
2021-08-03 16:38:05,245:DEBUG:in-event <InotifyEvent: src_path=b'/home/rabbia/To-DoList/test.log', wd=1, mask=IN_MODIFY, cookie=0, name=test.log>
2021-08-03 16:38:05,245:DEBUG:in-event <InotifyEvent: src_path=b'/home/rabbia/To-DoList/test.log', wd=1, mask=IN_MODIFY, cookie=0, name=test.log>
2021-08-03 16:38:05,245:DEBUG:in-event <InotifyEvent: src_path=b'/home/rabbia/To-DoList/test.log', wd=1, mask=IN_MODIFY, cookie=0, name=test.log>
2021-08-03 16:38:05,246:DEBUG:in-event <InotifyEvent: src_path=b'/home/rabbia/To-DoList/test.log', wd=1, mask=IN_MODIFY, cookie=0, name=test.log>
2021-08-03 16:38:05,246:DEBUG:in-event <InotifyEvent: src_path=b'/home/rabbia/To-DoList/test.log', wd=1, mask=IN_MODIFY, cookie=0, name=test.log>
2021-08-03 16:38:05,246:DEBUG:in-event <InotifyEvent: src_path=b'/home/rabbia/To-DoList/test.log', wd=1, mask=IN_MODIFY, cookie=0, name=test.log>
2021-08-03 16:38:05,246:DEBUG:in-event <InotifyEvent: src_path=b'/home/rabbia/To-DoList/test.log', wd=1, mask=IN_MODIFY, cookie=0, name=test.log>
2021-08-03 16:38:05,246:DEBUG:in-event <InotifyEvent: src_path=b'/home/rabbia/To-DoList/test.log', wd=1, mask=IN_MODIFY, cookie=0, name=test.log>
2021-08-03 16:38:05,246:DEBUG:in-event <InotifyEvent: src_path=b'/home/rabbia/To-DoList/test.log', wd=1, mask=IN_MODIFY, cookie=0, name=test.log>
2021-08-03 16:38:05,247:DEBUG:in-event <InotifyEvent: src_path=b'/home/rabbia/To-DoList/test.log', wd=1, mask=IN_MODIFY, cookie=0, name=test.log>
2021-08-03 16:38:05,247:DEBUG:in-event <InotifyEvent: src_path=b'/home/rabbia/To-DoList/test.log', wd=1, mask=IN_MODIFY, cookie=0, name=test.log>
2021-08-03 16:38:05,247:DEBUG:in-event <InotifyEvent: src_path=b'/home/rabbia/To-DoList/test.log', wd=1, mask=IN_MODIFY, cookie=0, name=test.log>
2021-08-03 16:38:05,247:DEBUG:in-event <InotifyEvent: src_path=b'/home/rabbia/To-DoList/test.log', wd=1, mask=IN_MODIFY, cookie=0, name=test.log>
2021-08-03 16:38:05,247:DEBUG:in-event <InotifyEvent: src_path=b'/home/rabbia/To-DoList/test.log', wd=1, mask=IN_MODIFY, cookie=0, name=test.log>
2021-08-03 16:38:05,247:DEBUG:in-event <InotifyEvent: src_path=b'/home/rabbia/To-DoList/test.log', wd=1, mask=IN_MODIFY, cookie=0, name=test.log>
2021-08-03 16:38:05,248:DEBUG:in-event <InotifyEvent: src_path=b'/home/rabbia/To-DoList/test.log', wd=1, mask=IN_MODIFY, cookie=0, name=test.log>
2021-08-03 16:38:05,248:DEBUG:in-event <InotifyEvent: src_path=b'/home/rabbia/To-DoList/test.log', wd=1, mask=IN_MODIFY, cookie=0, name=test.log>
2021-08-03 16:38:05,248:DEBUG:in-event <InotifyEvent: src_path=b'/home/rabbia/To-DoList/test.log', wd=1, mask=IN_MODIFY, cookie=0, name=test.log>
2021-08-03 16:38:05,248:DEBUG:in-event <InotifyEvent: src_path=b'/home/rabbia/To-DoList/test.log', wd=1, mask=IN_MODIFY, cookie=0, name=test.log>
2021-08-03 16:38:05,248:DEBUG:in-event <InotifyEvent: src_path=b'/home/rabbia/To-DoList/test.log', wd=1, mask=IN_MODIFY, cookie=0, name=test.log>
2021-08-03 16:38:05,248:DEBUG:in-event <InotifyEvent: src_path=b'/home/rabbia/To-DoList/test.log', wd=1, mask=IN_MODIFY, cookie=0, name=test.log>
2021-08-03 16:38:05,249:DEBUG:in-event <InotifyEvent: src_path=b'/home/rabbia/To-DoList/test.log', wd=1, mask=IN_MODIFY, cookie=0, name=test.log>
2021-08-03 16:38:05,249:DEBUG:in-event <InotifyEvent: src_path=b'/home/rabbia/To-DoList/test.log', wd=1, mask=IN_MODIFY, cookie=0, name=test.log>
2021-08-03 16:38:05,249:DEBUG:in-event <InotifyEvent: src_path=b'/home/rabbia/To-DoList/test.log', wd=1, mask=IN_MODIFY, cookie=0, name=test.log>
2021-08-03 16:38:05,249:DEBUG:in-event <InotifyEvent: src_path=b'/home/rabbia/To-DoList/test.log', wd=1, mask=IN_MODIFY, cookie=0, name=test.log>
2021-08-03 16:38:05,250:DEBUG:in-event <InotifyEvent: src_path=b'/home/rabbia/To-DoList/test.log', wd=1, mask=IN_MODIFY, cookie=0, name=test.log>
2021-08-03 16:38:05,250:DEBUG:in-event <InotifyEvent: src_path=b'/home/rabbia/To-DoList/test.log', wd=1, mask=IN_MODIFY, cookie=0, name=test.log>
2021-08-03 16:38:05,250:DEBUG:in-event <InotifyEvent: src_path=b'/home/rabbia/To-DoList/test.log', wd=1, mask=IN_MODIFY, cookie=0, name=test.log>
2021-08-03 16:38:05,250:DEBUG:in-event <InotifyEvent: src_path=b'/home/rabbia/To-DoList/test.log', wd=1, mask=IN_MODIFY, cookie=0, name=test.log>
2021-08-03 16:38:05,250:DEBUG:in-event <InotifyEvent: src_path=b'/home/rabbia/To-DoList/test.log', wd=1, mask=IN_MODIFY, cookie=0, name=test.log>
2021-08-03 16:38:05,251:DEBUG:in-event <InotifyEvent: src_path=b'/home/rabbia/To-DoList/test.log', wd=1, mask=IN_MODIFY, cookie=0, name=test.log>
2021-08-03 16:38:05,251:DEBUG:in-event <InotifyEvent: src_path=b'/home/rabbia/To-DoList/test.log', wd=1, mask=IN_MODIFY, cookie=0, name=test.log>
2021-08-03 16:38:05,251:DEBUG:in-event <InotifyEvent: src_path=b'/home/rabbia/To-DoList/test.log', wd=1, mask=IN_MODIFY, cookie=0, name=test.log>
2021-08-03 16:38:05,251:DEBUG:in-event <InotifyEvent: src_path=b'/home/rabbia/To-DoList/test.log', wd=1, mask=IN_MODIFY, cookie=0, name=test.log>
2021-08-03 16:38:05,251:DEBUG:in-event <InotifyEvent: src_path=b'/home/rabbia/To-DoList/test.log', wd=1, mask=IN_MODIFY, cookie=0, name=test.log>
2021-08-03 16:38:05,252:DEBUG:in-event <InotifyEvent: src_path=b'/home/rabbia/To-DoList/test.log', wd=1, mask=IN_MODIFY, cookie=0, name=test.log>
2021-08-03 16:38:05,252:DEBUG:in-event <InotifyEvent: src_path=b'/home/rabbia/To-DoList/test.log', wd=1, mask=IN_MODIFY, cookie=0, name=test.log>
2021-08-03 16:38:05,252:DEBUG:in-event <InotifyEvent: src_path=b'/home/rabbia/To-DoList/test.log', wd=1, mask=IN_MODIFY, cookie=0, name=test.log>
2021-08-03 16:38:05,252:DEBUG:in-event <InotifyEvent: src_path=b'/home/rabbia/To-DoList/test.log', wd=1, mask=IN_MODIFY, cookie=0, name=test.log>
2021-08-03 16:38:05,252:DEBUG:in-event <InotifyEvent: src_path=b'/home/rabbia/To-DoList/test.log', wd=1, mask=IN_MODIFY, cookie=0, name=test.log>
2021-08-03 16:38:05,252:DEBUG:in-event <InotifyEvent: src_path=b'/home/rabbia/To-DoList/test.log', wd=1, mask=IN_MODIFY, cookie=0, name=test.log>
2021-08-03 16:38:05,252:DEBUG:in-event <InotifyEvent: src_path=b'/home/rabbia/To-DoList/test.log', wd=1, mask=IN_MODIFY, cookie=0, name=test.log>
2021-08-03 16:38:05,253:DEBUG:in-event <InotifyEvent: src_path=b'/home/rabbia/To-DoList/test.log', wd=1, mask=IN_MODIFY, cookie=0, name=test.log>
2021-08-03 16:38:05,253:DEBUG:in-event <InotifyEvent: src_path=b'/home/rabbia/To-DoList/test.log', wd=1, mask=IN_MODIFY, cookie=0, name=test.log>
2021-08-03 16:38:05,253:DEBUG:in-event <InotifyEvent: src_path=b'/home/rabbia/To-DoList/test.log', wd=1, mask=IN_MODIFY, cookie=0, name=test.log>
2021-08-03 16:38:05,253:DEBUG:in-event <InotifyEvent: src_path=b'/home/rabbia/To-DoList/test.log', wd=1, mask=IN_MODIFY, cookie=0, name=test.log>
2021-08-03 16:38:05,253:DEBUG:in-event <InotifyEvent: src_path=b'/home/rabbia/To-DoList/test.log', wd=1, mask=IN_MODIFY, cookie=0, name=test.log>
2021-08-03 16:38:05,254:DEBUG:in-event <InotifyEvent: src_path=b'/home/rabbia/To-DoList/test.log', wd=1, mask=IN_MODIFY, cookie=0, name=test.log>
2021-08-03 16:38:05,254:DEBUG:in-event <InotifyEvent: src_path=b'/home/rabbia/To-DoList/test.log', wd=1, mask=IN_MODIFY, cookie=0, name=test.log>
2021-08-03 16:38:05,254:DEBUG:in-event <InotifyEvent: src_path=b'/home/rabbia/To-DoList/test.log', wd=1, mask=IN_MODIFY, cookie=0, name=test.log>
2021-08-03 16:38:05,254:DEBUG:in-event <InotifyEvent: src_path=b'/home/rabbia/To-DoList/test.log', wd=1, mask=IN_MODIFY, cookie=0, name=test.log>
2021-08-03 16:38:05,254:DEBUG:in-event <InotifyEvent: src_path=b'/home/rabbia/To-DoList/test.log', wd=1, mask=IN_MODIFY, cookie=0, name=test.log>
2021-08-03 16:38:05,254:DEBUG:in-event <InotifyEvent: src_path=b'/home/rabbia/To-DoList/test.log', wd=1, mask=IN_MODIFY, cookie=0, name=test.log>
2021-08-03 16:38:05,255:DEBUG:in-event <InotifyEvent: src_path=b'/home/rabbia/To-DoList/test.log', wd=1, mask=IN_MODIFY, cookie=0, name=test.log>
2021-08-03 16:38:05,255:DEBUG:in-event <InotifyEvent: src_path=b'/home/rabbia/To-DoList/test.log', wd=1, mask=IN_MODIFY, cookie=0, name=test.log>
2021-08-03 16:38:05,255:DEBUG:in-event <InotifyEvent: src_path=b'/home/rabbia/To-DoList/test.log', wd=1, mask=IN_MODIFY, cookie=0, name=test.log>
2021-08-03 16:38:05,255:DEBUG:in-event <InotifyEvent: src_path=b'/home/rabbia/To-DoList/test.log', wd=1, mask=IN_MODIFY, cookie=0, name=test.log>
2021-08-03 16:38:05,255:DEBUG:in-event <InotifyEvent: src_path=b'/home/rabbia/To-DoList/test.log', wd=1, mask=IN_MODIFY, cookie=0, name=test.log>
2021-08-03 16:38:05,256:DEBUG:in-event <InotifyEvent: src_path=b'/home/rabbia/To-DoList/test.log', wd=1, mask=IN_MODIFY, cookie=0, name=test.log>
2021-08-03 16:38:05,256:DEBUG:in-event <InotifyEvent: src_path=b'/home/rabbia/To-DoList/test.log', wd=1, mask=IN_MODIFY, cookie=0, name=test.log>
2021-08-03 16:38:05,256:DEBUG:in-event <InotifyEvent: src_path=b'/home/rabbia/To-DoList/test.log', wd=1, mask=IN_MODIFY, cookie=0, name=test.log>
2021-08-03 16:38:05,256:DEBUG:in-event <InotifyEvent: src_path=b'/home/rabbia/To-DoList/test.log', wd=1, mask=IN_MODIFY, cookie=0, name=test.log>
2021-08-03 16:38:05,256:DEBUG:in-event <InotifyEvent: src_path=b'/home/rabbia/To-DoList/test.log', wd=1, mask=IN_MODIFY, cookie=0, name=test.log>
2021-08-03 16:38:05,256:DEBUG:in-event <InotifyEvent: src_path=b'/home/rabbia/To-DoList/test.log', wd=1, mask=IN_MODIFY, cookie=0, name=test.log>
2021-08-03 16:38:05,257:DEBUG:in-event <InotifyEvent: src_path=b'/home/rabbia/To-DoList/test.log', wd=1, mask=IN_MODIFY, cookie=0, name=test.log>
2021-08-03 16:38:05,257:DEBUG:in-event <InotifyEvent: src_path=b'/home/rabbia/To-DoList/test.log', wd=1, mask=IN_MODIFY, cookie=0, name=test.log>
2021-08-03 16:38:05,257:DEBUG:in-event <InotifyEvent: src_path=b'/home/rabbia/To-DoList/test.log', wd=1, mask=IN_MODIFY, cookie=0, name=test.log>
2021-08-03 16:38:05,257:DEBUG:in-event <InotifyEvent: src_path=b'/home/rabbia/To-DoList/test.log', wd=1, mask=IN_MODIFY, cookie=0, name=test.log>
2021-08-03 16:38:05,258:DEBUG:in-event <InotifyEvent: src_path=b'/home/rabbia/To-DoList/test.log', wd=1, mask=IN_MODIFY, cookie=0, name=test.log>
2021-08-03 16:38:05,258:DEBUG:in-event <InotifyEvent: src_path=b'/home/rabbia/To-DoList/test.log', wd=1, mask=IN_MODIFY, cookie=0, name=test.log>
2021-08-03 16:38:05,258:DEBUG:in-event <InotifyEvent: src_path=b'/home/rabbia/To-DoList/test.log', wd=1, mask=IN_MODIFY, cookie=0, name=test.log>
2021-08-03 16:38:05,258:DEBUG:in-event <InotifyEvent: src_path=b'/home/rabbia/To-DoList/test.log', wd=1, mask=IN_MODIFY, cookie=0, name=test.log>
2021-08-03 16:38:05,258:DEBUG:in-event <InotifyEvent: src_path=b'/home/rabbia/To-DoList/test.log', wd=1, mask=IN_MODIFY, cookie=0, name=test.log>
2021-08-03 16:38:05,259:DEBUG:in-event <InotifyEvent: src_path=b'/home/rabbia/To-DoList/test.log', wd=1, mask=IN_MODIFY, cookie=0, name=test.log>
2021-08-03 16:38:05,259:DEBUG:in-event <InotifyEvent: src_path=b'/home/rabbia/To-DoList/test.log', wd=1, mask=IN_MODIFY, cookie=0, name=test.log>
2021-08-03 16:38:05,259:DEBUG:in-event <InotifyEvent: src_path=b'/home/rabbia/To-DoList/test.log', wd=1, mask=IN_MODIFY, cookie=0, name=test.log>
2021-08-03 16:38:05,259:DEBUG:in-event <InotifyEvent: src_path=b'/home/rabbia/To-DoList/test.log', wd=1, mask=IN_MODIFY, cookie=0, name=test.log>
2021-08-03 16:38:05,259:DEBUG:in-event <InotifyEvent: src_path=b'/home/rabbia/To-DoList/test.log', wd=1, mask=IN_MODIFY, cookie=0, name=test.log>
2021-08-03 16:38:05,260:DEBUG:in-event <InotifyEvent: src_path=b'/home/rabbia/To-DoList/test.log', wd=1, mask=IN_MODIFY, cookie=0, name=test.log>
2021-08-03 16:38:05,260:DEBUG:in-event <InotifyEvent: src_path=b'/home/rabbia/To-DoList/test.log', wd=1, mask=IN_MODIFY, cookie=0, name=test.log>
2021-08-03 16:38:05,260:DEBUG:in-event <InotifyEvent: src_path=b'/home/rabbia/To-DoList/test.log', wd=1, mask=IN_MODIFY, cookie=0, name=test.log>
2021-08-03 16:38:05,260:DEBUG:in-event <InotifyEvent: src_path=b'/home/rabbia/To-DoList/test.log', wd=1, mask=IN_MODIFY, cookie=0, name=test.log>
2021-08-03 16:38:05,260:DEBUG:in-event <InotifyEvent: src_path=b'/home/rabbia/To-DoList/test.log', wd=1, mask=IN_MODIFY, cookie=0, name=test.log>
2021-08-03 16:38:05,261:DEBUG:in-event <InotifyEvent: src_path=b'/home/rabbia/To-DoList/test.log', wd=1, mask=IN_MODIFY, cookie=0, name=test.log>
2021-08-03 16:38:05,261:DEBUG:in-event <InotifyEvent: src_path=b'/home/rabbia/To-DoList/test.log', wd=1, mask=IN_MODIFY, cookie=0, name=test.log>
2021-08-03 16:38:05,261:DEBUG:in-event <InotifyEvent: src_path=b'/home/rabbia/To-DoList/test.log', wd=1, mask=IN_MODIFY, cookie=0, name=test.log>
2021-08-03 16:38:05,261:DEBUG:in-event <InotifyEvent: src_path=b'/home/rabbia/To-DoList/test.log', wd=1, mask=IN_MODIFY, cookie=0, name=test.log>
2021-08-03 16:38:05,261:DEBUG:in-event <InotifyEvent: src_path=b'/home/rabbia/To-DoList/test.log', wd=1, mask=IN_MODIFY, cookie=0, name=test.log>
2021-08-03 16:38:05,262:DEBUG:in-event <InotifyEvent: src_path=b'/home/rabbia/To-DoList/test.log', wd=1, mask=IN_MODIFY, cookie=0, name=test.log>
2021-08-03 16:38:05,262:DEBUG:in-event <InotifyEvent: src_path=b'/home/rabbia/To-DoList/test.log', wd=1, mask=IN_MODIFY, cookie=0, name=test.log>
2021-08-03 16:38:05,262:DEBUG:in-event <InotifyEvent: src_path=b'/home/rabbia/To-DoList/test.log', wd=1, mask=IN_MODIFY, cookie=0, name=test.log>
2021-08-03 16:38:05,262:DEBUG:in-event <InotifyEvent: src_path=b'/home/rabbia/To-DoList/test.log', wd=1, mask=IN_MODIFY, cookie=0, name=test.log>
2021-08-03 16:38:05,262:DEBUG:in-event <InotifyEvent: src_path=b'/home/rabbia/To-DoList/test.log', wd=1, mask=IN_MODIFY, cookie=0, name=test.log>
2021-08-03 16:38:05,263:DEBUG:in-event <InotifyEvent: src_path=b'/home/rabbia/To-DoList/test.log', wd=1, mask=IN_MODIFY, cookie=0, name=test.log>
2021-08-03 16:38:05,263:DEBUG:in-event <InotifyEvent: src_path=b'/home/rabbia/To-DoList/test.log', wd=1, mask=IN_MODIFY, cookie=0, name=test.log>
2021-08-03 16:38:05,263:DEBUG:in-event <InotifyEvent: src_path=b'/home/rabbia/To-DoList/test.log', wd=1, mask=IN_MODIFY, cookie=0, name=test.log>
2021-08-03 16:38:05,263:DEBUG:in-event <InotifyEvent: src_path=b'/home/rabbia/To-DoList/test.log', wd=1, mask=IN_MODIFY, cookie=0, name=test.log>
2021-08-03 16:38:05,263:DEBUG:in-event <InotifyEvent: src_path=b'/home/rabbia/To-DoList/test.log', wd=1, mask=IN_MODIFY, cookie=0, name=test.log>
2021-08-03 16:38:05,264:DEBUG:in-event <InotifyEvent: src_path=b'/home/rabbia/To-DoList/test.log', wd=1, mask=IN_MODIFY, cookie=0, name=test.log>
2021-08-03 16:38:05,264:DEBUG:in-event <InotifyEvent: src_path=b'/home/rabbia/To-DoList/test.log', wd=1, mask=IN_MODIFY, cookie=0, name=test.log>
2021-08-03 16:38:05,264:DEBUG:in-event <InotifyEvent: src_path=b'/home/rabbia/To-DoList/test.log', wd=1, mask=IN_MODIFY, cookie=0, name=test.log>
2021-08-03 16:38:05,264:DEBUG:in-event <InotifyEvent: src_path=b'/home/rabbia/To-DoList/test.log', wd=1, mask=IN_MODIFY, cookie=0, name=test.log>
2021-08-03 16:38:05,264:DEBUG:in-event <InotifyEvent: src_path=b'/home/rabbia/To-DoList/test.log', wd=1, mask=IN_MODIFY, cookie=0, name=test.log>
2021-08-03 16:38:05,265:DEBUG:in-event <InotifyEvent: src_path=b'/home/rabbia/To-DoList/test.log', wd=1, mask=IN_MODIFY, cookie=0, name=test.log>
2021-08-03 16:38:05,265:DEBUG:in-event <InotifyEvent: src_path=b'/home/rabbia/To-DoList/test.log', wd=1, mask=IN_MODIFY, cookie=0, name=test.log>
2021-08-03 16:38:05,265:DEBUG:in-event <InotifyEvent: src_path=b'/home/rabbia/To-DoList/test.log', wd=1, mask=IN_MODIFY, cookie=0, name=test.log>
2021-08-03 16:38:05,265:DEBUG:in-event <InotifyEvent: src_path=b'/home/rabbia/To-DoList/test.log', wd=1, mask=IN_MODIFY, cookie=0, name=test.log>
2021-08-03 16:38:05,266:DEBUG:in-event <InotifyEvent: src_path=b'/home/rabbia/To-DoList/test.log', wd=1, mask=IN_MODIFY, cookie=0, name=test.log>
2021-08-03 16:38:05,266:DEBUG:in-event <InotifyEvent: src_path=b'/home/rabbia/To-DoList/test.log', wd=1, mask=IN_MODIFY, cookie=0, name=test.log>
2021-08-03 16:38:05,266:DEBUG:in-event <InotifyEvent: src_path=b'/home/rabbia/To-DoList/test.log', wd=1, mask=IN_MODIFY, cookie=0, name=test.log>
2021-08-03 16:38:05,266:DEBUG:in-event <InotifyEvent: src_path=b'/home/rabbia/To-DoList/test.log', wd=1, mask=IN_MODIFY, cookie=0, name=test.log>
2021-08-03 16:38:05,266:DEBUG:in-event <InotifyEvent: src_path=b'/home/rabbia/To-DoList/test.log', wd=1, mask=IN_MODIFY, cookie=0, name=test.log>
2021-08-03 16:38:05,267:DEBUG:in-event <InotifyEvent: src_path=b'/home/rabbia/To-DoList/test.log', wd=1, mask=IN_MODIFY, cookie=0, name=test.log>
2021-08-03 16:38:05,267:DEBUG:in-event <InotifyEvent: src_path=b'/home/rabbia/To-DoList/test.log', wd=1, mask=IN_MODIFY, cookie=0, name=test.log>
2021-08-03 16:38:05,267:DEBUG:in-event <InotifyEvent: src_path=b'/home/rabbia/To-DoList/test.log', wd=1, mask=IN_MODIFY, cookie=0, name=test.log>
2021-08-03 16:38:05,267:DEBUG:in-event <InotifyEvent: src_path=b'/home/rabbia/To-DoList/test.log', wd=1, mask=IN_MODIFY, cookie=0, name=test.log>
2021-08-03 16:38:05,267:DEBUG:in-event <InotifyEvent: src_path=b'/home/rabbia/To-DoList/test.log', wd=1, mask=IN_MODIFY, cookie=0, name=test.log>
2021-08-03 16:38:05,268:DEBUG:in-event <InotifyEvent: src_path=b'/home/rabbia/To-DoList/test.log', wd=1, mask=IN_MODIFY, cookie=0, name=test.log>
2021-08-03 16:38:05,268:DEBUG:in-event <InotifyEvent: src_path=b'/home/rabbia/To-DoList/test.log', wd=1, mask=IN_MODIFY, cookie=0, name=test.log>
2021-08-03 16:38:05,268:DEBUG:in-event <InotifyEvent: src_path=b'/home/rabbia/To-DoList/test.log', wd=1, mask=IN_MODIFY, cookie=0, name=test.log>
2021-08-03 16:38:05,268:DEBUG:in-event <InotifyEvent: src_path=b'/home/rabbia/To-DoList/test.log', wd=1, mask=IN_MODIFY, cookie=0, name=test.log>
2021-08-03 16:38:05,269:DEBUG:in-event <InotifyEvent: src_path=b'/home/rabbia/To-DoList/test.log', wd=1, mask=IN_MODIFY, cookie=0, name=test.log>
2021-08-03 16:38:05,269:DEBUG:in-event <InotifyEvent: src_path=b'/home/rabbia/To-DoList/test.log', wd=1, mask=IN_MODIFY, cookie=0, name=test.log>
2021-08-03 16:38:05,269:DEBUG:in-event <InotifyEvent: src_path=b'/home/rabbia/To-DoList/test.log', wd=1, mask=IN_MODIFY, cookie=0, name=test.log>
2021-08-03 16:38:05,269:DEBUG:in-event <InotifyEvent: src_path=b'/home/rabbia/To-DoList/test.log', wd=1, mask=IN_MODIFY, cookie=0, name=test.log>
2021-08-03 16:38:05,270:DEBUG:in-event <InotifyEvent: src_path=b'/home/rabbia/To-DoList/test.log', wd=1, mask=IN_MODIFY, cookie=0, name=test.log>
2021-08-03 16:38:05,270:DEBUG:in-event <InotifyEvent: src_path=b'/home/rabbia/To-DoList/test.log', wd=1, mask=IN_MODIFY, cookie=0, name=test.log>
2021-08-03 16:38:05,270:DEBUG:in-event <InotifyEvent: src_path=b'/home/rabbia/To-DoList/test.log', wd=1, mask=IN_MODIFY, cookie=0, name=test.log>
2021-08-03 16:38:05,270:DEBUG:in-event <InotifyEvent: src_path=b'/home/rabbia/To-DoList/test.log', wd=1, mask=IN_MODIFY, cookie=0, name=test.log>
2021-08-03 16:38:05,270:DEBUG:in-event <InotifyEvent: src_path=b'/home/rabbia/To-DoList/test.log', wd=1, mask=IN_MODIFY, cookie=0, name=test.log>
2021-08-03 16:38:05,271:DEBUG:in-event <InotifyEvent: src_path=b'/home/rabbia/To-DoList/test.log', wd=1, mask=IN_MODIFY, cookie=0, name=test.log>
2021-08-03 16:38:05,271:DEBUG:in-event <InotifyEvent: src_path=b'/home/rabbia/To-DoList/test.log', wd=1, mask=IN_MODIFY, cookie=0, name=test.log>
2021-08-03 16:38:05,271:DEBUG:in-event <InotifyEvent: src_path=b'/home/rabbia/To-DoList/test.log', wd=1, mask=IN_MODIFY, cookie=0, name=test.log>
2021-08-03 16:38:05,271:DEBUG:in-event <InotifyEvent: src_path=b'/home/rabbia/To-DoList/test.log', wd=1, mask=IN_MODIFY, cookie=0, name=test.log>
2021-08-03 16:38:05,271:DEBUG:in-event <InotifyEvent: src_path=b'/home/rabbia/To-DoList/test.log', wd=1, mask=IN_MODIFY, cookie=0, name=test.log>
2021-08-03 16:38:05,272:DEBUG:in-event <InotifyEvent: src_path=b'/home/rabbia/To-DoList/test.log', wd=1, mask=IN_MODIFY, cookie=0, name=test.log>
2021-08-03 16:38:05,272:DEBUG:in-event <InotifyEvent: src_path=b'/home/rabbia/To-DoList/test.log', wd=1, mask=IN_MODIFY, cookie=0, name=test.log>
2021-08-03 16:38:05,272:DEBUG:in-event <InotifyEvent: src_path=b'/home/rabbia/To-DoList/test.log', wd=1, mask=IN_MODIFY, cookie=0, name=test.log>
2021-08-03 16:38:05,272:DEBUG:in-event <InotifyEvent: src_path=b'/home/rabbia/To-DoList/test.log', wd=1, mask=IN_MODIFY, cookie=0, name=test.log>
2021-08-03 16:38:05,272:DEBUG:in-event <InotifyEvent: src_path=b'/home/rabbia/To-DoList/test.log', wd=1, mask=IN_MODIFY, cookie=0, name=test.log>
2021-08-03 16:38:05,272:DEBUG:in-event <InotifyEvent: src_path=b'/home/rabbia/To-DoList/test.log', wd=1, mask=IN_MODIFY, cookie=0, name=test.log>
2021-08-03 16:38:05,273:DEBUG:in-event <InotifyEvent: src_path=b'/home/rabbia/To-DoList/test.log', wd=1, mask=IN_MODIFY, cookie=0, name=test.log>
2021-08-03 16:38:05,273:DEBUG:in-event <InotifyEvent: src_path=b'/home/rabbia/To-DoList/test.log', wd=1, mask=IN_MODIFY, cookie=0, name=test.log>
2021-08-03 16:38:05,273:DEBUG:in-event <InotifyEvent: src_path=b'/home/rabbia/To-DoList/test.log', wd=1, mask=IN_MODIFY, cookie=0, name=test.log>
2021-08-03 16:38:05,273:DEBUG:in-event <InotifyEvent: src_path=b'/home/rabbia/To-DoList/test.log', wd=1, mask=IN_MODIFY, cookie=0, name=test.log>
2021-08-03 16:38:05,273:DEBUG:in-event <InotifyEvent: src_path=b'/home/rabbia/To-DoList/test.log', wd=1, mask=IN_MODIFY, cookie=0, name=test.log>
2021-08-03 16:38:05,274:DEBUG:in-event <InotifyEvent: src_path=b'/home/rabbia/To-DoList/test.log', wd=1, mask=IN_MODIFY, cookie=0, name=test.log>
2021-08-03 16:38:05,274:DEBUG:in-event <InotifyEvent: src_path=b'/home/rabbia/To-DoList/test.log', wd=1, mask=IN_MODIFY, cookie=0, name=test.log>
2021-08-03 16:38:05,274:DEBUG:in-event <InotifyEvent: src_path=b'/home/rabbia/To-DoList/test.log', wd=1, mask=IN_MODIFY, cookie=0, name=test.log>
2021-08-03 16:38:05,274:DEBUG:in-event <InotifyEvent: src_path=b'/home/rabbia/To-DoList/test.log', wd=1, mask=IN_MODIFY, cookie=0, name=test.log>
2021-08-03 16:38:05,274:DEBUG:in-event <InotifyEvent: src_path=b'/home/rabbia/To-DoList/test.log', wd=1, mask=IN_MODIFY, cookie=0, name=test.log>
2021-08-03 16:38:05,275:DEBUG:in-event <InotifyEvent: src_path=b'/home/rabbia/To-DoList/test.log', wd=1, mask=IN_MODIFY, cookie=0, name=test.log>
2021-08-03 16:38:05,275:DEBUG:in-event <InotifyEvent: src_path=b'/home/rabbia/To-DoList/test.log', wd=1, mask=IN_MODIFY, cookie=0, name=test.log>
2021-08-03 16:38:05,275:DEBUG:in-event <InotifyEvent: src_path=b'/home/rabbia/To-DoList/test.log', wd=1, mask=IN_MODIFY, cookie=0, name=test.log>
2021-08-03 16:38:05,275:DEBUG:in-event <InotifyEvent: src_path=b'/home/rabbia/To-DoList/test.log', wd=1, mask=IN_MODIFY, cookie=0, name=test.log>
2021-08-03 16:38:05,275:DEBUG:in-event <InotifyEvent: src_path=b'/home/rabbia/To-DoList/test.log', wd=1, mask=IN_MODIFY, cookie=0, name=test.log>
2021-08-03 16:38:05,276:DEBUG:in-event <InotifyEvent: src_path=b'/home/rabbia/To-DoList/test.log', wd=1, mask=IN_MODIFY, cookie=0, name=test.log>
2021-08-03 16:38:05,276:DEBUG:in-event <InotifyEvent: src_path=b'/home/rabbia/To-DoList/test.log', wd=1, mask=IN_MODIFY, cookie=0, name=test.log>
2021-08-03 16:38:05,276:DEBUG:in-event <InotifyEvent: src_path=b'/home/rabbia/To-DoList/test.log', wd=1, mask=IN_MODIFY, cookie=0, name=test.log>
2021-08-03 16:38:05,277:DEBUG:in-event <InotifyEvent: src_path=b'/home/rabbia/To-DoList/test.log', wd=1, mask=IN_MODIFY, cookie=0, name=test.log>
2021-08-03 16:38:05,277:DEBUG:in-event <InotifyEvent: src_path=b'/home/rabbia/To-DoList/test.log', wd=1, mask=IN_MODIFY, cookie=0, name=test.log>
2021-08-03 16:38:05,277:DEBUG:in-event <InotifyEvent: src_path=b'/home/rabbia/To-DoList/test.log', wd=1, mask=IN_MODIFY, cookie=0, name=test.log>
2021-08-03 16:38:05,277:DEBUG:in-event <InotifyEvent: src_path=b'/home/rabbia/To-DoList/test.log', wd=1, mask=IN_MODIFY, cookie=0, name=test.log>
2021-08-03 16:38:05,277:DEBUG:in-event <InotifyEvent: src_path=b'/home/rabbia/To-DoList/test.log', wd=1, mask=IN_MODIFY, cookie=0, name=test.log>
2021-08-03 16:38:05,278:DEBUG:in-event <InotifyEvent: src_path=b'/home/rabbia/To-DoList/test.log', wd=1, mask=IN_MODIFY, cookie=0, name=test.log>
2021-08-03 16:38:05,278:DEBUG:in-event <InotifyEvent: src_path=b'/home/rabbia/To-DoList/test.log', wd=1, mask=IN_MODIFY, cookie=0, name=test.log>
2021-08-03 16:38:05,278:DEBUG:in-event <InotifyEvent: src_path=b'/home/rabbia/To-DoList/test.log', wd=1, mask=IN_MODIFY, cookie=0, name=test.log>
2021-08-03 16:38:05,278:DEBUG:in-event <InotifyEvent: src_path=b'/home/rabbia/To-DoList/test.log', wd=1, mask=IN_MODIFY, cookie=0, name=test.log>
2021-08-03 16:38:05,278:DEBUG:in-event <InotifyEvent: src_path=b'/home/rabbia/To-DoList/test.log', wd=1, mask=IN_MODIFY, cookie=0, name=test.log>
2021-08-03 16:38:05,278:DEBUG:in-event <InotifyEvent: src_path=b'/home/rabbia/To-DoList/test.log', wd=1, mask=IN_MODIFY, cookie=0, name=test.log>
2021-08-03 16:38:05,279:DEBUG:in-event <InotifyEvent: src_path=b'/home/rabbia/To-DoList/test.log', wd=1, mask=IN_MODIFY, cookie=0, name=test.log>
2021-08-03 16:38:05,279:DEBUG:in-event <InotifyEvent: src_path=b'/home/rabbia/To-DoList/test.log', wd=1, mask=IN_MODIFY, cookie=0, name=test.log>
2021-08-03 16:38:05,279:DEBUG:in-event <InotifyEvent: src_path=b'/home/rabbia/To-DoList/test.log', wd=1, mask=IN_MODIFY, cookie=0, name=test.log>
2021-08-03 16:38:05,279:DEBUG:in-event <InotifyEvent: src_path=b'/home/rabbia/To-DoList/test.log', wd=1, mask=IN_MODIFY, cookie=0, name=test.log>
2021-08-03 16:38:05,279:DEBUG:in-event <InotifyEvent: src_path=b'/home/rabbia/To-DoList/test.log', wd=1, mask=IN_MODIFY, cookie=0, name=test.log>
2021-08-03 16:38:05,280:DEBUG:in-event <InotifyEvent: src_path=b'/home/rabbia/To-DoList/test.log', wd=1, mask=IN_MODIFY, cookie=0, name=test.log>
2021-08-03 16:38:05,280:DEBUG:in-event <InotifyEvent: src_path=b'/home/rabbia/To-DoList/test.log', wd=1, mask=IN_MODIFY, cookie=0, name=test.log>
2021-08-03 16:38:05,280:DEBUG:in-event <InotifyEvent: src_path=b'/home/rabbia/To-DoList/test.log', wd=1, mask=IN_MODIFY, cookie=0, name=test.log>
2021-08-03 16:38:05,280:DEBUG:in-event <InotifyEvent: src_path=b'/home/rabbia/To-DoList/test.log', wd=1, mask=IN_MODIFY, cookie=0, name=test.log>
2021-08-03 16:38:05,280:DEBUG:in-event <InotifyEvent: src_path=b'/home/rabbia/To-DoList/test.log', wd=1, mask=IN_MODIFY, cookie=0, name=test.log>
2021-08-03 16:38:05,280:DEBUG:in-event <InotifyEvent: src_path=b'/home/rabbia/To-DoList/test.log', wd=1, mask=IN_MODIFY, cookie=0, name=test.log>
2021-08-03 16:38:05,280:DEBUG:in-event <InotifyEvent: src_path=b'/home/rabbia/To-DoList/test.log', wd=1, mask=IN_MODIFY, cookie=0, name=test.log>
2021-08-03 16:38:05,281:DEBUG:in-event <InotifyEvent: src_path=b'/home/rabbia/To-DoList/test.log', wd=1, mask=IN_MODIFY, cookie=0, name=test.log>
2021-08-03 16:38:05,281:DEBUG:in-event <InotifyEvent: src_path=b'/home/rabbia/To-DoList/test.log', wd=1, mask=IN_MODIFY, cookie=0, name=test.log>
2021-08-03 16:38:05,281:DEBUG:in-event <InotifyEvent: src_path=b'/home/rabbia/To-DoList/test.log', wd=1, mask=IN_MODIFY, cookie=0, name=test.log>
2021-08-03 16:38:05,281:DEBUG:in-event <InotifyEvent: src_path=b'/home/rabbia/To-DoList/test.log', wd=1, mask=IN_MODIFY, cookie=0, name=test.log>
2021-08-03 16:38:05,281:DEBUG:in-event <InotifyEvent: src_path=b'/home/rabbia/To-DoList/test.log', wd=1, mask=IN_MODIFY, cookie=0, name=test.log>
2021-08-03 16:38:05,281:DEBUG:in-event <InotifyEvent: src_path=b'/home/rabbia/To-DoList/test.log', wd=1, mask=IN_MODIFY, cookie=0, name=test.log>
2021-08-03 16:38:05,281:DEBUG:in-event <InotifyEvent: src_path=b'/home/rabbia/To-DoList/test.log', wd=1, mask=IN_MODIFY, cookie=0, name=test.log>
2021-08-03 16:38:05,281:DEBUG:in-event <InotifyEvent: src_path=b'/home/rabbia/To-DoList/test.log', wd=1, mask=IN_MODIFY, cookie=0, name=test.log>
2021-08-03 16:38:05,282:DEBUG:in-event <InotifyEvent: src_path=b'/home/rabbia/To-DoList/test.log', wd=1, mask=IN_MODIFY, cookie=0, name=test.log>
2021-08-03 16:38:05,282:DEBUG:in-event <InotifyEvent: src_path=b'/home/rabbia/To-DoList/test.log', wd=1, mask=IN_MODIFY, cookie=0, name=test.log>
2021-08-03 16:38:05,282:DEBUG:in-event <InotifyEvent: src_path=b'/home/rabbia/To-DoList/test.log', wd=1, mask=IN_MODIFY, cookie=0, name=test.log>
2021-08-03 16:38:05,282:DEBUG:in-event <InotifyEvent: src_path=b'/home/rabbia/To-DoList/test.log', wd=1, mask=IN_MODIFY, cookie=0, name=test.log>
2021-08-03 16:38:05,282:DEBUG:in-event <InotifyEvent: src_path=b'/home/rabbia/To-DoList/test.log', wd=1, mask=IN_MODIFY, cookie=0, name=test.log>
2021-08-03 16:38:05,282:DEBUG:in-event <InotifyEvent: src_path=b'/home/rabbia/To-DoList/test.log', wd=1, mask=IN_MODIFY, cookie=0, name=test.log>
2021-08-03 16:38:05,282:DEBUG:in-event <InotifyEvent: src_path=b'/home/rabbia/To-DoList/test.log', wd=1, mask=IN_MODIFY, cookie=0, name=test.log>
2021-08-03 16:38:05,282:DEBUG:in-event <InotifyEvent: src_path=b'/home/rabbia/To-DoList/test.log', wd=1, mask=IN_MODIFY, cookie=0, name=test.log>
2021-08-03 16:38:05,283:DEBUG:in-event <InotifyEvent: src_path=b'/home/rabbia/To-DoList/test.log', wd=1, mask=IN_MODIFY, cookie=0, name=test.log>
2021-08-03 16:38:05,283:DEBUG:in-event <InotifyEvent: src_path=b'/home/rabbia/To-DoList/test.log', wd=1, mask=IN_MODIFY, cookie=0, name=test.log>
2021-08-03 16:38:05,283:DEBUG:in-event <InotifyEvent: src_path=b'/home/rabbia/To-DoList/test.log', wd=1, mask=IN_MODIFY, cookie=0, name=test.log>
2021-08-03 16:38:05,283:DEBUG:in-event <InotifyEvent: src_path=b'/home/rabbia/To-DoList/test.log', wd=1, mask=IN_MODIFY, cookie=0, name=test.log>
2021-08-03 16:38:05,283:DEBUG:in-event <InotifyEvent: src_path=b'/home/rabbia/To-DoList/test.log', wd=1, mask=IN_MODIFY, cookie=0, name=test.log>
2021-08-03 16:38:05,284:DEBUG:in-event <InotifyEvent: src_path=b'/home/rabbia/To-DoList/test.log', wd=1, mask=IN_MODIFY, cookie=0, name=test.log>
2021-08-03 16:38:05,284:DEBUG:in-event <InotifyEvent: src_path=b'/home/rabbia/To-DoList/test.log', wd=1, mask=IN_MODIFY, cookie=0, name=test.log>
2021-08-03 16:38:05,284:DEBUG:in-event <InotifyEvent: src_path=b'/home/rabbia/To-DoList/test.log', wd=1, mask=IN_MODIFY, cookie=0, name=test.log>
2021-08-03 16:38:05,284:DEBUG:in-event <InotifyEvent: src_path=b'/home/rabbia/To-DoList/test.log', wd=1, mask=IN_MODIFY, cookie=0, name=test.log>
2021-08-03 16:38:05,285:DEBUG:in-event <InotifyEvent: src_path=b'/home/rabbia/To-DoList/test.log', wd=1, mask=IN_MODIFY, cookie=0, name=test.log>
2021-08-03 16:38:05,285:DEBUG:in-event <InotifyEvent: src_path=b'/home/rabbia/To-DoList/test.log', wd=1, mask=IN_MODIFY, cookie=0, name=test.log>
2021-08-03 16:38:05,285:DEBUG:in-event <InotifyEvent: src_path=b'/home/rabbia/To-DoList/test.log', wd=1, mask=IN_MODIFY, cookie=0, name=test.log>
2021-08-03 16:38:05,286:DEBUG:in-event <InotifyEvent: src_path=b'/home/rabbia/To-DoList/test.log', wd=1, mask=IN_MODIFY, cookie=0, name=test.log>
2021-08-03 16:38:05,286:DEBUG:in-event <InotifyEvent: src_path=b'/home/rabbia/To-DoList/test.log', wd=1, mask=IN_MODIFY, cookie=0, name=test.log>
2021-08-03 16:38:05,286:DEBUG:in-event <InotifyEvent: src_path=b'/home/rabbia/To-DoList/test.log', wd=1, mask=IN_MODIFY, cookie=0, name=test.log>
2021-08-03 16:38:05,287:DEBUG:in-event <InotifyEvent: src_path=b'/home/rabbia/To-DoList/test.log', wd=1, mask=IN_MODIFY, cookie=0, name=test.log>
2021-08-03 16:38:05,287:DEBUG:in-event <InotifyEvent: src_path=b'/home/rabbia/To-DoList/test.log', wd=1, mask=IN_MODIFY, cookie=0, name=test.log>
2021-08-03 16:38:05,287:DEBUG:in-event <InotifyEvent: src_path=b'/home/rabbia/To-DoList/test.log', wd=1, mask=IN_MODIFY, cookie=0, name=test.log>
2021-08-03 16:38:05,288:DEBUG:in-event <InotifyEvent: src_path=b'/home/rabbia/To-DoList/test.log', wd=1, mask=IN_MODIFY, cookie=0, name=test.log>
2021-08-03 16:38:05,288:DEBUG:in-event <InotifyEvent: src_path=b'/home/rabbia/To-DoList/test.log', wd=1, mask=IN_MODIFY, cookie=0, name=test.log>
2021-08-03 16:38:05,288:DEBUG:in-event <InotifyEvent: src_path=b'/home/rabbia/To-DoList/test.log', wd=1, mask=IN_MODIFY, cookie=0, name=test.log>
2021-08-03 16:38:05,289:DEBUG:in-event <InotifyEvent: src_path=b'/home/rabbia/To-DoList/test.log', wd=1, mask=IN_MODIFY, cookie=0, name=test.log>
2021-08-03 16:38:05,289:DEBUG:in-event <InotifyEvent: src_path=b'/home/rabbia/To-DoList/test.log', wd=1, mask=IN_MODIFY, cookie=0, name=test.log>
2021-08-03 16:38:05,289:DEBUG:in-event <InotifyEvent: src_path=b'/home/rabbia/To-DoList/test.log', wd=1, mask=IN_MODIFY, cookie=0, name=test.log>
2021-08-03 16:38:05,289:DEBUG:in-event <InotifyEvent: src_path=b'/home/rabbia/To-DoList/test.log', wd=1, mask=IN_MODIFY, cookie=0, name=test.log>
2021-08-03 16:38:05,290:DEBUG:in-event <InotifyEvent: src_path=b'/home/rabbia/To-DoList/test.log', wd=1, mask=IN_MODIFY, cookie=0, name=test.log>
2021-08-03 16:38:05,290:DEBUG:in-event <InotifyEvent: src_path=b'/home/rabbia/To-DoList/test.log', wd=1, mask=IN_MODIFY, cookie=0, name=test.log>
2021-08-03 16:38:05,290:DEBUG:in-event <InotifyEvent: src_path=b'/home/rabbia/To-DoList/test.log', wd=1, mask=IN_MODIFY, cookie=0, name=test.log>
2021-08-03 16:38:05,298:DEBUG:in-event <InotifyEvent: src_path=b'/home/rabbia/To-DoList/test.log', wd=1, mask=IN_MODIFY, cookie=0, name=test.log>
2021-08-03 16:38:05,298:DEBUG:in-event <InotifyEvent: src_path=b'/home/rabbia/To-DoList/test.log', wd=1, mask=IN_MODIFY, cookie=0, name=test.log>
2021-08-03 16:38:05,298:DEBUG:in-event <InotifyEvent: src_path=b'/home/rabbia/To-DoList/test.log', wd=1, mask=IN_MODIFY, cookie=0, name=test.log>
2021-08-03 16:38:05,299:DEBUG:in-event <InotifyEvent: src_path=b'/home/rabbia/To-DoList/test.log', wd=1, mask=IN_MODIFY, cookie=0, name=test.log>
2021-08-03 16:38:05,299:DEBUG:in-event <InotifyEvent: src_path=b'/home/rabbia/To-DoList/test.log', wd=1, mask=IN_MODIFY, cookie=0, name=test.log>
2021-08-03 16:38:05,299:DEBUG:in-event <InotifyEvent: src_path=b'/home/rabbia/To-DoList/test.log', wd=1, mask=IN_MODIFY, cookie=0, name=test.log>
2021-08-03 16:38:05,300:DEBUG:in-event <InotifyEvent: src_path=b'/home/rabbia/To-DoList/test.log', wd=1, mask=IN_MODIFY, cookie=0, name=test.log>
2021-08-03 16:38:05,300:DEBUG:in-event <InotifyEvent: src_path=b'/home/rabbia/To-DoList/test.log', wd=1, mask=IN_MODIFY, cookie=0, name=test.log>
2021-08-03 16:38:05,300:DEBUG:in-event <InotifyEvent: src_path=b'/home/rabbia/To-DoList/test.log', wd=1, mask=IN_MODIFY, cookie=0, name=test.log>
2021-08-03 16:38:05,301:DEBUG:in-event <InotifyEvent: src_path=b'/home/rabbia/To-DoList/test.log', wd=1, mask=IN_MODIFY, cookie=0, name=test.log>
2021-08-03 16:38:05,301:DEBUG:in-event <InotifyEvent: src_path=b'/home/rabbia/To-DoList/test.log', wd=1, mask=IN_MODIFY, cookie=0, name=test.log>
2021-08-03 16:38:05,301:DEBUG:in-event <InotifyEvent: src_path=b'/home/rabbia/To-DoList/test.log', wd=1, mask=IN_MODIFY, cookie=0, name=test.log>
2021-08-03 16:38:05,301:DEBUG:in-event <InotifyEvent: src_path=b'/home/rabbia/To-DoList/test.log', wd=1, mask=IN_MODIFY, cookie=0, name=test.log>
2021-08-03 16:38:05,302:DEBUG:in-event <InotifyEvent: src_path=b'/home/rabbia/To-DoList/test.log', wd=1, mask=IN_MODIFY, cookie=0, name=test.log>
2021-08-03 16:38:05,302:DEBUG:in-event <InotifyEvent: src_path=b'/home/rabbia/To-DoList/test.log', wd=1, mask=IN_MODIFY, cookie=0, name=test.log>
2021-08-03 16:38:05,302:DEBUG:in-event <InotifyEvent: src_path=b'/home/rabbia/To-DoList/test.log', wd=1, mask=IN_MODIFY, cookie=0, name=test.log>
2021-08-03 16:38:05,303:DEBUG:in-event <InotifyEvent: src_path=b'/home/rabbia/To-DoList/test.log', wd=1, mask=IN_MODIFY, cookie=0, name=test.log>
2021-08-03 16:38:05,303:DEBUG:in-event <InotifyEvent: src_path=b'/home/rabbia/To-DoList/test.log', wd=1, mask=IN_MODIFY, cookie=0, name=test.log>
2021-08-03 16:38:05,303:DEBUG:in-event <InotifyEvent: src_path=b'/home/rabbia/To-DoList/test.log', wd=1, mask=IN_MODIFY, cookie=0, name=test.log>
2021-08-03 16:38:05,303:DEBUG:in-event <InotifyEvent: src_path=b'/home/rabbia/To-DoList/test.log', wd=1, mask=IN_MODIFY, cookie=0, name=test.log>
2021-08-03 16:38:05,304:DEBUG:in-event <InotifyEvent: src_path=b'/home/rabbia/To-DoList/test.log', wd=1, mask=IN_MODIFY, cookie=0, name=test.log>
2021-08-03 16:38:05,304:DEBUG:in-event <InotifyEvent: src_path=b'/home/rabbia/To-DoList/test.log', wd=1, mask=IN_MODIFY, cookie=0, name=test.log>
2021-08-03 16:38:05,304:DEBUG:in-event <InotifyEvent: src_path=b'/home/rabbia/To-DoList/test.log', wd=1, mask=IN_MODIFY, cookie=0, name=test.log>
2021-08-03 16:38:05,304:DEBUG:in-event <InotifyEvent: src_path=b'/home/rabbia/To-DoList/test.log', wd=1, mask=IN_MODIFY, cookie=0, name=test.log>
2021-08-03 16:38:05,305:DEBUG:in-event <InotifyEvent: src_path=b'/home/rabbia/To-DoList/test.log', wd=1, mask=IN_MODIFY, cookie=0, name=test.log>
2021-08-03 16:38:05,305:DEBUG:in-event <InotifyEvent: src_path=b'/home/rabbia/To-DoList/test.log', wd=1, mask=IN_MODIFY, cookie=0, name=test.log>
2021-08-03 16:38:05,305:DEBUG:in-event <InotifyEvent: src_path=b'/home/rabbia/To-DoList/test.log', wd=1, mask=IN_MODIFY, cookie=0, name=test.log>
2021-08-03 16:38:05,306:DEBUG:in-event <InotifyEvent: src_path=b'/home/rabbia/To-DoList/test.log', wd=1, mask=IN_MODIFY, cookie=0, name=test.log>
2021-08-03 16:38:05,306:DEBUG:in-event <InotifyEvent: src_path=b'/home/rabbia/To-DoList/test.log', wd=1, mask=IN_MODIFY, cookie=0, name=test.log>
2021-08-03 16:38:05,306:DEBUG:in-event <InotifyEvent: src_path=b'/home/rabbia/To-DoList/test.log', wd=1, mask=IN_MODIFY, cookie=0, name=test.log>
2021-08-03 16:38:05,307:DEBUG:in-event <InotifyEvent: src_path=b'/home/rabbia/To-DoList/test.log', wd=1, mask=IN_MODIFY, cookie=0, name=test.log>
2021-08-03 16:38:05,307:DEBUG:in-event <InotifyEvent: src_path=b'/home/rabbia/To-DoList/test.log', wd=1, mask=IN_MODIFY, cookie=0, name=test.log>
2021-08-03 16:38:05,307:DEBUG:in-event <InotifyEvent: src_path=b'/home/rabbia/To-DoList/test.log', wd=1, mask=IN_MODIFY, cookie=0, name=test.log>
2021-08-03 16:38:05,307:DEBUG:in-event <InotifyEvent: src_path=b'/home/rabbia/To-DoList/test.log', wd=1, mask=IN_MODIFY, cookie=0, name=test.log>
2021-08-03 16:38:05,307:DEBUG:in-event <InotifyEvent: src_path=b'/home/rabbia/To-DoList/test.log', wd=1, mask=IN_MODIFY, cookie=0, name=test.log>
2021-08-03 16:38:05,308:DEBUG:in-event <InotifyEvent: src_path=b'/home/rabbia/To-DoList/test.log', wd=1, mask=IN_MODIFY, cookie=0, name=test.log>
2021-08-03 16:38:05,308:DEBUG:in-event <InotifyEvent: src_path=b'/home/rabbia/To-DoList/test.log', wd=1, mask=IN_MODIFY, cookie=0, name=test.log>
2021-08-03 16:38:05,308:DEBUG:in-event <InotifyEvent: src_path=b'/home/rabbia/To-DoList/test.log', wd=1, mask=IN_MODIFY, cookie=0, name=test.log>
2021-08-03 16:38:05,308:DEBUG:in-event <InotifyEvent: src_path=b'/home/rabbia/To-DoList/test.log', wd=1, mask=IN_MODIFY, cookie=0, name=test.log>
2021-08-03 16:38:05,309:DEBUG:in-event <InotifyEvent: src_path=b'/home/rabbia/To-DoList/test.log', wd=1, mask=IN_MODIFY, cookie=0, name=test.log>
2021-08-03 16:38:05,309:DEBUG:in-event <InotifyEvent: src_path=b'/home/rabbia/To-DoList/test.log', wd=1, mask=IN_MODIFY, cookie=0, name=test.log>
2021-08-03 16:38:05,309:DEBUG:in-event <InotifyEvent: src_path=b'/home/rabbia/To-DoList/test.log', wd=1, mask=IN_MODIFY, cookie=0, name=test.log>
2021-08-03 16:38:05,309:DEBUG:in-event <InotifyEvent: src_path=b'/home/rabbia/To-DoList/test.log', wd=1, mask=IN_MODIFY, cookie=0, name=test.log>
2021-08-03 16:38:05,309:DEBUG:in-event <InotifyEvent: src_path=b'/home/rabbia/To-DoList/test.log', wd=1, mask=IN_MODIFY, cookie=0, name=test.log>
2021-08-03 16:38:05,310:DEBUG:in-event <InotifyEvent: src_path=b'/home/rabbia/To-DoList/test.log', wd=1, mask=IN_MODIFY, cookie=0, name=test.log>
2021-08-03 16:38:05,310:DEBUG:in-event <InotifyEvent: src_path=b'/home/rabbia/To-DoList/test.log', wd=1, mask=IN_MODIFY, cookie=0, name=test.log>
2021-08-03 16:38:05,310:DEBUG:in-event <InotifyEvent: src_path=b'/home/rabbia/To-DoList/test.log', wd=1, mask=IN_MODIFY, cookie=0, name=test.log>
2021-08-03 16:38:05,310:DEBUG:in-event <InotifyEvent: src_path=b'/home/rabbia/To-DoList/test.log', wd=1, mask=IN_MODIFY, cookie=0, name=test.log>
2021-08-03 16:38:05,311:DEBUG:in-event <InotifyEvent: src_path=b'/home/rabbia/To-DoList/test.log', wd=1, mask=IN_MODIFY, cookie=0, name=test.log>
2021-08-03 16:38:05,311:DEBUG:in-event <InotifyEvent: src_path=b'/home/rabbia/To-DoList/test.log', wd=1, mask=IN_MODIFY, cookie=0, name=test.log>
2021-08-03 16:38:05,311:DEBUG:in-event <InotifyEvent: src_path=b'/home/rabbia/To-DoList/test.log', wd=1, mask=IN_MODIFY, cookie=0, name=test.log>
2021-08-03 16:38:05,311:DEBUG:in-event <InotifyEvent: src_path=b'/home/rabbia/To-DoList/test.log', wd=1, mask=IN_MODIFY, cookie=0, name=test.log>
2021-08-03 16:38:05,312:DEBUG:in-event <InotifyEvent: src_path=b'/home/rabbia/To-DoList/test.log', wd=1, mask=IN_MODIFY, cookie=0, name=test.log>
2021-08-03 16:38:05,312:DEBUG:in-event <InotifyEvent: src_path=b'/home/rabbia/To-DoList/test.log', wd=1, mask=IN_MODIFY, cookie=0, name=test.log>
2021-08-03 16:38:05,312:DEBUG:in-event <InotifyEvent: src_path=b'/home/rabbia/To-DoList/test.log', wd=1, mask=IN_MODIFY, cookie=0, name=test.log>
2021-08-03 16:38:05,313:DEBUG:in-event <InotifyEvent: src_path=b'/home/rabbia/To-DoList/test.log', wd=1, mask=IN_MODIFY, cookie=0, name=test.log>
2021-08-03 16:38:05,313:DEBUG:in-event <InotifyEvent: src_path=b'/home/rabbia/To-DoList/test.log', wd=1, mask=IN_MODIFY, cookie=0, name=test.log>
2021-08-03 16:38:05,313:DEBUG:in-event <InotifyEvent: src_path=b'/home/rabbia/To-DoList/test.log', wd=1, mask=IN_MODIFY, cookie=0, name=test.log>
2021-08-03 16:38:05,313:DEBUG:in-event <InotifyEvent: src_path=b'/home/rabbia/To-DoList/test.log', wd=1, mask=IN_MODIFY, cookie=0, name=test.log>
2021-08-03 16:38:05,314:DEBUG:in-event <InotifyEvent: src_path=b'/home/rabbia/To-DoList/test.log', wd=1, mask=IN_MODIFY, cookie=0, name=test.log>
2021-08-03 16:38:05,314:DEBUG:in-event <InotifyEvent: src_path=b'/home/rabbia/To-DoList/test.log', wd=1, mask=IN_MODIFY, cookie=0, name=test.log>
2021-08-03 16:38:05,314:DEBUG:in-event <InotifyEvent: src_path=b'/home/rabbia/To-DoList/test.log', wd=1, mask=IN_MODIFY, cookie=0, name=test.log>
2021-08-03 16:38:05,314:DEBUG:in-event <InotifyEvent: src_path=b'/home/rabbia/To-DoList/test.log', wd=1, mask=IN_MODIFY, cookie=0, name=test.log>
2021-08-03 16:38:05,314:DEBUG:in-event <InotifyEvent: src_path=b'/home/rabbia/To-DoList/test.log', wd=1, mask=IN_MODIFY, cookie=0, name=test.log>
2021-08-03 16:38:05,314:DEBUG:in-event <InotifyEvent: src_path=b'/home/rabbia/To-DoList/test.log', wd=1, mask=IN_MODIFY, cookie=0, name=test.log>
2021-08-03 16:38:05,314:DEBUG:in-event <InotifyEvent: src_path=b'/home/rabbia/To-DoList/test.log', wd=1, mask=IN_MODIFY, cookie=0, name=test.log>
2021-08-03 16:38:05,314:DEBUG:in-event <InotifyEvent: src_path=b'/home/rabbia/To-DoList/test.log', wd=1, mask=IN_MODIFY, cookie=0, name=test.log>
2021-08-03 16:38:05,315:DEBUG:in-event <InotifyEvent: src_path=b'/home/rabbia/To-DoList/test.log', wd=1, mask=IN_MODIFY, cookie=0, name=test.log>
2021-08-03 16:38:05,315:DEBUG:in-event <InotifyEvent: src_path=b'/home/rabbia/To-DoList/test.log', wd=1, mask=IN_MODIFY, cookie=0, name=test.log>
2021-08-03 16:38:05,315:DEBUG:in-event <InotifyEvent: src_path=b'/home/rabbia/To-DoList/test.log', wd=1, mask=IN_MODIFY, cookie=0, name=test.log>
2021-08-03 16:38:05,315:DEBUG:in-event <InotifyEvent: src_path=b'/home/rabbia/To-DoList/test.log', wd=1, mask=IN_MODIFY, cookie=0, name=test.log>
2021-08-03 16:38:05,315:DEBUG:in-event <InotifyEvent: src_path=b'/home/rabbia/To-DoList/test.log', wd=1, mask=IN_MODIFY, cookie=0, name=test.log>
2021-08-03 16:38:05,315:DEBUG:in-event <InotifyEvent: src_path=b'/home/rabbia/To-DoList/test.log', wd=1, mask=IN_MODIFY, cookie=0, name=test.log>
2021-08-03 16:38:05,315:DEBUG:in-event <InotifyEvent: src_path=b'/home/rabbia/To-DoList/test.log', wd=1, mask=IN_MODIFY, cookie=0, name=test.log>
2021-08-03 16:38:05,315:DEBUG:in-event <InotifyEvent: src_path=b'/home/rabbia/To-DoList/test.log', wd=1, mask=IN_MODIFY, cookie=0, name=test.log>
2021-08-03 16:38:05,315:DEBUG:in-event <InotifyEvent: src_path=b'/home/rabbia/To-DoList/test.log', wd=1, mask=IN_MODIFY, cookie=0, name=test.log>
2021-08-03 16:38:05,315:DEBUG:in-event <InotifyEvent: src_path=b'/home/rabbia/To-DoList/test.log', wd=1, mask=IN_MODIFY, cookie=0, name=test.log>
2021-08-03 16:38:05,315:DEBUG:in-event <InotifyEvent: src_path=b'/home/rabbia/To-DoList/test.log', wd=1, mask=IN_MODIFY, cookie=0, name=test.log>
2021-08-03 16:38:05,315:DEBUG:in-event <InotifyEvent: src_path=b'/home/rabbia/To-DoList/test.log', wd=1, mask=IN_MODIFY, cookie=0, name=test.log>
2021-08-03 16:38:05,316:DEBUG:in-event <InotifyEvent: src_path=b'/home/rabbia/To-DoList/test.log', wd=1, mask=IN_MODIFY, cookie=0, name=test.log>
2021-08-03 16:38:05,316:DEBUG:in-event <InotifyEvent: src_path=b'/home/rabbia/To-DoList/test.log', wd=1, mask=IN_MODIFY, cookie=0, name=test.log>
2021-08-03 16:38:05,316:DEBUG:in-event <InotifyEvent: src_path=b'/home/rabbia/To-DoList/test.log', wd=1, mask=IN_MODIFY, cookie=0, name=test.log>
2021-08-03 16:38:05,316:DEBUG:in-event <InotifyEvent: src_path=b'/home/rabbia/To-DoList/test.log', wd=1, mask=IN_MODIFY, cookie=0, name=test.log>
2021-08-03 16:38:05,316:DEBUG:in-event <InotifyEvent: src_path=b'/home/rabbia/To-DoList/test.log', wd=1, mask=IN_MODIFY, cookie=0, name=test.log>
2021-08-03 16:38:05,316:DEBUG:in-event <InotifyEvent: src_path=b'/home/rabbia/To-DoList/test.log', wd=1, mask=IN_MODIFY, cookie=0, name=test.log>
2021-08-03 16:38:05,316:DEBUG:in-event <InotifyEvent: src_path=b'/home/rabbia/To-DoList/test.log', wd=1, mask=IN_MODIFY, cookie=0, name=test.log>
2021-08-03 16:38:05,316:DEBUG:in-event <InotifyEvent: src_path=b'/home/rabbia/To-DoList/test.log', wd=1, mask=IN_MODIFY, cookie=0, name=test.log>
2021-08-03 16:38:05,316:DEBUG:in-event <InotifyEvent: src_path=b'/home/rabbia/To-DoList/test.log', wd=1, mask=IN_MODIFY, cookie=0, name=test.log>
2021-08-03 16:38:05,316:DEBUG:in-event <InotifyEvent: src_path=b'/home/rabbia/To-DoList/test.log', wd=1, mask=IN_MODIFY, cookie=0, name=test.log>
2021-08-03 16:38:05,316:DEBUG:in-event <InotifyEvent: src_path=b'/home/rabbia/To-DoList/test.log', wd=1, mask=IN_MODIFY, cookie=0, name=test.log>
2021-08-03 16:38:05,316:DEBUG:in-event <InotifyEvent: src_path=b'/home/rabbia/To-DoList/test.log', wd=1, mask=IN_MODIFY, cookie=0, name=test.log>
2021-08-03 16:38:05,316:DEBUG:in-event <InotifyEvent: src_path=b'/home/rabbia/To-DoList/test.log', wd=1, mask=IN_MODIFY, cookie=0, name=test.log>
2021-08-03 16:38:05,317:DEBUG:in-event <InotifyEvent: src_path=b'/home/rabbia/To-DoList/test.log', wd=1, mask=IN_MODIFY, cookie=0, name=test.log>
2021-08-03 16:38:05,317:DEBUG:in-event <InotifyEvent: src_path=b'/home/rabbia/To-DoList/test.log', wd=1, mask=IN_MODIFY, cookie=0, name=test.log>
2021-08-03 16:38:05,317:DEBUG:in-event <InotifyEvent: src_path=b'/home/rabbia/To-DoList/test.log', wd=1, mask=IN_MODIFY, cookie=0, name=test.log>
2021-08-03 16:38:05,317:DEBUG:in-event <InotifyEvent: src_path=b'/home/rabbia/To-DoList/test.log', wd=1, mask=IN_MODIFY, cookie=0, name=test.log>
2021-08-03 16:38:05,317:DEBUG:in-event <InotifyEvent: src_path=b'/home/rabbia/To-DoList/test.log', wd=1, mask=IN_MODIFY, cookie=0, name=test.log>
2021-08-03 16:38:05,317:DEBUG:in-event <InotifyEvent: src_path=b'/home/rabbia/To-DoList/test.log', wd=1, mask=IN_MODIFY, cookie=0, name=test.log>
2021-08-03 16:38:05,317:DEBUG:in-event <InotifyEvent: src_path=b'/home/rabbia/To-DoList/test.log', wd=1, mask=IN_MODIFY, cookie=0, name=test.log>
2021-08-03 16:38:05,317:DEBUG:in-event <InotifyEvent: src_path=b'/home/rabbia/To-DoList/test.log', wd=1, mask=IN_MODIFY, cookie=0, name=test.log>
2021-08-03 16:38:05,317:DEBUG:in-event <InotifyEvent: src_path=b'/home/rabbia/To-DoList/test.log', wd=1, mask=IN_MODIFY, cookie=0, name=test.log>
2021-08-03 16:38:05,317:DEBUG:in-event <InotifyEvent: src_path=b'/home/rabbia/To-DoList/test.log', wd=1, mask=IN_MODIFY, cookie=0, name=test.log>
2021-08-03 16:38:05,317:DEBUG:in-event <InotifyEvent: src_path=b'/home/rabbia/To-DoList/test.log', wd=1, mask=IN_MODIFY, cookie=0, name=test.log>
2021-08-03 16:38:05,322:DEBUG:in-event <InotifyEvent: src_path=b'/home/rabbia/To-DoList/test.log', wd=1, mask=IN_MODIFY, cookie=0, name=test.log>
2021-08-03 16:38:05,322:DEBUG:in-event <InotifyEvent: src_path=b'/home/rabbia/To-DoList/test.log', wd=1, mask=IN_MODIFY, cookie=0, name=test.log>
2021-08-03 16:38:05,322:DEBUG:in-event <InotifyEvent: src_path=b'/home/rabbia/To-DoList/test.log', wd=1, mask=IN_MODIFY, cookie=0, name=test.log>
2021-08-03 16:38:05,322:DEBUG:in-event <InotifyEvent: src_path=b'/home/rabbia/To-DoList/test.log', wd=1, mask=IN_MODIFY, cookie=0, name=test.log>
2021-08-03 16:38:05,322:DEBUG:in-event <InotifyEvent: src_path=b'/home/rabbia/To-DoList/test.log', wd=1, mask=IN_MODIFY, cookie=0, name=test.log>
2021-08-03 16:38:05,322:DEBUG:in-event <InotifyEvent: src_path=b'/home/rabbia/To-DoList/test.log', wd=1, mask=IN_MODIFY, cookie=0, name=test.log>
2021-08-03 16:38:05,323:DEBUG:in-event <InotifyEvent: src_path=b'/home/rabbia/To-DoList/test.log', wd=1, mask=IN_MODIFY, cookie=0, name=test.log>
2021-08-03 16:38:05,323:DEBUG:in-event <InotifyEvent: src_path=b'/home/rabbia/To-DoList/test.log', wd=1, mask=IN_MODIFY, cookie=0, name=test.log>
2021-08-03 16:38:05,323:DEBUG:in-event <InotifyEvent: src_path=b'/home/rabbia/To-DoList/test.log', wd=1, mask=IN_MODIFY, cookie=0, name=test.log>
2021-08-03 16:38:05,323:DEBUG:in-event <InotifyEvent: src_path=b'/home/rabbia/To-DoList/test.log', wd=1, mask=IN_MODIFY, cookie=0, name=test.log>
2021-08-03 16:38:05,323:DEBUG:in-event <InotifyEvent: src_path=b'/home/rabbia/To-DoList/test.log', wd=1, mask=IN_MODIFY, cookie=0, name=test.log>
2021-08-03 16:38:05,323:DEBUG:in-event <InotifyEvent: src_path=b'/home/rabbia/To-DoList/test.log', wd=1, mask=IN_MODIFY, cookie=0, name=test.log>
2021-08-03 16:38:05,324:DEBUG:in-event <InotifyEvent: src_path=b'/home/rabbia/To-DoList/test.log', wd=1, mask=IN_MODIFY, cookie=0, name=test.log>
2021-08-03 16:38:05,324:DEBUG:in-event <InotifyEvent: src_path=b'/home/rabbia/To-DoList/test.log', wd=1, mask=IN_MODIFY, cookie=0, name=test.log>
2021-08-03 16:38:05,324:DEBUG:in-event <InotifyEvent: src_path=b'/home/rabbia/To-DoList/test.log', wd=1, mask=IN_MODIFY, cookie=0, name=test.log>
2021-08-03 16:38:05,324:DEBUG:in-event <InotifyEvent: src_path=b'/home/rabbia/To-DoList/test.log', wd=1, mask=IN_MODIFY, cookie=0, name=test.log>
2021-08-03 16:38:05,325:DEBUG:in-event <InotifyEvent: src_path=b'/home/rabbia/To-DoList/test.log', wd=1, mask=IN_MODIFY, cookie=0, name=test.log>
2021-08-03 16:38:05,325:DEBUG:in-event <InotifyEvent: src_path=b'/home/rabbia/To-DoList/test.log', wd=1, mask=IN_MODIFY, cookie=0, name=test.log>
2021-08-03 16:38:05,325:DEBUG:in-event <InotifyEvent: src_path=b'/home/rabbia/To-DoList/test.log', wd=1, mask=IN_MODIFY, cookie=0, name=test.log>
2021-08-03 16:38:05,325:DEBUG:in-event <InotifyEvent: src_path=b'/home/rabbia/To-DoList/test.log', wd=1, mask=IN_MODIFY, cookie=0, name=test.log>
2021-08-03 16:38:05,325:DEBUG:in-event <InotifyEvent: src_path=b'/home/rabbia/To-DoList/test.log', wd=1, mask=IN_MODIFY, cookie=0, name=test.log>
2021-08-03 16:38:05,326:DEBUG:in-event <InotifyEvent: src_path=b'/home/rabbia/To-DoList/test.log', wd=1, mask=IN_MODIFY, cookie=0, name=test.log>
2021-08-03 16:38:05,326:DEBUG:in-event <InotifyEvent: src_path=b'/home/rabbia/To-DoList/test.log', wd=1, mask=IN_MODIFY, cookie=0, name=test.log>
2021-08-03 16:38:05,326:DEBUG:in-event <InotifyEvent: src_path=b'/home/rabbia/To-DoList/test.log', wd=1, mask=IN_MODIFY, cookie=0, name=test.log>
2021-08-03 16:38:05,326:DEBUG:in-event <InotifyEvent: src_path=b'/home/rabbia/To-DoList/test.log', wd=1, mask=IN_MODIFY, cookie=0, name=test.log>
2021-08-03 16:38:05,327:DEBUG:in-event <InotifyEvent: src_path=b'/home/rabbia/To-DoList/test.log', wd=1, mask=IN_MODIFY, cookie=0, name=test.log>
2021-08-03 16:38:05,327:DEBUG:in-event <InotifyEvent: src_path=b'/home/rabbia/To-DoList/test.log', wd=1, mask=IN_MODIFY, cookie=0, name=test.log>
2021-08-03 16:38:05,327:DEBUG:in-event <InotifyEvent: src_path=b'/home/rabbia/To-DoList/test.log', wd=1, mask=IN_MODIFY, cookie=0, name=test.log>
2021-08-03 16:38:05,327:DEBUG:in-event <InotifyEvent: src_path=b'/home/rabbia/To-DoList/test.log', wd=1, mask=IN_MODIFY, cookie=0, name=test.log>
2021-08-03 16:38:05,327:DEBUG:in-event <InotifyEvent: src_path=b'/home/rabbia/To-DoList/test.log', wd=1, mask=IN_MODIFY, cookie=0, name=test.log>
2021-08-03 16:38:05,328:DEBUG:in-event <InotifyEvent: src_path=b'/home/rabbia/To-DoList/test.log', wd=1, mask=IN_MODIFY, cookie=0, name=test.log>
2021-08-03 16:38:05,328:DEBUG:in-event <InotifyEvent: src_path=b'/home/rabbia/To-DoList/test.log', wd=1, mask=IN_MODIFY, cookie=0, name=test.log>
2021-08-03 16:38:05,328:DEBUG:in-event <InotifyEvent: src_path=b'/home/rabbia/To-DoList/test.log', wd=1, mask=IN_MODIFY, cookie=0, name=test.log>
2021-08-03 16:38:05,328:DEBUG:in-event <InotifyEvent: src_path=b'/home/rabbia/To-DoList/test.log', wd=1, mask=IN_MODIFY, cookie=0, name=test.log>
2021-08-03 16:38:05,328:DEBUG:in-event <InotifyEvent: src_path=b'/home/rabbia/To-DoList/test.log', wd=1, mask=IN_MODIFY, cookie=0, name=test.log>
2021-08-03 16:38:05,328:DEBUG:in-event <InotifyEvent: src_path=b'/home/rabbia/To-DoList/test.log', wd=1, mask=IN_MODIFY, cookie=0, name=test.log>
2021-08-03 16:38:05,329:DEBUG:in-event <InotifyEvent: src_path=b'/home/rabbia/To-DoList/test.log', wd=1, mask=IN_MODIFY, cookie=0, name=test.log>
2021-08-03 16:38:05,329:DEBUG:in-event <InotifyEvent: src_path=b'/home/rabbia/To-DoList/test.log', wd=1, mask=IN_MODIFY, cookie=0, name=test.log>
2021-08-03 16:38:05,330:DEBUG:in-event <InotifyEvent: src_path=b'/home/rabbia/To-DoList/test.log', wd=1, mask=IN_MODIFY, cookie=0, name=test.log>
2021-08-03 16:38:05,330:DEBUG:in-event <InotifyEvent: src_path=b'/home/rabbia/To-DoList/test.log', wd=1, mask=IN_MODIFY, cookie=0, name=test.log>
2021-08-03 16:38:05,330:DEBUG:in-event <InotifyEvent: src_path=b'/home/rabbia/To-DoList/test.log', wd=1, mask=IN_MODIFY, cookie=0, name=test.log>
2021-08-03 16:38:05,330:DEBUG:in-event <InotifyEvent: src_path=b'/home/rabbia/To-DoList/test.log', wd=1, mask=IN_MODIFY, cookie=0, name=test.log>
2021-08-03 16:38:05,331:DEBUG:in-event <InotifyEvent: src_path=b'/home/rabbia/To-DoList/test.log', wd=1, mask=IN_MODIFY, cookie=0, name=test.log>
2021-08-03 16:38:05,331:DEBUG:in-event <InotifyEvent: src_path=b'/home/rabbia/To-DoList/test.log', wd=1, mask=IN_MODIFY, cookie=0, name=test.log>
2021-08-03 16:38:05,331:DEBUG:in-event <InotifyEvent: src_path=b'/home/rabbia/To-DoList/test.log', wd=1, mask=IN_MODIFY, cookie=0, name=test.log>
2021-08-03 16:38:05,331:DEBUG:in-event <InotifyEvent: src_path=b'/home/rabbia/To-DoList/test.log', wd=1, mask=IN_MODIFY, cookie=0, name=test.log>
2021-08-03 16:38:05,332:DEBUG:in-event <InotifyEvent: src_path=b'/home/rabbia/To-DoList/test.log', wd=1, mask=IN_MODIFY, cookie=0, name=test.log>
2021-08-03 16:38:05,332:DEBUG:in-event <InotifyEvent: src_path=b'/home/rabbia/To-DoList/test.log', wd=1, mask=IN_MODIFY, cookie=0, name=test.log>
2021-08-03 16:38:05,332:DEBUG:in-event <InotifyEvent: src_path=b'/home/rabbia/To-DoList/test.log', wd=1, mask=IN_MODIFY, cookie=0, name=test.log>
2021-08-03 16:38:05,332:DEBUG:in-event <InotifyEvent: src_path=b'/home/rabbia/To-DoList/test.log', wd=1, mask=IN_MODIFY, cookie=0, name=test.log>
2021-08-03 16:38:05,332:DEBUG:in-event <InotifyEvent: src_path=b'/home/rabbia/To-DoList/test.log', wd=1, mask=IN_MODIFY, cookie=0, name=test.log>
2021-08-03 16:38:05,333:DEBUG:in-event <InotifyEvent: src_path=b'/home/rabbia/To-DoList/test.log', wd=1, mask=IN_MODIFY, cookie=0, name=test.log>
2021-08-03 16:38:05,333:DEBUG:in-event <InotifyEvent: src_path=b'/home/rabbia/To-DoList/test.log', wd=1, mask=IN_MODIFY, cookie=0, name=test.log>
2021-08-03 16:38:05,333:DEBUG:in-event <InotifyEvent: src_path=b'/home/rabbia/To-DoList/test.log', wd=1, mask=IN_MODIFY, cookie=0, name=test.log>
2021-08-03 16:38:05,333:DEBUG:in-event <InotifyEvent: src_path=b'/home/rabbia/To-DoList/test.log', wd=1, mask=IN_MODIFY, cookie=0, name=test.log>
2021-08-03 16:38:05,333:DEBUG:in-event <InotifyEvent: src_path=b'/home/rabbia/To-DoList/test.log', wd=1, mask=IN_MODIFY, cookie=0, name=test.log>
2021-08-03 16:38:05,334:DEBUG:in-event <InotifyEvent: src_path=b'/home/rabbia/To-DoList/test.log', wd=1, mask=IN_MODIFY, cookie=0, name=test.log>
2021-08-03 16:38:05,334:DEBUG:in-event <InotifyEvent: src_path=b'/home/rabbia/To-DoList/test.log', wd=1, mask=IN_MODIFY, cookie=0, name=test.log>
2021-08-03 16:38:05,334:DEBUG:in-event <InotifyEvent: src_path=b'/home/rabbia/To-DoList/test.log', wd=1, mask=IN_MODIFY, cookie=0, name=test.log>
2021-08-03 16:38:05,334:DEBUG:in-event <InotifyEvent: src_path=b'/home/rabbia/To-DoList/test.log', wd=1, mask=IN_MODIFY, cookie=0, name=test.log>
2021-08-03 16:38:05,335:DEBUG:in-event <InotifyEvent: src_path=b'/home/rabbia/To-DoList/test.log', wd=1, mask=IN_MODIFY, cookie=0, name=test.log>
2021-08-03 16:38:05,335:DEBUG:in-event <InotifyEvent: src_path=b'/home/rabbia/To-DoList/test.log', wd=1, mask=IN_MODIFY, cookie=0, name=test.log>
2021-08-03 16:38:05,335:DEBUG:in-event <InotifyEvent: src_path=b'/home/rabbia/To-DoList/test.log', wd=1, mask=IN_MODIFY, cookie=0, name=test.log>
2021-08-03 16:38:05,335:DEBUG:in-event <InotifyEvent: src_path=b'/home/rabbia/To-DoList/test.log', wd=1, mask=IN_MODIFY, cookie=0, name=test.log>
2021-08-03 16:38:05,335:DEBUG:in-event <InotifyEvent: src_path=b'/home/rabbia/To-DoList/test.log', wd=1, mask=IN_MODIFY, cookie=0, name=test.log>
2021-08-03 16:38:05,336:DEBUG:in-event <InotifyEvent: src_path=b'/home/rabbia/To-DoList/test.log', wd=1, mask=IN_MODIFY, cookie=0, name=test.log>
2021-08-03 16:38:05,336:DEBUG:in-event <InotifyEvent: src_path=b'/home/rabbia/To-DoList/test.log', wd=1, mask=IN_MODIFY, cookie=0, name=test.log>
2021-08-03 16:38:05,336:DEBUG:in-event <InotifyEvent: src_path=b'/home/rabbia/To-DoList/test.log', wd=1, mask=IN_MODIFY, cookie=0, name=test.log>
2021-08-03 16:38:05,337:DEBUG:in-event <InotifyEvent: src_path=b'/home/rabbia/To-DoList/test.log', wd=1, mask=IN_MODIFY, cookie=0, name=test.log>
2021-08-03 16:38:05,337:DEBUG:in-event <InotifyEvent: src_path=b'/home/rabbia/To-DoList/test.log', wd=1, mask=IN_MODIFY, cookie=0, name=test.log>
2021-08-03 16:38:05,337:DEBUG:in-event <InotifyEvent: src_path=b'/home/rabbia/To-DoList/test.log', wd=1, mask=IN_MODIFY, cookie=0, name=test.log>
2021-08-03 16:38:05,337:DEBUG:in-event <InotifyEvent: src_path=b'/home/rabbia/To-DoList/test.log', wd=1, mask=IN_MODIFY, cookie=0, name=test.log>
2021-08-03 16:38:05,337:DEBUG:in-event <InotifyEvent: src_path=b'/home/rabbia/To-DoList/test.log', wd=1, mask=IN_MODIFY, cookie=0, name=test.log>
2021-08-03 16:38:05,338:DEBUG:in-event <InotifyEvent: src_path=b'/home/rabbia/To-DoList/test.log', wd=1, mask=IN_MODIFY, cookie=0, name=test.log>
2021-08-03 16:38:05,338:DEBUG:in-event <InotifyEvent: src_path=b'/home/rabbia/To-DoList/test.log', wd=1, mask=IN_MODIFY, cookie=0, name=test.log>
2021-08-03 16:38:05,338:DEBUG:in-event <InotifyEvent: src_path=b'/home/rabbia/To-DoList/test.log', wd=1, mask=IN_MODIFY, cookie=0, name=test.log>
2021-08-03 16:38:05,338:DEBUG:in-event <InotifyEvent: src_path=b'/home/rabbia/To-DoList/test.log', wd=1, mask=IN_MODIFY, cookie=0, name=test.log>
2021-08-03 16:38:05,338:DEBUG:in-event <InotifyEvent: src_path=b'/home/rabbia/To-DoList/test.log', wd=1, mask=IN_MODIFY, cookie=0, name=test.log>
2021-08-03 16:38:05,339:DEBUG:in-event <InotifyEvent: src_path=b'/home/rabbia/To-DoList/test.log', wd=1, mask=IN_MODIFY, cookie=0, name=test.log>
2021-08-03 16:38:05,339:DEBUG:in-event <InotifyEvent: src_path=b'/home/rabbia/To-DoList/test.log', wd=1, mask=IN_MODIFY, cookie=0, name=test.log>
2021-08-03 16:38:05,339:DEBUG:in-event <InotifyEvent: src_path=b'/home/rabbia/To-DoList/test.log', wd=1, mask=IN_MODIFY, cookie=0, name=test.log>
2021-08-03 16:38:05,339:DEBUG:in-event <InotifyEvent: src_path=b'/home/rabbia/To-DoList/test.log', wd=1, mask=IN_MODIFY, cookie=0, name=test.log>
2021-08-03 16:38:05,339:DEBUG:in-event <InotifyEvent: src_path=b'/home/rabbia/To-DoList/test.log', wd=1, mask=IN_MODIFY, cookie=0, name=test.log>
2021-08-03 16:38:05,339:DEBUG:in-event <InotifyEvent: src_path=b'/home/rabbia/To-DoList/test.log', wd=1, mask=IN_MODIFY, cookie=0, name=test.log>
2021-08-03 16:38:05,340:DEBUG:in-event <InotifyEvent: src_path=b'/home/rabbia/To-DoList/test.log', wd=1, mask=IN_MODIFY, cookie=0, name=test.log>
2021-08-03 16:38:05,340:DEBUG:in-event <InotifyEvent: src_path=b'/home/rabbia/To-DoList/test.log', wd=1, mask=IN_MODIFY, cookie=0, name=test.log>
2021-08-03 16:38:05,340:DEBUG:in-event <InotifyEvent: src_path=b'/home/rabbia/To-DoList/test.log', wd=1, mask=IN_MODIFY, cookie=0, name=test.log>
2021-08-03 16:38:05,340:DEBUG:in-event <InotifyEvent: src_path=b'/home/rabbia/To-DoList/test.log', wd=1, mask=IN_MODIFY, cookie=0, name=test.log>
2021-08-03 16:38:05,340:DEBUG:in-event <InotifyEvent: src_path=b'/home/rabbia/To-DoList/test.log', wd=1, mask=IN_MODIFY, cookie=0, name=test.log>
2021-08-03 16:38:05,340:DEBUG:in-event <InotifyEvent: src_path=b'/home/rabbia/To-DoList/test.log', wd=1, mask=IN_MODIFY, cookie=0, name=test.log>
2021-08-03 16:38:05,341:DEBUG:in-event <InotifyEvent: src_path=b'/home/rabbia/To-DoList/test.log', wd=1, mask=IN_MODIFY, cookie=0, name=test.log>
2021-08-03 16:38:05,341:DEBUG:in-event <InotifyEvent: src_path=b'/home/rabbia/To-DoList/test.log', wd=1, mask=IN_MODIFY, cookie=0, name=test.log>
2021-08-03 16:38:05,341:DEBUG:in-event <InotifyEvent: src_path=b'/home/rabbia/To-DoList/test.log', wd=1, mask=IN_MODIFY, cookie=0, name=test.log>
2021-08-03 16:38:05,341:DEBUG:in-event <InotifyEvent: src_path=b'/home/rabbia/To-DoList/test.log', wd=1, mask=IN_MODIFY, cookie=0, name=test.log>
2021-08-03 16:38:05,341:DEBUG:in-event <InotifyEvent: src_path=b'/home/rabbia/To-DoList/test.log', wd=1, mask=IN_MODIFY, cookie=0, name=test.log>
2021-08-03 16:38:05,342:DEBUG:in-event <InotifyEvent: src_path=b'/home/rabbia/To-DoList/test.log', wd=1, mask=IN_MODIFY, cookie=0, name=test.log>
2021-08-03 16:38:05,342:DEBUG:in-event <InotifyEvent: src_path=b'/home/rabbia/To-DoList/test.log', wd=1, mask=IN_MODIFY, cookie=0, name=test.log>
2021-08-03 16:38:05,342:DEBUG:in-event <InotifyEvent: src_path=b'/home/rabbia/To-DoList/test.log', wd=1, mask=IN_MODIFY, cookie=0, name=test.log>
2021-08-03 16:38:05,342:DEBUG:in-event <InotifyEvent: src_path=b'/home/rabbia/To-DoList/test.log', wd=1, mask=IN_MODIFY, cookie=0, name=test.log>
2021-08-03 16:38:05,342:DEBUG:in-event <InotifyEvent: src_path=b'/home/rabbia/To-DoList/test.log', wd=1, mask=IN_MODIFY, cookie=0, name=test.log>
2021-08-03 16:38:05,343:DEBUG:in-event <InotifyEvent: src_path=b'/home/rabbia/To-DoList/test.log', wd=1, mask=IN_MODIFY, cookie=0, name=test.log>
2021-08-03 16:38:05,343:DEBUG:in-event <InotifyEvent: src_path=b'/home/rabbia/To-DoList/test.log', wd=1, mask=IN_MODIFY, cookie=0, name=test.log>
2021-08-03 16:38:05,343:DEBUG:in-event <InotifyEvent: src_path=b'/home/rabbia/To-DoList/test.log', wd=1, mask=IN_MODIFY, cookie=0, name=test.log>
2021-08-03 16:38:05,343:DEBUG:in-event <InotifyEvent: src_path=b'/home/rabbia/To-DoList/test.log', wd=1, mask=IN_MODIFY, cookie=0, name=test.log>
2021-08-03 16:38:05,344:DEBUG:in-event <InotifyEvent: src_path=b'/home/rabbia/To-DoList/test.log', wd=1, mask=IN_MODIFY, cookie=0, name=test.log>
2021-08-03 16:38:05,344:DEBUG:in-event <InotifyEvent: src_path=b'/home/rabbia/To-DoList/test.log', wd=1, mask=IN_MODIFY, cookie=0, name=test.log>
2021-08-03 16:38:05,344:DEBUG:in-event <InotifyEvent: src_path=b'/home/rabbia/To-DoList/test.log', wd=1, mask=IN_MODIFY, cookie=0, name=test.log>
2021-08-03 16:38:05,344:DEBUG:in-event <InotifyEvent: src_path=b'/home/rabbia/To-DoList/test.log', wd=1, mask=IN_MODIFY, cookie=0, name=test.log>
2021-08-03 16:38:05,344:DEBUG:in-event <InotifyEvent: src_path=b'/home/rabbia/To-DoList/test.log', wd=1, mask=IN_MODIFY, cookie=0, name=test.log>
2021-08-03 16:38:05,345:DEBUG:in-event <InotifyEvent: src_path=b'/home/rabbia/To-DoList/test.log', wd=1, mask=IN_MODIFY, cookie=0, name=test.log>
2021-08-03 16:38:05,345:DEBUG:in-event <InotifyEvent: src_path=b'/home/rabbia/To-DoList/test.log', wd=1, mask=IN_MODIFY, cookie=0, name=test.log>
2021-08-03 16:38:05,345:DEBUG:in-event <InotifyEvent: src_path=b'/home/rabbia/To-DoList/test.log', wd=1, mask=IN_MODIFY, cookie=0, name=test.log>
2021-08-03 16:38:05,345:DEBUG:in-event <InotifyEvent: src_path=b'/home/rabbia/To-DoList/test.log', wd=1, mask=IN_MODIFY, cookie=0, name=test.log>
2021-08-03 16:38:05,345:DEBUG:in-event <InotifyEvent: src_path=b'/home/rabbia/To-DoList/test.log', wd=1, mask=IN_MODIFY, cookie=0, name=test.log>
2021-08-03 16:38:05,345:DEBUG:in-event <InotifyEvent: src_path=b'/home/rabbia/To-DoList/test.log', wd=1, mask=IN_MODIFY, cookie=0, name=test.log>
2021-08-03 16:38:05,346:DEBUG:in-event <InotifyEvent: src_path=b'/home/rabbia/To-DoList/test.log', wd=1, mask=IN_MODIFY, cookie=0, name=test.log>
2021-08-03 16:38:05,346:DEBUG:in-event <InotifyEvent: src_path=b'/home/rabbia/To-DoList/test.log', wd=1, mask=IN_MODIFY, cookie=0, name=test.log>
2021-08-03 16:38:05,346:DEBUG:in-event <InotifyEvent: src_path=b'/home/rabbia/To-DoList/test.log', wd=1, mask=IN_MODIFY, cookie=0, name=test.log>
2021-08-03 16:38:05,346:DEBUG:in-event <InotifyEvent: src_path=b'/home/rabbia/To-DoList/test.log', wd=1, mask=IN_MODIFY, cookie=0, name=test.log>
2021-08-03 16:38:05,346:DEBUG:in-event <InotifyEvent: src_path=b'/home/rabbia/To-DoList/test.log', wd=1, mask=IN_MODIFY, cookie=0, name=test.log>
2021-08-03 16:38:05,346:DEBUG:in-event <InotifyEvent: src_path=b'/home/rabbia/To-DoList/test.log', wd=1, mask=IN_MODIFY, cookie=0, name=test.log>
2021-08-03 16:38:05,347:DEBUG:in-event <InotifyEvent: src_path=b'/home/rabbia/To-DoList/test.log', wd=1, mask=IN_MODIFY, cookie=0, name=test.log>
2021-08-03 16:38:05,347:DEBUG:in-event <InotifyEvent: src_path=b'/home/rabbia/To-DoList/test.log', wd=1, mask=IN_MODIFY, cookie=0, name=test.log>
2021-08-03 16:38:05,347:DEBUG:in-event <InotifyEvent: src_path=b'/home/rabbia/To-DoList/test.log', wd=1, mask=IN_MODIFY, cookie=0, name=test.log>
2021-08-03 16:38:05,347:DEBUG:in-event <InotifyEvent: src_path=b'/home/rabbia/To-DoList/test.log', wd=1, mask=IN_MODIFY, cookie=0, name=test.log>
2021-08-03 16:38:05,347:DEBUG:in-event <InotifyEvent: src_path=b'/home/rabbia/To-DoList/test.log', wd=1, mask=IN_MODIFY, cookie=0, name=test.log>
2021-08-03 16:38:05,347:DEBUG:in-event <InotifyEvent: src_path=b'/home/rabbia/To-DoList/test.log', wd=1, mask=IN_MODIFY, cookie=0, name=test.log>
2021-08-03 16:38:05,348:DEBUG:in-event <InotifyEvent: src_path=b'/home/rabbia/To-DoList/test.log', wd=1, mask=IN_MODIFY, cookie=0, name=test.log>
2021-08-03 16:38:05,348:DEBUG:in-event <InotifyEvent: src_path=b'/home/rabbia/To-DoList/test.log', wd=1, mask=IN_MODIFY, cookie=0, name=test.log>
2021-08-03 16:38:05,348:DEBUG:in-event <InotifyEvent: src_path=b'/home/rabbia/To-DoList/test.log', wd=1, mask=IN_MODIFY, cookie=0, name=test.log>
2021-08-03 16:38:05,348:DEBUG:in-event <InotifyEvent: src_path=b'/home/rabbia/To-DoList/test.log', wd=1, mask=IN_MODIFY, cookie=0, name=test.log>
2021-08-03 16:38:05,348:DEBUG:in-event <InotifyEvent: src_path=b'/home/rabbia/To-DoList/test.log', wd=1, mask=IN_MODIFY, cookie=0, name=test.log>
2021-08-03 16:38:05,348:DEBUG:in-event <InotifyEvent: src_path=b'/home/rabbia/To-DoList/test.log', wd=1, mask=IN_MODIFY, cookie=0, name=test.log>
2021-08-03 16:38:05,349:DEBUG:in-event <InotifyEvent: src_path=b'/home/rabbia/To-DoList/test.log', wd=1, mask=IN_MODIFY, cookie=0, name=test.log>
2021-08-03 16:38:05,349:DEBUG:in-event <InotifyEvent: src_path=b'/home/rabbia/To-DoList/test.log', wd=1, mask=IN_MODIFY, cookie=0, name=test.log>
2021-08-03 16:38:05,349:DEBUG:in-event <InotifyEvent: src_path=b'/home/rabbia/To-DoList/test.log', wd=1, mask=IN_MODIFY, cookie=0, name=test.log>
2021-08-03 16:38:05,349:DEBUG:in-event <InotifyEvent: src_path=b'/home/rabbia/To-DoList/test.log', wd=1, mask=IN_MODIFY, cookie=0, name=test.log>
2021-08-03 16:38:05,349:DEBUG:in-event <InotifyEvent: src_path=b'/home/rabbia/To-DoList/test.log', wd=1, mask=IN_MODIFY, cookie=0, name=test.log>
2021-08-03 16:38:05,349:DEBUG:in-event <InotifyEvent: src_path=b'/home/rabbia/To-DoList/test.log', wd=1, mask=IN_MODIFY, cookie=0, name=test.log>
2021-08-03 16:38:05,349:DEBUG:in-event <InotifyEvent: src_path=b'/home/rabbia/To-DoList/test.log', wd=1, mask=IN_MODIFY, cookie=0, name=test.log>
2021-08-03 16:38:05,350:DEBUG:in-event <InotifyEvent: src_path=b'/home/rabbia/To-DoList/test.log', wd=1, mask=IN_MODIFY, cookie=0, name=test.log>
2021-08-03 16:38:05,350:DEBUG:in-event <InotifyEvent: src_path=b'/home/rabbia/To-DoList/test.log', wd=1, mask=IN_MODIFY, cookie=0, name=test.log>
2021-08-03 16:38:05,350:DEBUG:in-event <InotifyEvent: src_path=b'/home/rabbia/To-DoList/test.log', wd=1, mask=IN_MODIFY, cookie=0, name=test.log>
2021-08-03 16:38:05,350:DEBUG:in-event <InotifyEvent: src_path=b'/home/rabbia/To-DoList/test.log', wd=1, mask=IN_MODIFY, cookie=0, name=test.log>
2021-08-03 16:38:05,350:DEBUG:in-event <InotifyEvent: src_path=b'/home/rabbia/To-DoList/test.log', wd=1, mask=IN_MODIFY, cookie=0, name=test.log>
2021-08-03 16:38:05,350:DEBUG:in-event <InotifyEvent: src_path=b'/home/rabbia/To-DoList/test.log', wd=1, mask=IN_MODIFY, cookie=0, name=test.log>
2021-08-03 16:38:05,351:DEBUG:in-event <InotifyEvent: src_path=b'/home/rabbia/To-DoList/test.log', wd=1, mask=IN_MODIFY, cookie=0, name=test.log>
2021-08-03 16:38:05,351:DEBUG:in-event <InotifyEvent: src_path=b'/home/rabbia/To-DoList/test.log', wd=1, mask=IN_MODIFY, cookie=0, name=test.log>
2021-08-03 16:38:05,351:DEBUG:in-event <InotifyEvent: src_path=b'/home/rabbia/To-DoList/test.log', wd=1, mask=IN_MODIFY, cookie=0, name=test.log>
2021-08-03 16:38:05,352:DEBUG:in-event <InotifyEvent: src_path=b'/home/rabbia/To-DoList/test.log', wd=1, mask=IN_MODIFY, cookie=0, name=test.log>
2021-08-03 16:38:05,352:DEBUG:in-event <InotifyEvent: src_path=b'/home/rabbia/To-DoList/test.log', wd=1, mask=IN_MODIFY, cookie=0, name=test.log>
2021-08-03 16:38:05,352:DEBUG:in-event <InotifyEvent: src_path=b'/home/rabbia/To-DoList/test.log', wd=1, mask=IN_MODIFY, cookie=0, name=test.log>
2021-08-03 16:38:05,352:DEBUG:in-event <InotifyEvent: src_path=b'/home/rabbia/To-DoList/test.log', wd=1, mask=IN_MODIFY, cookie=0, name=test.log>
2021-08-03 16:38:05,353:DEBUG:in-event <InotifyEvent: src_path=b'/home/rabbia/To-DoList/test.log', wd=1, mask=IN_MODIFY, cookie=0, name=test.log>
2021-08-03 16:38:05,353:DEBUG:in-event <InotifyEvent: src_path=b'/home/rabbia/To-DoList/test.log', wd=1, mask=IN_MODIFY, cookie=0, name=test.log>
2021-08-03 16:38:05,353:DEBUG:in-event <InotifyEvent: src_path=b'/home/rabbia/To-DoList/test.log', wd=1, mask=IN_MODIFY, cookie=0, name=test.log>
2021-08-03 16:38:05,353:DEBUG:in-event <InotifyEvent: src_path=b'/home/rabbia/To-DoList/test.log', wd=1, mask=IN_MODIFY, cookie=0, name=test.log>
2021-08-03 16:38:05,353:DEBUG:in-event <InotifyEvent: src_path=b'/home/rabbia/To-DoList/test.log', wd=1, mask=IN_MODIFY, cookie=0, name=test.log>
2021-08-03 16:38:05,354:DEBUG:in-event <InotifyEvent: src_path=b'/home/rabbia/To-DoList/test.log', wd=1, mask=IN_MODIFY, cookie=0, name=test.log>
2021-08-03 16:38:05,354:DEBUG:in-event <InotifyEvent: src_path=b'/home/rabbia/To-DoList/test.log', wd=1, mask=IN_MODIFY, cookie=0, name=test.log>
2021-08-03 16:38:05,354:DEBUG:in-event <InotifyEvent: src_path=b'/home/rabbia/To-DoList/test.log', wd=1, mask=IN_MODIFY, cookie=0, name=test.log>
2021-08-03 16:38:05,354:DEBUG:in-event <InotifyEvent: src_path=b'/home/rabbia/To-DoList/test.log', wd=1, mask=IN_MODIFY, cookie=0, name=test.log>
2021-08-03 16:38:05,354:DEBUG:in-event <InotifyEvent: src_path=b'/home/rabbia/To-DoList/test.log', wd=1, mask=IN_MODIFY, cookie=0, name=test.log>
2021-08-03 16:38:05,355:DEBUG:in-event <InotifyEvent: src_path=b'/home/rabbia/To-DoList/test.log', wd=1, mask=IN_MODIFY, cookie=0, name=test.log>
2021-08-03 16:38:05,355:DEBUG:in-event <InotifyEvent: src_path=b'/home/rabbia/To-DoList/test.log', wd=1, mask=IN_MODIFY, cookie=0, name=test.log>
2021-08-03 16:38:05,355:DEBUG:in-event <InotifyEvent: src_path=b'/home/rabbia/To-DoList/test.log', wd=1, mask=IN_MODIFY, cookie=0, name=test.log>
2021-08-03 16:38:05,355:DEBUG:in-event <InotifyEvent: src_path=b'/home/rabbia/To-DoList/test.log', wd=1, mask=IN_MODIFY, cookie=0, name=test.log>
2021-08-03 16:38:05,356:DEBUG:in-event <InotifyEvent: src_path=b'/home/rabbia/To-DoList/test.log', wd=1, mask=IN_MODIFY, cookie=0, name=test.log>
2021-08-03 16:38:05,356:DEBUG:in-event <InotifyEvent: src_path=b'/home/rabbia/To-DoList/test.log', wd=1, mask=IN_MODIFY, cookie=0, name=test.log>
2021-08-03 16:38:05,356:DEBUG:in-event <InotifyEvent: src_path=b'/home/rabbia/To-DoList/test.log', wd=1, mask=IN_MODIFY, cookie=0, name=test.log>
2021-08-03 16:38:05,356:DEBUG:in-event <InotifyEvent: src_path=b'/home/rabbia/To-DoList/test.log', wd=1, mask=IN_MODIFY, cookie=0, name=test.log>
2021-08-03 16:38:05,356:DEBUG:in-event <InotifyEvent: src_path=b'/home/rabbia/To-DoList/test.log', wd=1, mask=IN_MODIFY, cookie=0, name=test.log>
2021-08-03 16:38:05,356:DEBUG:in-event <InotifyEvent: src_path=b'/home/rabbia/To-DoList/test.log', wd=1, mask=IN_MODIFY, cookie=0, name=test.log>
2021-08-03 16:38:05,357:DEBUG:in-event <InotifyEvent: src_path=b'/home/rabbia/To-DoList/test.log', wd=1, mask=IN_MODIFY, cookie=0, name=test.log>
2021-08-03 16:38:05,357:DEBUG:in-event <InotifyEvent: src_path=b'/home/rabbia/To-DoList/test.log', wd=1, mask=IN_MODIFY, cookie=0, name=test.log>
2021-08-03 16:38:05,357:DEBUG:in-event <InotifyEvent: src_path=b'/home/rabbia/To-DoList/test.log', wd=1, mask=IN_MODIFY, cookie=0, name=test.log>
2021-08-03 16:38:05,357:DEBUG:in-event <InotifyEvent: src_path=b'/home/rabbia/To-DoList/test.log', wd=1, mask=IN_MODIFY, cookie=0, name=test.log>
2021-08-03 16:38:05,357:DEBUG:in-event <InotifyEvent: src_path=b'/home/rabbia/To-DoList/test.log', wd=1, mask=IN_MODIFY, cookie=0, name=test.log>
2021-08-03 16:38:05,358:DEBUG:in-event <InotifyEvent: src_path=b'/home/rabbia/To-DoList/test.log', wd=1, mask=IN_MODIFY, cookie=0, name=test.log>
2021-08-03 16:38:05,358:DEBUG:in-event <InotifyEvent: src_path=b'/home/rabbia/To-DoList/test.log', wd=1, mask=IN_MODIFY, cookie=0, name=test.log>
2021-08-03 16:38:05,358:DEBUG:in-event <InotifyEvent: src_path=b'/home/rabbia/To-DoList/test.log', wd=1, mask=IN_MODIFY, cookie=0, name=test.log>
2021-08-03 16:38:05,358:DEBUG:in-event <InotifyEvent: src_path=b'/home/rabbia/To-DoList/test.log', wd=1, mask=IN_MODIFY, cookie=0, name=test.log>
2021-08-03 16:38:05,358:DEBUG:in-event <InotifyEvent: src_path=b'/home/rabbia/To-DoList/test.log', wd=1, mask=IN_MODIFY, cookie=0, name=test.log>
2021-08-03 16:38:05,358:DEBUG:in-event <InotifyEvent: src_path=b'/home/rabbia/To-DoList/test.log', wd=1, mask=IN_MODIFY, cookie=0, name=test.log>
2021-08-03 16:38:05,358:DEBUG:in-event <InotifyEvent: src_path=b'/home/rabbia/To-DoList/test.log', wd=1, mask=IN_MODIFY, cookie=0, name=test.log>
2021-08-03 16:38:05,358:DEBUG:in-event <InotifyEvent: src_path=b'/home/rabbia/To-DoList/test.log', wd=1, mask=IN_MODIFY, cookie=0, name=test.log>
2021-08-03 16:38:05,358:DEBUG:in-event <InotifyEvent: src_path=b'/home/rabbia/To-DoList/test.log', wd=1, mask=IN_MODIFY, cookie=0, name=test.log>
2021-08-03 16:38:05,358:DEBUG:in-event <InotifyEvent: src_path=b'/home/rabbia/To-DoList/test.log', wd=1, mask=IN_MODIFY, cookie=0, name=test.log>
2021-08-03 16:38:05,358:DEBUG:in-event <InotifyEvent: src_path=b'/home/rabbia/To-DoList/test.log', wd=1, mask=IN_MODIFY, cookie=0, name=test.log>
2021-08-03 16:38:05,358:DEBUG:in-event <InotifyEvent: src_path=b'/home/rabbia/To-DoList/test.log', wd=1, mask=IN_MODIFY, cookie=0, name=test.log>
2021-08-03 16:38:05,359:DEBUG:in-event <InotifyEvent: src_path=b'/home/rabbia/To-DoList/test.log', wd=1, mask=IN_MODIFY, cookie=0, name=test.log>
2021-08-03 16:38:05,359:DEBUG:in-event <InotifyEvent: src_path=b'/home/rabbia/To-DoList/test.log', wd=1, mask=IN_MODIFY, cookie=0, name=test.log>
2021-08-03 16:38:05,359:DEBUG:in-event <InotifyEvent: src_path=b'/home/rabbia/To-DoList/test.log', wd=1, mask=IN_MODIFY, cookie=0, name=test.log>
2021-08-03 16:38:05,359:DEBUG:in-event <InotifyEvent: src_path=b'/home/rabbia/To-DoList/test.log', wd=1, mask=IN_MODIFY, cookie=0, name=test.log>
2021-08-03 16:38:05,359:DEBUG:in-event <InotifyEvent: src_path=b'/home/rabbia/To-DoList/test.log', wd=1, mask=IN_MODIFY, cookie=0, name=test.log>
2021-08-03 16:38:05,359:DEBUG:in-event <InotifyEvent: src_path=b'/home/rabbia/To-DoList/test.log', wd=1, mask=IN_MODIFY, cookie=0, name=test.log>
2021-08-03 16:38:05,359:DEBUG:in-event <InotifyEvent: src_path=b'/home/rabbia/To-DoList/test.log', wd=1, mask=IN_MODIFY, cookie=0, name=test.log>
2021-08-03 16:38:05,359:DEBUG:in-event <InotifyEvent: src_path=b'/home/rabbia/To-DoList/test.log', wd=1, mask=IN_MODIFY, cookie=0, name=test.log>
2021-08-03 16:38:05,359:DEBUG:in-event <InotifyEvent: src_path=b'/home/rabbia/To-DoList/test.log', wd=1, mask=IN_MODIFY, cookie=0, name=test.log>
2021-08-03 16:38:05,359:DEBUG:in-event <InotifyEvent: src_path=b'/home/rabbia/To-DoList/test.log', wd=1, mask=IN_MODIFY, cookie=0, name=test.log>
2021-08-03 16:38:05,359:DEBUG:in-event <InotifyEvent: src_path=b'/home/rabbia/To-DoList/test.log', wd=1, mask=IN_MODIFY, cookie=0, name=test.log>
2021-08-03 16:38:05,359:DEBUG:in-event <InotifyEvent: src_path=b'/home/rabbia/To-DoList/test.log', wd=1, mask=IN_MODIFY, cookie=0, name=test.log>
2021-08-03 16:38:05,360:DEBUG:in-event <InotifyEvent: src_path=b'/home/rabbia/To-DoList/test.log', wd=1, mask=IN_MODIFY, cookie=0, name=test.log>
2021-08-03 16:38:05,360:DEBUG:in-event <InotifyEvent: src_path=b'/home/rabbia/To-DoList/test.log', wd=1, mask=IN_MODIFY, cookie=0, name=test.log>
2021-08-03 16:38:05,360:DEBUG:in-event <InotifyEvent: src_path=b'/home/rabbia/To-DoList/test.log', wd=1, mask=IN_MODIFY, cookie=0, name=test.log>
2021-08-03 16:38:05,360:DEBUG:in-event <InotifyEvent: src_path=b'/home/rabbia/To-DoList/test.log', wd=1, mask=IN_MODIFY, cookie=0, name=test.log>
2021-08-03 16:38:05,360:DEBUG:in-event <InotifyEvent: src_path=b'/home/rabbia/To-DoList/test.log', wd=1, mask=IN_MODIFY, cookie=0, name=test.log>
2021-08-03 16:38:05,360:DEBUG:in-event <InotifyEvent: src_path=b'/home/rabbia/To-DoList/test.log', wd=1, mask=IN_MODIFY, cookie=0, name=test.log>
2021-08-03 16:38:05,360:DEBUG:in-event <InotifyEvent: src_path=b'/home/rabbia/To-DoList/test.log', wd=1, mask=IN_MODIFY, cookie=0, name=test.log>
2021-08-03 16:38:05,360:DEBUG:in-event <InotifyEvent: src_path=b'/home/rabbia/To-DoList/test.log', wd=1, mask=IN_MODIFY, cookie=0, name=test.log>
2021-08-03 16:38:05,360:DEBUG:in-event <InotifyEvent: src_path=b'/home/rabbia/To-DoList/test.log', wd=1, mask=IN_MODIFY, cookie=0, name=test.log>
2021-08-03 16:38:05,360:DEBUG:in-event <InotifyEvent: src_path=b'/home/rabbia/To-DoList/test.log', wd=1, mask=IN_MODIFY, cookie=0, name=test.log>
2021-08-03 16:38:05,360:DEBUG:in-event <InotifyEvent: src_path=b'/home/rabbia/To-DoList/test.log', wd=1, mask=IN_MODIFY, cookie=0, name=test.log>
2021-08-03 16:38:05,360:DEBUG:in-event <InotifyEvent: src_path=b'/home/rabbia/To-DoList/test.log', wd=1, mask=IN_MODIFY, cookie=0, name=test.log>
2021-08-03 16:38:05,361:DEBUG:in-event <InotifyEvent: src_path=b'/home/rabbia/To-DoList/test.log', wd=1, mask=IN_MODIFY, cookie=0, name=test.log>
2021-08-03 16:38:05,361:DEBUG:in-event <InotifyEvent: src_path=b'/home/rabbia/To-DoList/test.log', wd=1, mask=IN_MODIFY, cookie=0, name=test.log>
2021-08-03 16:38:05,361:DEBUG:in-event <InotifyEvent: src_path=b'/home/rabbia/To-DoList/test.log', wd=1, mask=IN_MODIFY, cookie=0, name=test.log>
2021-08-03 16:38:05,361:DEBUG:in-event <InotifyEvent: src_path=b'/home/rabbia/To-DoList/test.log', wd=1, mask=IN_MODIFY, cookie=0, name=test.log>
2021-08-03 16:38:05,361:DEBUG:in-event <InotifyEvent: src_path=b'/home/rabbia/To-DoList/test.log', wd=1, mask=IN_MODIFY, cookie=0, name=test.log>
2021-08-03 16:38:05,361:DEBUG:in-event <InotifyEvent: src_path=b'/home/rabbia/To-DoList/test.log', wd=1, mask=IN_MODIFY, cookie=0, name=test.log>
2021-08-03 16:38:05,361:DEBUG:in-event <InotifyEvent: src_path=b'/home/rabbia/To-DoList/test.log', wd=1, mask=IN_MODIFY, cookie=0, name=test.log>
2021-08-03 16:38:05,361:DEBUG:in-event <InotifyEvent: src_path=b'/home/rabbia/To-DoList/test.log', wd=1, mask=IN_MODIFY, cookie=0, name=test.log>
2021-08-03 16:38:05,361:DEBUG:in-event <InotifyEvent: src_path=b'/home/rabbia/To-DoList/test.log', wd=1, mask=IN_MODIFY, cookie=0, name=test.log>
2021-08-03 16:38:05,361:DEBUG:in-event <InotifyEvent: src_path=b'/home/rabbia/To-DoList/test.log', wd=1, mask=IN_MODIFY, cookie=0, name=test.log>
2021-08-03 16:38:05,361:DEBUG:in-event <InotifyEvent: src_path=b'/home/rabbia/To-DoList/test.log', wd=1, mask=IN_MODIFY, cookie=0, name=test.log>
2021-08-03 16:38:05,361:DEBUG:in-event <InotifyEvent: src_path=b'/home/rabbia/To-DoList/test.log', wd=1, mask=IN_MODIFY, cookie=0, name=test.log>
2021-08-03 16:38:05,362:DEBUG:in-event <InotifyEvent: src_path=b'/home/rabbia/To-DoList/test.log', wd=1, mask=IN_MODIFY, cookie=0, name=test.log>
2021-08-03 16:38:05,362:DEBUG:in-event <InotifyEvent: src_path=b'/home/rabbia/To-DoList/test.log', wd=1, mask=IN_MODIFY, cookie=0, name=test.log>
2021-08-03 16:38:05,362:DEBUG:in-event <InotifyEvent: src_path=b'/home/rabbia/To-DoList/test.log', wd=1, mask=IN_MODIFY, cookie=0, name=test.log>
2021-08-03 16:38:05,362:DEBUG:in-event <InotifyEvent: src_path=b'/home/rabbia/To-DoList/test.log', wd=1, mask=IN_MODIFY, cookie=0, name=test.log>
2021-08-03 16:38:05,363:DEBUG:in-event <InotifyEvent: src_path=b'/home/rabbia/To-DoList/test.log', wd=1, mask=IN_MODIFY, cookie=0, name=test.log>
2021-08-03 16:38:05,363:DEBUG:in-event <InotifyEvent: src_path=b'/home/rabbia/To-DoList/test.log', wd=1, mask=IN_MODIFY, cookie=0, name=test.log>
2021-08-03 16:38:05,363:DEBUG:in-event <InotifyEvent: src_path=b'/home/rabbia/To-DoList/test.log', wd=1, mask=IN_MODIFY, cookie=0, name=test.log>
2021-08-03 16:38:05,363:DEBUG:in-event <InotifyEvent: src_path=b'/home/rabbia/To-DoList/test.log', wd=1, mask=IN_MODIFY, cookie=0, name=test.log>
2021-08-03 16:38:05,363:DEBUG:in-event <InotifyEvent: src_path=b'/home/rabbia/To-DoList/test.log', wd=1, mask=IN_MODIFY, cookie=0, name=test.log>
2021-08-03 16:38:05,363:DEBUG:in-event <InotifyEvent: src_path=b'/home/rabbia/To-DoList/test.log', wd=1, mask=IN_MODIFY, cookie=0, name=test.log>
2021-08-03 16:38:05,364:DEBUG:in-event <InotifyEvent: src_path=b'/home/rabbia/To-DoList/test.log', wd=1, mask=IN_MODIFY, cookie=0, name=test.log>
2021-08-03 16:38:05,364:DEBUG:in-event <InotifyEvent: src_path=b'/home/rabbia/To-DoList/test.log', wd=1, mask=IN_MODIFY, cookie=0, name=test.log>
2021-08-03 16:38:05,364:DEBUG:in-event <InotifyEvent: src_path=b'/home/rabbia/To-DoList/test.log', wd=1, mask=IN_MODIFY, cookie=0, name=test.log>
2021-08-03 16:38:05,364:DEBUG:in-event <InotifyEvent: src_path=b'/home/rabbia/To-DoList/test.log', wd=1, mask=IN_MODIFY, cookie=0, name=test.log>
2021-08-03 16:38:05,364:DEBUG:in-event <InotifyEvent: src_path=b'/home/rabbia/To-DoList/test.log', wd=1, mask=IN_MODIFY, cookie=0, name=test.log>
2021-08-03 16:38:05,364:DEBUG:in-event <InotifyEvent: src_path=b'/home/rabbia/To-DoList/test.log', wd=1, mask=IN_MODIFY, cookie=0, name=test.log>
2021-08-03 16:38:05,365:DEBUG:in-event <InotifyEvent: src_path=b'/home/rabbia/To-DoList/test.log', wd=1, mask=IN_MODIFY, cookie=0, name=test.log>
2021-08-03 16:38:05,365:DEBUG:in-event <InotifyEvent: src_path=b'/home/rabbia/To-DoList/test.log', wd=1, mask=IN_MODIFY, cookie=0, name=test.log>
2021-08-03 16:38:05,365:DEBUG:in-event <InotifyEvent: src_path=b'/home/rabbia/To-DoList/test.log', wd=1, mask=IN_MODIFY, cookie=0, name=test.log>
2021-08-03 16:38:05,365:DEBUG:in-event <InotifyEvent: src_path=b'/home/rabbia/To-DoList/test.log', wd=1, mask=IN_MODIFY, cookie=0, name=test.log>
2021-08-03 16:38:05,365:DEBUG:in-event <InotifyEvent: src_path=b'/home/rabbia/To-DoList/test.log', wd=1, mask=IN_MODIFY, cookie=0, name=test.log>
2021-08-03 16:38:05,366:DEBUG:in-event <InotifyEvent: src_path=b'/home/rabbia/To-DoList/test.log', wd=1, mask=IN_MODIFY, cookie=0, name=test.log>
2021-08-03 16:38:05,366:DEBUG:in-event <InotifyEvent: src_path=b'/home/rabbia/To-DoList/test.log', wd=1, mask=IN_MODIFY, cookie=0, name=test.log>
2021-08-03 16:38:05,366:DEBUG:in-event <InotifyEvent: src_path=b'/home/rabbia/To-DoList/test.log', wd=1, mask=IN_MODIFY, cookie=0, name=test.log>
2021-08-03 16:38:05,366:DEBUG:in-event <InotifyEvent: src_path=b'/home/rabbia/To-DoList/test.log', wd=1, mask=IN_MODIFY, cookie=0, name=test.log>
2021-08-03 16:38:05,366:DEBUG:in-event <InotifyEvent: src_path=b'/home/rabbia/To-DoList/test.log', wd=1, mask=IN_MODIFY, cookie=0, name=test.log>
2021-08-03 16:38:05,366:DEBUG:in-event <InotifyEvent: src_path=b'/home/rabbia/To-DoList/test.log', wd=1, mask=IN_MODIFY, cookie=0, name=test.log>
2021-08-03 16:38:05,367:DEBUG:in-event <InotifyEvent: src_path=b'/home/rabbia/To-DoList/test.log', wd=1, mask=IN_MODIFY, cookie=0, name=test.log>
2021-08-03 16:38:05,367:DEBUG:in-event <InotifyEvent: src_path=b'/home/rabbia/To-DoList/test.log', wd=1, mask=IN_MODIFY, cookie=0, name=test.log>
2021-08-03 16:38:05,367:DEBUG:in-event <InotifyEvent: src_path=b'/home/rabbia/To-DoList/test.log', wd=1, mask=IN_MODIFY, cookie=0, name=test.log>
2021-08-03 16:38:05,367:DEBUG:in-event <InotifyEvent: src_path=b'/home/rabbia/To-DoList/test.log', wd=1, mask=IN_MODIFY, cookie=0, name=test.log>
2021-08-03 16:38:05,368:DEBUG:in-event <InotifyEvent: src_path=b'/home/rabbia/To-DoList/test.log', wd=1, mask=IN_MODIFY, cookie=0, name=test.log>
2021-08-03 16:38:05,368:DEBUG:in-event <InotifyEvent: src_path=b'/home/rabbia/To-DoList/test.log', wd=1, mask=IN_MODIFY, cookie=0, name=test.log>
2021-08-03 16:38:05,368:DEBUG:in-event <InotifyEvent: src_path=b'/home/rabbia/To-DoList/test.log', wd=1, mask=IN_MODIFY, cookie=0, name=test.log>
2021-08-03 16:38:05,368:DEBUG:in-event <InotifyEvent: src_path=b'/home/rabbia/To-DoList/test.log', wd=1, mask=IN_MODIFY, cookie=0, name=test.log>
2021-08-03 16:38:05,368:DEBUG:in-event <InotifyEvent: src_path=b'/home/rabbia/To-DoList/test.log', wd=1, mask=IN_MODIFY, cookie=0, name=test.log>
2021-08-03 16:38:05,368:DEBUG:in-event <InotifyEvent: src_path=b'/home/rabbia/To-DoList/test.log', wd=1, mask=IN_MODIFY, cookie=0, name=test.log>
2021-08-03 16:38:05,369:DEBUG:in-event <InotifyEvent: src_path=b'/home/rabbia/To-DoList/test.log', wd=1, mask=IN_MODIFY, cookie=0, name=test.log>
2021-08-03 16:38:05,369:DEBUG:in-event <InotifyEvent: src_path=b'/home/rabbia/To-DoList/test.log', wd=1, mask=IN_MODIFY, cookie=0, name=test.log>
2021-08-03 16:38:05,369:DEBUG:in-event <InotifyEvent: src_path=b'/home/rabbia/To-DoList/test.log', wd=1, mask=IN_MODIFY, cookie=0, name=test.log>
2021-08-03 16:38:05,369:DEBUG:in-event <InotifyEvent: src_path=b'/home/rabbia/To-DoList/test.log', wd=1, mask=IN_MODIFY, cookie=0, name=test.log>
2021-08-03 16:38:05,369:DEBUG:in-event <InotifyEvent: src_path=b'/home/rabbia/To-DoList/test.log', wd=1, mask=IN_MODIFY, cookie=0, name=test.log>
2021-08-03 16:38:05,370:DEBUG:in-event <InotifyEvent: src_path=b'/home/rabbia/To-DoList/test.log', wd=1, mask=IN_MODIFY, cookie=0, name=test.log>
2021-08-03 16:38:05,370:DEBUG:in-event <InotifyEvent: src_path=b'/home/rabbia/To-DoList/test.log', wd=1, mask=IN_MODIFY, cookie=0, name=test.log>
2021-08-03 16:38:05,370:DEBUG:in-event <InotifyEvent: src_path=b'/home/rabbia/To-DoList/test.log', wd=1, mask=IN_MODIFY, cookie=0, name=test.log>
2021-08-03 16:38:05,370:DEBUG:in-event <InotifyEvent: src_path=b'/home/rabbia/To-DoList/test.log', wd=1, mask=IN_MODIFY, cookie=0, name=test.log>
2021-08-03 16:38:05,370:DEBUG:in-event <InotifyEvent: src_path=b'/home/rabbia/To-DoList/test.log', wd=1, mask=IN_MODIFY, cookie=0, name=test.log>
2021-08-03 16:38:05,370:DEBUG:in-event <InotifyEvent: src_path=b'/home/rabbia/To-DoList/test.log', wd=1, mask=IN_MODIFY, cookie=0, name=test.log>
2021-08-03 16:38:05,371:DEBUG:in-event <InotifyEvent: src_path=b'/home/rabbia/To-DoList/test.log', wd=1, mask=IN_MODIFY, cookie=0, name=test.log>
2021-08-03 16:38:05,371:DEBUG:in-event <InotifyEvent: src_path=b'/home/rabbia/To-DoList/test.log', wd=1, mask=IN_MODIFY, cookie=0, name=test.log>
2021-08-03 16:38:05,371:DEBUG:in-event <InotifyEvent: src_path=b'/home/rabbia/To-DoList/test.log', wd=1, mask=IN_MODIFY, cookie=0, name=test.log>
2021-08-03 16:38:05,371:DEBUG:in-event <InotifyEvent: src_path=b'/home/rabbia/To-DoList/test.log', wd=1, mask=IN_MODIFY, cookie=0, name=test.log>
2021-08-03 16:38:05,371:DEBUG:in-event <InotifyEvent: src_path=b'/home/rabbia/To-DoList/test.log', wd=1, mask=IN_MODIFY, cookie=0, name=test.log>
2021-08-03 16:38:05,371:DEBUG:in-event <InotifyEvent: src_path=b'/home/rabbia/To-DoList/test.log', wd=1, mask=IN_MODIFY, cookie=0, name=test.log>
2021-08-03 16:38:05,371:DEBUG:in-event <InotifyEvent: src_path=b'/home/rabbia/To-DoList/test.log', wd=1, mask=IN_MODIFY, cookie=0, name=test.log>
2021-08-03 16:38:05,372:DEBUG:in-event <InotifyEvent: src_path=b'/home/rabbia/To-DoList/test.log', wd=1, mask=IN_MODIFY, cookie=0, name=test.log>
2021-08-03 16:38:05,372:DEBUG:in-event <InotifyEvent: src_path=b'/home/rabbia/To-DoList/test.log', wd=1, mask=IN_MODIFY, cookie=0, name=test.log>
2021-08-03 16:38:05,372:DEBUG:in-event <InotifyEvent: src_path=b'/home/rabbia/To-DoList/test.log', wd=1, mask=IN_MODIFY, cookie=0, name=test.log>
2021-08-03 16:38:05,372:DEBUG:in-event <InotifyEvent: src_path=b'/home/rabbia/To-DoList/test.log', wd=1, mask=IN_MODIFY, cookie=0, name=test.log>
2021-08-03 16:38:05,372:DEBUG:in-event <InotifyEvent: src_path=b'/home/rabbia/To-DoList/test.log', wd=1, mask=IN_MODIFY, cookie=0, name=test.log>
2021-08-03 16:38:05,372:DEBUG:in-event <InotifyEvent: src_path=b'/home/rabbia/To-DoList/test.log', wd=1, mask=IN_MODIFY, cookie=0, name=test.log>
2021-08-03 16:38:05,373:DEBUG:in-event <InotifyEvent: src_path=b'/home/rabbia/To-DoList/test.log', wd=1, mask=IN_MODIFY, cookie=0, name=test.log>
2021-08-03 16:38:05,373:DEBUG:in-event <InotifyEvent: src_path=b'/home/rabbia/To-DoList/test.log', wd=1, mask=IN_MODIFY, cookie=0, name=test.log>
2021-08-03 16:38:05,373:DEBUG:in-event <InotifyEvent: src_path=b'/home/rabbia/To-DoList/test.log', wd=1, mask=IN_MODIFY, cookie=0, name=test.log>
2021-08-03 16:38:05,373:DEBUG:in-event <InotifyEvent: src_path=b'/home/rabbia/To-DoList/test.log', wd=1, mask=IN_MODIFY, cookie=0, name=test.log>
2021-08-03 16:38:05,373:DEBUG:in-event <InotifyEvent: src_path=b'/home/rabbia/To-DoList/test.log', wd=1, mask=IN_MODIFY, cookie=0, name=test.log>
2021-08-03 16:38:05,374:DEBUG:in-event <InotifyEvent: src_path=b'/home/rabbia/To-DoList/test.log', wd=1, mask=IN_MODIFY, cookie=0, name=test.log>
2021-08-03 16:38:05,374:DEBUG:in-event <InotifyEvent: src_path=b'/home/rabbia/To-DoList/test.log', wd=1, mask=IN_MODIFY, cookie=0, name=test.log>
2021-08-03 16:38:05,374:DEBUG:in-event <InotifyEvent: src_path=b'/home/rabbia/To-DoList/test.log', wd=1, mask=IN_MODIFY, cookie=0, name=test.log>
2021-08-03 16:38:05,374:DEBUG:in-event <InotifyEvent: src_path=b'/home/rabbia/To-DoList/test.log', wd=1, mask=IN_MODIFY, cookie=0, name=test.log>
2021-08-03 16:38:05,374:DEBUG:in-event <InotifyEvent: src_path=b'/home/rabbia/To-DoList/test.log', wd=1, mask=IN_MODIFY, cookie=0, name=test.log>
2021-08-03 16:38:05,375:DEBUG:in-event <InotifyEvent: src_path=b'/home/rabbia/To-DoList/test.log', wd=1, mask=IN_MODIFY, cookie=0, name=test.log>
2021-08-03 16:38:05,375:DEBUG:in-event <InotifyEvent: src_path=b'/home/rabbia/To-DoList/test.log', wd=1, mask=IN_MODIFY, cookie=0, name=test.log>
2021-08-03 16:38:05,375:DEBUG:in-event <InotifyEvent: src_path=b'/home/rabbia/To-DoList/test.log', wd=1, mask=IN_MODIFY, cookie=0, name=test.log>
2021-08-03 16:38:05,375:DEBUG:in-event <InotifyEvent: src_path=b'/home/rabbia/To-DoList/test.log', wd=1, mask=IN_MODIFY, cookie=0, name=test.log>
2021-08-03 16:38:05,376:DEBUG:in-event <InotifyEvent: src_path=b'/home/rabbia/To-DoList/test.log', wd=1, mask=IN_MODIFY, cookie=0, name=test.log>
2021-08-03 16:38:05,376:DEBUG:in-event <InotifyEvent: src_path=b'/home/rabbia/To-DoList/test.log', wd=1, mask=IN_MODIFY, cookie=0, name=test.log>
2021-08-03 16:38:05,376:DEBUG:in-event <InotifyEvent: src_path=b'/home/rabbia/To-DoList/test.log', wd=1, mask=IN_MODIFY, cookie=0, name=test.log>
2021-08-03 16:38:05,376:DEBUG:in-event <InotifyEvent: src_path=b'/home/rabbia/To-DoList/test.log', wd=1, mask=IN_MODIFY, cookie=0, name=test.log>
2021-08-03 16:38:05,376:DEBUG:in-event <InotifyEvent: src_path=b'/home/rabbia/To-DoList/test.log', wd=1, mask=IN_MODIFY, cookie=0, name=test.log>
2021-08-03 16:38:05,376:DEBUG:in-event <InotifyEvent: src_path=b'/home/rabbia/To-DoList/test.log', wd=1, mask=IN_MODIFY, cookie=0, name=test.log>
2021-08-03 16:38:05,377:DEBUG:in-event <InotifyEvent: src_path=b'/home/rabbia/To-DoList/test.log', wd=1, mask=IN_MODIFY, cookie=0, name=test.log>
2021-08-03 16:38:05,377:DEBUG:in-event <InotifyEvent: src_path=b'/home/rabbia/To-DoList/test.log', wd=1, mask=IN_MODIFY, cookie=0, name=test.log>
2021-08-03 16:38:05,377:DEBUG:in-event <InotifyEvent: src_path=b'/home/rabbia/To-DoList/test.log', wd=1, mask=IN_MODIFY, cookie=0, name=test.log>
2021-08-03 16:38:05,377:DEBUG:in-event <InotifyEvent: src_path=b'/home/rabbia/To-DoList/test.log', wd=1, mask=IN_MODIFY, cookie=0, name=test.log>
2021-08-03 16:38:05,378:DEBUG:in-event <InotifyEvent: src_path=b'/home/rabbia/To-DoList/test.log', wd=1, mask=IN_MODIFY, cookie=0, name=test.log>
2021-08-03 16:38:05,378:DEBUG:in-event <InotifyEvent: src_path=b'/home/rabbia/To-DoList/test.log', wd=1, mask=IN_MODIFY, cookie=0, name=test.log>
2021-08-03 16:38:05,378:DEBUG:in-event <InotifyEvent: src_path=b'/home/rabbia/To-DoList/test.log', wd=1, mask=IN_MODIFY, cookie=0, name=test.log>
2021-08-03 16:38:05,378:DEBUG:in-event <InotifyEvent: src_path=b'/home/rabbia/To-DoList/test.log', wd=1, mask=IN_MODIFY, cookie=0, name=test.log>
2021-08-03 16:38:05,378:DEBUG:in-event <InotifyEvent: src_path=b'/home/rabbia/To-DoList/test.log', wd=1, mask=IN_MODIFY, cookie=0, name=test.log>
2021-08-03 16:38:05,379:DEBUG:in-event <InotifyEvent: src_path=b'/home/rabbia/To-DoList/test.log', wd=1, mask=IN_MODIFY, cookie=0, name=test.log>
2021-08-03 16:38:05,379:DEBUG:in-event <InotifyEvent: src_path=b'/home/rabbia/To-DoList/test.log', wd=1, mask=IN_MODIFY, cookie=0, name=test.log>
2021-08-03 16:38:05,379:DEBUG:in-event <InotifyEvent: src_path=b'/home/rabbia/To-DoList/test.log', wd=1, mask=IN_MODIFY, cookie=0, name=test.log>
2021-08-03 16:38:05,379:DEBUG:in-event <InotifyEvent: src_path=b'/home/rabbia/To-DoList/test.log', wd=1, mask=IN_MODIFY, cookie=0, name=test.log>
2021-08-03 16:38:05,379:DEBUG:in-event <InotifyEvent: src_path=b'/home/rabbia/To-DoList/test.log', wd=1, mask=IN_MODIFY, cookie=0, name=test.log>
2021-08-03 16:38:05,379:DEBUG:in-event <InotifyEvent: src_path=b'/home/rabbia/To-DoList/test.log', wd=1, mask=IN_MODIFY, cookie=0, name=test.log>
2021-08-03 16:38:05,380:DEBUG:in-event <InotifyEvent: src_path=b'/home/rabbia/To-DoList/test.log', wd=1, mask=IN_MODIFY, cookie=0, name=test.log>
2021-08-03 16:38:05,380:DEBUG:in-event <InotifyEvent: src_path=b'/home/rabbia/To-DoList/test.log', wd=1, mask=IN_MODIFY, cookie=0, name=test.log>
2021-08-03 16:38:05,380:DEBUG:in-event <InotifyEvent: src_path=b'/home/rabbia/To-DoList/test.log', wd=1, mask=IN_MODIFY, cookie=0, name=test.log>
2021-08-03 16:38:05,380:DEBUG:in-event <InotifyEvent: src_path=b'/home/rabbia/To-DoList/test.log', wd=1, mask=IN_MODIFY, cookie=0, name=test.log>
2021-08-03 16:38:05,380:DEBUG:in-event <InotifyEvent: src_path=b'/home/rabbia/To-DoList/test.log', wd=1, mask=IN_MODIFY, cookie=0, name=test.log>
2021-08-03 16:38:05,381:DEBUG:in-event <InotifyEvent: src_path=b'/home/rabbia/To-DoList/test.log', wd=1, mask=IN_MODIFY, cookie=0, name=test.log>
2021-08-03 16:38:05,381:DEBUG:in-event <InotifyEvent: src_path=b'/home/rabbia/To-DoList/test.log', wd=1, mask=IN_MODIFY, cookie=0, name=test.log>
2021-08-03 16:38:05,381:DEBUG:in-event <InotifyEvent: src_path=b'/home/rabbia/To-DoList/test.log', wd=1, mask=IN_MODIFY, cookie=0, name=test.log>
2021-08-03 16:38:05,381:DEBUG:in-event <InotifyEvent: src_path=b'/home/rabbia/To-DoList/test.log', wd=1, mask=IN_MODIFY, cookie=0, name=test.log>
2021-08-03 16:38:05,381:DEBUG:in-event <InotifyEvent: src_path=b'/home/rabbia/To-DoList/test.log', wd=1, mask=IN_MODIFY, cookie=0, name=test.log>
2021-08-03 16:38:05,382:DEBUG:in-event <InotifyEvent: src_path=b'/home/rabbia/To-DoList/test.log', wd=1, mask=IN_MODIFY, cookie=0, name=test.log>
2021-08-03 16:38:05,382:DEBUG:in-event <InotifyEvent: src_path=b'/home/rabbia/To-DoList/test.log', wd=1, mask=IN_MODIFY, cookie=0, name=test.log>
2021-08-03 16:38:05,382:DEBUG:in-event <InotifyEvent: src_path=b'/home/rabbia/To-DoList/test.log', wd=1, mask=IN_MODIFY, cookie=0, name=test.log>
2021-08-03 16:38:05,382:DEBUG:in-event <InotifyEvent: src_path=b'/home/rabbia/To-DoList/test.log', wd=1, mask=IN_MODIFY, cookie=0, name=test.log>
2021-08-03 16:38:05,383:DEBUG:in-event <InotifyEvent: src_path=b'/home/rabbia/To-DoList/test.log', wd=1, mask=IN_MODIFY, cookie=0, name=test.log>
2021-08-03 16:38:05,383:DEBUG:in-event <InotifyEvent: src_path=b'/home/rabbia/To-DoList/test.log', wd=1, mask=IN_MODIFY, cookie=0, name=test.log>
2021-08-03 16:38:05,383:DEBUG:in-event <InotifyEvent: src_path=b'/home/rabbia/To-DoList/test.log', wd=1, mask=IN_MODIFY, cookie=0, name=test.log>
2021-08-03 16:38:05,383:DEBUG:in-event <InotifyEvent: src_path=b'/home/rabbia/To-DoList/test.log', wd=1, mask=IN_MODIFY, cookie=0, name=test.log>
2021-08-03 16:38:05,383:DEBUG:in-event <InotifyEvent: src_path=b'/home/rabbia/To-DoList/test.log', wd=1, mask=IN_MODIFY, cookie=0, name=test.log>
2021-08-03 16:38:05,384:DEBUG:in-event <InotifyEvent: src_path=b'/home/rabbia/To-DoList/test.log', wd=1, mask=IN_MODIFY, cookie=0, name=test.log>
2021-08-03 16:38:05,384:DEBUG:in-event <InotifyEvent: src_path=b'/home/rabbia/To-DoList/test.log', wd=1, mask=IN_MODIFY, cookie=0, name=test.log>
2021-08-03 16:38:05,384:DEBUG:in-event <InotifyEvent: src_path=b'/home/rabbia/To-DoList/test.log', wd=1, mask=IN_MODIFY, cookie=0, name=test.log>
2021-08-03 16:38:05,384:DEBUG:in-event <InotifyEvent: src_path=b'/home/rabbia/To-DoList/test.log', wd=1, mask=IN_MODIFY, cookie=0, name=test.log>
2021-08-03 16:38:05,384:DEBUG:in-event <InotifyEvent: src_path=b'/home/rabbia/To-DoList/test.log', wd=1, mask=IN_MODIFY, cookie=0, name=test.log>
2021-08-03 16:38:05,385:DEBUG:in-event <InotifyEvent: src_path=b'/home/rabbia/To-DoList/test.log', wd=1, mask=IN_MODIFY, cookie=0, name=test.log>
2021-08-03 16:38:05,385:DEBUG:in-event <InotifyEvent: src_path=b'/home/rabbia/To-DoList/test.log', wd=1, mask=IN_MODIFY, cookie=0, name=test.log>
2021-08-03 16:38:05,385:DEBUG:in-event <InotifyEvent: src_path=b'/home/rabbia/To-DoList/test.log', wd=1, mask=IN_MODIFY, cookie=0, name=test.log>
2021-08-03 16:38:05,385:DEBUG:in-event <InotifyEvent: src_path=b'/home/rabbia/To-DoList/test.log', wd=1, mask=IN_MODIFY, cookie=0, name=test.log>
2021-08-03 16:38:05,385:DEBUG:in-event <InotifyEvent: src_path=b'/home/rabbia/To-DoList/test.log', wd=1, mask=IN_MODIFY, cookie=0, name=test.log>
2021-08-03 16:38:05,386:DEBUG:in-event <InotifyEvent: src_path=b'/home/rabbia/To-DoList/test.log', wd=1, mask=IN_MODIFY, cookie=0, name=test.log>
2021-08-03 16:38:05,386:DEBUG:in-event <InotifyEvent: src_path=b'/home/rabbia/To-DoList/test.log', wd=1, mask=IN_MODIFY, cookie=0, name=test.log>
2021-08-03 16:38:05,386:DEBUG:in-event <InotifyEvent: src_path=b'/home/rabbia/To-DoList/test.log', wd=1, mask=IN_MODIFY, cookie=0, name=test.log>
2021-08-03 16:38:05,386:DEBUG:in-event <InotifyEvent: src_path=b'/home/rabbia/To-DoList/test.log', wd=1, mask=IN_MODIFY, cookie=0, name=test.log>
2021-08-03 16:38:05,387:DEBUG:in-event <InotifyEvent: src_path=b'/home/rabbia/To-DoList/test.log', wd=1, mask=IN_MODIFY, cookie=0, name=test.log>
2021-08-03 16:38:05,387:DEBUG:in-event <InotifyEvent: src_path=b'/home/rabbia/To-DoList/test.log', wd=1, mask=IN_MODIFY, cookie=0, name=test.log>
2021-08-03 16:38:05,387:DEBUG:in-event <InotifyEvent: src_path=b'/home/rabbia/To-DoList/test.log', wd=1, mask=IN_MODIFY, cookie=0, name=test.log>
2021-08-03 16:38:05,387:DEBUG:in-event <InotifyEvent: src_path=b'/home/rabbia/To-DoList/test.log', wd=1, mask=IN_MODIFY, cookie=0, name=test.log>
2021-08-03 16:38:05,387:DEBUG:in-event <InotifyEvent: src_path=b'/home/rabbia/To-DoList/test.log', wd=1, mask=IN_MODIFY, cookie=0, name=test.log>
2021-08-03 16:38:05,388:DEBUG:in-event <InotifyEvent: src_path=b'/home/rabbia/To-DoList/test.log', wd=1, mask=IN_MODIFY, cookie=0, name=test.log>
2021-08-03 16:38:05,388:DEBUG:in-event <InotifyEvent: src_path=b'/home/rabbia/To-DoList/test.log', wd=1, mask=IN_MODIFY, cookie=0, name=test.log>
2021-08-03 16:38:05,388:DEBUG:in-event <InotifyEvent: src_path=b'/home/rabbia/To-DoList/test.log', wd=1, mask=IN_MODIFY, cookie=0, name=test.log>
2021-08-03 16:38:05,388:DEBUG:in-event <InotifyEvent: src_path=b'/home/rabbia/To-DoList/test.log', wd=1, mask=IN_MODIFY, cookie=0, name=test.log>
2021-08-03 16:38:05,388:DEBUG:in-event <InotifyEvent: src_path=b'/home/rabbia/To-DoList/test.log', wd=1, mask=IN_MODIFY, cookie=0, name=test.log>
2021-08-03 16:38:05,389:DEBUG:in-event <InotifyEvent: src_path=b'/home/rabbia/To-DoList/test.log', wd=1, mask=IN_MODIFY, cookie=0, name=test.log>
2021-08-03 16:38:05,389:DEBUG:in-event <InotifyEvent: src_path=b'/home/rabbia/To-DoList/test.log', wd=1, mask=IN_MODIFY, cookie=0, name=test.log>
2021-08-03 16:38:05,389:DEBUG:in-event <InotifyEvent: src_path=b'/home/rabbia/To-DoList/test.log', wd=1, mask=IN_MODIFY, cookie=0, name=test.log>
2021-08-03 16:38:05,389:DEBUG:in-event <InotifyEvent: src_path=b'/home/rabbia/To-DoList/test.log', wd=1, mask=IN_MODIFY, cookie=0, name=test.log>
2021-08-03 16:38:05,389:DEBUG:in-event <InotifyEvent: src_path=b'/home/rabbia/To-DoList/test.log', wd=1, mask=IN_MODIFY, cookie=0, name=test.log>
2021-08-03 16:38:05,390:DEBUG:in-event <InotifyEvent: src_path=b'/home/rabbia/To-DoList/test.log', wd=1, mask=IN_MODIFY, cookie=0, name=test.log>
2021-08-03 16:38:05,390:DEBUG:in-event <InotifyEvent: src_path=b'/home/rabbia/To-DoList/test.log', wd=1, mask=IN_MODIFY, cookie=0, name=test.log>
2021-08-03 16:38:05,390:DEBUG:in-event <InotifyEvent: src_path=b'/home/rabbia/To-DoList/test.log', wd=1, mask=IN_MODIFY, cookie=0, name=test.log>
2021-08-03 16:38:05,390:DEBUG:in-event <InotifyEvent: src_path=b'/home/rabbia/To-DoList/test.log', wd=1, mask=IN_MODIFY, cookie=0, name=test.log>
2021-08-03 16:38:05,390:DEBUG:in-event <InotifyEvent: src_path=b'/home/rabbia/To-DoList/test.log', wd=1, mask=IN_MODIFY, cookie=0, name=test.log>
2021-08-03 16:38:05,390:DEBUG:in-event <InotifyEvent: src_path=b'/home/rabbia/To-DoList/test.log', wd=1, mask=IN_MODIFY, cookie=0, name=test.log>
2021-08-03 16:38:05,391:DEBUG:in-event <InotifyEvent: src_path=b'/home/rabbia/To-DoList/test.log', wd=1, mask=IN_MODIFY, cookie=0, name=test.log>
2021-08-03 16:38:05,391:DEBUG:in-event <InotifyEvent: src_path=b'/home/rabbia/To-DoList/test.log', wd=1, mask=IN_MODIFY, cookie=0, name=test.log>
2021-08-03 16:38:05,391:DEBUG:in-event <InotifyEvent: src_path=b'/home/rabbia/To-DoList/test.log', wd=1, mask=IN_MODIFY, cookie=0, name=test.log>
2021-08-03 16:38:05,391:DEBUG:in-event <InotifyEvent: src_path=b'/home/rabbia/To-DoList/test.log', wd=1, mask=IN_MODIFY, cookie=0, name=test.log>
2021-08-03 16:38:05,392:DEBUG:in-event <InotifyEvent: src_path=b'/home/rabbia/To-DoList/test.log', wd=1, mask=IN_MODIFY, cookie=0, name=test.log>
2021-08-03 16:38:05,392:DEBUG:in-event <InotifyEvent: src_path=b'/home/rabbia/To-DoList/test.log', wd=1, mask=IN_MODIFY, cookie=0, name=test.log>
2021-08-03 16:38:05,392:DEBUG:in-event <InotifyEvent: src_path=b'/home/rabbia/To-DoList/test.log', wd=1, mask=IN_MODIFY, cookie=0, name=test.log>
2021-08-03 16:38:05,392:DEBUG:in-event <InotifyEvent: src_path=b'/home/rabbia/To-DoList/test.log', wd=1, mask=IN_MODIFY, cookie=0, name=test.log>
2021-08-03 16:38:05,392:DEBUG:in-event <InotifyEvent: src_path=b'/home/rabbia/To-DoList/test.log', wd=1, mask=IN_MODIFY, cookie=0, name=test.log>
2021-08-03 16:38:05,393:DEBUG:in-event <InotifyEvent: src_path=b'/home/rabbia/To-DoList/test.log', wd=1, mask=IN_MODIFY, cookie=0, name=test.log>
2021-08-03 16:38:05,393:DEBUG:in-event <InotifyEvent: src_path=b'/home/rabbia/To-DoList/test.log', wd=1, mask=IN_MODIFY, cookie=0, name=test.log>
2021-08-03 16:38:05,393:DEBUG:in-event <InotifyEvent: src_path=b'/home/rabbia/To-DoList/test.log', wd=1, mask=IN_MODIFY, cookie=0, name=test.log>
2021-08-03 16:38:05,393:DEBUG:in-event <InotifyEvent: src_path=b'/home/rabbia/To-DoList/test.log', wd=1, mask=IN_MODIFY, cookie=0, name=test.log>
2021-08-03 16:38:05,393:DEBUG:in-event <InotifyEvent: src_path=b'/home/rabbia/To-DoList/test.log', wd=1, mask=IN_MODIFY, cookie=0, name=test.log>
2021-08-03 16:38:05,394:DEBUG:in-event <InotifyEvent: src_path=b'/home/rabbia/To-DoList/test.log', wd=1, mask=IN_MODIFY, cookie=0, name=test.log>
2021-08-03 16:38:05,394:DEBUG:in-event <InotifyEvent: src_path=b'/home/rabbia/To-DoList/test.log', wd=1, mask=IN_MODIFY, cookie=0, name=test.log>
2021-08-03 16:38:05,394:DEBUG:in-event <InotifyEvent: src_path=b'/home/rabbia/To-DoList/test.log', wd=1, mask=IN_MODIFY, cookie=0, name=test.log>
2021-08-03 16:38:05,394:DEBUG:in-event <InotifyEvent: src_path=b'/home/rabbia/To-DoList/test.log', wd=1, mask=IN_MODIFY, cookie=0, name=test.log>
2021-08-03 16:38:05,394:DEBUG:in-event <InotifyEvent: src_path=b'/home/rabbia/To-DoList/test.log', wd=1, mask=IN_MODIFY, cookie=0, name=test.log>
2021-08-03 16:38:05,395:DEBUG:in-event <InotifyEvent: src_path=b'/home/rabbia/To-DoList/test.log', wd=1, mask=IN_MODIFY, cookie=0, name=test.log>
2021-08-03 16:38:05,395:DEBUG:in-event <InotifyEvent: src_path=b'/home/rabbia/To-DoList/test.log', wd=1, mask=IN_MODIFY, cookie=0, name=test.log>
2021-08-03 16:38:05,395:DEBUG:in-event <InotifyEvent: src_path=b'/home/rabbia/To-DoList/test.log', wd=1, mask=IN_MODIFY, cookie=0, name=test.log>
2021-08-03 16:38:05,395:DEBUG:in-event <InotifyEvent: src_path=b'/home/rabbia/To-DoList/test.log', wd=1, mask=IN_MODIFY, cookie=0, name=test.log>
2021-08-03 16:38:05,396:DEBUG:in-event <InotifyEvent: src_path=b'/home/rabbia/To-DoList/test.log', wd=1, mask=IN_MODIFY, cookie=0, name=test.log>
2021-08-03 16:38:05,396:DEBUG:in-event <InotifyEvent: src_path=b'/home/rabbia/To-DoList/test.log', wd=1, mask=IN_MODIFY, cookie=0, name=test.log>
2021-08-03 16:38:05,396:DEBUG:in-event <InotifyEvent: src_path=b'/home/rabbia/To-DoList/test.log', wd=1, mask=IN_MODIFY, cookie=0, name=test.log>
2021-08-03 16:38:05,396:DEBUG:in-event <InotifyEvent: src_path=b'/home/rabbia/To-DoList/test.log', wd=1, mask=IN_MODIFY, cookie=0, name=test.log>
2021-08-03 16:38:05,396:DEBUG:in-event <InotifyEvent: src_path=b'/home/rabbia/To-DoList/test.log', wd=1, mask=IN_MODIFY, cookie=0, name=test.log>
2021-08-03 16:38:05,396:DEBUG:in-event <InotifyEvent: src_path=b'/home/rabbia/To-DoList/test.log', wd=1, mask=IN_MODIFY, cookie=0, name=test.log>
2021-08-03 16:38:05,397:DEBUG:in-event <InotifyEvent: src_path=b'/home/rabbia/To-DoList/test.log', wd=1, mask=IN_MODIFY, cookie=0, name=test.log>
2021-08-03 16:38:05,397:DEBUG:in-event <InotifyEvent: src_path=b'/home/rabbia/To-DoList/test.log', wd=1, mask=IN_MODIFY, cookie=0, name=test.log>
2021-08-03 16:38:05,397:DEBUG:in-event <InotifyEvent: src_path=b'/home/rabbia/To-DoList/test.log', wd=1, mask=IN_MODIFY, cookie=0, name=test.log>
2021-08-03 16:38:05,397:DEBUG:in-event <InotifyEvent: src_path=b'/home/rabbia/To-DoList/test.log', wd=1, mask=IN_MODIFY, cookie=0, name=test.log>
2021-08-03 16:38:05,398:DEBUG:in-event <InotifyEvent: src_path=b'/home/rabbia/To-DoList/test.log', wd=1, mask=IN_MODIFY, cookie=0, name=test.log>
2021-08-03 16:38:05,398:DEBUG:in-event <InotifyEvent: src_path=b'/home/rabbia/To-DoList/test.log', wd=1, mask=IN_MODIFY, cookie=0, name=test.log>
2021-08-03 16:38:05,398:DEBUG:in-event <InotifyEvent: src_path=b'/home/rabbia/To-DoList/test.log', wd=1, mask=IN_MODIFY, cookie=0, name=test.log>
2021-08-03 16:38:05,398:DEBUG:in-event <InotifyEvent: src_path=b'/home/rabbia/To-DoList/test.log', wd=1, mask=IN_MODIFY, cookie=0, name=test.log>
2021-08-03 16:38:05,399:DEBUG:in-event <InotifyEvent: src_path=b'/home/rabbia/To-DoList/test.log', wd=1, mask=IN_MODIFY, cookie=0, name=test.log>
2021-08-03 16:38:05,399:DEBUG:in-event <InotifyEvent: src_path=b'/home/rabbia/To-DoList/test.log', wd=1, mask=IN_MODIFY, cookie=0, name=test.log>
2021-08-03 16:38:05,399:DEBUG:in-event <InotifyEvent: src_path=b'/home/rabbia/To-DoList/test.log', wd=1, mask=IN_MODIFY, cookie=0, name=test.log>
2021-08-03 16:38:05,399:DEBUG:in-event <InotifyEvent: src_path=b'/home/rabbia/To-DoList/test.log', wd=1, mask=IN_MODIFY, cookie=0, name=test.log>
2021-08-03 16:38:05,399:DEBUG:in-event <InotifyEvent: src_path=b'/home/rabbia/To-DoList/test.log', wd=1, mask=IN_MODIFY, cookie=0, name=test.log>
2021-08-03 16:38:05,400:DEBUG:in-event <InotifyEvent: src_path=b'/home/rabbia/To-DoList/test.log', wd=1, mask=IN_MODIFY, cookie=0, name=test.log>
2021-08-03 16:38:05,400:DEBUG:in-event <InotifyEvent: src_path=b'/home/rabbia/To-DoList/test.log', wd=1, mask=IN_MODIFY, cookie=0, name=test.log>
2021-08-03 16:38:05,400:DEBUG:in-event <InotifyEvent: src_path=b'/home/rabbia/To-DoList/test.log', wd=1, mask=IN_MODIFY, cookie=0, name=test.log>
2021-08-03 16:38:05,400:DEBUG:in-event <InotifyEvent: src_path=b'/home/rabbia/To-DoList/test.log', wd=1, mask=IN_MODIFY, cookie=0, name=test.log>
2021-08-03 16:38:05,400:DEBUG:in-event <InotifyEvent: src_path=b'/home/rabbia/To-DoList/test.log', wd=1, mask=IN_MODIFY, cookie=0, name=test.log>
2021-08-03 16:38:05,400:DEBUG:in-event <InotifyEvent: src_path=b'/home/rabbia/To-DoList/test.log', wd=1, mask=IN_MODIFY, cookie=0, name=test.log>
2021-08-03 16:38:05,400:DEBUG:in-event <InotifyEvent: src_path=b'/home/rabbia/To-DoList/test.log', wd=1, mask=IN_MODIFY, cookie=0, name=test.log>
2021-08-03 16:38:05,401:DEBUG:in-event <InotifyEvent: src_path=b'/home/rabbia/To-DoList/test.log', wd=1, mask=IN_MODIFY, cookie=0, name=test.log>
2021-08-03 16:38:05,401:DEBUG:in-event <InotifyEvent: src_path=b'/home/rabbia/To-DoList/test.log', wd=1, mask=IN_MODIFY, cookie=0, name=test.log>
2021-08-03 16:38:05,401:DEBUG:in-event <InotifyEvent: src_path=b'/home/rabbia/To-DoList/test.log', wd=1, mask=IN_MODIFY, cookie=0, name=test.log>
2021-08-03 16:38:05,401:DEBUG:in-event <InotifyEvent: src_path=b'/home/rabbia/To-DoList/test.log', wd=1, mask=IN_MODIFY, cookie=0, name=test.log>
2021-08-03 16:38:05,401:DEBUG:in-event <InotifyEvent: src_path=b'/home/rabbia/To-DoList/test.log', wd=1, mask=IN_MODIFY, cookie=0, name=test.log>
2021-08-03 16:38:05,401:DEBUG:in-event <InotifyEvent: src_path=b'/home/rabbia/To-DoList/test.log', wd=1, mask=IN_MODIFY, cookie=0, name=test.log>
2021-08-03 16:38:05,402:DEBUG:in-event <InotifyEvent: src_path=b'/home/rabbia/To-DoList/test.log', wd=1, mask=IN_MODIFY, cookie=0, name=test.log>
2021-08-03 16:38:05,402:DEBUG:in-event <InotifyEvent: src_path=b'/home/rabbia/To-DoList/test.log', wd=1, mask=IN_MODIFY, cookie=0, name=test.log>
2021-08-03 16:38:05,402:DEBUG:in-event <InotifyEvent: src_path=b'/home/rabbia/To-DoList/test.log', wd=1, mask=IN_MODIFY, cookie=0, name=test.log>
2021-08-03 16:38:05,402:DEBUG:in-event <InotifyEvent: src_path=b'/home/rabbia/To-DoList/test.log', wd=1, mask=IN_MODIFY, cookie=0, name=test.log>
2021-08-03 16:38:05,402:DEBUG:in-event <InotifyEvent: src_path=b'/home/rabbia/To-DoList/test.log', wd=1, mask=IN_MODIFY, cookie=0, name=test.log>
2021-08-03 16:38:05,403:DEBUG:in-event <InotifyEvent: src_path=b'/home/rabbia/To-DoList/test.log', wd=1, mask=IN_MODIFY, cookie=0, name=test.log>
2021-08-03 16:38:05,403:DEBUG:in-event <InotifyEvent: src_path=b'/home/rabbia/To-DoList/test.log', wd=1, mask=IN_MODIFY, cookie=0, name=test.log>
2021-08-03 16:38:05,403:DEBUG:in-event <InotifyEvent: src_path=b'/home/rabbia/To-DoList/test.log', wd=1, mask=IN_MODIFY, cookie=0, name=test.log>
2021-08-03 16:38:05,403:DEBUG:in-event <InotifyEvent: src_path=b'/home/rabbia/To-DoList/test.log', wd=1, mask=IN_MODIFY, cookie=0, name=test.log>
2021-08-03 16:38:05,403:DEBUG:in-event <InotifyEvent: src_path=b'/home/rabbia/To-DoList/test.log', wd=1, mask=IN_MODIFY, cookie=0, name=test.log>
2021-08-03 16:38:05,404:DEBUG:in-event <InotifyEvent: src_path=b'/home/rabbia/To-DoList/test.log', wd=1, mask=IN_MODIFY, cookie=0, name=test.log>
2021-08-03 16:38:05,404:DEBUG:in-event <InotifyEvent: src_path=b'/home/rabbia/To-DoList/test.log', wd=1, mask=IN_MODIFY, cookie=0, name=test.log>
2021-08-03 16:38:05,404:DEBUG:in-event <InotifyEvent: src_path=b'/home/rabbia/To-DoList/test.log', wd=1, mask=IN_MODIFY, cookie=0, name=test.log>
2021-08-03 16:38:05,404:DEBUG:in-event <InotifyEvent: src_path=b'/home/rabbia/To-DoList/test.log', wd=1, mask=IN_MODIFY, cookie=0, name=test.log>
2021-08-03 16:38:05,404:DEBUG:in-event <InotifyEvent: src_path=b'/home/rabbia/To-DoList/test.log', wd=1, mask=IN_MODIFY, cookie=0, name=test.log>
2021-08-03 16:38:05,404:DEBUG:in-event <InotifyEvent: src_path=b'/home/rabbia/To-DoList/test.log', wd=1, mask=IN_MODIFY, cookie=0, name=test.log>
2021-08-03 16:38:05,405:DEBUG:in-event <InotifyEvent: src_path=b'/home/rabbia/To-DoList/test.log', wd=1, mask=IN_MODIFY, cookie=0, name=test.log>
2021-08-03 16:38:05,405:DEBUG:in-event <InotifyEvent: src_path=b'/home/rabbia/To-DoList/test.log', wd=1, mask=IN_MODIFY, cookie=0, name=test.log>
2021-08-03 16:38:05,405:DEBUG:in-event <InotifyEvent: src_path=b'/home/rabbia/To-DoList/test.log', wd=1, mask=IN_MODIFY, cookie=0, name=test.log>
2021-08-03 16:38:05,405:DEBUG:in-event <InotifyEvent: src_path=b'/home/rabbia/To-DoList/test.log', wd=1, mask=IN_MODIFY, cookie=0, name=test.log>
2021-08-03 16:38:05,405:DEBUG:in-event <InotifyEvent: src_path=b'/home/rabbia/To-DoList/test.log', wd=1, mask=IN_MODIFY, cookie=0, name=test.log>
2021-08-03 16:38:05,406:DEBUG:in-event <InotifyEvent: src_path=b'/home/rabbia/To-DoList/test.log', wd=1, mask=IN_MODIFY, cookie=0, name=test.log>
2021-08-03 16:38:05,406:DEBUG:in-event <InotifyEvent: src_path=b'/home/rabbia/To-DoList/test.log', wd=1, mask=IN_MODIFY, cookie=0, name=test.log>
2021-08-03 16:38:05,406:DEBUG:in-event <InotifyEvent: src_path=b'/home/rabbia/To-DoList/test.log', wd=1, mask=IN_MODIFY, cookie=0, name=test.log>
2021-08-03 16:38:05,406:DEBUG:in-event <InotifyEvent: src_path=b'/home/rabbia/To-DoList/test.log', wd=1, mask=IN_MODIFY, cookie=0, name=test.log>
2021-08-03 16:38:05,406:DEBUG:in-event <InotifyEvent: src_path=b'/home/rabbia/To-DoList/test.log', wd=1, mask=IN_MODIFY, cookie=0, name=test.log>
2021-08-03 16:38:05,407:DEBUG:in-event <InotifyEvent: src_path=b'/home/rabbia/To-DoList/test.log', wd=1, mask=IN_MODIFY, cookie=0, name=test.log>
2021-08-03 16:38:05,407:DEBUG:in-event <InotifyEvent: src_path=b'/home/rabbia/To-DoList/test.log', wd=1, mask=IN_MODIFY, cookie=0, name=test.log>
2021-08-03 16:38:05,407:DEBUG:in-event <InotifyEvent: src_path=b'/home/rabbia/To-DoList/test.log', wd=1, mask=IN_MODIFY, cookie=0, name=test.log>
2021-08-03 16:38:05,407:DEBUG:in-event <InotifyEvent: src_path=b'/home/rabbia/To-DoList/test.log', wd=1, mask=IN_MODIFY, cookie=0, name=test.log>
2021-08-03 16:38:05,407:DEBUG:in-event <InotifyEvent: src_path=b'/home/rabbia/To-DoList/test.log', wd=1, mask=IN_MODIFY, cookie=0, name=test.log>
2021-08-03 16:38:05,407:DEBUG:in-event <InotifyEvent: src_path=b'/home/rabbia/To-DoList/test.log', wd=1, mask=IN_MODIFY, cookie=0, name=test.log>
2021-08-03 16:38:05,407:DEBUG:in-event <InotifyEvent: src_path=b'/home/rabbia/To-DoList/test.log', wd=1, mask=IN_MODIFY, cookie=0, name=test.log>
2021-08-03 16:38:05,408:DEBUG:in-event <InotifyEvent: src_path=b'/home/rabbia/To-DoList/test.log', wd=1, mask=IN_MODIFY, cookie=0, name=test.log>
2021-08-03 16:38:05,408:DEBUG:in-event <InotifyEvent: src_path=b'/home/rabbia/To-DoList/test.log', wd=1, mask=IN_MODIFY, cookie=0, name=test.log>
2021-08-03 16:38:05,408:DEBUG:in-event <InotifyEvent: src_path=b'/home/rabbia/To-DoList/test.log', wd=1, mask=IN_MODIFY, cookie=0, name=test.log>
2021-08-03 16:38:05,408:DEBUG:in-event <InotifyEvent: src_path=b'/home/rabbia/To-DoList/test.log', wd=1, mask=IN_MODIFY, cookie=0, name=test.log>
2021-08-03 16:38:05,409:DEBUG:in-event <InotifyEvent: src_path=b'/home/rabbia/To-DoList/test.log', wd=1, mask=IN_MODIFY, cookie=0, name=test.log>
2021-08-03 16:38:05,409:DEBUG:in-event <InotifyEvent: src_path=b'/home/rabbia/To-DoList/test.log', wd=1, mask=IN_MODIFY, cookie=0, name=test.log>
2021-08-03 16:38:05,409:DEBUG:in-event <InotifyEvent: src_path=b'/home/rabbia/To-DoList/test.log', wd=1, mask=IN_MODIFY, cookie=0, name=test.log>
2021-08-03 16:38:05,409:DEBUG:in-event <InotifyEvent: src_path=b'/home/rabbia/To-DoList/test.log', wd=1, mask=IN_MODIFY, cookie=0, name=test.log>
2021-08-03 16:38:05,409:DEBUG:in-event <InotifyEvent: src_path=b'/home/rabbia/To-DoList/test.log', wd=1, mask=IN_MODIFY, cookie=0, name=test.log>
2021-08-03 16:38:05,410:DEBUG:in-event <InotifyEvent: src_path=b'/home/rabbia/To-DoList/test.log', wd=1, mask=IN_MODIFY, cookie=0, name=test.log>
2021-08-03 16:38:05,410:DEBUG:in-event <InotifyEvent: src_path=b'/home/rabbia/To-DoList/test.log', wd=1, mask=IN_MODIFY, cookie=0, name=test.log>
2021-08-03 16:38:05,410:DEBUG:in-event <InotifyEvent: src_path=b'/home/rabbia/To-DoList/test.log', wd=1, mask=IN_MODIFY, cookie=0, name=test.log>
2021-08-03 16:38:05,410:DEBUG:in-event <InotifyEvent: src_path=b'/home/rabbia/To-DoList/test.log', wd=1, mask=IN_MODIFY, cookie=0, name=test.log>
2021-08-03 16:38:05,410:DEBUG:in-event <InotifyEvent: src_path=b'/home/rabbia/To-DoList/test.log', wd=1, mask=IN_MODIFY, cookie=0, name=test.log>
2021-08-03 16:38:05,410:DEBUG:in-event <InotifyEvent: src_path=b'/home/rabbia/To-DoList/test.log', wd=1, mask=IN_MODIFY, cookie=0, name=test.log>
2021-08-03 16:38:05,411:DEBUG:in-event <InotifyEvent: src_path=b'/home/rabbia/To-DoList/test.log', wd=1, mask=IN_MODIFY, cookie=0, name=test.log>
2021-08-03 16:38:05,411:DEBUG:in-event <InotifyEvent: src_path=b'/home/rabbia/To-DoList/test.log', wd=1, mask=IN_MODIFY, cookie=0, name=test.log>
2021-08-03 16:38:05,411:DEBUG:in-event <InotifyEvent: src_path=b'/home/rabbia/To-DoList/test.log', wd=1, mask=IN_MODIFY, cookie=0, name=test.log>
2021-08-03 16:38:05,411:DEBUG:in-event <InotifyEvent: src_path=b'/home/rabbia/To-DoList/test.log', wd=1, mask=IN_MODIFY, cookie=0, name=test.log>
2021-08-03 16:38:05,411:DEBUG:in-event <InotifyEvent: src_path=b'/home/rabbia/To-DoList/test.log', wd=1, mask=IN_MODIFY, cookie=0, name=test.log>
2021-08-03 16:38:05,411:DEBUG:in-event <InotifyEvent: src_path=b'/home/rabbia/To-DoList/test.log', wd=1, mask=IN_MODIFY, cookie=0, name=test.log>
2021-08-03 16:38:05,411:DEBUG:in-event <InotifyEvent: src_path=b'/home/rabbia/To-DoList/test.log', wd=1, mask=IN_MODIFY, cookie=0, name=test.log>
2021-08-03 16:38:05,412:DEBUG:in-event <InotifyEvent: src_path=b'/home/rabbia/To-DoList/test.log', wd=1, mask=IN_MODIFY, cookie=0, name=test.log>
2021-08-03 16:38:05,412:DEBUG:in-event <InotifyEvent: src_path=b'/home/rabbia/To-DoList/test.log', wd=1, mask=IN_MODIFY, cookie=0, name=test.log>
2021-08-03 16:38:05,412:DEBUG:in-event <InotifyEvent: src_path=b'/home/rabbia/To-DoList/test.log', wd=1, mask=IN_MODIFY, cookie=0, name=test.log>
2021-08-03 16:38:05,412:DEBUG:in-event <InotifyEvent: src_path=b'/home/rabbia/To-DoList/test.log', wd=1, mask=IN_MODIFY, cookie=0, name=test.log>
2021-08-03 16:38:05,412:DEBUG:in-event <InotifyEvent: src_path=b'/home/rabbia/To-DoList/test.log', wd=1, mask=IN_MODIFY, cookie=0, name=test.log>
2021-08-03 16:38:05,413:DEBUG:in-event <InotifyEvent: src_path=b'/home/rabbia/To-DoList/test.log', wd=1, mask=IN_MODIFY, cookie=0, name=test.log>
2021-08-03 16:38:05,413:DEBUG:in-event <InotifyEvent: src_path=b'/home/rabbia/To-DoList/test.log', wd=1, mask=IN_MODIFY, cookie=0, name=test.log>
2021-08-03 16:38:05,413:DEBUG:in-event <InotifyEvent: src_path=b'/home/rabbia/To-DoList/test.log', wd=1, mask=IN_MODIFY, cookie=0, name=test.log>
2021-08-03 16:38:05,413:DEBUG:in-event <InotifyEvent: src_path=b'/home/rabbia/To-DoList/test.log', wd=1, mask=IN_MODIFY, cookie=0, name=test.log>
2021-08-03 16:38:05,414:DEBUG:in-event <InotifyEvent: src_path=b'/home/rabbia/To-DoList/test.log', wd=1, mask=IN_MODIFY, cookie=0, name=test.log>
2021-08-03 16:38:05,414:DEBUG:in-event <InotifyEvent: src_path=b'/home/rabbia/To-DoList/test.log', wd=1, mask=IN_MODIFY, cookie=0, name=test.log>
2021-08-03 16:38:05,414:DEBUG:in-event <InotifyEvent: src_path=b'/home/rabbia/To-DoList/test.log', wd=1, mask=IN_MODIFY, cookie=0, name=test.log>
2021-08-03 16:38:05,414:DEBUG:in-event <InotifyEvent: src_path=b'/home/rabbia/To-DoList/test.log', wd=1, mask=IN_MODIFY, cookie=0, name=test.log>
2021-08-03 16:38:05,414:DEBUG:in-event <InotifyEvent: src_path=b'/home/rabbia/To-DoList/test.log', wd=1, mask=IN_MODIFY, cookie=0, name=test.log>
2021-08-03 16:38:05,414:DEBUG:in-event <InotifyEvent: src_path=b'/home/rabbia/To-DoList/test.log', wd=1, mask=IN_MODIFY, cookie=0, name=test.log>
2021-08-03 16:38:05,415:DEBUG:in-event <InotifyEvent: src_path=b'/home/rabbia/To-DoList/test.log', wd=1, mask=IN_MODIFY, cookie=0, name=test.log>
2021-08-03 16:38:05,415:DEBUG:in-event <InotifyEvent: src_path=b'/home/rabbia/To-DoList/test.log', wd=1, mask=IN_MODIFY, cookie=0, name=test.log>
2021-08-03 16:38:05,415:DEBUG:in-event <InotifyEvent: src_path=b'/home/rabbia/To-DoList/test.log', wd=1, mask=IN_MODIFY, cookie=0, name=test.log>
2021-08-03 16:38:05,415:DEBUG:in-event <InotifyEvent: src_path=b'/home/rabbia/To-DoList/test.log', wd=1, mask=IN_MODIFY, cookie=0, name=test.log>
2021-08-03 16:38:05,415:DEBUG:in-event <InotifyEvent: src_path=b'/home/rabbia/To-DoList/test.log', wd=1, mask=IN_MODIFY, cookie=0, name=test.log>
2021-08-03 16:38:05,415:DEBUG:in-event <InotifyEvent: src_path=b'/home/rabbia/To-DoList/test.log', wd=1, mask=IN_MODIFY, cookie=0, name=test.log>
2021-08-03 16:38:05,416:DEBUG:in-event <InotifyEvent: src_path=b'/home/rabbia/To-DoList/test.log', wd=1, mask=IN_MODIFY, cookie=0, name=test.log>
2021-08-03 16:38:05,416:DEBUG:in-event <InotifyEvent: src_path=b'/home/rabbia/To-DoList/test.log', wd=1, mask=IN_MODIFY, cookie=0, name=test.log>
2021-08-03 16:38:05,416:DEBUG:in-event <InotifyEvent: src_path=b'/home/rabbia/To-DoList/test.log', wd=1, mask=IN_MODIFY, cookie=0, name=test.log>
2021-08-03 16:38:05,416:DEBUG:in-event <InotifyEvent: src_path=b'/home/rabbia/To-DoList/test.log', wd=1, mask=IN_MODIFY, cookie=0, name=test.log>
2021-08-03 16:38:05,416:DEBUG:in-event <InotifyEvent: src_path=b'/home/rabbia/To-DoList/test.log', wd=1, mask=IN_MODIFY, cookie=0, name=test.log>
2021-08-03 16:38:05,417:DEBUG:in-event <InotifyEvent: src_path=b'/home/rabbia/To-DoList/test.log', wd=1, mask=IN_MODIFY, cookie=0, name=test.log>
2021-08-03 16:38:05,417:DEBUG:in-event <InotifyEvent: src_path=b'/home/rabbia/To-DoList/test.log', wd=1, mask=IN_MODIFY, cookie=0, name=test.log>
2021-08-03 16:38:05,417:DEBUG:in-event <InotifyEvent: src_path=b'/home/rabbia/To-DoList/test.log', wd=1, mask=IN_MODIFY, cookie=0, name=test.log>
2021-08-03 16:38:05,417:DEBUG:in-event <InotifyEvent: src_path=b'/home/rabbia/To-DoList/test.log', wd=1, mask=IN_MODIFY, cookie=0, name=test.log>
2021-08-03 16:38:05,417:DEBUG:in-event <InotifyEvent: src_path=b'/home/rabbia/To-DoList/test.log', wd=1, mask=IN_MODIFY, cookie=0, name=test.log>
2021-08-03 16:38:05,418:DEBUG:in-event <InotifyEvent: src_path=b'/home/rabbia/To-DoList/test.log', wd=1, mask=IN_MODIFY, cookie=0, name=test.log>
2021-08-03 16:38:05,418:DEBUG:in-event <InotifyEvent: src_path=b'/home/rabbia/To-DoList/test.log', wd=1, mask=IN_MODIFY, cookie=0, name=test.log>
2021-08-03 16:38:05,418:DEBUG:in-event <InotifyEvent: src_path=b'/home/rabbia/To-DoList/test.log', wd=1, mask=IN_MODIFY, cookie=0, name=test.log>
2021-08-03 16:38:05,418:DEBUG:in-event <InotifyEvent: src_path=b'/home/rabbia/To-DoList/test.log', wd=1, mask=IN_MODIFY, cookie=0, name=test.log>
2021-08-03 16:38:05,418:DEBUG:in-event <InotifyEvent: src_path=b'/home/rabbia/To-DoList/test.log', wd=1, mask=IN_MODIFY, cookie=0, name=test.log>
2021-08-03 16:38:05,418:DEBUG:in-event <InotifyEvent: src_path=b'/home/rabbia/To-DoList/test.log', wd=1, mask=IN_MODIFY, cookie=0, name=test.log>
2021-08-03 16:38:05,419:DEBUG:in-event <InotifyEvent: src_path=b'/home/rabbia/To-DoList/test.log', wd=1, mask=IN_MODIFY, cookie=0, name=test.log>
2021-08-03 16:38:05,419:DEBUG:in-event <InotifyEvent: src_path=b'/home/rabbia/To-DoList/test.log', wd=1, mask=IN_MODIFY, cookie=0, name=test.log>
2021-08-03 16:38:05,419:DEBUG:in-event <InotifyEvent: src_path=b'/home/rabbia/To-DoList/test.log', wd=1, mask=IN_MODIFY, cookie=0, name=test.log>
2021-08-03 16:38:05,419:DEBUG:in-event <InotifyEvent: src_path=b'/home/rabbia/To-DoList/test.log', wd=1, mask=IN_MODIFY, cookie=0, name=test.log>
2021-08-03 16:38:05,419:DEBUG:in-event <InotifyEvent: src_path=b'/home/rabbia/To-DoList/test.log', wd=1, mask=IN_MODIFY, cookie=0, name=test.log>
2021-08-03 16:38:05,420:DEBUG:in-event <InotifyEvent: src_path=b'/home/rabbia/To-DoList/test.log', wd=1, mask=IN_MODIFY, cookie=0, name=test.log>
2021-08-03 16:38:05,420:DEBUG:in-event <InotifyEvent: src_path=b'/home/rabbia/To-DoList/test.log', wd=1, mask=IN_MODIFY, cookie=0, name=test.log>
2021-08-03 16:38:05,420:DEBUG:in-event <InotifyEvent: src_path=b'/home/rabbia/To-DoList/test.log', wd=1, mask=IN_MODIFY, cookie=0, name=test.log>
2021-08-03 16:38:05,420:DEBUG:in-event <InotifyEvent: src_path=b'/home/rabbia/To-DoList/test.log', wd=1, mask=IN_MODIFY, cookie=0, name=test.log>
2021-08-03 16:38:05,421:DEBUG:in-event <InotifyEvent: src_path=b'/home/rabbia/To-DoList/test.log', wd=1, mask=IN_MODIFY, cookie=0, name=test.log>
2021-08-03 16:38:05,421:DEBUG:in-event <InotifyEvent: src_path=b'/home/rabbia/To-DoList/test.log', wd=1, mask=IN_MODIFY, cookie=0, name=test.log>
2021-08-03 16:38:05,421:DEBUG:in-event <InotifyEvent: src_path=b'/home/rabbia/To-DoList/test.log', wd=1, mask=IN_MODIFY, cookie=0, name=test.log>
2021-08-03 16:38:05,421:DEBUG:in-event <InotifyEvent: src_path=b'/home/rabbia/To-DoList/test.log', wd=1, mask=IN_MODIFY, cookie=0, name=test.log>
2021-08-03 16:38:05,421:DEBUG:in-event <InotifyEvent: src_path=b'/home/rabbia/To-DoList/test.log', wd=1, mask=IN_MODIFY, cookie=0, name=test.log>
2021-08-03 16:38:05,421:DEBUG:in-event <InotifyEvent: src_path=b'/home/rabbia/To-DoList/test.log', wd=1, mask=IN_MODIFY, cookie=0, name=test.log>
2021-08-03 16:38:05,422:DEBUG:in-event <InotifyEvent: src_path=b'/home/rabbia/To-DoList/test.log', wd=1, mask=IN_MODIFY, cookie=0, name=test.log>
2021-08-03 16:38:05,422:DEBUG:in-event <InotifyEvent: src_path=b'/home/rabbia/To-DoList/test.log', wd=1, mask=IN_MODIFY, cookie=0, name=test.log>
2021-08-03 16:38:05,422:DEBUG:in-event <InotifyEvent: src_path=b'/home/rabbia/To-DoList/test.log', wd=1, mask=IN_MODIFY, cookie=0, name=test.log>
2021-08-03 16:38:05,422:DEBUG:in-event <InotifyEvent: src_path=b'/home/rabbia/To-DoList/test.log', wd=1, mask=IN_MODIFY, cookie=0, name=test.log>
2021-08-03 16:38:05,422:DEBUG:in-event <InotifyEvent: src_path=b'/home/rabbia/To-DoList/test.log', wd=1, mask=IN_MODIFY, cookie=0, name=test.log>
2021-08-03 16:38:05,422:DEBUG:in-event <InotifyEvent: src_path=b'/home/rabbia/To-DoList/test.log', wd=1, mask=IN_MODIFY, cookie=0, name=test.log>
2021-08-03 16:38:05,423:DEBUG:in-event <InotifyEvent: src_path=b'/home/rabbia/To-DoList/test.log', wd=1, mask=IN_MODIFY, cookie=0, name=test.log>
2021-08-03 16:38:05,423:DEBUG:in-event <InotifyEvent: src_path=b'/home/rabbia/To-DoList/test.log', wd=1, mask=IN_MODIFY, cookie=0, name=test.log>
2021-08-03 16:38:05,423:DEBUG:in-event <InotifyEvent: src_path=b'/home/rabbia/To-DoList/test.log', wd=1, mask=IN_MODIFY, cookie=0, name=test.log>
2021-08-03 16:38:05,423:DEBUG:in-event <InotifyEvent: src_path=b'/home/rabbia/To-DoList/test.log', wd=1, mask=IN_MODIFY, cookie=0, name=test.log>
2021-08-03 16:38:05,423:DEBUG:in-event <InotifyEvent: src_path=b'/home/rabbia/To-DoList/test.log', wd=1, mask=IN_MODIFY, cookie=0, name=test.log>
2021-08-03 16:38:05,424:DEBUG:in-event <InotifyEvent: src_path=b'/home/rabbia/To-DoList/test.log', wd=1, mask=IN_MODIFY, cookie=0, name=test.log>
2021-08-03 16:38:05,424:DEBUG:in-event <InotifyEvent: src_path=b'/home/rabbia/To-DoList/test.log', wd=1, mask=IN_MODIFY, cookie=0, name=test.log>
2021-08-03 16:38:05,424:DEBUG:in-event <InotifyEvent: src_path=b'/home/rabbia/To-DoList/test.log', wd=1, mask=IN_MODIFY, cookie=0, name=test.log>
2021-08-03 16:38:05,424:DEBUG:in-event <InotifyEvent: src_path=b'/home/rabbia/To-DoList/test.log', wd=1, mask=IN_MODIFY, cookie=0, name=test.log>
2021-08-03 16:38:05,424:DEBUG:in-event <InotifyEvent: src_path=b'/home/rabbia/To-DoList/test.log', wd=1, mask=IN_MODIFY, cookie=0, name=test.log>
2021-08-03 16:38:05,425:DEBUG:in-event <InotifyEvent: src_path=b'/home/rabbia/To-DoList/test.log', wd=1, mask=IN_MODIFY, cookie=0, name=test.log>
2021-08-03 16:38:05,425:DEBUG:in-event <InotifyEvent: src_path=b'/home/rabbia/To-DoList/test.log', wd=1, mask=IN_MODIFY, cookie=0, name=test.log>
2021-08-03 16:38:05,425:DEBUG:in-event <InotifyEvent: src_path=b'/home/rabbia/To-DoList/test.log', wd=1, mask=IN_MODIFY, cookie=0, name=test.log>
2021-08-03 16:38:05,425:DEBUG:in-event <InotifyEvent: src_path=b'/home/rabbia/To-DoList/test.log', wd=1, mask=IN_MODIFY, cookie=0, name=test.log>
2021-08-03 16:38:05,426:DEBUG:in-event <InotifyEvent: src_path=b'/home/rabbia/To-DoList/test.log', wd=1, mask=IN_MODIFY, cookie=0, name=test.log>
2021-08-03 16:38:05,426:DEBUG:in-event <InotifyEvent: src_path=b'/home/rabbia/To-DoList/test.log', wd=1, mask=IN_MODIFY, cookie=0, name=test.log>
2021-08-03 16:38:05,426:DEBUG:in-event <InotifyEvent: src_path=b'/home/rabbia/To-DoList/test.log', wd=1, mask=IN_MODIFY, cookie=0, name=test.log>
2021-08-03 16:38:05,426:DEBUG:in-event <InotifyEvent: src_path=b'/home/rabbia/To-DoList/test.log', wd=1, mask=IN_MODIFY, cookie=0, name=test.log>
2021-08-03 16:38:05,427:DEBUG:in-event <InotifyEvent: src_path=b'/home/rabbia/To-DoList/test.log', wd=1, mask=IN_MODIFY, cookie=0, name=test.log>
2021-08-03 16:38:05,427:DEBUG:in-event <InotifyEvent: src_path=b'/home/rabbia/To-DoList/test.log', wd=1, mask=IN_MODIFY, cookie=0, name=test.log>
2021-08-03 16:38:05,427:DEBUG:in-event <InotifyEvent: src_path=b'/home/rabbia/To-DoList/test.log', wd=1, mask=IN_MODIFY, cookie=0, name=test.log>
2021-08-03 16:38:05,427:DEBUG:in-event <InotifyEvent: src_path=b'/home/rabbia/To-DoList/test.log', wd=1, mask=IN_MODIFY, cookie=0, name=test.log>
2021-08-03 16:38:05,427:DEBUG:in-event <InotifyEvent: src_path=b'/home/rabbia/To-DoList/test.log', wd=1, mask=IN_MODIFY, cookie=0, name=test.log>
2021-08-03 16:38:05,428:DEBUG:in-event <InotifyEvent: src_path=b'/home/rabbia/To-DoList/test.log', wd=1, mask=IN_MODIFY, cookie=0, name=test.log>
2021-08-03 16:38:05,428:DEBUG:in-event <InotifyEvent: src_path=b'/home/rabbia/To-DoList/test.log', wd=1, mask=IN_MODIFY, cookie=0, name=test.log>
2021-08-03 16:38:05,428:DEBUG:in-event <InotifyEvent: src_path=b'/home/rabbia/To-DoList/test.log', wd=1, mask=IN_MODIFY, cookie=0, name=test.log>
2021-08-03 16:38:05,428:DEBUG:in-event <InotifyEvent: src_path=b'/home/rabbia/To-DoList/test.log', wd=1, mask=IN_MODIFY, cookie=0, name=test.log>
2021-08-03 16:38:05,428:DEBUG:in-event <InotifyEvent: src_path=b'/home/rabbia/To-DoList/test.log', wd=1, mask=IN_MODIFY, cookie=0, name=test.log>
2021-08-03 16:38:05,429:DEBUG:in-event <InotifyEvent: src_path=b'/home/rabbia/To-DoList/test.log', wd=1, mask=IN_MODIFY, cookie=0, name=test.log>
2021-08-03 16:38:05,429:DEBUG:in-event <InotifyEvent: src_path=b'/home/rabbia/To-DoList/test.log', wd=1, mask=IN_MODIFY, cookie=0, name=test.log>
2021-08-03 16:38:05,429:DEBUG:in-event <InotifyEvent: src_path=b'/home/rabbia/To-DoList/test.log', wd=1, mask=IN_MODIFY, cookie=0, name=test.log>
2021-08-03 16:38:05,429:DEBUG:in-event <InotifyEvent: src_path=b'/home/rabbia/To-DoList/test.log', wd=1, mask=IN_MODIFY, cookie=0, name=test.log>
2021-08-03 16:38:05,429:DEBUG:in-event <InotifyEvent: src_path=b'/home/rabbia/To-DoList/test.log', wd=1, mask=IN_MODIFY, cookie=0, name=test.log>
2021-08-03 16:38:05,430:DEBUG:in-event <InotifyEvent: src_path=b'/home/rabbia/To-DoList/test.log', wd=1, mask=IN_MODIFY, cookie=0, name=test.log>
2021-08-03 16:38:05,430:DEBUG:in-event <InotifyEvent: src_path=b'/home/rabbia/To-DoList/test.log', wd=1, mask=IN_MODIFY, cookie=0, name=test.log>
2021-08-03 16:38:05,430:DEBUG:in-event <InotifyEvent: src_path=b'/home/rabbia/To-DoList/test.log', wd=1, mask=IN_MODIFY, cookie=0, name=test.log>
2021-08-03 16:38:05,430:DEBUG:in-event <InotifyEvent: src_path=b'/home/rabbia/To-DoList/test.log', wd=1, mask=IN_MODIFY, cookie=0, name=test.log>
2021-08-03 16:38:05,430:DEBUG:in-event <InotifyEvent: src_path=b'/home/rabbia/To-DoList/test.log', wd=1, mask=IN_MODIFY, cookie=0, name=test.log>
2021-08-03 16:38:05,431:DEBUG:in-event <InotifyEvent: src_path=b'/home/rabbia/To-DoList/test.log', wd=1, mask=IN_MODIFY, cookie=0, name=test.log>
2021-08-03 16:38:05,431:DEBUG:in-event <InotifyEvent: src_path=b'/home/rabbia/To-DoList/test.log', wd=1, mask=IN_MODIFY, cookie=0, name=test.log>
2021-08-03 16:38:05,431:DEBUG:in-event <InotifyEvent: src_path=b'/home/rabbia/To-DoList/test.log', wd=1, mask=IN_MODIFY, cookie=0, name=test.log>
2021-08-03 16:38:05,431:DEBUG:in-event <InotifyEvent: src_path=b'/home/rabbia/To-DoList/test.log', wd=1, mask=IN_MODIFY, cookie=0, name=test.log>
2021-08-03 16:38:05,431:DEBUG:in-event <InotifyEvent: src_path=b'/home/rabbia/To-DoList/test.log', wd=1, mask=IN_MODIFY, cookie=0, name=test.log>
2021-08-03 16:38:05,431:DEBUG:in-event <InotifyEvent: src_path=b'/home/rabbia/To-DoList/test.log', wd=1, mask=IN_MODIFY, cookie=0, name=test.log>
2021-08-03 16:38:05,432:DEBUG:in-event <InotifyEvent: src_path=b'/home/rabbia/To-DoList/test.log', wd=1, mask=IN_MODIFY, cookie=0, name=test.log>
2021-08-03 16:38:05,432:DEBUG:in-event <InotifyEvent: src_path=b'/home/rabbia/To-DoList/test.log', wd=1, mask=IN_MODIFY, cookie=0, name=test.log>
2021-08-03 16:38:05,432:DEBUG:in-event <InotifyEvent: src_path=b'/home/rabbia/To-DoList/test.log', wd=1, mask=IN_MODIFY, cookie=0, name=test.log>
2021-08-03 16:38:05,432:DEBUG:in-event <InotifyEvent: src_path=b'/home/rabbia/To-DoList/test.log', wd=1, mask=IN_MODIFY, cookie=0, name=test.log>
2021-08-03 16:38:05,432:DEBUG:in-event <InotifyEvent: src_path=b'/home/rabbia/To-DoList/test.log', wd=1, mask=IN_MODIFY, cookie=0, name=test.log>
2021-08-03 16:38:05,433:DEBUG:in-event <InotifyEvent: src_path=b'/home/rabbia/To-DoList/test.log', wd=1, mask=IN_MODIFY, cookie=0, name=test.log>
2021-08-03 16:38:05,433:DEBUG:in-event <InotifyEvent: src_path=b'/home/rabbia/To-DoList/test.log', wd=1, mask=IN_MODIFY, cookie=0, name=test.log>
2021-08-03 16:38:05,433:DEBUG:in-event <InotifyEvent: src_path=b'/home/rabbia/To-DoList/test.log', wd=1, mask=IN_MODIFY, cookie=0, name=test.log>
2021-08-03 16:38:05,433:DEBUG:in-event <InotifyEvent: src_path=b'/home/rabbia/To-DoList/test.log', wd=1, mask=IN_MODIFY, cookie=0, name=test.log>
2021-08-03 16:38:05,433:DEBUG:in-event <InotifyEvent: src_path=b'/home/rabbia/To-DoList/test.log', wd=1, mask=IN_MODIFY, cookie=0, name=test.log>
2021-08-03 16:38:05,434:DEBUG:in-event <InotifyEvent: src_path=b'/home/rabbia/To-DoList/test.log', wd=1, mask=IN_MODIFY, cookie=0, name=test.log>
2021-08-03 16:38:05,434:DEBUG:in-event <InotifyEvent: src_path=b'/home/rabbia/To-DoList/test.log', wd=1, mask=IN_MODIFY, cookie=0, name=test.log>
2021-08-03 16:38:05,434:DEBUG:in-event <InotifyEvent: src_path=b'/home/rabbia/To-DoList/test.log', wd=1, mask=IN_MODIFY, cookie=0, name=test.log>
2021-08-03 16:38:05,434:DEBUG:in-event <InotifyEvent: src_path=b'/home/rabbia/To-DoList/test.log', wd=1, mask=IN_MODIFY, cookie=0, name=test.log>
2021-08-03 16:38:05,434:DEBUG:in-event <InotifyEvent: src_path=b'/home/rabbia/To-DoList/test.log', wd=1, mask=IN_MODIFY, cookie=0, name=test.log>
2021-08-03 16:38:05,435:DEBUG:in-event <InotifyEvent: src_path=b'/home/rabbia/To-DoList/test.log', wd=1, mask=IN_MODIFY, cookie=0, name=test.log>
2021-08-03 16:38:05,435:DEBUG:in-event <InotifyEvent: src_path=b'/home/rabbia/To-DoList/test.log', wd=1, mask=IN_MODIFY, cookie=0, name=test.log>
2021-08-03 16:38:05,435:DEBUG:in-event <InotifyEvent: src_path=b'/home/rabbia/To-DoList/test.log', wd=1, mask=IN_MODIFY, cookie=0, name=test.log>
2021-08-03 16:38:05,435:DEBUG:in-event <InotifyEvent: src_path=b'/home/rabbia/To-DoList/test.log', wd=1, mask=IN_MODIFY, cookie=0, name=test.log>
2021-08-03 16:38:05,436:DEBUG:in-event <InotifyEvent: src_path=b'/home/rabbia/To-DoList/test.log', wd=1, mask=IN_MODIFY, cookie=0, name=test.log>
2021-08-03 16:38:05,436:DEBUG:in-event <InotifyEvent: src_path=b'/home/rabbia/To-DoList/test.log', wd=1, mask=IN_MODIFY, cookie=0, name=test.log>
2021-08-03 16:38:05,436:DEBUG:in-event <InotifyEvent: src_path=b'/home/rabbia/To-DoList/test.log', wd=1, mask=IN_MODIFY, cookie=0, name=test.log>
2021-08-03 16:38:05,436:DEBUG:in-event <InotifyEvent: src_path=b'/home/rabbia/To-DoList/test.log', wd=1, mask=IN_MODIFY, cookie=0, name=test.log>
2021-08-03 16:38:05,436:DEBUG:in-event <InotifyEvent: src_path=b'/home/rabbia/To-DoList/test.log', wd=1, mask=IN_MODIFY, cookie=0, name=test.log>
2021-08-03 16:38:05,436:DEBUG:in-event <InotifyEvent: src_path=b'/home/rabbia/To-DoList/test.log', wd=1, mask=IN_MODIFY, cookie=0, name=test.log>
2021-08-03 16:38:05,437:DEBUG:in-event <InotifyEvent: src_path=b'/home/rabbia/To-DoList/test.log', wd=1, mask=IN_MODIFY, cookie=0, name=test.log>
2021-08-03 16:38:05,437:DEBUG:in-event <InotifyEvent: src_path=b'/home/rabbia/To-DoList/test.log', wd=1, mask=IN_MODIFY, cookie=0, name=test.log>
2021-08-03 16:38:05,437:DEBUG:in-event <InotifyEvent: src_path=b'/home/rabbia/To-DoList/test.log', wd=1, mask=IN_MODIFY, cookie=0, name=test.log>
2021-08-03 16:38:05,437:DEBUG:in-event <InotifyEvent: src_path=b'/home/rabbia/To-DoList/test.log', wd=1, mask=IN_MODIFY, cookie=0, name=test.log>
2021-08-03 16:38:05,437:DEBUG:in-event <InotifyEvent: src_path=b'/home/rabbia/To-DoList/test.log', wd=1, mask=IN_MODIFY, cookie=0, name=test.log>
2021-08-03 16:38:05,437:DEBUG:in-event <InotifyEvent: src_path=b'/home/rabbia/To-DoList/test.log', wd=1, mask=IN_MODIFY, cookie=0, name=test.log>
2021-08-03 16:38:05,438:DEBUG:in-event <InotifyEvent: src_path=b'/home/rabbia/To-DoList/test.log', wd=1, mask=IN_MODIFY, cookie=0, name=test.log>
2021-08-03 16:38:05,438:DEBUG:in-event <InotifyEvent: src_path=b'/home/rabbia/To-DoList/test.log', wd=1, mask=IN_MODIFY, cookie=0, name=test.log>
2021-08-03 16:38:05,438:DEBUG:in-event <InotifyEvent: src_path=b'/home/rabbia/To-DoList/test.log', wd=1, mask=IN_MODIFY, cookie=0, name=test.log>
2021-08-03 16:38:05,438:DEBUG:in-event <InotifyEvent: src_path=b'/home/rabbia/To-DoList/test.log', wd=1, mask=IN_MODIFY, cookie=0, name=test.log>
2021-08-03 16:38:05,438:DEBUG:in-event <InotifyEvent: src_path=b'/home/rabbia/To-DoList/test.log', wd=1, mask=IN_MODIFY, cookie=0, name=test.log>
2021-08-03 16:38:05,439:DEBUG:in-event <InotifyEvent: src_path=b'/home/rabbia/To-DoList/test.log', wd=1, mask=IN_MODIFY, cookie=0, name=test.log>
2021-08-03 16:38:05,439:DEBUG:in-event <InotifyEvent: src_path=b'/home/rabbia/To-DoList/test.log', wd=1, mask=IN_MODIFY, cookie=0, name=test.log>
2021-08-03 16:38:05,439:DEBUG:in-event <InotifyEvent: src_path=b'/home/rabbia/To-DoList/test.log', wd=1, mask=IN_MODIFY, cookie=0, name=test.log>
2021-08-03 16:38:05,439:DEBUG:in-event <InotifyEvent: src_path=b'/home/rabbia/To-DoList/test.log', wd=1, mask=IN_MODIFY, cookie=0, name=test.log>
2021-08-03 16:38:05,439:DEBUG:in-event <InotifyEvent: src_path=b'/home/rabbia/To-DoList/test.log', wd=1, mask=IN_MODIFY, cookie=0, name=test.log>
2021-08-03 16:38:05,440:DEBUG:in-event <InotifyEvent: src_path=b'/home/rabbia/To-DoList/test.log', wd=1, mask=IN_MODIFY, cookie=0, name=test.log>
2021-08-03 16:38:05,440:DEBUG:in-event <InotifyEvent: src_path=b'/home/rabbia/To-DoList/test.log', wd=1, mask=IN_MODIFY, cookie=0, name=test.log>
2021-08-03 16:38:05,440:DEBUG:in-event <InotifyEvent: src_path=b'/home/rabbia/To-DoList/test.log', wd=1, mask=IN_MODIFY, cookie=0, name=test.log>
2021-08-03 16:38:05,440:DEBUG:in-event <InotifyEvent: src_path=b'/home/rabbia/To-DoList/test.log', wd=1, mask=IN_MODIFY, cookie=0, name=test.log>
2021-08-03 16:38:05,440:DEBUG:in-event <InotifyEvent: src_path=b'/home/rabbia/To-DoList/test.log', wd=1, mask=IN_MODIFY, cookie=0, name=test.log>
2021-08-03 16:38:05,440:DEBUG:in-event <InotifyEvent: src_path=b'/home/rabbia/To-DoList/test.log', wd=1, mask=IN_MODIFY, cookie=0, name=test.log>
2021-08-03 16:38:05,440:DEBUG:in-event <InotifyEvent: src_path=b'/home/rabbia/To-DoList/test.log', wd=1, mask=IN_MODIFY, cookie=0, name=test.log>
2021-08-03 16:38:05,441:DEBUG:in-event <InotifyEvent: src_path=b'/home/rabbia/To-DoList/test.log', wd=1, mask=IN_MODIFY, cookie=0, name=test.log>
2021-08-03 16:38:05,441:DEBUG:in-event <InotifyEvent: src_path=b'/home/rabbia/To-DoList/test.log', wd=1, mask=IN_MODIFY, cookie=0, name=test.log>
2021-08-03 16:38:05,441:DEBUG:in-event <InotifyEvent: src_path=b'/home/rabbia/To-DoList/test.log', wd=1, mask=IN_MODIFY, cookie=0, name=test.log>
2021-08-03 16:38:05,441:DEBUG:in-event <InotifyEvent: src_path=b'/home/rabbia/To-DoList/test.log', wd=1, mask=IN_MODIFY, cookie=0, name=test.log>
2021-08-03 16:38:05,441:DEBUG:in-event <InotifyEvent: src_path=b'/home/rabbia/To-DoList/test.log', wd=1, mask=IN_MODIFY, cookie=0, name=test.log>
2021-08-03 16:38:05,442:DEBUG:in-event <InotifyEvent: src_path=b'/home/rabbia/To-DoList/test.log', wd=1, mask=IN_MODIFY, cookie=0, name=test.log>
2021-08-03 16:38:05,442:DEBUG:in-event <InotifyEvent: src_path=b'/home/rabbia/To-DoList/test.log', wd=1, mask=IN_MODIFY, cookie=0, name=test.log>
2021-08-03 16:38:05,442:DEBUG:in-event <InotifyEvent: src_path=b'/home/rabbia/To-DoList/test.log', wd=1, mask=IN_MODIFY, cookie=0, name=test.log>
2021-08-03 16:38:05,442:DEBUG:in-event <InotifyEvent: src_path=b'/home/rabbia/To-DoList/test.log', wd=1, mask=IN_MODIFY, cookie=0, name=test.log>
2021-08-03 16:38:05,442:DEBUG:in-event <InotifyEvent: src_path=b'/home/rabbia/To-DoList/test.log', wd=1, mask=IN_MODIFY, cookie=0, name=test.log>
2021-08-03 16:38:05,443:DEBUG:in-event <InotifyEvent: src_path=b'/home/rabbia/To-DoList/test.log', wd=1, mask=IN_MODIFY, cookie=0, name=test.log>
2021-08-03 16:38:05,443:DEBUG:in-event <InotifyEvent: src_path=b'/home/rabbia/To-DoList/test.log', wd=1, mask=IN_MODIFY, cookie=0, name=test.log>
2021-08-03 16:38:05,443:DEBUG:in-event <InotifyEvent: src_path=b'/home/rabbia/To-DoList/test.log', wd=1, mask=IN_MODIFY, cookie=0, name=test.log>
2021-08-03 16:38:05,443:DEBUG:in-event <InotifyEvent: src_path=b'/home/rabbia/To-DoList/test.log', wd=1, mask=IN_MODIFY, cookie=0, name=test.log>
2021-08-03 16:38:05,443:DEBUG:in-event <InotifyEvent: src_path=b'/home/rabbia/To-DoList/test.log', wd=1, mask=IN_MODIFY, cookie=0, name=test.log>
2021-08-03 16:38:05,443:DEBUG:in-event <InotifyEvent: src_path=b'/home/rabbia/To-DoList/test.log', wd=1, mask=IN_MODIFY, cookie=0, name=test.log>
2021-08-03 16:38:05,444:DEBUG:in-event <InotifyEvent: src_path=b'/home/rabbia/To-DoList/test.log', wd=1, mask=IN_MODIFY, cookie=0, name=test.log>
2021-08-03 16:38:05,444:DEBUG:in-event <InotifyEvent: src_path=b'/home/rabbia/To-DoList/test.log', wd=1, mask=IN_MODIFY, cookie=0, name=test.log>
2021-08-03 16:38:05,444:DEBUG:in-event <InotifyEvent: src_path=b'/home/rabbia/To-DoList/test.log', wd=1, mask=IN_MODIFY, cookie=0, name=test.log>
2021-08-03 16:38:05,444:DEBUG:in-event <InotifyEvent: src_path=b'/home/rabbia/To-DoList/test.log', wd=1, mask=IN_MODIFY, cookie=0, name=test.log>
2021-08-03 16:38:05,444:DEBUG:in-event <InotifyEvent: src_path=b'/home/rabbia/To-DoList/test.log', wd=1, mask=IN_MODIFY, cookie=0, name=test.log>
2021-08-03 16:38:05,444:DEBUG:in-event <InotifyEvent: src_path=b'/home/rabbia/To-DoList/test.log', wd=1, mask=IN_MODIFY, cookie=0, name=test.log>
2021-08-03 16:38:05,445:DEBUG:in-event <InotifyEvent: src_path=b'/home/rabbia/To-DoList/test.log', wd=1, mask=IN_MODIFY, cookie=0, name=test.log>
2021-08-03 16:38:05,445:DEBUG:in-event <InotifyEvent: src_path=b'/home/rabbia/To-DoList/test.log', wd=1, mask=IN_MODIFY, cookie=0, name=test.log>
2021-08-03 16:38:05,445:DEBUG:in-event <InotifyEvent: src_path=b'/home/rabbia/To-DoList/test.log', wd=1, mask=IN_MODIFY, cookie=0, name=test.log>
2021-08-03 16:38:05,445:DEBUG:in-event <InotifyEvent: src_path=b'/home/rabbia/To-DoList/test.log', wd=1, mask=IN_MODIFY, cookie=0, name=test.log>
2021-08-03 16:38:05,445:DEBUG:in-event <InotifyEvent: src_path=b'/home/rabbia/To-DoList/test.log', wd=1, mask=IN_MODIFY, cookie=0, name=test.log>
2021-08-03 16:38:05,445:DEBUG:in-event <InotifyEvent: src_path=b'/home/rabbia/To-DoList/test.log', wd=1, mask=IN_MODIFY, cookie=0, name=test.log>
2021-08-03 16:38:05,446:DEBUG:in-event <InotifyEvent: src_path=b'/home/rabbia/To-DoList/test.log', wd=1, mask=IN_MODIFY, cookie=0, name=test.log>
2021-08-03 16:38:05,446:DEBUG:in-event <InotifyEvent: src_path=b'/home/rabbia/To-DoList/test.log', wd=1, mask=IN_MODIFY, cookie=0, name=test.log>
2021-08-03 16:38:05,446:DEBUG:in-event <InotifyEvent: src_path=b'/home/rabbia/To-DoList/test.log', wd=1, mask=IN_MODIFY, cookie=0, name=test.log>
2021-08-03 16:38:05,446:DEBUG:in-event <InotifyEvent: src_path=b'/home/rabbia/To-DoList/test.log', wd=1, mask=IN_MODIFY, cookie=0, name=test.log>
2021-08-03 16:38:05,446:DEBUG:in-event <InotifyEvent: src_path=b'/home/rabbia/To-DoList/test.log', wd=1, mask=IN_MODIFY, cookie=0, name=test.log>
2021-08-03 16:38:05,447:DEBUG:in-event <InotifyEvent: src_path=b'/home/rabbia/To-DoList/test.log', wd=1, mask=IN_MODIFY, cookie=0, name=test.log>
2021-08-03 16:38:05,447:DEBUG:in-event <InotifyEvent: src_path=b'/home/rabbia/To-DoList/test.log', wd=1, mask=IN_MODIFY, cookie=0, name=test.log>
2021-08-03 16:38:05,447:DEBUG:in-event <InotifyEvent: src_path=b'/home/rabbia/To-DoList/test.log', wd=1, mask=IN_MODIFY, cookie=0, name=test.log>
2021-08-03 16:38:05,447:DEBUG:in-event <InotifyEvent: src_path=b'/home/rabbia/To-DoList/test.log', wd=1, mask=IN_MODIFY, cookie=0, name=test.log>
2021-08-03 16:38:05,447:DEBUG:in-event <InotifyEvent: src_path=b'/home/rabbia/To-DoList/test.log', wd=1, mask=IN_MODIFY, cookie=0, name=test.log>
2021-08-03 16:38:05,447:DEBUG:in-event <InotifyEvent: src_path=b'/home/rabbia/To-DoList/test.log', wd=1, mask=IN_MODIFY, cookie=0, name=test.log>
2021-08-03 16:38:05,448:DEBUG:in-event <InotifyEvent: src_path=b'/home/rabbia/To-DoList/test.log', wd=1, mask=IN_MODIFY, cookie=0, name=test.log>
2021-08-03 16:38:05,448:DEBUG:in-event <InotifyEvent: src_path=b'/home/rabbia/To-DoList/test.log', wd=1, mask=IN_MODIFY, cookie=0, name=test.log>
2021-08-03 16:38:05,448:DEBUG:in-event <InotifyEvent: src_path=b'/home/rabbia/To-DoList/test.log', wd=1, mask=IN_MODIFY, cookie=0, name=test.log>
2021-08-03 16:38:05,448:DEBUG:in-event <InotifyEvent: src_path=b'/home/rabbia/To-DoList/test.log', wd=1, mask=IN_MODIFY, cookie=0, name=test.log>
2021-08-03 16:38:05,448:DEBUG:in-event <InotifyEvent: src_path=b'/home/rabbia/To-DoList/test.log', wd=1, mask=IN_MODIFY, cookie=0, name=test.log>
2021-08-03 16:38:05,449:DEBUG:in-event <InotifyEvent: src_path=b'/home/rabbia/To-DoList/test.log', wd=1, mask=IN_MODIFY, cookie=0, name=test.log>
2021-08-03 16:38:05,449:DEBUG:in-event <InotifyEvent: src_path=b'/home/rabbia/To-DoList/test.log', wd=1, mask=IN_MODIFY, cookie=0, name=test.log>
2021-08-03 16:38:05,449:DEBUG:in-event <InotifyEvent: src_path=b'/home/rabbia/To-DoList/test.log', wd=1, mask=IN_MODIFY, cookie=0, name=test.log>
2021-08-03 16:38:05,449:DEBUG:in-event <InotifyEvent: src_path=b'/home/rabbia/To-DoList/test.log', wd=1, mask=IN_MODIFY, cookie=0, name=test.log>
2021-08-03 16:38:05,450:DEBUG:in-event <InotifyEvent: src_path=b'/home/rabbia/To-DoList/test.log', wd=1, mask=IN_MODIFY, cookie=0, name=test.log>
2021-08-03 16:38:05,450:DEBUG:in-event <InotifyEvent: src_path=b'/home/rabbia/To-DoList/test.log', wd=1, mask=IN_MODIFY, cookie=0, name=test.log>
2021-08-03 16:38:05,450:DEBUG:in-event <InotifyEvent: src_path=b'/home/rabbia/To-DoList/test.log', wd=1, mask=IN_MODIFY, cookie=0, name=test.log>
2021-08-03 16:38:05,451:DEBUG:in-event <InotifyEvent: src_path=b'/home/rabbia/To-DoList/test.log', wd=1, mask=IN_MODIFY, cookie=0, name=test.log>
2021-08-03 16:38:05,451:DEBUG:in-event <InotifyEvent: src_path=b'/home/rabbia/To-DoList/test.log', wd=1, mask=IN_MODIFY, cookie=0, name=test.log>
2021-08-03 16:38:05,451:DEBUG:in-event <InotifyEvent: src_path=b'/home/rabbia/To-DoList/test.log', wd=1, mask=IN_MODIFY, cookie=0, name=test.log>
2021-08-03 16:38:05,452:DEBUG:in-event <InotifyEvent: src_path=b'/home/rabbia/To-DoList/test.log', wd=1, mask=IN_MODIFY, cookie=0, name=test.log>
2021-08-03 16:38:05,452:DEBUG:in-event <InotifyEvent: src_path=b'/home/rabbia/To-DoList/test.log', wd=1, mask=IN_MODIFY, cookie=0, name=test.log>
2021-08-03 16:38:05,452:DEBUG:in-event <InotifyEvent: src_path=b'/home/rabbia/To-DoList/test.log', wd=1, mask=IN_MODIFY, cookie=0, name=test.log>
2021-08-03 16:38:05,452:DEBUG:in-event <InotifyEvent: src_path=b'/home/rabbia/To-DoList/test.log', wd=1, mask=IN_MODIFY, cookie=0, name=test.log>
2021-08-03 16:38:05,452:DEBUG:in-event <InotifyEvent: src_path=b'/home/rabbia/To-DoList/test.log', wd=1, mask=IN_MODIFY, cookie=0, name=test.log>
2021-08-03 16:38:05,453:DEBUG:in-event <InotifyEvent: src_path=b'/home/rabbia/To-DoList/test.log', wd=1, mask=IN_MODIFY, cookie=0, name=test.log>
2021-08-03 16:38:05,453:DEBUG:in-event <InotifyEvent: src_path=b'/home/rabbia/To-DoList/test.log', wd=1, mask=IN_MODIFY, cookie=0, name=test.log>
2021-08-03 16:38:05,453:DEBUG:in-event <InotifyEvent: src_path=b'/home/rabbia/To-DoList/test.log', wd=1, mask=IN_MODIFY, cookie=0, name=test.log>
2021-08-03 16:38:05,453:DEBUG:in-event <InotifyEvent: src_path=b'/home/rabbia/To-DoList/test.log', wd=1, mask=IN_MODIFY, cookie=0, name=test.log>
2021-08-03 16:38:05,453:DEBUG:in-event <InotifyEvent: src_path=b'/home/rabbia/To-DoList/test.log', wd=1, mask=IN_MODIFY, cookie=0, name=test.log>
2021-08-03 16:38:05,454:DEBUG:in-event <InotifyEvent: src_path=b'/home/rabbia/To-DoList/test.log', wd=1, mask=IN_MODIFY, cookie=0, name=test.log>
2021-08-03 16:38:05,454:DEBUG:in-event <InotifyEvent: src_path=b'/home/rabbia/To-DoList/test.log', wd=1, mask=IN_MODIFY, cookie=0, name=test.log>
2021-08-03 16:38:05,454:DEBUG:in-event <InotifyEvent: src_path=b'/home/rabbia/To-DoList/test.log', wd=1, mask=IN_MODIFY, cookie=0, name=test.log>
2021-08-03 16:38:05,454:DEBUG:in-event <InotifyEvent: src_path=b'/home/rabbia/To-DoList/test.log', wd=1, mask=IN_MODIFY, cookie=0, name=test.log>
2021-08-03 16:38:05,455:DEBUG:in-event <InotifyEvent: src_path=b'/home/rabbia/To-DoList/test.log', wd=1, mask=IN_MODIFY, cookie=0, name=test.log>
2021-08-03 16:38:05,455:DEBUG:in-event <InotifyEvent: src_path=b'/home/rabbia/To-DoList/test.log', wd=1, mask=IN_MODIFY, cookie=0, name=test.log>
2021-08-03 16:38:05,455:DEBUG:in-event <InotifyEvent: src_path=b'/home/rabbia/To-DoList/test.log', wd=1, mask=IN_MODIFY, cookie=0, name=test.log>
2021-08-03 16:38:05,455:DEBUG:in-event <InotifyEvent: src_path=b'/home/rabbia/To-DoList/test.log', wd=1, mask=IN_MODIFY, cookie=0, name=test.log>
2021-08-03 16:38:05,456:DEBUG:in-event <InotifyEvent: src_path=b'/home/rabbia/To-DoList/test.log', wd=1, mask=IN_MODIFY, cookie=0, name=test.log>
2021-08-03 16:38:05,456:DEBUG:in-event <InotifyEvent: src_path=b'/home/rabbia/To-DoList/test.log', wd=1, mask=IN_MODIFY, cookie=0, name=test.log>
2021-08-03 16:38:05,456:DEBUG:in-event <InotifyEvent: src_path=b'/home/rabbia/To-DoList/test.log', wd=1, mask=IN_MODIFY, cookie=0, name=test.log>
2021-08-03 16:38:05,456:DEBUG:in-event <InotifyEvent: src_path=b'/home/rabbia/To-DoList/test.log', wd=1, mask=IN_MODIFY, cookie=0, name=test.log>
2021-08-03 16:38:05,457:DEBUG:in-event <InotifyEvent: src_path=b'/home/rabbia/To-DoList/test.log', wd=1, mask=IN_MODIFY, cookie=0, name=test.log>
2021-08-03 16:38:05,457:DEBUG:in-event <InotifyEvent: src_path=b'/home/rabbia/To-DoList/test.log', wd=1, mask=IN_MODIFY, cookie=0, name=test.log>
2021-08-03 16:38:05,457:DEBUG:in-event <InotifyEvent: src_path=b'/home/rabbia/To-DoList/test.log', wd=1, mask=IN_MODIFY, cookie=0, name=test.log>
2021-08-03 16:38:05,457:DEBUG:in-event <InotifyEvent: src_path=b'/home/rabbia/To-DoList/test.log', wd=1, mask=IN_MODIFY, cookie=0, name=test.log>
2021-08-03 16:38:05,458:DEBUG:in-event <InotifyEvent: src_path=b'/home/rabbia/To-DoList/test.log', wd=1, mask=IN_MODIFY, cookie=0, name=test.log>
2021-08-03 16:38:05,458:DEBUG:in-event <InotifyEvent: src_path=b'/home/rabbia/To-DoList/test.log', wd=1, mask=IN_MODIFY, cookie=0, name=test.log>
2021-08-03 16:38:05,458:DEBUG:in-event <InotifyEvent: src_path=b'/home/rabbia/To-DoList/test.log', wd=1, mask=IN_MODIFY, cookie=0, name=test.log>
2021-08-03 16:38:05,458:DEBUG:in-event <InotifyEvent: src_path=b'/home/rabbia/To-DoList/test.log', wd=1, mask=IN_MODIFY, cookie=0, name=test.log>
2021-08-03 16:38:05,458:DEBUG:in-event <InotifyEvent: src_path=b'/home/rabbia/To-DoList/test.log', wd=1, mask=IN_MODIFY, cookie=0, name=test.log>
2021-08-03 16:38:05,458:DEBUG:in-event <InotifyEvent: src_path=b'/home/rabbia/To-DoList/test.log', wd=1, mask=IN_MODIFY, cookie=0, name=test.log>
2021-08-03 16:38:05,459:DEBUG:in-event <InotifyEvent: src_path=b'/home/rabbia/To-DoList/test.log', wd=1, mask=IN_MODIFY, cookie=0, name=test.log>
2021-08-03 16:38:05,459:DEBUG:in-event <InotifyEvent: src_path=b'/home/rabbia/To-DoList/test.log', wd=1, mask=IN_MODIFY, cookie=0, name=test.log>
2021-08-03 16:38:05,459:DEBUG:in-event <InotifyEvent: src_path=b'/home/rabbia/To-DoList/test.log', wd=1, mask=IN_MODIFY, cookie=0, name=test.log>
2021-08-03 16:38:05,459:DEBUG:in-event <InotifyEvent: src_path=b'/home/rabbia/To-DoList/test.log', wd=1, mask=IN_MODIFY, cookie=0, name=test.log>
2021-08-03 16:38:05,459:DEBUG:in-event <InotifyEvent: src_path=b'/home/rabbia/To-DoList/test.log', wd=1, mask=IN_MODIFY, cookie=0, name=test.log>
2021-08-03 16:38:05,459:DEBUG:in-event <InotifyEvent: src_path=b'/home/rabbia/To-DoList/test.log', wd=1, mask=IN_MODIFY, cookie=0, name=test.log>
2021-08-03 16:38:05,459:DEBUG:in-event <InotifyEvent: src_path=b'/home/rabbia/To-DoList/test.log', wd=1, mask=IN_MODIFY, cookie=0, name=test.log>
2021-08-03 16:38:05,459:DEBUG:in-event <InotifyEvent: src_path=b'/home/rabbia/To-DoList/test.log', wd=1, mask=IN_MODIFY, cookie=0, name=test.log>
2021-08-03 16:38:05,460:DEBUG:in-event <InotifyEvent: src_path=b'/home/rabbia/To-DoList/test.log', wd=1, mask=IN_MODIFY, cookie=0, name=test.log>
2021-08-03 16:38:05,460:DEBUG:in-event <InotifyEvent: src_path=b'/home/rabbia/To-DoList/test.log', wd=1, mask=IN_MODIFY, cookie=0, name=test.log>
2021-08-03 16:38:05,460:DEBUG:in-event <InotifyEvent: src_path=b'/home/rabbia/To-DoList/test.log', wd=1, mask=IN_MODIFY, cookie=0, name=test.log>
2021-08-03 16:38:05,460:DEBUG:in-event <InotifyEvent: src_path=b'/home/rabbia/To-DoList/test.log', wd=1, mask=IN_MODIFY, cookie=0, name=test.log>
2021-08-03 16:38:05,460:DEBUG:in-event <InotifyEvent: src_path=b'/home/rabbia/To-DoList/test.log', wd=1, mask=IN_MODIFY, cookie=0, name=test.log>
2021-08-03 16:38:05,460:DEBUG:in-event <InotifyEvent: src_path=b'/home/rabbia/To-DoList/test.log', wd=1, mask=IN_MODIFY, cookie=0, name=test.log>
2021-08-03 16:38:05,460:DEBUG:in-event <InotifyEvent: src_path=b'/home/rabbia/To-DoList/test.log', wd=1, mask=IN_MODIFY, cookie=0, name=test.log>
2021-08-03 16:38:05,460:DEBUG:in-event <InotifyEvent: src_path=b'/home/rabbia/To-DoList/test.log', wd=1, mask=IN_MODIFY, cookie=0, name=test.log>
2021-08-03 16:38:05,461:DEBUG:in-event <InotifyEvent: src_path=b'/home/rabbia/To-DoList/test.log', wd=1, mask=IN_MODIFY, cookie=0, name=test.log>
2021-08-03 16:38:05,461:DEBUG:in-event <InotifyEvent: src_path=b'/home/rabbia/To-DoList/test.log', wd=1, mask=IN_MODIFY, cookie=0, name=test.log>
2021-08-03 16:38:05,461:DEBUG:in-event <InotifyEvent: src_path=b'/home/rabbia/To-DoList/test.log', wd=1, mask=IN_MODIFY, cookie=0, name=test.log>
2021-08-03 16:38:05,461:DEBUG:in-event <InotifyEvent: src_path=b'/home/rabbia/To-DoList/test.log', wd=1, mask=IN_MODIFY, cookie=0, name=test.log>
2021-08-03 16:38:05,461:DEBUG:in-event <InotifyEvent: src_path=b'/home/rabbia/To-DoList/test.log', wd=1, mask=IN_MODIFY, cookie=0, name=test.log>
2021-08-03 16:38:05,461:DEBUG:in-event <InotifyEvent: src_path=b'/home/rabbia/To-DoList/test.log', wd=1, mask=IN_MODIFY, cookie=0, name=test.log>
2021-08-03 16:38:05,461:DEBUG:in-event <InotifyEvent: src_path=b'/home/rabbia/To-DoList/test.log', wd=1, mask=IN_MODIFY, cookie=0, name=test.log>
2021-08-03 16:38:05,461:DEBUG:in-event <InotifyEvent: src_path=b'/home/rabbia/To-DoList/test.log', wd=1, mask=IN_MODIFY, cookie=0, name=test.log>
2021-08-03 16:38:05,461:DEBUG:in-event <InotifyEvent: src_path=b'/home/rabbia/To-DoList/test.log', wd=1, mask=IN_MODIFY, cookie=0, name=test.log>
2021-08-03 16:38:05,461:DEBUG:in-event <InotifyEvent: src_path=b'/home/rabbia/To-DoList/test.log', wd=1, mask=IN_MODIFY, cookie=0, name=test.log>
2021-08-03 16:38:05,462:DEBUG:in-event <InotifyEvent: src_path=b'/home/rabbia/To-DoList/test.log', wd=1, mask=IN_MODIFY, cookie=0, name=test.log>
2021-08-03 16:38:05,462:DEBUG:in-event <InotifyEvent: src_path=b'/home/rabbia/To-DoList/test.log', wd=1, mask=IN_MODIFY, cookie=0, name=test.log>
2021-08-03 16:38:05,462:DEBUG:in-event <InotifyEvent: src_path=b'/home/rabbia/To-DoList/test.log', wd=1, mask=IN_MODIFY, cookie=0, name=test.log>
2021-08-03 16:38:05,462:DEBUG:in-event <InotifyEvent: src_path=b'/home/rabbia/To-DoList/test.log', wd=1, mask=IN_MODIFY, cookie=0, name=test.log>
2021-08-03 16:38:05,463:DEBUG:in-event <InotifyEvent: src_path=b'/home/rabbia/To-DoList/test.log', wd=1, mask=IN_MODIFY, cookie=0, name=test.log>
2021-08-03 16:38:05,463:DEBUG:in-event <InotifyEvent: src_path=b'/home/rabbia/To-DoList/test.log', wd=1, mask=IN_MODIFY, cookie=0, name=test.log>
2021-08-03 16:38:05,463:DEBUG:in-event <InotifyEvent: src_path=b'/home/rabbia/To-DoList/test.log', wd=1, mask=IN_MODIFY, cookie=0, name=test.log>
2021-08-03 16:38:05,463:DEBUG:in-event <InotifyEvent: src_path=b'/home/rabbia/To-DoList/test.log', wd=1, mask=IN_MODIFY, cookie=0, name=test.log>
2021-08-03 16:38:05,463:DEBUG:in-event <InotifyEvent: src_path=b'/home/rabbia/To-DoList/test.log', wd=1, mask=IN_MODIFY, cookie=0, name=test.log>
2021-08-03 16:38:05,464:DEBUG:in-event <InotifyEvent: src_path=b'/home/rabbia/To-DoList/test.log', wd=1, mask=IN_MODIFY, cookie=0, name=test.log>
2021-08-03 16:38:05,464:DEBUG:in-event <InotifyEvent: src_path=b'/home/rabbia/To-DoList/test.log', wd=1, mask=IN_MODIFY, cookie=0, name=test.log>
2021-08-03 16:38:05,464:DEBUG:in-event <InotifyEvent: src_path=b'/home/rabbia/To-DoList/test.log', wd=1, mask=IN_MODIFY, cookie=0, name=test.log>
2021-08-03 16:38:05,464:DEBUG:in-event <InotifyEvent: src_path=b'/home/rabbia/To-DoList/test.log', wd=1, mask=IN_MODIFY, cookie=0, name=test.log>
2021-08-03 16:38:05,465:DEBUG:in-event <InotifyEvent: src_path=b'/home/rabbia/To-DoList/test.log', wd=1, mask=IN_MODIFY, cookie=0, name=test.log>
2021-08-03 16:38:05,465:DEBUG:in-event <InotifyEvent: src_path=b'/home/rabbia/To-DoList/test.log', wd=1, mask=IN_MODIFY, cookie=0, name=test.log>
2021-08-03 16:38:05,465:DEBUG:in-event <InotifyEvent: src_path=b'/home/rabbia/To-DoList/test.log', wd=1, mask=IN_MODIFY, cookie=0, name=test.log>
2021-08-03 16:38:05,465:DEBUG:in-event <InotifyEvent: src_path=b'/home/rabbia/To-DoList/test.log', wd=1, mask=IN_MODIFY, cookie=0, name=test.log>
2021-08-03 16:38:05,466:DEBUG:in-event <InotifyEvent: src_path=b'/home/rabbia/To-DoList/test.log', wd=1, mask=IN_MODIFY, cookie=0, name=test.log>
2021-08-03 16:38:05,466:DEBUG:in-event <InotifyEvent: src_path=b'/home/rabbia/To-DoList/test.log', wd=1, mask=IN_MODIFY, cookie=0, name=test.log>
2021-08-03 16:38:05,466:DEBUG:in-event <InotifyEvent: src_path=b'/home/rabbia/To-DoList/test.log', wd=1, mask=IN_MODIFY, cookie=0, name=test.log>
2021-08-03 16:38:05,466:DEBUG:in-event <InotifyEvent: src_path=b'/home/rabbia/To-DoList/test.log', wd=1, mask=IN_MODIFY, cookie=0, name=test.log>
2021-08-03 16:38:05,467:DEBUG:in-event <InotifyEvent: src_path=b'/home/rabbia/To-DoList/test.log', wd=1, mask=IN_MODIFY, cookie=0, name=test.log>
2021-08-03 16:38:05,467:DEBUG:in-event <InotifyEvent: src_path=b'/home/rabbia/To-DoList/test.log', wd=1, mask=IN_MODIFY, cookie=0, name=test.log>
2021-08-03 16:38:05,467:DEBUG:in-event <InotifyEvent: src_path=b'/home/rabbia/To-DoList/test.log', wd=1, mask=IN_MODIFY, cookie=0, name=test.log>
2021-08-03 16:38:05,467:DEBUG:in-event <InotifyEvent: src_path=b'/home/rabbia/To-DoList/test.log', wd=1, mask=IN_MODIFY, cookie=0, name=test.log>
2021-08-03 16:38:05,468:DEBUG:in-event <InotifyEvent: src_path=b'/home/rabbia/To-DoList/test.log', wd=1, mask=IN_MODIFY, cookie=0, name=test.log>
2021-08-03 16:38:05,468:DEBUG:in-event <InotifyEvent: src_path=b'/home/rabbia/To-DoList/test.log', wd=1, mask=IN_MODIFY, cookie=0, name=test.log>
2021-08-03 16:38:05,468:DEBUG:in-event <InotifyEvent: src_path=b'/home/rabbia/To-DoList/test.log', wd=1, mask=IN_MODIFY, cookie=0, name=test.log>
2021-08-03 16:38:05,468:DEBUG:in-event <InotifyEvent: src_path=b'/home/rabbia/To-DoList/test.log', wd=1, mask=IN_MODIFY, cookie=0, name=test.log>
2021-08-03 16:38:05,468:DEBUG:in-event <InotifyEvent: src_path=b'/home/rabbia/To-DoList/test.log', wd=1, mask=IN_MODIFY, cookie=0, name=test.log>
2021-08-03 16:38:05,468:DEBUG:in-event <InotifyEvent: src_path=b'/home/rabbia/To-DoList/test.log', wd=1, mask=IN_MODIFY, cookie=0, name=test.log>
2021-08-03 16:38:05,468:DEBUG:in-event <InotifyEvent: src_path=b'/home/rabbia/To-DoList/test.log', wd=1, mask=IN_MODIFY, cookie=0, name=test.log>
2021-08-03 16:38:05,469:DEBUG:in-event <InotifyEvent: src_path=b'/home/rabbia/To-DoList/test.log', wd=1, mask=IN_MODIFY, cookie=0, name=test.log>
2021-08-03 16:38:05,469:DEBUG:in-event <InotifyEvent: src_path=b'/home/rabbia/To-DoList/test.log', wd=1, mask=IN_MODIFY, cookie=0, name=test.log>
2021-08-03 16:38:05,469:DEBUG:in-event <InotifyEvent: src_path=b'/home/rabbia/To-DoList/test.log', wd=1, mask=IN_MODIFY, cookie=0, name=test.log>
2021-08-03 16:38:05,469:DEBUG:in-event <InotifyEvent: src_path=b'/home/rabbia/To-DoList/test.log', wd=1, mask=IN_MODIFY, cookie=0, name=test.log>
2021-08-03 16:38:05,469:DEBUG:in-event <InotifyEvent: src_path=b'/home/rabbia/To-DoList/test.log', wd=1, mask=IN_MODIFY, cookie=0, name=test.log>
2021-08-03 16:38:05,469:DEBUG:in-event <InotifyEvent: src_path=b'/home/rabbia/To-DoList/test.log', wd=1, mask=IN_MODIFY, cookie=0, name=test.log>
2021-08-03 16:38:05,470:DEBUG:in-event <InotifyEvent: src_path=b'/home/rabbia/To-DoList/test.log', wd=1, mask=IN_MODIFY, cookie=0, name=test.log>
2021-08-03 16:38:05,470:DEBUG:in-event <InotifyEvent: src_path=b'/home/rabbia/To-DoList/test.log', wd=1, mask=IN_MODIFY, cookie=0, name=test.log>
2021-08-03 16:38:05,470:DEBUG:in-event <InotifyEvent: src_path=b'/home/rabbia/To-DoList/test.log', wd=1, mask=IN_MODIFY, cookie=0, name=test.log>
2021-08-03 16:38:05,470:DEBUG:in-event <InotifyEvent: src_path=b'/home/rabbia/To-DoList/test.log', wd=1, mask=IN_MODIFY, cookie=0, name=test.log>
2021-08-03 16:38:05,470:DEBUG:in-event <InotifyEvent: src_path=b'/home/rabbia/To-DoList/test.log', wd=1, mask=IN_MODIFY, cookie=0, name=test.log>
2021-08-03 16:38:05,470:DEBUG:in-event <InotifyEvent: src_path=b'/home/rabbia/To-DoList/test.log', wd=1, mask=IN_MODIFY, cookie=0, name=test.log>
2021-08-03 16:38:05,471:DEBUG:in-event <InotifyEvent: src_path=b'/home/rabbia/To-DoList/test.log', wd=1, mask=IN_MODIFY, cookie=0, name=test.log>
2021-08-03 16:38:05,471:DEBUG:in-event <InotifyEvent: src_path=b'/home/rabbia/To-DoList/test.log', wd=1, mask=IN_MODIFY, cookie=0, name=test.log>
2021-08-03 16:38:05,471:DEBUG:in-event <InotifyEvent: src_path=b'/home/rabbia/To-DoList/test.log', wd=1, mask=IN_MODIFY, cookie=0, name=test.log>
2021-08-03 16:38:05,471:DEBUG:in-event <InotifyEvent: src_path=b'/home/rabbia/To-DoList/test.log', wd=1, mask=IN_MODIFY, cookie=0, name=test.log>
2021-08-03 16:38:05,471:DEBUG:in-event <InotifyEvent: src_path=b'/home/rabbia/To-DoList/test.log', wd=1, mask=IN_MODIFY, cookie=0, name=test.log>
2021-08-03 16:38:05,471:DEBUG:in-event <InotifyEvent: src_path=b'/home/rabbia/To-DoList/test.log', wd=1, mask=IN_MODIFY, cookie=0, name=test.log>
2021-08-03 16:38:05,472:DEBUG:in-event <InotifyEvent: src_path=b'/home/rabbia/To-DoList/test.log', wd=1, mask=IN_MODIFY, cookie=0, name=test.log>
2021-08-03 16:38:05,472:DEBUG:in-event <InotifyEvent: src_path=b'/home/rabbia/To-DoList/test.log', wd=1, mask=IN_MODIFY, cookie=0, name=test.log>
2021-08-03 16:38:05,472:DEBUG:in-event <InotifyEvent: src_path=b'/home/rabbia/To-DoList/test.log', wd=1, mask=IN_MODIFY, cookie=0, name=test.log>
2021-08-03 16:38:05,472:DEBUG:in-event <InotifyEvent: src_path=b'/home/rabbia/To-DoList/test.log', wd=1, mask=IN_MODIFY, cookie=0, name=test.log>
2021-08-03 16:38:05,472:DEBUG:in-event <InotifyEvent: src_path=b'/home/rabbia/To-DoList/test.log', wd=1, mask=IN_MODIFY, cookie=0, name=test.log>
2021-08-03 16:38:05,473:DEBUG:in-event <InotifyEvent: src_path=b'/home/rabbia/To-DoList/test.log', wd=1, mask=IN_MODIFY, cookie=0, name=test.log>
2021-08-03 16:38:05,473:DEBUG:in-event <InotifyEvent: src_path=b'/home/rabbia/To-DoList/test.log', wd=1, mask=IN_MODIFY, cookie=0, name=test.log>
2021-08-03 16:38:05,473:DEBUG:in-event <InotifyEvent: src_path=b'/home/rabbia/To-DoList/test.log', wd=1, mask=IN_MODIFY, cookie=0, name=test.log>
2021-08-03 16:38:05,473:DEBUG:in-event <InotifyEvent: src_path=b'/home/rabbia/To-DoList/test.log', wd=1, mask=IN_MODIFY, cookie=0, name=test.log>
2021-08-03 16:38:05,473:DEBUG:in-event <InotifyEvent: src_path=b'/home/rabbia/To-DoList/test.log', wd=1, mask=IN_MODIFY, cookie=0, name=test.log>
2021-08-03 16:38:05,473:DEBUG:in-event <InotifyEvent: src_path=b'/home/rabbia/To-DoList/test.log', wd=1, mask=IN_MODIFY, cookie=0, name=test.log>
2021-08-03 16:38:05,474:DEBUG:in-event <InotifyEvent: src_path=b'/home/rabbia/To-DoList/test.log', wd=1, mask=IN_MODIFY, cookie=0, name=test.log>
2021-08-03 16:38:05,474:DEBUG:in-event <InotifyEvent: src_path=b'/home/rabbia/To-DoList/test.log', wd=1, mask=IN_MODIFY, cookie=0, name=test.log>
2021-08-03 16:38:05,474:DEBUG:in-event <InotifyEvent: src_path=b'/home/rabbia/To-DoList/test.log', wd=1, mask=IN_MODIFY, cookie=0, name=test.log>
2021-08-03 16:38:05,474:DEBUG:in-event <InotifyEvent: src_path=b'/home/rabbia/To-DoList/test.log', wd=1, mask=IN_MODIFY, cookie=0, name=test.log>
2021-08-03 16:38:05,474:DEBUG:in-event <InotifyEvent: src_path=b'/home/rabbia/To-DoList/test.log', wd=1, mask=IN_MODIFY, cookie=0, name=test.log>
2021-08-03 16:38:05,475:DEBUG:in-event <InotifyEvent: src_path=b'/home/rabbia/To-DoList/test.log', wd=1, mask=IN_MODIFY, cookie=0, name=test.log>
2021-08-03 16:38:05,475:DEBUG:in-event <InotifyEvent: src_path=b'/home/rabbia/To-DoList/test.log', wd=1, mask=IN_MODIFY, cookie=0, name=test.log>
2021-08-03 16:38:05,475:DEBUG:in-event <InotifyEvent: src_path=b'/home/rabbia/To-DoList/test.log', wd=1, mask=IN_MODIFY, cookie=0, name=test.log>
2021-08-03 16:38:05,475:DEBUG:in-event <InotifyEvent: src_path=b'/home/rabbia/To-DoList/test.log', wd=1, mask=IN_MODIFY, cookie=0, name=test.log>
2021-08-03 16:38:05,476:DEBUG:in-event <InotifyEvent: src_path=b'/home/rabbia/To-DoList/test.log', wd=1, mask=IN_MODIFY, cookie=0, name=test.log>
2021-08-03 16:38:05,476:DEBUG:in-event <InotifyEvent: src_path=b'/home/rabbia/To-DoList/test.log', wd=1, mask=IN_MODIFY, cookie=0, name=test.log>
2021-08-03 16:38:05,476:DEBUG:in-event <InotifyEvent: src_path=b'/home/rabbia/To-DoList/test.log', wd=1, mask=IN_MODIFY, cookie=0, name=test.log>
2021-08-03 16:38:05,476:DEBUG:in-event <InotifyEvent: src_path=b'/home/rabbia/To-DoList/test.log', wd=1, mask=IN_MODIFY, cookie=0, name=test.log>
2021-08-03 16:38:05,476:DEBUG:in-event <InotifyEvent: src_path=b'/home/rabbia/To-DoList/test.log', wd=1, mask=IN_MODIFY, cookie=0, name=test.log>
2021-08-03 16:38:05,476:DEBUG:in-event <InotifyEvent: src_path=b'/home/rabbia/To-DoList/test.log', wd=1, mask=IN_MODIFY, cookie=0, name=test.log>
2021-08-03 16:38:05,476:DEBUG:in-event <InotifyEvent: src_path=b'/home/rabbia/To-DoList/test.log', wd=1, mask=IN_MODIFY, cookie=0, name=test.log>
2021-08-03 16:38:05,476:DEBUG:in-event <InotifyEvent: src_path=b'/home/rabbia/To-DoList/test.log', wd=1, mask=IN_MODIFY, cookie=0, name=test.log>
2021-08-03 16:38:05,477:DEBUG:in-event <InotifyEvent: src_path=b'/home/rabbia/To-DoList/test.log', wd=1, mask=IN_MODIFY, cookie=0, name=test.log>
2021-08-03 16:38:05,477:DEBUG:in-event <InotifyEvent: src_path=b'/home/rabbia/To-DoList/test.log', wd=1, mask=IN_MODIFY, cookie=0, name=test.log>
2021-08-03 16:38:05,477:DEBUG:in-event <InotifyEvent: src_path=b'/home/rabbia/To-DoList/test.log', wd=1, mask=IN_MODIFY, cookie=0, name=test.log>
2021-08-03 16:38:05,477:DEBUG:in-event <InotifyEvent: src_path=b'/home/rabbia/To-DoList/test.log', wd=1, mask=IN_MODIFY, cookie=0, name=test.log>
2021-08-03 16:38:05,477:DEBUG:in-event <InotifyEvent: src_path=b'/home/rabbia/To-DoList/test.log', wd=1, mask=IN_MODIFY, cookie=0, name=test.log>
2021-08-03 16:38:05,478:DEBUG:in-event <InotifyEvent: src_path=b'/home/rabbia/To-DoList/test.log', wd=1, mask=IN_MODIFY, cookie=0, name=test.log>
2021-08-03 16:38:05,478:DEBUG:in-event <InotifyEvent: src_path=b'/home/rabbia/To-DoList/test.log', wd=1, mask=IN_MODIFY, cookie=0, name=test.log>
2021-08-03 16:38:05,478:DEBUG:in-event <InotifyEvent: src_path=b'/home/rabbia/To-DoList/test.log', wd=1, mask=IN_MODIFY, cookie=0, name=test.log>
2021-08-03 16:38:05,478:DEBUG:in-event <InotifyEvent: src_path=b'/home/rabbia/To-DoList/test.log', wd=1, mask=IN_MODIFY, cookie=0, name=test.log>
2021-08-03 16:38:05,478:DEBUG:in-event <InotifyEvent: src_path=b'/home/rabbia/To-DoList/test.log', wd=1, mask=IN_MODIFY, cookie=0, name=test.log>
2021-08-03 16:38:05,478:DEBUG:in-event <InotifyEvent: src_path=b'/home/rabbia/To-DoList/test.log', wd=1, mask=IN_MODIFY, cookie=0, name=test.log>
2021-08-03 16:38:05,479:DEBUG:in-event <InotifyEvent: src_path=b'/home/rabbia/To-DoList/test.log', wd=1, mask=IN_MODIFY, cookie=0, name=test.log>
2021-08-03 16:38:05,479:DEBUG:in-event <InotifyEvent: src_path=b'/home/rabbia/To-DoList/test.log', wd=1, mask=IN_MODIFY, cookie=0, name=test.log>
2021-08-03 16:38:05,479:DEBUG:in-event <InotifyEvent: src_path=b'/home/rabbia/To-DoList/test.log', wd=1, mask=IN_MODIFY, cookie=0, name=test.log>
2021-08-03 16:38:05,480:DEBUG:in-event <InotifyEvent: src_path=b'/home/rabbia/To-DoList/test.log', wd=1, mask=IN_MODIFY, cookie=0, name=test.log>
2021-08-03 16:38:05,480:DEBUG:in-event <InotifyEvent: src_path=b'/home/rabbia/To-DoList/test.log', wd=1, mask=IN_MODIFY, cookie=0, name=test.log>
2021-08-03 16:38:05,480:DEBUG:in-event <InotifyEvent: src_path=b'/home/rabbia/To-DoList/test.log', wd=1, mask=IN_MODIFY, cookie=0, name=test.log>
2021-08-03 16:38:05,480:DEBUG:in-event <InotifyEvent: src_path=b'/home/rabbia/To-DoList/test.log', wd=1, mask=IN_MODIFY, cookie=0, name=test.log>
2021-08-03 16:38:05,481:DEBUG:in-event <InotifyEvent: src_path=b'/home/rabbia/To-DoList/test.log', wd=1, mask=IN_MODIFY, cookie=0, name=test.log>
2021-08-03 16:38:05,481:DEBUG:in-event <InotifyEvent: src_path=b'/home/rabbia/To-DoList/test.log', wd=1, mask=IN_MODIFY, cookie=0, name=test.log>
2021-08-03 16:38:05,481:DEBUG:in-event <InotifyEvent: src_path=b'/home/rabbia/To-DoList/test.log', wd=1, mask=IN_MODIFY, cookie=0, name=test.log>
2021-08-03 16:38:05,481:DEBUG:in-event <InotifyEvent: src_path=b'/home/rabbia/To-DoList/test.log', wd=1, mask=IN_MODIFY, cookie=0, name=test.log>
2021-08-03 16:38:05,482:DEBUG:in-event <InotifyEvent: src_path=b'/home/rabbia/To-DoList/test.log', wd=1, mask=IN_MODIFY, cookie=0, name=test.log>
2021-08-03 16:38:05,482:DEBUG:in-event <InotifyEvent: src_path=b'/home/rabbia/To-DoList/test.log', wd=1, mask=IN_MODIFY, cookie=0, name=test.log>
2021-08-03 16:38:05,482:DEBUG:in-event <InotifyEvent: src_path=b'/home/rabbia/To-DoList/test.log', wd=1, mask=IN_MODIFY, cookie=0, name=test.log>
2021-08-03 16:38:05,482:DEBUG:in-event <InotifyEvent: src_path=b'/home/rabbia/To-DoList/test.log', wd=1, mask=IN_MODIFY, cookie=0, name=test.log>
2021-08-03 16:38:05,482:DEBUG:in-event <InotifyEvent: src_path=b'/home/rabbia/To-DoList/test.log', wd=1, mask=IN_MODIFY, cookie=0, name=test.log>
2021-08-03 16:38:05,483:DEBUG:in-event <InotifyEvent: src_path=b'/home/rabbia/To-DoList/test.log', wd=1, mask=IN_MODIFY, cookie=0, name=test.log>
2021-08-03 16:38:05,483:DEBUG:in-event <InotifyEvent: src_path=b'/home/rabbia/To-DoList/test.log', wd=1, mask=IN_MODIFY, cookie=0, name=test.log>
2021-08-03 16:38:05,483:DEBUG:in-event <InotifyEvent: src_path=b'/home/rabbia/To-DoList/test.log', wd=1, mask=IN_MODIFY, cookie=0, name=test.log>
2021-08-03 16:38:05,483:DEBUG:in-event <InotifyEvent: src_path=b'/home/rabbia/To-DoList/test.log', wd=1, mask=IN_MODIFY, cookie=0, name=test.log>
2021-08-03 16:38:05,483:DEBUG:in-event <InotifyEvent: src_path=b'/home/rabbia/To-DoList/test.log', wd=1, mask=IN_MODIFY, cookie=0, name=test.log>
2021-08-03 16:38:05,483:DEBUG:in-event <InotifyEvent: src_path=b'/home/rabbia/To-DoList/test.log', wd=1, mask=IN_MODIFY, cookie=0, name=test.log>
2021-08-03 16:38:05,484:DEBUG:in-event <InotifyEvent: src_path=b'/home/rabbia/To-DoList/test.log', wd=1, mask=IN_MODIFY, cookie=0, name=test.log>
2021-08-03 16:38:05,484:DEBUG:in-event <InotifyEvent: src_path=b'/home/rabbia/To-DoList/test.log', wd=1, mask=IN_MODIFY, cookie=0, name=test.log>
2021-08-03 16:38:05,484:DEBUG:in-event <InotifyEvent: src_path=b'/home/rabbia/To-DoList/test.log', wd=1, mask=IN_MODIFY, cookie=0, name=test.log>
2021-08-03 16:38:05,484:DEBUG:in-event <InotifyEvent: src_path=b'/home/rabbia/To-DoList/test.log', wd=1, mask=IN_MODIFY, cookie=0, name=test.log>
2021-08-03 16:38:05,484:DEBUG:in-event <InotifyEvent: src_path=b'/home/rabbia/To-DoList/test.log', wd=1, mask=IN_MODIFY, cookie=0, name=test.log>
2021-08-03 16:38:05,484:DEBUG:in-event <InotifyEvent: src_path=b'/home/rabbia/To-DoList/test.log', wd=1, mask=IN_MODIFY, cookie=0, name=test.log>
2021-08-03 16:38:05,484:DEBUG:in-event <InotifyEvent: src_path=b'/home/rabbia/To-DoList/test.log', wd=1, mask=IN_MODIFY, cookie=0, name=test.log>
2021-08-03 16:38:05,485:DEBUG:in-event <InotifyEvent: src_path=b'/home/rabbia/To-DoList/test.log', wd=1, mask=IN_MODIFY, cookie=0, name=test.log>
2021-08-03 16:38:05,485:DEBUG:in-event <InotifyEvent: src_path=b'/home/rabbia/To-DoList/test.log', wd=1, mask=IN_MODIFY, cookie=0, name=test.log>
2021-08-03 16:38:05,485:DEBUG:in-event <InotifyEvent: src_path=b'/home/rabbia/To-DoList/test.log', wd=1, mask=IN_MODIFY, cookie=0, name=test.log>
2021-08-03 16:38:05,485:DEBUG:in-event <InotifyEvent: src_path=b'/home/rabbia/To-DoList/test.log', wd=1, mask=IN_MODIFY, cookie=0, name=test.log>
2021-08-03 16:38:05,485:DEBUG:in-event <InotifyEvent: src_path=b'/home/rabbia/To-DoList/test.log', wd=1, mask=IN_MODIFY, cookie=0, name=test.log>
2021-08-03 16:38:05,486:DEBUG:in-event <InotifyEvent: src_path=b'/home/rabbia/To-DoList/test.log', wd=1, mask=IN_MODIFY, cookie=0, name=test.log>
2021-08-03 16:38:05,486:DEBUG:in-event <InotifyEvent: src_path=b'/home/rabbia/To-DoList/test.log', wd=1, mask=IN_MODIFY, cookie=0, name=test.log>
2021-08-03 16:38:05,486:DEBUG:in-event <InotifyEvent: src_path=b'/home/rabbia/To-DoList/test.log', wd=1, mask=IN_MODIFY, cookie=0, name=test.log>
2021-08-03 16:38:05,486:DEBUG:in-event <InotifyEvent: src_path=b'/home/rabbia/To-DoList/test.log', wd=1, mask=IN_MODIFY, cookie=0, name=test.log>
2021-08-03 16:38:05,487:DEBUG:in-event <InotifyEvent: src_path=b'/home/rabbia/To-DoList/test.log', wd=1, mask=IN_MODIFY, cookie=0, name=test.log>
2021-08-03 16:38:05,487:DEBUG:in-event <InotifyEvent: src_path=b'/home/rabbia/To-DoList/test.log', wd=1, mask=IN_MODIFY, cookie=0, name=test.log>
2021-08-03 16:38:05,487:DEBUG:in-event <InotifyEvent: src_path=b'/home/rabbia/To-DoList/test.log', wd=1, mask=IN_MODIFY, cookie=0, name=test.log>
2021-08-03 16:38:05,487:DEBUG:in-event <InotifyEvent: src_path=b'/home/rabbia/To-DoList/test.log', wd=1, mask=IN_MODIFY, cookie=0, name=test.log>
2021-08-03 16:38:05,487:DEBUG:in-event <InotifyEvent: src_path=b'/home/rabbia/To-DoList/test.log', wd=1, mask=IN_MODIFY, cookie=0, name=test.log>
2021-08-03 16:38:05,488:DEBUG:in-event <InotifyEvent: src_path=b'/home/rabbia/To-DoList/test.log', wd=1, mask=IN_MODIFY, cookie=0, name=test.log>
2021-08-03 16:38:05,488:DEBUG:in-event <InotifyEvent: src_path=b'/home/rabbia/To-DoList/test.log', wd=1, mask=IN_MODIFY, cookie=0, name=test.log>
2021-08-03 16:38:05,488:DEBUG:in-event <InotifyEvent: src_path=b'/home/rabbia/To-DoList/test.log', wd=1, mask=IN_MODIFY, cookie=0, name=test.log>
2021-08-03 16:38:05,488:DEBUG:in-event <InotifyEvent: src_path=b'/home/rabbia/To-DoList/test.log', wd=1, mask=IN_MODIFY, cookie=0, name=test.log>
2021-08-03 16:38:05,488:DEBUG:in-event <InotifyEvent: src_path=b'/home/rabbia/To-DoList/test.log', wd=1, mask=IN_MODIFY, cookie=0, name=test.log>
2021-08-03 16:38:05,488:DEBUG:in-event <InotifyEvent: src_path=b'/home/rabbia/To-DoList/test.log', wd=1, mask=IN_MODIFY, cookie=0, name=test.log>
2021-08-03 16:38:05,489:DEBUG:in-event <InotifyEvent: src_path=b'/home/rabbia/To-DoList/test.log', wd=1, mask=IN_MODIFY, cookie=0, name=test.log>
2021-08-03 16:38:05,489:DEBUG:in-event <InotifyEvent: src_path=b'/home/rabbia/To-DoList/test.log', wd=1, mask=IN_MODIFY, cookie=0, name=test.log>
2021-08-03 16:38:05,489:DEBUG:in-event <InotifyEvent: src_path=b'/home/rabbia/To-DoList/test.log', wd=1, mask=IN_MODIFY, cookie=0, name=test.log>
2021-08-03 16:38:05,489:DEBUG:in-event <InotifyEvent: src_path=b'/home/rabbia/To-DoList/test.log', wd=1, mask=IN_MODIFY, cookie=0, name=test.log>
2021-08-03 16:38:05,489:DEBUG:in-event <InotifyEvent: src_path=b'/home/rabbia/To-DoList/test.log', wd=1, mask=IN_MODIFY, cookie=0, name=test.log>
2021-08-03 16:38:05,490:DEBUG:in-event <InotifyEvent: src_path=b'/home/rabbia/To-DoList/test.log', wd=1, mask=IN_MODIFY, cookie=0, name=test.log>
2021-08-03 16:38:05,490:DEBUG:in-event <InotifyEvent: src_path=b'/home/rabbia/To-DoList/test.log', wd=1, mask=IN_MODIFY, cookie=0, name=test.log>
2021-08-03 16:38:05,490:DEBUG:in-event <InotifyEvent: src_path=b'/home/rabbia/To-DoList/test.log', wd=1, mask=IN_MODIFY, cookie=0, name=test.log>
2021-08-03 16:38:05,491:DEBUG:in-event <InotifyEvent: src_path=b'/home/rabbia/To-DoList/test.log', wd=1, mask=IN_MODIFY, cookie=0, name=test.log>
2021-08-03 16:38:05,491:DEBUG:in-event <InotifyEvent: src_path=b'/home/rabbia/To-DoList/test.log', wd=1, mask=IN_MODIFY, cookie=0, name=test.log>
2021-08-03 16:38:05,491:DEBUG:in-event <InotifyEvent: src_path=b'/home/rabbia/To-DoList/test.log', wd=1, mask=IN_MODIFY, cookie=0, name=test.log>
2021-08-03 16:38:05,492:DEBUG:in-event <InotifyEvent: src_path=b'/home/rabbia/To-DoList/test.log', wd=1, mask=IN_MODIFY, cookie=0, name=test.log>
2021-08-03 16:38:05,492:DEBUG:in-event <InotifyEvent: src_path=b'/home/rabbia/To-DoList/test.log', wd=1, mask=IN_MODIFY, cookie=0, name=test.log>
2021-08-03 16:38:05,492:DEBUG:in-event <InotifyEvent: src_path=b'/home/rabbia/To-DoList/test.log', wd=1, mask=IN_MODIFY, cookie=0, name=test.log>
2021-08-03 16:38:05,492:DEBUG:in-event <InotifyEvent: src_path=b'/home/rabbia/To-DoList/test.log', wd=1, mask=IN_MODIFY, cookie=0, name=test.log>
2021-08-03 16:38:05,493:DEBUG:in-event <InotifyEvent: src_path=b'/home/rabbia/To-DoList/test.log', wd=1, mask=IN_MODIFY, cookie=0, name=test.log>
2021-08-03 16:38:05,493:DEBUG:in-event <InotifyEvent: src_path=b'/home/rabbia/To-DoList/test.log', wd=1, mask=IN_MODIFY, cookie=0, name=test.log>
2021-08-03 16:38:05,493:DEBUG:in-event <InotifyEvent: src_path=b'/home/rabbia/To-DoList/test.log', wd=1, mask=IN_MODIFY, cookie=0, name=test.log>
2021-08-03 16:38:05,493:DEBUG:in-event <InotifyEvent: src_path=b'/home/rabbia/To-DoList/test.log', wd=1, mask=IN_MODIFY, cookie=0, name=test.log>
2021-08-03 16:38:05,494:DEBUG:in-event <InotifyEvent: src_path=b'/home/rabbia/To-DoList/test.log', wd=1, mask=IN_MODIFY, cookie=0, name=test.log>
2021-08-03 16:38:05,494:DEBUG:in-event <InotifyEvent: src_path=b'/home/rabbia/To-DoList/test.log', wd=1, mask=IN_MODIFY, cookie=0, name=test.log>
2021-08-03 16:38:05,494:DEBUG:in-event <InotifyEvent: src_path=b'/home/rabbia/To-DoList/test.log', wd=1, mask=IN_MODIFY, cookie=0, name=test.log>
2021-08-03 16:38:05,495:DEBUG:in-event <InotifyEvent: src_path=b'/home/rabbia/To-DoList/test.log', wd=1, mask=IN_MODIFY, cookie=0, name=test.log>
2021-08-03 16:38:05,496:DEBUG:in-event <InotifyEvent: src_path=b'/home/rabbia/To-DoList/test.log', wd=1, mask=IN_MODIFY, cookie=0, name=test.log>
2021-08-03 16:38:05,496:DEBUG:in-event <InotifyEvent: src_path=b'/home/rabbia/To-DoList/test.log', wd=1, mask=IN_MODIFY, cookie=0, name=test.log>
2021-08-03 16:38:05,496:DEBUG:in-event <InotifyEvent: src_path=b'/home/rabbia/To-DoList/test.log', wd=1, mask=IN_MODIFY, cookie=0, name=test.log>
2021-08-03 16:38:05,496:DEBUG:in-event <InotifyEvent: src_path=b'/home/rabbia/To-DoList/test.log', wd=1, mask=IN_MODIFY, cookie=0, name=test.log>
2021-08-03 16:38:05,496:DEBUG:in-event <InotifyEvent: src_path=b'/home/rabbia/To-DoList/test.log', wd=1, mask=IN_MODIFY, cookie=0, name=test.log>
2021-08-03 16:38:05,497:DEBUG:in-event <InotifyEvent: src_path=b'/home/rabbia/To-DoList/test.log', wd=1, mask=IN_MODIFY, cookie=0, name=test.log>
2021-08-03 16:38:05,497:DEBUG:in-event <InotifyEvent: src_path=b'/home/rabbia/To-DoList/test.log', wd=1, mask=IN_MODIFY, cookie=0, name=test.log>
2021-08-03 16:38:05,497:DEBUG:in-event <InotifyEvent: src_path=b'/home/rabbia/To-DoList/test.log', wd=1, mask=IN_MODIFY, cookie=0, name=test.log>
2021-08-03 16:38:05,497:DEBUG:in-event <InotifyEvent: src_path=b'/home/rabbia/To-DoList/test.log', wd=1, mask=IN_MODIFY, cookie=0, name=test.log>
2021-08-03 16:38:05,497:DEBUG:in-event <InotifyEvent: src_path=b'/home/rabbia/To-DoList/test.log', wd=1, mask=IN_MODIFY, cookie=0, name=test.log>
2021-08-03 16:38:05,498:DEBUG:in-event <InotifyEvent: src_path=b'/home/rabbia/To-DoList/test.log', wd=1, mask=IN_MODIFY, cookie=0, name=test.log>
2021-08-03 16:38:05,498:DEBUG:in-event <InotifyEvent: src_path=b'/home/rabbia/To-DoList/test.log', wd=1, mask=IN_MODIFY, cookie=0, name=test.log>
2021-08-03 16:38:05,498:DEBUG:in-event <InotifyEvent: src_path=b'/home/rabbia/To-DoList/test.log', wd=1, mask=IN_MODIFY, cookie=0, name=test.log>
2021-08-03 16:38:05,498:DEBUG:in-event <InotifyEvent: src_path=b'/home/rabbia/To-DoList/test.log', wd=1, mask=IN_MODIFY, cookie=0, name=test.log>
2021-08-03 16:38:05,499:DEBUG:in-event <InotifyEvent: src_path=b'/home/rabbia/To-DoList/test.log', wd=1, mask=IN_MODIFY, cookie=0, name=test.log>
2021-08-03 16:38:05,499:DEBUG:in-event <InotifyEvent: src_path=b'/home/rabbia/To-DoList/test.log', wd=1, mask=IN_MODIFY, cookie=0, name=test.log>
2021-08-03 16:38:05,499:DEBUG:in-event <InotifyEvent: src_path=b'/home/rabbia/To-DoList/test.log', wd=1, mask=IN_MODIFY, cookie=0, name=test.log>
2021-08-03 16:38:05,499:DEBUG:in-event <InotifyEvent: src_path=b'/home/rabbia/To-DoList/test.log', wd=1, mask=IN_MODIFY, cookie=0, name=test.log>
2021-08-03 16:38:05,499:DEBUG:in-event <InotifyEvent: src_path=b'/home/rabbia/To-DoList/test.log', wd=1, mask=IN_MODIFY, cookie=0, name=test.log>
2021-08-03 16:38:05,500:DEBUG:in-event <InotifyEvent: src_path=b'/home/rabbia/To-DoList/test.log', wd=1, mask=IN_MODIFY, cookie=0, name=test.log>
2021-08-03 16:38:05,500:DEBUG:in-event <InotifyEvent: src_path=b'/home/rabbia/To-DoList/test.log', wd=1, mask=IN_MODIFY, cookie=0, name=test.log>
2021-08-03 16:38:05,500:DEBUG:in-event <InotifyEvent: src_path=b'/home/rabbia/To-DoList/test.log', wd=1, mask=IN_MODIFY, cookie=0, name=test.log>
2021-08-03 16:38:05,500:DEBUG:in-event <InotifyEvent: src_path=b'/home/rabbia/To-DoList/test.log', wd=1, mask=IN_MODIFY, cookie=0, name=test.log>
2021-08-03 16:38:05,501:DEBUG:in-event <InotifyEvent: src_path=b'/home/rabbia/To-DoList/test.log', wd=1, mask=IN_MODIFY, cookie=0, name=test.log>
2021-08-03 16:38:05,501:DEBUG:in-event <InotifyEvent: src_path=b'/home/rabbia/To-DoList/test.log', wd=1, mask=IN_MODIFY, cookie=0, name=test.log>
2021-08-03 16:38:05,501:DEBUG:in-event <InotifyEvent: src_path=b'/home/rabbia/To-DoList/test.log', wd=1, mask=IN_MODIFY, cookie=0, name=test.log>
2021-08-03 16:38:05,501:DEBUG:in-event <InotifyEvent: src_path=b'/home/rabbia/To-DoList/test.log', wd=1, mask=IN_MODIFY, cookie=0, name=test.log>
2021-08-03 16:38:05,502:DEBUG:in-event <InotifyEvent: src_path=b'/home/rabbia/To-DoList/test.log', wd=1, mask=IN_MODIFY, cookie=0, name=test.log>
2021-08-03 16:38:05,502:DEBUG:in-event <InotifyEvent: src_path=b'/home/rabbia/To-DoList/test.log', wd=1, mask=IN_MODIFY, cookie=0, name=test.log>
2021-08-03 16:38:05,502:DEBUG:in-event <InotifyEvent: src_path=b'/home/rabbia/To-DoList/test.log', wd=1, mask=IN_MODIFY, cookie=0, name=test.log>
2021-08-03 16:38:05,502:DEBUG:in-event <InotifyEvent: src_path=b'/home/rabbia/To-DoList/test.log', wd=1, mask=IN_MODIFY, cookie=0, name=test.log>
2021-08-03 16:38:05,502:DEBUG:in-event <InotifyEvent: src_path=b'/home/rabbia/To-DoList/test.log', wd=1, mask=IN_MODIFY, cookie=0, name=test.log>
2021-08-03 16:38:05,503:DEBUG:in-event <InotifyEvent: src_path=b'/home/rabbia/To-DoList/test.log', wd=1, mask=IN_MODIFY, cookie=0, name=test.log>
2021-08-03 16:38:05,503:DEBUG:in-event <InotifyEvent: src_path=b'/home/rabbia/To-DoList/test.log', wd=1, mask=IN_MODIFY, cookie=0, name=test.log>
2021-08-03 16:38:05,503:DEBUG:in-event <InotifyEvent: src_path=b'/home/rabbia/To-DoList/test.log', wd=1, mask=IN_MODIFY, cookie=0, name=test.log>
2021-08-03 16:38:05,503:DEBUG:in-event <InotifyEvent: src_path=b'/home/rabbia/To-DoList/test.log', wd=1, mask=IN_MODIFY, cookie=0, name=test.log>
2021-08-03 16:38:05,503:DEBUG:in-event <InotifyEvent: src_path=b'/home/rabbia/To-DoList/test.log', wd=1, mask=IN_MODIFY, cookie=0, name=test.log>
2021-08-03 16:38:05,503:DEBUG:in-event <InotifyEvent: src_path=b'/home/rabbia/To-DoList/test.log', wd=1, mask=IN_MODIFY, cookie=0, name=test.log>
2021-08-03 16:38:05,504:DEBUG:in-event <InotifyEvent: src_path=b'/home/rabbia/To-DoList/test.log', wd=1, mask=IN_MODIFY, cookie=0, name=test.log>
2021-08-03 16:38:05,504:DEBUG:in-event <InotifyEvent: src_path=b'/home/rabbia/To-DoList/test.log', wd=1, mask=IN_MODIFY, cookie=0, name=test.log>
2021-08-03 16:38:05,504:DEBUG:in-event <InotifyEvent: src_path=b'/home/rabbia/To-DoList/test.log', wd=1, mask=IN_MODIFY, cookie=0, name=test.log>
2021-08-03 16:38:05,504:DEBUG:in-event <InotifyEvent: src_path=b'/home/rabbia/To-DoList/test.log', wd=1, mask=IN_MODIFY, cookie=0, name=test.log>
2021-08-03 16:38:05,504:DEBUG:in-event <InotifyEvent: src_path=b'/home/rabbia/To-DoList/test.log', wd=1, mask=IN_MODIFY, cookie=0, name=test.log>
2021-08-03 16:38:05,505:DEBUG:in-event <InotifyEvent: src_path=b'/home/rabbia/To-DoList/test.log', wd=1, mask=IN_MODIFY, cookie=0, name=test.log>
2021-08-03 16:38:05,505:DEBUG:in-event <InotifyEvent: src_path=b'/home/rabbia/To-DoList/test.log', wd=1, mask=IN_MODIFY, cookie=0, name=test.log>
2021-08-03 16:38:05,505:DEBUG:in-event <InotifyEvent: src_path=b'/home/rabbia/To-DoList/test.log', wd=1, mask=IN_MODIFY, cookie=0, name=test.log>
2021-08-03 16:38:05,505:DEBUG:in-event <InotifyEvent: src_path=b'/home/rabbia/To-DoList/test.log', wd=1, mask=IN_MODIFY, cookie=0, name=test.log>
2021-08-03 16:38:05,505:DEBUG:in-event <InotifyEvent: src_path=b'/home/rabbia/To-DoList/test.log', wd=1, mask=IN_MODIFY, cookie=0, name=test.log>
2021-08-03 16:38:05,506:DEBUG:in-event <InotifyEvent: src_path=b'/home/rabbia/To-DoList/test.log', wd=1, mask=IN_MODIFY, cookie=0, name=test.log>
2021-08-03 16:38:05,506:DEBUG:in-event <InotifyEvent: src_path=b'/home/rabbia/To-DoList/test.log', wd=1, mask=IN_MODIFY, cookie=0, name=test.log>
2021-08-03 16:38:05,506:DEBUG:in-event <InotifyEvent: src_path=b'/home/rabbia/To-DoList/test.log', wd=1, mask=IN_MODIFY, cookie=0, name=test.log>
2021-08-03 16:38:05,506:DEBUG:in-event <InotifyEvent: src_path=b'/home/rabbia/To-DoList/test.log', wd=1, mask=IN_MODIFY, cookie=0, name=test.log>
2021-08-03 16:38:05,507:DEBUG:in-event <InotifyEvent: src_path=b'/home/rabbia/To-DoList/test.log', wd=1, mask=IN_MODIFY, cookie=0, name=test.log>
2021-08-03 16:38:05,507:DEBUG:in-event <InotifyEvent: src_path=b'/home/rabbia/To-DoList/test.log', wd=1, mask=IN_MODIFY, cookie=0, name=test.log>
2021-08-03 16:38:05,507:DEBUG:in-event <InotifyEvent: src_path=b'/home/rabbia/To-DoList/test.log', wd=1, mask=IN_MODIFY, cookie=0, name=test.log>
2021-08-03 16:38:05,507:DEBUG:in-event <InotifyEvent: src_path=b'/home/rabbia/To-DoList/test.log', wd=1, mask=IN_MODIFY, cookie=0, name=test.log>
2021-08-03 16:38:05,508:DEBUG:in-event <InotifyEvent: src_path=b'/home/rabbia/To-DoList/test.log', wd=1, mask=IN_MODIFY, cookie=0, name=test.log>
2021-08-03 16:38:05,508:DEBUG:in-event <InotifyEvent: src_path=b'/home/rabbia/To-DoList/test.log', wd=1, mask=IN_MODIFY, cookie=0, name=test.log>
2021-08-03 16:38:05,508:DEBUG:in-event <InotifyEvent: src_path=b'/home/rabbia/To-DoList/test.log', wd=1, mask=IN_MODIFY, cookie=0, name=test.log>
2021-08-03 16:38:05,509:DEBUG:in-event <InotifyEvent: src_path=b'/home/rabbia/To-DoList/test.log', wd=1, mask=IN_MODIFY, cookie=0, name=test.log>
2021-08-03 16:38:05,509:DEBUG:in-event <InotifyEvent: src_path=b'/home/rabbia/To-DoList/test.log', wd=1, mask=IN_MODIFY, cookie=0, name=test.log>
2021-08-03 16:38:05,510:DEBUG:in-event <InotifyEvent: src_path=b'/home/rabbia/To-DoList/test.log', wd=1, mask=IN_MODIFY, cookie=0, name=test.log>
2021-08-03 16:38:05,510:DEBUG:in-event <InotifyEvent: src_path=b'/home/rabbia/To-DoList/test.log', wd=1, mask=IN_MODIFY, cookie=0, name=test.log>
2021-08-03 16:38:05,510:DEBUG:in-event <InotifyEvent: src_path=b'/home/rabbia/To-DoList/test.log', wd=1, mask=IN_MODIFY, cookie=0, name=test.log>
2021-08-03 16:38:05,510:DEBUG:in-event <InotifyEvent: src_path=b'/home/rabbia/To-DoList/test.log', wd=1, mask=IN_MODIFY, cookie=0, name=test.log>
2021-08-03 16:38:05,511:DEBUG:in-event <InotifyEvent: src_path=b'/home/rabbia/To-DoList/test.log', wd=1, mask=IN_MODIFY, cookie=0, name=test.log>
2021-08-03 16:38:05,511:DEBUG:in-event <InotifyEvent: src_path=b'/home/rabbia/To-DoList/test.log', wd=1, mask=IN_MODIFY, cookie=0, name=test.log>
2021-08-03 16:38:05,511:DEBUG:in-event <InotifyEvent: src_path=b'/home/rabbia/To-DoList/test.log', wd=1, mask=IN_MODIFY, cookie=0, name=test.log>
2021-08-03 16:38:05,512:DEBUG:in-event <InotifyEvent: src_path=b'/home/rabbia/To-DoList/test.log', wd=1, mask=IN_MODIFY, cookie=0, name=test.log>
2021-08-03 16:38:05,512:DEBUG:in-event <InotifyEvent: src_path=b'/home/rabbia/To-DoList/test.log', wd=1, mask=IN_MODIFY, cookie=0, name=test.log>
2021-08-03 16:38:05,512:DEBUG:in-event <InotifyEvent: src_path=b'/home/rabbia/To-DoList/test.log', wd=1, mask=IN_MODIFY, cookie=0, name=test.log>
2021-08-03 16:38:05,512:DEBUG:in-event <InotifyEvent: src_path=b'/home/rabbia/To-DoList/test.log', wd=1, mask=IN_MODIFY, cookie=0, name=test.log>
2021-08-03 16:38:05,512:DEBUG:in-event <InotifyEvent: src_path=b'/home/rabbia/To-DoList/test.log', wd=1, mask=IN_MODIFY, cookie=0, name=test.log>
2021-08-03 16:38:05,513:DEBUG:in-event <InotifyEvent: src_path=b'/home/rabbia/To-DoList/test.log', wd=1, mask=IN_MODIFY, cookie=0, name=test.log>
2021-08-03 16:38:05,513:DEBUG:in-event <InotifyEvent: src_path=b'/home/rabbia/To-DoList/test.log', wd=1, mask=IN_MODIFY, cookie=0, name=test.log>
2021-08-03 16:38:05,513:DEBUG:in-event <InotifyEvent: src_path=b'/home/rabbia/To-DoList/test.log', wd=1, mask=IN_MODIFY, cookie=0, name=test.log>
2021-08-03 16:38:05,513:DEBUG:in-event <InotifyEvent: src_path=b'/home/rabbia/To-DoList/test.log', wd=1, mask=IN_MODIFY, cookie=0, name=test.log>
2021-08-03 16:38:05,514:DEBUG:in-event <InotifyEvent: src_path=b'/home/rabbia/To-DoList/test.log', wd=1, mask=IN_MODIFY, cookie=0, name=test.log>
2021-08-03 16:38:05,514:DEBUG:in-event <InotifyEvent: src_path=b'/home/rabbia/To-DoList/test.log', wd=1, mask=IN_MODIFY, cookie=0, name=test.log>
2021-08-03 16:38:05,514:DEBUG:in-event <InotifyEvent: src_path=b'/home/rabbia/To-DoList/test.log', wd=1, mask=IN_MODIFY, cookie=0, name=test.log>
2021-08-03 16:38:05,514:DEBUG:in-event <InotifyEvent: src_path=b'/home/rabbia/To-DoList/test.log', wd=1, mask=IN_MODIFY, cookie=0, name=test.log>
2021-08-03 16:38:05,514:DEBUG:in-event <InotifyEvent: src_path=b'/home/rabbia/To-DoList/test.log', wd=1, mask=IN_MODIFY, cookie=0, name=test.log>
2021-08-03 16:38:05,515:DEBUG:in-event <InotifyEvent: src_path=b'/home/rabbia/To-DoList/test.log', wd=1, mask=IN_MODIFY, cookie=0, name=test.log>
2021-08-03 16:38:05,515:DEBUG:in-event <InotifyEvent: src_path=b'/home/rabbia/To-DoList/test.log', wd=1, mask=IN_MODIFY, cookie=0, name=test.log>
2021-08-03 16:38:05,515:DEBUG:in-event <InotifyEvent: src_path=b'/home/rabbia/To-DoList/test.log', wd=1, mask=IN_MODIFY, cookie=0, name=test.log>
2021-08-03 16:38:05,515:DEBUG:in-event <InotifyEvent: src_path=b'/home/rabbia/To-DoList/test.log', wd=1, mask=IN_MODIFY, cookie=0, name=test.log>
2021-08-03 16:38:05,515:DEBUG:in-event <InotifyEvent: src_path=b'/home/rabbia/To-DoList/test.log', wd=1, mask=IN_MODIFY, cookie=0, name=test.log>
2021-08-03 16:38:05,516:DEBUG:in-event <InotifyEvent: src_path=b'/home/rabbia/To-DoList/test.log', wd=1, mask=IN_MODIFY, cookie=0, name=test.log>
2021-08-03 16:38:05,516:DEBUG:in-event <InotifyEvent: src_path=b'/home/rabbia/To-DoList/test.log', wd=1, mask=IN_MODIFY, cookie=0, name=test.log>
2021-08-03 16:38:05,516:DEBUG:in-event <InotifyEvent: src_path=b'/home/rabbia/To-DoList/test.log', wd=1, mask=IN_MODIFY, cookie=0, name=test.log>
2021-08-03 16:38:05,516:DEBUG:in-event <InotifyEvent: src_path=b'/home/rabbia/To-DoList/test.log', wd=1, mask=IN_MODIFY, cookie=0, name=test.log>
2021-08-03 16:38:05,516:DEBUG:in-event <InotifyEvent: src_path=b'/home/rabbia/To-DoList/test.log', wd=1, mask=IN_MODIFY, cookie=0, name=test.log>
2021-08-03 16:38:05,517:DEBUG:in-event <InotifyEvent: src_path=b'/home/rabbia/To-DoList/test.log', wd=1, mask=IN_MODIFY, cookie=0, name=test.log>
2021-08-03 16:38:05,517:DEBUG:in-event <InotifyEvent: src_path=b'/home/rabbia/To-DoList/test.log', wd=1, mask=IN_MODIFY, cookie=0, name=test.log>
2021-08-03 16:38:05,517:DEBUG:in-event <InotifyEvent: src_path=b'/home/rabbia/To-DoList/test.log', wd=1, mask=IN_MODIFY, cookie=0, name=test.log>
2021-08-03 16:38:05,517:DEBUG:in-event <InotifyEvent: src_path=b'/home/rabbia/To-DoList/test.log', wd=1, mask=IN_MODIFY, cookie=0, name=test.log>
2021-08-03 16:38:05,518:DEBUG:in-event <InotifyEvent: src_path=b'/home/rabbia/To-DoList/test.log', wd=1, mask=IN_MODIFY, cookie=0, name=test.log>
2021-08-03 16:38:05,518:DEBUG:in-event <InotifyEvent: src_path=b'/home/rabbia/To-DoList/test.log', wd=1, mask=IN_MODIFY, cookie=0, name=test.log>
2021-08-03 16:38:05,518:DEBUG:in-event <InotifyEvent: src_path=b'/home/rabbia/To-DoList/test.log', wd=1, mask=IN_MODIFY, cookie=0, name=test.log>
2021-08-03 16:38:05,518:DEBUG:in-event <InotifyEvent: src_path=b'/home/rabbia/To-DoList/test.log', wd=1, mask=IN_MODIFY, cookie=0, name=test.log>
2021-08-03 16:38:05,518:DEBUG:in-event <InotifyEvent: src_path=b'/home/rabbia/To-DoList/test.log', wd=1, mask=IN_MODIFY, cookie=0, name=test.log>
2021-08-03 16:38:05,518:DEBUG:in-event <InotifyEvent: src_path=b'/home/rabbia/To-DoList/test.log', wd=1, mask=IN_MODIFY, cookie=0, name=test.log>
2021-08-03 16:38:05,519:DEBUG:in-event <InotifyEvent: src_path=b'/home/rabbia/To-DoList/test.log', wd=1, mask=IN_MODIFY, cookie=0, name=test.log>
2021-08-03 16:38:05,519:DEBUG:in-event <InotifyEvent: src_path=b'/home/rabbia/To-DoList/test.log', wd=1, mask=IN_MODIFY, cookie=0, name=test.log>
2021-08-03 16:38:05,519:DEBUG:in-event <InotifyEvent: src_path=b'/home/rabbia/To-DoList/test.log', wd=1, mask=IN_MODIFY, cookie=0, name=test.log>
2021-08-03 16:38:05,519:DEBUG:in-event <InotifyEvent: src_path=b'/home/rabbia/To-DoList/test.log', wd=1, mask=IN_MODIFY, cookie=0, name=test.log>
2021-08-03 16:38:05,519:DEBUG:in-event <InotifyEvent: src_path=b'/home/rabbia/To-DoList/test.log', wd=1, mask=IN_MODIFY, cookie=0, name=test.log>
2021-08-03 16:38:05,519:DEBUG:in-event <InotifyEvent: src_path=b'/home/rabbia/To-DoList/test.log', wd=1, mask=IN_MODIFY, cookie=0, name=test.log>
2021-08-03 16:38:05,519:DEBUG:in-event <InotifyEvent: src_path=b'/home/rabbia/To-DoList/test.log', wd=1, mask=IN_MODIFY, cookie=0, name=test.log>
2021-08-03 16:38:05,520:DEBUG:in-event <InotifyEvent: src_path=b'/home/rabbia/To-DoList/test.log', wd=1, mask=IN_MODIFY, cookie=0, name=test.log>
2021-08-03 16:38:05,520:DEBUG:in-event <InotifyEvent: src_path=b'/home/rabbia/To-DoList/test.log', wd=1, mask=IN_MODIFY, cookie=0, name=test.log>
2021-08-03 16:38:05,520:DEBUG:in-event <InotifyEvent: src_path=b'/home/rabbia/To-DoList/test.log', wd=1, mask=IN_MODIFY, cookie=0, name=test.log>
2021-08-03 16:38:05,520:DEBUG:in-event <InotifyEvent: src_path=b'/home/rabbia/To-DoList/test.log', wd=1, mask=IN_MODIFY, cookie=0, name=test.log>
2021-08-03 16:38:05,520:DEBUG:in-event <InotifyEvent: src_path=b'/home/rabbia/To-DoList/test.log', wd=1, mask=IN_MODIFY, cookie=0, name=test.log>
2021-08-03 16:38:05,521:DEBUG:in-event <InotifyEvent: src_path=b'/home/rabbia/To-DoList/test.log', wd=1, mask=IN_MODIFY, cookie=0, name=test.log>
2021-08-03 16:38:05,521:DEBUG:in-event <InotifyEvent: src_path=b'/home/rabbia/To-DoList/test.log', wd=1, mask=IN_MODIFY, cookie=0, name=test.log>
2021-08-03 16:38:05,521:DEBUG:in-event <InotifyEvent: src_path=b'/home/rabbia/To-DoList/test.log', wd=1, mask=IN_MODIFY, cookie=0, name=test.log>
2021-08-03 16:38:05,521:DEBUG:in-event <InotifyEvent: src_path=b'/home/rabbia/To-DoList/test.log', wd=1, mask=IN_MODIFY, cookie=0, name=test.log>
2021-08-03 16:38:05,521:DEBUG:in-event <InotifyEvent: src_path=b'/home/rabbia/To-DoList/test.log', wd=1, mask=IN_MODIFY, cookie=0, name=test.log>
2021-08-03 16:38:05,521:DEBUG:in-event <InotifyEvent: src_path=b'/home/rabbia/To-DoList/test.log', wd=1, mask=IN_MODIFY, cookie=0, name=test.log>
2021-08-03 16:38:05,522:DEBUG:in-event <InotifyEvent: src_path=b'/home/rabbia/To-DoList/test.log', wd=1, mask=IN_MODIFY, cookie=0, name=test.log>
2021-08-03 16:38:05,522:DEBUG:in-event <InotifyEvent: src_path=b'/home/rabbia/To-DoList/test.log', wd=1, mask=IN_MODIFY, cookie=0, name=test.log>
2021-08-03 16:38:05,522:DEBUG:in-event <InotifyEvent: src_path=b'/home/rabbia/To-DoList/test.log', wd=1, mask=IN_MODIFY, cookie=0, name=test.log>
2021-08-03 16:38:05,522:DEBUG:in-event <InotifyEvent: src_path=b'/home/rabbia/To-DoList/test.log', wd=1, mask=IN_MODIFY, cookie=0, name=test.log>
2021-08-03 16:38:05,522:DEBUG:in-event <InotifyEvent: src_path=b'/home/rabbia/To-DoList/test.log', wd=1, mask=IN_MODIFY, cookie=0, name=test.log>
2021-08-03 16:38:05,522:DEBUG:in-event <InotifyEvent: src_path=b'/home/rabbia/To-DoList/test.log', wd=1, mask=IN_MODIFY, cookie=0, name=test.log>
2021-08-03 16:38:05,523:DEBUG:in-event <InotifyEvent: src_path=b'/home/rabbia/To-DoList/test.log', wd=1, mask=IN_MODIFY, cookie=0, name=test.log>
2021-08-03 16:38:05,523:DEBUG:in-event <InotifyEvent: src_path=b'/home/rabbia/To-DoList/test.log', wd=1, mask=IN_MODIFY, cookie=0, name=test.log>
2021-08-03 16:38:05,523:DEBUG:in-event <InotifyEvent: src_path=b'/home/rabbia/To-DoList/test.log', wd=1, mask=IN_MODIFY, cookie=0, name=test.log>
2021-08-03 16:38:05,523:DEBUG:in-event <InotifyEvent: src_path=b'/home/rabbia/To-DoList/test.log', wd=1, mask=IN_MODIFY, cookie=0, name=test.log>
2021-08-03 16:38:05,523:DEBUG:in-event <InotifyEvent: src_path=b'/home/rabbia/To-DoList/test.log', wd=1, mask=IN_MODIFY, cookie=0, name=test.log>
2021-08-03 16:38:05,524:DEBUG:in-event <InotifyEvent: src_path=b'/home/rabbia/To-DoList/test.log', wd=1, mask=IN_MODIFY, cookie=0, name=test.log>
2021-08-03 16:38:05,524:DEBUG:in-event <InotifyEvent: src_path=b'/home/rabbia/To-DoList/test.log', wd=1, mask=IN_MODIFY, cookie=0, name=test.log>
2021-08-03 16:38:05,524:DEBUG:in-event <InotifyEvent: src_path=b'/home/rabbia/To-DoList/test.log', wd=1, mask=IN_MODIFY, cookie=0, name=test.log>
2021-08-03 16:38:05,525:DEBUG:in-event <InotifyEvent: src_path=b'/home/rabbia/To-DoList/test.log', wd=1, mask=IN_MODIFY, cookie=0, name=test.log>
2021-08-03 16:38:05,525:DEBUG:in-event <InotifyEvent: src_path=b'/home/rabbia/To-DoList/test.log', wd=1, mask=IN_MODIFY, cookie=0, name=test.log>
2021-08-03 16:38:05,526:DEBUG:in-event <InotifyEvent: src_path=b'/home/rabbia/To-DoList/test.log', wd=1, mask=IN_MODIFY, cookie=0, name=test.log>
2021-08-03 16:38:05,526:DEBUG:in-event <InotifyEvent: src_path=b'/home/rabbia/To-DoList/test.log', wd=1, mask=IN_MODIFY, cookie=0, name=test.log>
2021-08-03 16:38:05,526:DEBUG:in-event <InotifyEvent: src_path=b'/home/rabbia/To-DoList/test.log', wd=1, mask=IN_MODIFY, cookie=0, name=test.log>
2021-08-03 16:38:05,526:DEBUG:in-event <InotifyEvent: src_path=b'/home/rabbia/To-DoList/test.log', wd=1, mask=IN_MODIFY, cookie=0, name=test.log>
2021-08-03 16:38:05,526:DEBUG:in-event <InotifyEvent: src_path=b'/home/rabbia/To-DoList/test.log', wd=1, mask=IN_MODIFY, cookie=0, name=test.log>
2021-08-03 16:38:05,526:DEBUG:in-event <InotifyEvent: src_path=b'/home/rabbia/To-DoList/test.log', wd=1, mask=IN_MODIFY, cookie=0, name=test.log>
2021-08-03 16:38:05,527:DEBUG:in-event <InotifyEvent: src_path=b'/home/rabbia/To-DoList/test.log', wd=1, mask=IN_MODIFY, cookie=0, name=test.log>
2021-08-03 16:38:05,527:DEBUG:in-event <InotifyEvent: src_path=b'/home/rabbia/To-DoList/test.log', wd=1, mask=IN_MODIFY, cookie=0, name=test.log>
2021-08-03 16:38:05,527:DEBUG:in-event <InotifyEvent: src_path=b'/home/rabbia/To-DoList/test.log', wd=1, mask=IN_MODIFY, cookie=0, name=test.log>
2021-08-03 16:38:05,527:DEBUG:in-event <InotifyEvent: src_path=b'/home/rabbia/To-DoList/test.log', wd=1, mask=IN_MODIFY, cookie=0, name=test.log>
2021-08-03 16:38:05,528:DEBUG:in-event <InotifyEvent: src_path=b'/home/rabbia/To-DoList/test.log', wd=1, mask=IN_MODIFY, cookie=0, name=test.log>
2021-08-03 16:38:05,528:DEBUG:in-event <InotifyEvent: src_path=b'/home/rabbia/To-DoList/test.log', wd=1, mask=IN_MODIFY, cookie=0, name=test.log>
2021-08-03 16:38:05,528:DEBUG:in-event <InotifyEvent: src_path=b'/home/rabbia/To-DoList/test.log', wd=1, mask=IN_MODIFY, cookie=0, name=test.log>
2021-08-03 16:38:05,529:DEBUG:in-event <InotifyEvent: src_path=b'/home/rabbia/To-DoList/test.log', wd=1, mask=IN_MODIFY, cookie=0, name=test.log>
2021-08-03 16:38:05,529:DEBUG:in-event <InotifyEvent: src_path=b'/home/rabbia/To-DoList/test.log', wd=1, mask=IN_MODIFY, cookie=0, name=test.log>
2021-08-03 16:38:05,529:DEBUG:in-event <InotifyEvent: src_path=b'/home/rabbia/To-DoList/test.log', wd=1, mask=IN_MODIFY, cookie=0, name=test.log>
2021-08-03 16:38:05,530:DEBUG:in-event <InotifyEvent: src_path=b'/home/rabbia/To-DoList/test.log', wd=1, mask=IN_MODIFY, cookie=0, name=test.log>
2021-08-03 16:38:05,530:DEBUG:in-event <InotifyEvent: src_path=b'/home/rabbia/To-DoList/test.log', wd=1, mask=IN_MODIFY, cookie=0, name=test.log>
2021-08-03 16:38:05,530:DEBUG:in-event <InotifyEvent: src_path=b'/home/rabbia/To-DoList/test.log', wd=1, mask=IN_MODIFY, cookie=0, name=test.log>
2021-08-03 16:38:05,531:DEBUG:in-event <InotifyEvent: src_path=b'/home/rabbia/To-DoList/test.log', wd=1, mask=IN_MODIFY, cookie=0, name=test.log>
2021-08-03 16:38:05,531:DEBUG:in-event <InotifyEvent: src_path=b'/home/rabbia/To-DoList/test.log', wd=1, mask=IN_MODIFY, cookie=0, name=test.log>
2021-08-03 16:38:05,531:DEBUG:in-event <InotifyEvent: src_path=b'/home/rabbia/To-DoList/test.log', wd=1, mask=IN_MODIFY, cookie=0, name=test.log>
2021-08-03 16:38:05,532:DEBUG:in-event <InotifyEvent: src_path=b'/home/rabbia/To-DoList/test.log', wd=1, mask=IN_MODIFY, cookie=0, name=test.log>
2021-08-03 16:38:05,532:DEBUG:in-event <InotifyEvent: src_path=b'/home/rabbia/To-DoList/test.log', wd=1, mask=IN_MODIFY, cookie=0, name=test.log>
2021-08-03 16:38:05,532:DEBUG:in-event <InotifyEvent: src_path=b'/home/rabbia/To-DoList/test.log', wd=1, mask=IN_MODIFY, cookie=0, name=test.log>
2021-08-03 16:38:05,533:DEBUG:in-event <InotifyEvent: src_path=b'/home/rabbia/To-DoList/test.log', wd=1, mask=IN_MODIFY, cookie=0, name=test.log>
2021-08-03 16:38:05,533:DEBUG:in-event <InotifyEvent: src_path=b'/home/rabbia/To-DoList/test.log', wd=1, mask=IN_MODIFY, cookie=0, name=test.log>
2021-08-03 16:38:05,533:DEBUG:in-event <InotifyEvent: src_path=b'/home/rabbia/To-DoList/test.log', wd=1, mask=IN_MODIFY, cookie=0, name=test.log>
2021-08-03 16:38:05,534:DEBUG:in-event <InotifyEvent: src_path=b'/home/rabbia/To-DoList/test.log', wd=1, mask=IN_MODIFY, cookie=0, name=test.log>
2021-08-03 16:38:05,534:DEBUG:in-event <InotifyEvent: src_path=b'/home/rabbia/To-DoList/test.log', wd=1, mask=IN_MODIFY, cookie=0, name=test.log>
2021-08-03 16:38:05,534:DEBUG:in-event <InotifyEvent: src_path=b'/home/rabbia/To-DoList/test.log', wd=1, mask=IN_MODIFY, cookie=0, name=test.log>
2021-08-03 16:38:05,534:DEBUG:in-event <InotifyEvent: src_path=b'/home/rabbia/To-DoList/test.log', wd=1, mask=IN_MODIFY, cookie=0, name=test.log>
2021-08-03 16:38:05,535:DEBUG:in-event <InotifyEvent: src_path=b'/home/rabbia/To-DoList/test.log', wd=1, mask=IN_MODIFY, cookie=0, name=test.log>
2021-08-03 16:38:05,535:DEBUG:in-event <InotifyEvent: src_path=b'/home/rabbia/To-DoList/test.log', wd=1, mask=IN_MODIFY, cookie=0, name=test.log>
2021-08-03 16:38:05,535:DEBUG:in-event <InotifyEvent: src_path=b'/home/rabbia/To-DoList/test.log', wd=1, mask=IN_MODIFY, cookie=0, name=test.log>
2021-08-03 16:38:05,535:DEBUG:in-event <InotifyEvent: src_path=b'/home/rabbia/To-DoList/test.log', wd=1, mask=IN_MODIFY, cookie=0, name=test.log>
2021-08-03 16:38:05,535:DEBUG:in-event <InotifyEvent: src_path=b'/home/rabbia/To-DoList/test.log', wd=1, mask=IN_MODIFY, cookie=0, name=test.log>
2021-08-03 16:38:05,536:DEBUG:in-event <InotifyEvent: src_path=b'/home/rabbia/To-DoList/test.log', wd=1, mask=IN_MODIFY, cookie=0, name=test.log>
2021-08-03 16:38:05,536:DEBUG:in-event <InotifyEvent: src_path=b'/home/rabbia/To-DoList/test.log', wd=1, mask=IN_MODIFY, cookie=0, name=test.log>
2021-08-03 16:38:05,536:DEBUG:in-event <InotifyEvent: src_path=b'/home/rabbia/To-DoList/test.log', wd=1, mask=IN_MODIFY, cookie=0, name=test.log>
2021-08-03 16:38:05,536:DEBUG:in-event <InotifyEvent: src_path=b'/home/rabbia/To-DoList/test.log', wd=1, mask=IN_MODIFY, cookie=0, name=test.log>
2021-08-03 16:38:05,536:DEBUG:in-event <InotifyEvent: src_path=b'/home/rabbia/To-DoList/test.log', wd=1, mask=IN_MODIFY, cookie=0, name=test.log>
2021-08-03 16:38:05,536:DEBUG:in-event <InotifyEvent: src_path=b'/home/rabbia/To-DoList/test.log', wd=1, mask=IN_MODIFY, cookie=0, name=test.log>
2021-08-03 16:38:05,537:DEBUG:in-event <InotifyEvent: src_path=b'/home/rabbia/To-DoList/test.log', wd=1, mask=IN_MODIFY, cookie=0, name=test.log>
2021-08-03 16:38:05,537:DEBUG:in-event <InotifyEvent: src_path=b'/home/rabbia/To-DoList/test.log', wd=1, mask=IN_MODIFY, cookie=0, name=test.log>
2021-08-03 16:38:05,537:DEBUG:in-event <InotifyEvent: src_path=b'/home/rabbia/To-DoList/test.log', wd=1, mask=IN_MODIFY, cookie=0, name=test.log>
2021-08-03 16:38:05,537:DEBUG:in-event <InotifyEvent: src_path=b'/home/rabbia/To-DoList/test.log', wd=1, mask=IN_MODIFY, cookie=0, name=test.log>
2021-08-03 16:38:05,537:DEBUG:in-event <InotifyEvent: src_path=b'/home/rabbia/To-DoList/test.log', wd=1, mask=IN_MODIFY, cookie=0, name=test.log>
2021-08-03 16:38:05,538:DEBUG:in-event <InotifyEvent: src_path=b'/home/rabbia/To-DoList/test.log', wd=1, mask=IN_MODIFY, cookie=0, name=test.log>
2021-08-03 16:38:05,538:DEBUG:in-event <InotifyEvent: src_path=b'/home/rabbia/To-DoList/test.log', wd=1, mask=IN_MODIFY, cookie=0, name=test.log>
2021-08-03 16:38:05,538:DEBUG:in-event <InotifyEvent: src_path=b'/home/rabbia/To-DoList/test.log', wd=1, mask=IN_MODIFY, cookie=0, name=test.log>
2021-08-03 16:38:05,538:DEBUG:in-event <InotifyEvent: src_path=b'/home/rabbia/To-DoList/test.log', wd=1, mask=IN_MODIFY, cookie=0, name=test.log>
2021-08-03 16:38:05,538:DEBUG:in-event <InotifyEvent: src_path=b'/home/rabbia/To-DoList/test.log', wd=1, mask=IN_MODIFY, cookie=0, name=test.log>
2021-08-03 16:38:05,539:DEBUG:in-event <InotifyEvent: src_path=b'/home/rabbia/To-DoList/test.log', wd=1, mask=IN_MODIFY, cookie=0, name=test.log>
2021-08-03 16:38:05,539:DEBUG:in-event <InotifyEvent: src_path=b'/home/rabbia/To-DoList/test.log', wd=1, mask=IN_MODIFY, cookie=0, name=test.log>
2021-08-03 16:38:05,539:DEBUG:in-event <InotifyEvent: src_path=b'/home/rabbia/To-DoList/test.log', wd=1, mask=IN_MODIFY, cookie=0, name=test.log>
2021-08-03 16:38:05,539:DEBUG:in-event <InotifyEvent: src_path=b'/home/rabbia/To-DoList/test.log', wd=1, mask=IN_MODIFY, cookie=0, name=test.log>
2021-08-03 16:38:05,540:DEBUG:in-event <InotifyEvent: src_path=b'/home/rabbia/To-DoList/test.log', wd=1, mask=IN_MODIFY, cookie=0, name=test.log>
2021-08-03 16:38:05,540:DEBUG:in-event <InotifyEvent: src_path=b'/home/rabbia/To-DoList/test.log', wd=1, mask=IN_MODIFY, cookie=0, name=test.log>
2021-08-03 16:38:05,540:DEBUG:in-event <InotifyEvent: src_path=b'/home/rabbia/To-DoList/test.log', wd=1, mask=IN_MODIFY, cookie=0, name=test.log>
2021-08-03 16:38:05,540:DEBUG:in-event <InotifyEvent: src_path=b'/home/rabbia/To-DoList/test.log', wd=1, mask=IN_MODIFY, cookie=0, name=test.log>
2021-08-03 16:38:05,540:DEBUG:in-event <InotifyEvent: src_path=b'/home/rabbia/To-DoList/test.log', wd=1, mask=IN_MODIFY, cookie=0, name=test.log>
2021-08-03 16:38:05,541:DEBUG:in-event <InotifyEvent: src_path=b'/home/rabbia/To-DoList/test.log', wd=1, mask=IN_MODIFY, cookie=0, name=test.log>
2021-08-03 16:38:05,541:DEBUG:in-event <InotifyEvent: src_path=b'/home/rabbia/To-DoList/test.log', wd=1, mask=IN_MODIFY, cookie=0, name=test.log>
2021-08-03 16:38:05,542:DEBUG:in-event <InotifyEvent: src_path=b'/home/rabbia/To-DoList/test.log', wd=1, mask=IN_MODIFY, cookie=0, name=test.log>
2021-08-03 16:38:05,542:DEBUG:in-event <InotifyEvent: src_path=b'/home/rabbia/To-DoList/test.log', wd=1, mask=IN_MODIFY, cookie=0, name=test.log>
2021-08-03 16:38:05,542:DEBUG:in-event <InotifyEvent: src_path=b'/home/rabbia/To-DoList/test.log', wd=1, mask=IN_MODIFY, cookie=0, name=test.log>
2021-08-03 16:38:05,543:DEBUG:in-event <InotifyEvent: src_path=b'/home/rabbia/To-DoList/test.log', wd=1, mask=IN_MODIFY, cookie=0, name=test.log>
2021-08-03 16:38:05,543:DEBUG:in-event <InotifyEvent: src_path=b'/home/rabbia/To-DoList/test.log', wd=1, mask=IN_MODIFY, cookie=0, name=test.log>
2021-08-03 16:38:05,543:DEBUG:in-event <InotifyEvent: src_path=b'/home/rabbia/To-DoList/test.log', wd=1, mask=IN_MODIFY, cookie=0, name=test.log>
2021-08-03 16:38:05,543:DEBUG:in-event <InotifyEvent: src_path=b'/home/rabbia/To-DoList/test.log', wd=1, mask=IN_MODIFY, cookie=0, name=test.log>
2021-08-03 16:38:05,544:DEBUG:in-event <InotifyEvent: src_path=b'/home/rabbia/To-DoList/test.log', wd=1, mask=IN_MODIFY, cookie=0, name=test.log>
2021-08-03 16:38:05,544:DEBUG:in-event <InotifyEvent: src_path=b'/home/rabbia/To-DoList/test.log', wd=1, mask=IN_MODIFY, cookie=0, name=test.log>
2021-08-03 16:38:05,545:DEBUG:in-event <InotifyEvent: src_path=b'/home/rabbia/To-DoList/test.log', wd=1, mask=IN_MODIFY, cookie=0, name=test.log>
2021-08-03 16:38:05,545:DEBUG:in-event <InotifyEvent: src_path=b'/home/rabbia/To-DoList/test.log', wd=1, mask=IN_MODIFY, cookie=0, name=test.log>
2021-08-03 16:38:05,546:DEBUG:in-event <InotifyEvent: src_path=b'/home/rabbia/To-DoList/test.log', wd=1, mask=IN_MODIFY, cookie=0, name=test.log>
2021-08-03 16:38:05,546:DEBUG:in-event <InotifyEvent: src_path=b'/home/rabbia/To-DoList/test.log', wd=1, mask=IN_MODIFY, cookie=0, name=test.log>
2021-08-03 16:38:05,547:DEBUG:in-event <InotifyEvent: src_path=b'/home/rabbia/To-DoList/test.log', wd=1, mask=IN_MODIFY, cookie=0, name=test.log>
2021-08-03 16:38:05,547:DEBUG:in-event <InotifyEvent: src_path=b'/home/rabbia/To-DoList/test.log', wd=1, mask=IN_MODIFY, cookie=0, name=test.log>
2021-08-03 16:38:05,547:DEBUG:in-event <InotifyEvent: src_path=b'/home/rabbia/To-DoList/test.log', wd=1, mask=IN_MODIFY, cookie=0, name=test.log>
2021-08-03 16:38:05,548:DEBUG:in-event <InotifyEvent: src_path=b'/home/rabbia/To-DoList/test.log', wd=1, mask=IN_MODIFY, cookie=0, name=test.log>
2021-08-03 16:38:05,548:DEBUG:in-event <InotifyEvent: src_path=b'/home/rabbia/To-DoList/test.log', wd=1, mask=IN_MODIFY, cookie=0, name=test.log>
2021-08-03 16:38:05,548:DEBUG:in-event <InotifyEvent: src_path=b'/home/rabbia/To-DoList/test.log', wd=1, mask=IN_MODIFY, cookie=0, name=test.log>
2021-08-03 16:38:05,549:DEBUG:in-event <InotifyEvent: src_path=b'/home/rabbia/To-DoList/test.log', wd=1, mask=IN_MODIFY, cookie=0, name=test.log>
2021-08-03 16:38:05,549:DEBUG:in-event <InotifyEvent: src_path=b'/home/rabbia/To-DoList/test.log', wd=1, mask=IN_MODIFY, cookie=0, name=test.log>
2021-08-03 16:38:05,549:DEBUG:in-event <InotifyEvent: src_path=b'/home/rabbia/To-DoList/test.log', wd=1, mask=IN_MODIFY, cookie=0, name=test.log>
2021-08-03 16:38:05,550:DEBUG:in-event <InotifyEvent: src_path=b'/home/rabbia/To-DoList/test.log', wd=1, mask=IN_MODIFY, cookie=0, name=test.log>
2021-08-03 16:38:05,550:DEBUG:in-event <InotifyEvent: src_path=b'/home/rabbia/To-DoList/test.log', wd=1, mask=IN_MODIFY, cookie=0, name=test.log>
2021-08-03 16:38:05,550:DEBUG:in-event <InotifyEvent: src_path=b'/home/rabbia/To-DoList/test.log', wd=1, mask=IN_MODIFY, cookie=0, name=test.log>
2021-08-03 16:38:05,550:DEBUG:in-event <InotifyEvent: src_path=b'/home/rabbia/To-DoList/test.log', wd=1, mask=IN_MODIFY, cookie=0, name=test.log>
2021-08-03 16:38:05,551:DEBUG:in-event <InotifyEvent: src_path=b'/home/rabbia/To-DoList/test.log', wd=1, mask=IN_MODIFY, cookie=0, name=test.log>
2021-08-03 16:38:05,551:DEBUG:in-event <InotifyEvent: src_path=b'/home/rabbia/To-DoList/test.log', wd=1, mask=IN_MODIFY, cookie=0, name=test.log>
2021-08-03 16:38:05,551:DEBUG:in-event <InotifyEvent: src_path=b'/home/rabbia/To-DoList/test.log', wd=1, mask=IN_MODIFY, cookie=0, name=test.log>
2021-08-03 16:38:05,552:DEBUG:in-event <InotifyEvent: src_path=b'/home/rabbia/To-DoList/test.log', wd=1, mask=IN_MODIFY, cookie=0, name=test.log>
2021-08-03 16:38:05,552:DEBUG:in-event <InotifyEvent: src_path=b'/home/rabbia/To-DoList/test.log', wd=1, mask=IN_MODIFY, cookie=0, name=test.log>
2021-08-03 16:38:05,552:DEBUG:in-event <InotifyEvent: src_path=b'/home/rabbia/To-DoList/test.log', wd=1, mask=IN_MODIFY, cookie=0, name=test.log>
2021-08-03 16:38:05,552:DEBUG:in-event <InotifyEvent: src_path=b'/home/rabbia/To-DoList/test.log', wd=1, mask=IN_MODIFY, cookie=0, name=test.log>
2021-08-03 16:38:05,553:DEBUG:in-event <InotifyEvent: src_path=b'/home/rabbia/To-DoList/test.log', wd=1, mask=IN_MODIFY, cookie=0, name=test.log>
2021-08-03 16:38:05,553:DEBUG:in-event <InotifyEvent: src_path=b'/home/rabbia/To-DoList/test.log', wd=1, mask=IN_MODIFY, cookie=0, name=test.log>
2021-08-03 16:38:05,553:DEBUG:in-event <InotifyEvent: src_path=b'/home/rabbia/To-DoList/test.log', wd=1, mask=IN_MODIFY, cookie=0, name=test.log>
2021-08-03 16:38:05,554:DEBUG:in-event <InotifyEvent: src_path=b'/home/rabbia/To-DoList/test.log', wd=1, mask=IN_MODIFY, cookie=0, name=test.log>
2021-08-03 16:38:05,554:DEBUG:in-event <InotifyEvent: src_path=b'/home/rabbia/To-DoList/test.log', wd=1, mask=IN_MODIFY, cookie=0, name=test.log>
2021-08-03 16:38:05,554:DEBUG:in-event <InotifyEvent: src_path=b'/home/rabbia/To-DoList/test.log', wd=1, mask=IN_MODIFY, cookie=0, name=test.log>
2021-08-03 16:38:05,555:DEBUG:in-event <InotifyEvent: src_path=b'/home/rabbia/To-DoList/test.log', wd=1, mask=IN_MODIFY, cookie=0, name=test.log>
2021-08-03 16:38:05,555:DEBUG:in-event <InotifyEvent: src_path=b'/home/rabbia/To-DoList/test.log', wd=1, mask=IN_MODIFY, cookie=0, name=test.log>
2021-08-03 16:38:05,555:DEBUG:in-event <InotifyEvent: src_path=b'/home/rabbia/To-DoList/test.log', wd=1, mask=IN_MODIFY, cookie=0, name=test.log>
2021-08-03 16:38:05,556:DEBUG:in-event <InotifyEvent: src_path=b'/home/rabbia/To-DoList/test.log', wd=1, mask=IN_MODIFY, cookie=0, name=test.log>
2021-08-03 16:38:05,556:DEBUG:in-event <InotifyEvent: src_path=b'/home/rabbia/To-DoList/test.log', wd=1, mask=IN_MODIFY, cookie=0, name=test.log>
2021-08-03 16:38:05,556:DEBUG:in-event <InotifyEvent: src_path=b'/home/rabbia/To-DoList/test.log', wd=1, mask=IN_MODIFY, cookie=0, name=test.log>
2021-08-03 16:38:05,556:DEBUG:in-event <InotifyEvent: src_path=b'/home/rabbia/To-DoList/test.log', wd=1, mask=IN_MODIFY, cookie=0, name=test.log>
2021-08-03 16:38:05,557:DEBUG:in-event <InotifyEvent: src_path=b'/home/rabbia/To-DoList/test.log', wd=1, mask=IN_MODIFY, cookie=0, name=test.log>
2021-08-03 16:38:05,557:DEBUG:in-event <InotifyEvent: src_path=b'/home/rabbia/To-DoList/test.log', wd=1, mask=IN_MODIFY, cookie=0, name=test.log>
2021-08-03 16:38:05,557:DEBUG:in-event <InotifyEvent: src_path=b'/home/rabbia/To-DoList/test.log', wd=1, mask=IN_MODIFY, cookie=0, name=test.log>
2021-08-03 16:38:05,557:DEBUG:in-event <InotifyEvent: src_path=b'/home/rabbia/To-DoList/test.log', wd=1, mask=IN_MODIFY, cookie=0, name=test.log>
2021-08-03 16:38:05,558:DEBUG:in-event <InotifyEvent: src_path=b'/home/rabbia/To-DoList/test.log', wd=1, mask=IN_MODIFY, cookie=0, name=test.log>
2021-08-03 16:38:05,558:DEBUG:in-event <InotifyEvent: src_path=b'/home/rabbia/To-DoList/test.log', wd=1, mask=IN_MODIFY, cookie=0, name=test.log>
2021-08-03 16:38:05,559:DEBUG:in-event <InotifyEvent: src_path=b'/home/rabbia/To-DoList/test.log', wd=1, mask=IN_MODIFY, cookie=0, name=test.log>
2021-08-03 16:38:05,559:DEBUG:in-event <InotifyEvent: src_path=b'/home/rabbia/To-DoList/test.log', wd=1, mask=IN_MODIFY, cookie=0, name=test.log>
2021-08-03 16:38:05,559:DEBUG:in-event <InotifyEvent: src_path=b'/home/rabbia/To-DoList/test.log', wd=1, mask=IN_MODIFY, cookie=0, name=test.log>
2021-08-03 16:38:05,560:DEBUG:in-event <InotifyEvent: src_path=b'/home/rabbia/To-DoList/test.log', wd=1, mask=IN_MODIFY, cookie=0, name=test.log>
2021-08-03 16:38:05,560:DEBUG:in-event <InotifyEvent: src_path=b'/home/rabbia/To-DoList/test.log', wd=1, mask=IN_MODIFY, cookie=0, name=test.log>
2021-08-03 16:38:05,560:DEBUG:in-event <InotifyEvent: src_path=b'/home/rabbia/To-DoList/test.log', wd=1, mask=IN_MODIFY, cookie=0, name=test.log>
2021-08-03 16:38:05,560:DEBUG:in-event <InotifyEvent: src_path=b'/home/rabbia/To-DoList/test.log', wd=1, mask=IN_MODIFY, cookie=0, name=test.log>
2021-08-03 16:38:05,560:DEBUG:in-event <InotifyEvent: src_path=b'/home/rabbia/To-DoList/test.log', wd=1, mask=IN_MODIFY, cookie=0, name=test.log>
2021-08-03 16:38:05,561:DEBUG:in-event <InotifyEvent: src_path=b'/home/rabbia/To-DoList/test.log', wd=1, mask=IN_MODIFY, cookie=0, name=test.log>
2021-08-03 16:38:05,561:DEBUG:in-event <InotifyEvent: src_path=b'/home/rabbia/To-DoList/test.log', wd=1, mask=IN_MODIFY, cookie=0, name=test.log>
2021-08-03 16:38:05,561:DEBUG:in-event <InotifyEvent: src_path=b'/home/rabbia/To-DoList/test.log', wd=1, mask=IN_MODIFY, cookie=0, name=test.log>
2021-08-03 16:38:05,561:DEBUG:in-event <InotifyEvent: src_path=b'/home/rabbia/To-DoList/test.log', wd=1, mask=IN_MODIFY, cookie=0, name=test.log>
2021-08-03 16:38:05,561:DEBUG:in-event <InotifyEvent: src_path=b'/home/rabbia/To-DoList/test.log', wd=1, mask=IN_MODIFY, cookie=0, name=test.log>
2021-08-03 16:38:05,561:DEBUG:in-event <InotifyEvent: src_path=b'/home/rabbia/To-DoList/test.log', wd=1, mask=IN_MODIFY, cookie=0, name=test.log>
2021-08-03 16:38:05,561:DEBUG:in-event <InotifyEvent: src_path=b'/home/rabbia/To-DoList/test.log', wd=1, mask=IN_MODIFY, cookie=0, name=test.log>
2021-08-03 16:38:05,562:DEBUG:in-event <InotifyEvent: src_path=b'/home/rabbia/To-DoList/test.log', wd=1, mask=IN_MODIFY, cookie=0, name=test.log>
2021-08-03 16:38:05,562:DEBUG:in-event <InotifyEvent: src_path=b'/home/rabbia/To-DoList/test.log', wd=1, mask=IN_MODIFY, cookie=0, name=test.log>
2021-08-03 16:38:05,562:DEBUG:in-event <InotifyEvent: src_path=b'/home/rabbia/To-DoList/test.log', wd=1, mask=IN_MODIFY, cookie=0, name=test.log>
2021-08-03 16:38:05,562:DEBUG:in-event <InotifyEvent: src_path=b'/home/rabbia/To-DoList/test.log', wd=1, mask=IN_MODIFY, cookie=0, name=test.log>
2021-08-03 16:38:05,563:DEBUG:in-event <InotifyEvent: src_path=b'/home/rabbia/To-DoList/test.log', wd=1, mask=IN_MODIFY, cookie=0, name=test.log>
2021-08-03 16:38:05,563:DEBUG:in-event <InotifyEvent: src_path=b'/home/rabbia/To-DoList/test.log', wd=1, mask=IN_MODIFY, cookie=0, name=test.log>
2021-08-03 16:38:05,563:DEBUG:in-event <InotifyEvent: src_path=b'/home/rabbia/To-DoList/test.log', wd=1, mask=IN_MODIFY, cookie=0, name=test.log>
2021-08-03 16:38:05,563:DEBUG:in-event <InotifyEvent: src_path=b'/home/rabbia/To-DoList/test.log', wd=1, mask=IN_MODIFY, cookie=0, name=test.log>
2021-08-03 16:38:05,563:DEBUG:in-event <InotifyEvent: src_path=b'/home/rabbia/To-DoList/test.log', wd=1, mask=IN_MODIFY, cookie=0, name=test.log>
2021-08-03 16:38:05,563:DEBUG:in-event <InotifyEvent: src_path=b'/home/rabbia/To-DoList/test.log', wd=1, mask=IN_MODIFY, cookie=0, name=test.log>
2021-08-03 16:38:05,563:DEBUG:in-event <InotifyEvent: src_path=b'/home/rabbia/To-DoList/test.log', wd=1, mask=IN_MODIFY, cookie=0, name=test.log>
2021-08-03 16:38:05,564:DEBUG:in-event <InotifyEvent: src_path=b'/home/rabbia/To-DoList/test.log', wd=1, mask=IN_MODIFY, cookie=0, name=test.log>
2021-08-03 16:38:05,564:DEBUG:in-event <InotifyEvent: src_path=b'/home/rabbia/To-DoList/test.log', wd=1, mask=IN_MODIFY, cookie=0, name=test.log>
2021-08-03 16:38:05,564:DEBUG:in-event <InotifyEvent: src_path=b'/home/rabbia/To-DoList/test.log', wd=1, mask=IN_MODIFY, cookie=0, name=test.log>
2021-08-03 16:38:05,564:DEBUG:in-event <InotifyEvent: src_path=b'/home/rabbia/To-DoList/test.log', wd=1, mask=IN_MODIFY, cookie=0, name=test.log>
2021-08-03 16:38:05,564:DEBUG:in-event <InotifyEvent: src_path=b'/home/rabbia/To-DoList/test.log', wd=1, mask=IN_MODIFY, cookie=0, name=test.log>
2021-08-03 16:38:05,564:DEBUG:in-event <InotifyEvent: src_path=b'/home/rabbia/To-DoList/test.log', wd=1, mask=IN_MODIFY, cookie=0, name=test.log>
2021-08-03 16:38:05,564:DEBUG:in-event <InotifyEvent: src_path=b'/home/rabbia/To-DoList/test.log', wd=1, mask=IN_MODIFY, cookie=0, name=test.log>
2021-08-03 16:38:05,565:DEBUG:in-event <InotifyEvent: src_path=b'/home/rabbia/To-DoList/test.log', wd=1, mask=IN_MODIFY, cookie=0, name=test.log>
2021-08-03 16:38:05,565:DEBUG:in-event <InotifyEvent: src_path=b'/home/rabbia/To-DoList/test.log', wd=1, mask=IN_MODIFY, cookie=0, name=test.log>
2021-08-03 16:38:05,565:DEBUG:in-event <InotifyEvent: src_path=b'/home/rabbia/To-DoList/test.log', wd=1, mask=IN_MODIFY, cookie=0, name=test.log>
2021-08-03 16:38:05,565:DEBUG:in-event <InotifyEvent: src_path=b'/home/rabbia/To-DoList/test.log', wd=1, mask=IN_MODIFY, cookie=0, name=test.log>
2021-08-03 16:38:05,565:DEBUG:in-event <InotifyEvent: src_path=b'/home/rabbia/To-DoList/test.log', wd=1, mask=IN_MODIFY, cookie=0, name=test.log>
2021-08-03 16:38:05,565:DEBUG:in-event <InotifyEvent: src_path=b'/home/rabbia/To-DoList/test.log', wd=1, mask=IN_MODIFY, cookie=0, name=test.log>
2021-08-03 16:38:05,566:DEBUG:in-event <InotifyEvent: src_path=b'/home/rabbia/To-DoList/test.log', wd=1, mask=IN_MODIFY, cookie=0, name=test.log>
2021-08-03 16:38:05,566:DEBUG:in-event <InotifyEvent: src_path=b'/home/rabbia/To-DoList/test.log', wd=1, mask=IN_MODIFY, cookie=0, name=test.log>
2021-08-03 16:38:05,566:DEBUG:in-event <InotifyEvent: src_path=b'/home/rabbia/To-DoList/test.log', wd=1, mask=IN_MODIFY, cookie=0, name=test.log>
2021-08-03 16:38:05,566:DEBUG:in-event <InotifyEvent: src_path=b'/home/rabbia/To-DoList/test.log', wd=1, mask=IN_MODIFY, cookie=0, name=test.log>
2021-08-03 16:38:05,566:DEBUG:in-event <InotifyEvent: src_path=b'/home/rabbia/To-DoList/test.log', wd=1, mask=IN_MODIFY, cookie=0, name=test.log>
2021-08-03 16:38:05,566:DEBUG:in-event <InotifyEvent: src_path=b'/home/rabbia/To-DoList/test.log', wd=1, mask=IN_MODIFY, cookie=0, name=test.log>
2021-08-03 16:38:05,566:DEBUG:in-event <InotifyEvent: src_path=b'/home/rabbia/To-DoList/test.log', wd=1, mask=IN_MODIFY, cookie=0, name=test.log>
2021-08-03 16:38:05,567:DEBUG:in-event <InotifyEvent: src_path=b'/home/rabbia/To-DoList/test.log', wd=1, mask=IN_MODIFY, cookie=0, name=test.log>
2021-08-03 16:38:05,567:DEBUG:in-event <InotifyEvent: src_path=b'/home/rabbia/To-DoList/test.log', wd=1, mask=IN_MODIFY, cookie=0, name=test.log>
2021-08-03 16:38:05,567:DEBUG:in-event <InotifyEvent: src_path=b'/home/rabbia/To-DoList/test.log', wd=1, mask=IN_MODIFY, cookie=0, name=test.log>
2021-08-03 16:38:05,567:DEBUG:in-event <InotifyEvent: src_path=b'/home/rabbia/To-DoList/test.log', wd=1, mask=IN_MODIFY, cookie=0, name=test.log>
2021-08-03 16:38:05,567:DEBUG:in-event <InotifyEvent: src_path=b'/home/rabbia/To-DoList/test.log', wd=1, mask=IN_MODIFY, cookie=0, name=test.log>
2021-08-03 16:38:05,567:DEBUG:in-event <InotifyEvent: src_path=b'/home/rabbia/To-DoList/test.log', wd=1, mask=IN_MODIFY, cookie=0, name=test.log>
2021-08-03 16:38:05,567:DEBUG:in-event <InotifyEvent: src_path=b'/home/rabbia/To-DoList/test.log', wd=1, mask=IN_MODIFY, cookie=0, name=test.log>
2021-08-03 16:38:05,568:DEBUG:in-event <InotifyEvent: src_path=b'/home/rabbia/To-DoList/test.log', wd=1, mask=IN_MODIFY, cookie=0, name=test.log>
2021-08-03 16:38:05,568:DEBUG:in-event <InotifyEvent: src_path=b'/home/rabbia/To-DoList/test.log', wd=1, mask=IN_MODIFY, cookie=0, name=test.log>
2021-08-03 16:38:05,568:DEBUG:in-event <InotifyEvent: src_path=b'/home/rabbia/To-DoList/test.log', wd=1, mask=IN_MODIFY, cookie=0, name=test.log>
2021-08-03 16:38:05,568:DEBUG:in-event <InotifyEvent: src_path=b'/home/rabbia/To-DoList/test.log', wd=1, mask=IN_MODIFY, cookie=0, name=test.log>
2021-08-03 16:38:05,568:DEBUG:in-event <InotifyEvent: src_path=b'/home/rabbia/To-DoList/test.log', wd=1, mask=IN_MODIFY, cookie=0, name=test.log>
2021-08-03 16:38:05,568:DEBUG:in-event <InotifyEvent: src_path=b'/home/rabbia/To-DoList/test.log', wd=1, mask=IN_MODIFY, cookie=0, name=test.log>
2021-08-03 16:38:05,568:DEBUG:in-event <InotifyEvent: src_path=b'/home/rabbia/To-DoList/test.log', wd=1, mask=IN_MODIFY, cookie=0, name=test.log>
2021-08-03 16:38:05,569:DEBUG:in-event <InotifyEvent: src_path=b'/home/rabbia/To-DoList/test.log', wd=1, mask=IN_MODIFY, cookie=0, name=test.log>
2021-08-03 16:38:05,569:DEBUG:in-event <InotifyEvent: src_path=b'/home/rabbia/To-DoList/test.log', wd=1, mask=IN_MODIFY, cookie=0, name=test.log>
2021-08-03 16:38:05,569:DEBUG:in-event <InotifyEvent: src_path=b'/home/rabbia/To-DoList/test.log', wd=1, mask=IN_MODIFY, cookie=0, name=test.log>
2021-08-03 16:38:05,569:DEBUG:in-event <InotifyEvent: src_path=b'/home/rabbia/To-DoList/test.log', wd=1, mask=IN_MODIFY, cookie=0, name=test.log>
2021-08-03 16:38:05,572:DEBUG:in-event <InotifyEvent: src_path=b'/home/rabbia/To-DoList/test.log', wd=1, mask=IN_MODIFY, cookie=0, name=test.log>
2021-08-03 16:38:05,572:DEBUG:in-event <InotifyEvent: src_path=b'/home/rabbia/To-DoList/test.log', wd=1, mask=IN_MODIFY, cookie=0, name=test.log>
2021-08-03 16:38:05,572:DEBUG:in-event <InotifyEvent: src_path=b'/home/rabbia/To-DoList/test.log', wd=1, mask=IN_MODIFY, cookie=0, name=test.log>
2021-08-03 16:38:05,572:DEBUG:in-event <InotifyEvent: src_path=b'/home/rabbia/To-DoList/test.log', wd=1, mask=IN_MODIFY, cookie=0, name=test.log>
2021-08-03 16:38:05,572:DEBUG:in-event <InotifyEvent: src_path=b'/home/rabbia/To-DoList/test.log', wd=1, mask=IN_MODIFY, cookie=0, name=test.log>
2021-08-03 16:38:05,572:DEBUG:in-event <InotifyEvent: src_path=b'/home/rabbia/To-DoList/test.log', wd=1, mask=IN_MODIFY, cookie=0, name=test.log>
2021-08-03 16:38:05,573:DEBUG:in-event <InotifyEvent: src_path=b'/home/rabbia/To-DoList/test.log', wd=1, mask=IN_MODIFY, cookie=0, name=test.log>
2021-08-03 16:38:05,573:DEBUG:in-event <InotifyEvent: src_path=b'/home/rabbia/To-DoList/test.log', wd=1, mask=IN_MODIFY, cookie=0, name=test.log>
2021-08-03 16:38:05,573:DEBUG:in-event <InotifyEvent: src_path=b'/home/rabbia/To-DoList/test.log', wd=1, mask=IN_MODIFY, cookie=0, name=test.log>
2021-08-03 16:38:05,573:DEBUG:in-event <InotifyEvent: src_path=b'/home/rabbia/To-DoList/test.log', wd=1, mask=IN_MODIFY, cookie=0, name=test.log>
2021-08-03 16:38:05,573:DEBUG:in-event <InotifyEvent: src_path=b'/home/rabbia/To-DoList/test.log', wd=1, mask=IN_MODIFY, cookie=0, name=test.log>
2021-08-03 16:38:05,575:DEBUG:in-event <InotifyEvent: src_path=b'/home/rabbia/To-DoList/test.log', wd=1, mask=IN_MODIFY, cookie=0, name=test.log>
2021-08-03 16:38:05,575:DEBUG:in-event <InotifyEvent: src_path=b'/home/rabbia/To-DoList/test.log', wd=1, mask=IN_MODIFY, cookie=0, name=test.log>
2021-08-03 16:38:05,575:DEBUG:in-event <InotifyEvent: src_path=b'/home/rabbia/To-DoList/test.log', wd=1, mask=IN_MODIFY, cookie=0, name=test.log>
2021-08-03 16:38:05,576:DEBUG:in-event <InotifyEvent: src_path=b'/home/rabbia/To-DoList/test.log', wd=1, mask=IN_MODIFY, cookie=0, name=test.log>
2021-08-03 16:38:05,576:DEBUG:in-event <InotifyEvent: src_path=b'/home/rabbia/To-DoList/test.log', wd=1, mask=IN_MODIFY, cookie=0, name=test.log>
2021-08-03 16:38:05,576:DEBUG:in-event <InotifyEvent: src_path=b'/home/rabbia/To-DoList/test.log', wd=1, mask=IN_MODIFY, cookie=0, name=test.log>
2021-08-03 16:38:05,576:DEBUG:in-event <InotifyEvent: src_path=b'/home/rabbia/To-DoList/test.log', wd=1, mask=IN_MODIFY, cookie=0, name=test.log>
2021-08-03 16:38:05,576:DEBUG:in-event <InotifyEvent: src_path=b'/home/rabbia/To-DoList/test.log', wd=1, mask=IN_MODIFY, cookie=0, name=test.log>
2021-08-03 16:38:05,577:DEBUG:in-event <InotifyEvent: src_path=b'/home/rabbia/To-DoList/test.log', wd=1, mask=IN_MODIFY, cookie=0, name=test.log>
2021-08-03 16:38:05,577:DEBUG:in-event <InotifyEvent: src_path=b'/home/rabbia/To-DoList/test.log', wd=1, mask=IN_MODIFY, cookie=0, name=test.log>
2021-08-03 16:38:05,577:DEBUG:in-event <InotifyEvent: src_path=b'/home/rabbia/To-DoList/test.log', wd=1, mask=IN_MODIFY, cookie=0, name=test.log>
2021-08-03 16:38:05,577:DEBUG:in-event <InotifyEvent: src_path=b'/home/rabbia/To-DoList/test.log', wd=1, mask=IN_MODIFY, cookie=0, name=test.log>
2021-08-03 16:38:05,577:DEBUG:in-event <InotifyEvent: src_path=b'/home/rabbia/To-DoList/test.log', wd=1, mask=IN_MODIFY, cookie=0, name=test.log>
2021-08-03 16:38:05,577:DEBUG:in-event <InotifyEvent: src_path=b'/home/rabbia/To-DoList/test.log', wd=1, mask=IN_MODIFY, cookie=0, name=test.log>
2021-08-03 16:38:05,577:DEBUG:in-event <InotifyEvent: src_path=b'/home/rabbia/To-DoList/test.log', wd=1, mask=IN_MODIFY, cookie=0, name=test.log>
2021-08-03 16:38:05,578:DEBUG:in-event <InotifyEvent: src_path=b'/home/rabbia/To-DoList/test.log', wd=1, mask=IN_MODIFY, cookie=0, name=test.log>
2021-08-03 16:38:05,578:DEBUG:in-event <InotifyEvent: src_path=b'/home/rabbia/To-DoList/test.log', wd=1, mask=IN_MODIFY, cookie=0, name=test.log>
2021-08-03 16:38:05,578:DEBUG:in-event <InotifyEvent: src_path=b'/home/rabbia/To-DoList/test.log', wd=1, mask=IN_MODIFY, cookie=0, name=test.log>
2021-08-03 16:38:05,578:DEBUG:in-event <InotifyEvent: src_path=b'/home/rabbia/To-DoList/test.log', wd=1, mask=IN_MODIFY, cookie=0, name=test.log>
2021-08-03 16:38:05,578:DEBUG:in-event <InotifyEvent: src_path=b'/home/rabbia/To-DoList/test.log', wd=1, mask=IN_MODIFY, cookie=0, name=test.log>
2021-08-03 16:38:05,578:DEBUG:in-event <InotifyEvent: src_path=b'/home/rabbia/To-DoList/test.log', wd=1, mask=IN_MODIFY, cookie=0, name=test.log>
2021-08-03 16:38:05,578:DEBUG:in-event <InotifyEvent: src_path=b'/home/rabbia/To-DoList/test.log', wd=1, mask=IN_MODIFY, cookie=0, name=test.log>
2021-08-03 16:38:05,578:DEBUG:in-event <InotifyEvent: src_path=b'/home/rabbia/To-DoList/test.log', wd=1, mask=IN_MODIFY, cookie=0, name=test.log>
2021-08-03 16:38:05,579:DEBUG:in-event <InotifyEvent: src_path=b'/home/rabbia/To-DoList/test.log', wd=1, mask=IN_MODIFY, cookie=0, name=test.log>
2021-08-03 16:38:05,579:DEBUG:in-event <InotifyEvent: src_path=b'/home/rabbia/To-DoList/test.log', wd=1, mask=IN_MODIFY, cookie=0, name=test.log>
2021-08-03 16:38:05,579:DEBUG:in-event <InotifyEvent: src_path=b'/home/rabbia/To-DoList/test.log', wd=1, mask=IN_MODIFY, cookie=0, name=test.log>
2021-08-03 16:38:05,579:DEBUG:in-event <InotifyEvent: src_path=b'/home/rabbia/To-DoList/test.log', wd=1, mask=IN_MODIFY, cookie=0, name=test.log>
2021-08-03 16:38:05,579:DEBUG:in-event <InotifyEvent: src_path=b'/home/rabbia/To-DoList/test.log', wd=1, mask=IN_MODIFY, cookie=0, name=test.log>
2021-08-03 16:38:05,579:DEBUG:in-event <InotifyEvent: src_path=b'/home/rabbia/To-DoList/test.log', wd=1, mask=IN_MODIFY, cookie=0, name=test.log>
2021-08-03 16:38:05,579:DEBUG:in-event <InotifyEvent: src_path=b'/home/rabbia/To-DoList/test.log', wd=1, mask=IN_MODIFY, cookie=0, name=test.log>
2021-08-03 16:38:05,580:DEBUG:in-event <InotifyEvent: src_path=b'/home/rabbia/To-DoList/test.log', wd=1, mask=IN_MODIFY, cookie=0, name=test.log>
2021-08-03 16:38:05,580:DEBUG:in-event <InotifyEvent: src_path=b'/home/rabbia/To-DoList/test.log', wd=1, mask=IN_MODIFY, cookie=0, name=test.log>
2021-08-03 16:38:05,580:DEBUG:in-event <InotifyEvent: src_path=b'/home/rabbia/To-DoList/test.log', wd=1, mask=IN_MODIFY, cookie=0, name=test.log>
2021-08-03 16:38:05,580:DEBUG:in-event <InotifyEvent: src_path=b'/home/rabbia/To-DoList/test.log', wd=1, mask=IN_MODIFY, cookie=0, name=test.log>
2021-08-03 16:38:05,580:DEBUG:in-event <InotifyEvent: src_path=b'/home/rabbia/To-DoList/test.log', wd=1, mask=IN_MODIFY, cookie=0, name=test.log>
2021-08-03 16:38:05,580:DEBUG:in-event <InotifyEvent: src_path=b'/home/rabbia/To-DoList/test.log', wd=1, mask=IN_MODIFY, cookie=0, name=test.log>
2021-08-03 16:38:05,580:DEBUG:in-event <InotifyEvent: src_path=b'/home/rabbia/To-DoList/test.log', wd=1, mask=IN_MODIFY, cookie=0, name=test.log>
2021-08-03 16:38:05,580:DEBUG:in-event <InotifyEvent: src_path=b'/home/rabbia/To-DoList/test.log', wd=1, mask=IN_MODIFY, cookie=0, name=test.log>
2021-08-03 16:38:05,581:DEBUG:in-event <InotifyEvent: src_path=b'/home/rabbia/To-DoList/test.log', wd=1, mask=IN_MODIFY, cookie=0, name=test.log>
2021-08-03 16:38:05,581:DEBUG:in-event <InotifyEvent: src_path=b'/home/rabbia/To-DoList/test.log', wd=1, mask=IN_MODIFY, cookie=0, name=test.log>
2021-08-03 16:38:05,581:DEBUG:in-event <InotifyEvent: src_path=b'/home/rabbia/To-DoList/test.log', wd=1, mask=IN_MODIFY, cookie=0, name=test.log>
2021-08-03 16:38:05,581:DEBUG:in-event <InotifyEvent: src_path=b'/home/rabbia/To-DoList/test.log', wd=1, mask=IN_MODIFY, cookie=0, name=test.log>
2021-08-03 16:38:05,581:DEBUG:in-event <InotifyEvent: src_path=b'/home/rabbia/To-DoList/test.log', wd=1, mask=IN_MODIFY, cookie=0, name=test.log>
2021-08-03 16:38:05,581:DEBUG:in-event <InotifyEvent: src_path=b'/home/rabbia/To-DoList/test.log', wd=1, mask=IN_MODIFY, cookie=0, name=test.log>
2021-08-03 16:38:05,581:DEBUG:in-event <InotifyEvent: src_path=b'/home/rabbia/To-DoList/test.log', wd=1, mask=IN_MODIFY, cookie=0, name=test.log>
2021-08-03 16:38:05,582:DEBUG:in-event <InotifyEvent: src_path=b'/home/rabbia/To-DoList/test.log', wd=1, mask=IN_MODIFY, cookie=0, name=test.log>
2021-08-03 16:38:05,583:DEBUG:in-event <InotifyEvent: src_path=b'/home/rabbia/To-DoList/test.log', wd=1, mask=IN_MODIFY, cookie=0, name=test.log>
2021-08-03 16:38:05,583:DEBUG:in-event <InotifyEvent: src_path=b'/home/rabbia/To-DoList/test.log', wd=1, mask=IN_MODIFY, cookie=0, name=test.log>
2021-08-03 16:38:05,583:DEBUG:in-event <InotifyEvent: src_path=b'/home/rabbia/To-DoList/test.log', wd=1, mask=IN_MODIFY, cookie=0, name=test.log>
2021-08-03 16:38:05,583:DEBUG:in-event <InotifyEvent: src_path=b'/home/rabbia/To-DoList/test.log', wd=1, mask=IN_MODIFY, cookie=0, name=test.log>
2021-08-03 16:38:05,583:DEBUG:in-event <InotifyEvent: src_path=b'/home/rabbia/To-DoList/test.log', wd=1, mask=IN_MODIFY, cookie=0, name=test.log>
2021-08-03 16:38:05,584:DEBUG:in-event <InotifyEvent: src_path=b'/home/rabbia/To-DoList/test.log', wd=1, mask=IN_MODIFY, cookie=0, name=test.log>
2021-08-03 16:38:05,584:DEBUG:in-event <InotifyEvent: src_path=b'/home/rabbia/To-DoList/test.log', wd=1, mask=IN_MODIFY, cookie=0, name=test.log>
2021-08-03 16:38:05,584:DEBUG:in-event <InotifyEvent: src_path=b'/home/rabbia/To-DoList/test.log', wd=1, mask=IN_MODIFY, cookie=0, name=test.log>
2021-08-03 16:38:05,584:DEBUG:in-event <InotifyEvent: src_path=b'/home/rabbia/To-DoList/test.log', wd=1, mask=IN_MODIFY, cookie=0, name=test.log>
2021-08-03 16:38:05,584:DEBUG:in-event <InotifyEvent: src_path=b'/home/rabbia/To-DoList/test.log', wd=1, mask=IN_MODIFY, cookie=0, name=test.log>
2021-08-03 16:38:05,585:DEBUG:in-event <InotifyEvent: src_path=b'/home/rabbia/To-DoList/test.log', wd=1, mask=IN_MODIFY, cookie=0, name=test.log>
2021-08-03 16:38:05,585:DEBUG:in-event <InotifyEvent: src_path=b'/home/rabbia/To-DoList/test.log', wd=1, mask=IN_MODIFY, cookie=0, name=test.log>
2021-08-03 16:38:05,585:DEBUG:in-event <InotifyEvent: src_path=b'/home/rabbia/To-DoList/test.log', wd=1, mask=IN_MODIFY, cookie=0, name=test.log>
2021-08-03 16:38:05,586:DEBUG:in-event <InotifyEvent: src_path=b'/home/rabbia/To-DoList/test.log', wd=1, mask=IN_MODIFY, cookie=0, name=test.log>
2021-08-03 16:38:05,586:DEBUG:in-event <InotifyEvent: src_path=b'/home/rabbia/To-DoList/test.log', wd=1, mask=IN_MODIFY, cookie=0, name=test.log>
2021-08-03 16:38:05,586:DEBUG:in-event <InotifyEvent: src_path=b'/home/rabbia/To-DoList/test.log', wd=1, mask=IN_MODIFY, cookie=0, name=test.log>
2021-08-03 16:38:05,586:DEBUG:in-event <InotifyEvent: src_path=b'/home/rabbia/To-DoList/test.log', wd=1, mask=IN_MODIFY, cookie=0, name=test.log>
2021-08-03 16:38:05,587:DEBUG:in-event <InotifyEvent: src_path=b'/home/rabbia/To-DoList/test.log', wd=1, mask=IN_MODIFY, cookie=0, name=test.log>
2021-08-03 16:38:05,587:DEBUG:in-event <InotifyEvent: src_path=b'/home/rabbia/To-DoList/test.log', wd=1, mask=IN_MODIFY, cookie=0, name=test.log>
2021-08-03 16:38:05,587:DEBUG:in-event <InotifyEvent: src_path=b'/home/rabbia/To-DoList/test.log', wd=1, mask=IN_MODIFY, cookie=0, name=test.log>
2021-08-03 16:38:05,587:DEBUG:in-event <InotifyEvent: src_path=b'/home/rabbia/To-DoList/test.log', wd=1, mask=IN_MODIFY, cookie=0, name=test.log>
2021-08-03 16:38:05,587:DEBUG:in-event <InotifyEvent: src_path=b'/home/rabbia/To-DoList/test.log', wd=1, mask=IN_MODIFY, cookie=0, name=test.log>
2021-08-03 16:38:05,587:DEBUG:in-event <InotifyEvent: src_path=b'/home/rabbia/To-DoList/test.log', wd=1, mask=IN_MODIFY, cookie=0, name=test.log>
2021-08-03 16:38:05,588:DEBUG:in-event <InotifyEvent: src_path=b'/home/rabbia/To-DoList/test.log', wd=1, mask=IN_MODIFY, cookie=0, name=test.log>
2021-08-03 16:38:05,588:DEBUG:in-event <InotifyEvent: src_path=b'/home/rabbia/To-DoList/test.log', wd=1, mask=IN_MODIFY, cookie=0, name=test.log>
2021-08-03 16:38:05,588:DEBUG:in-event <InotifyEvent: src_path=b'/home/rabbia/To-DoList/test.log', wd=1, mask=IN_MODIFY, cookie=0, name=test.log>
2021-08-03 16:38:05,588:DEBUG:in-event <InotifyEvent: src_path=b'/home/rabbia/To-DoList/test.log', wd=1, mask=IN_MODIFY, cookie=0, name=test.log>
2021-08-03 16:38:05,588:DEBUG:in-event <InotifyEvent: src_path=b'/home/rabbia/To-DoList/test.log', wd=1, mask=IN_MODIFY, cookie=0, name=test.log>
2021-08-03 16:38:05,588:DEBUG:in-event <InotifyEvent: src_path=b'/home/rabbia/To-DoList/test.log', wd=1, mask=IN_MODIFY, cookie=0, name=test.log>
2021-08-03 16:38:05,589:DEBUG:in-event <InotifyEvent: src_path=b'/home/rabbia/To-DoList/test.log', wd=1, mask=IN_MODIFY, cookie=0, name=test.log>
2021-08-03 16:38:05,589:DEBUG:in-event <InotifyEvent: src_path=b'/home/rabbia/To-DoList/test.log', wd=1, mask=IN_MODIFY, cookie=0, name=test.log>
2021-08-03 16:38:05,589:DEBUG:in-event <InotifyEvent: src_path=b'/home/rabbia/To-DoList/test.log', wd=1, mask=IN_MODIFY, cookie=0, name=test.log>
2021-08-03 16:38:05,589:DEBUG:in-event <InotifyEvent: src_path=b'/home/rabbia/To-DoList/test.log', wd=1, mask=IN_MODIFY, cookie=0, name=test.log>
2021-08-03 16:38:05,589:DEBUG:in-event <InotifyEvent: src_path=b'/home/rabbia/To-DoList/test.log', wd=1, mask=IN_MODIFY, cookie=0, name=test.log>
2021-08-03 16:38:05,589:DEBUG:in-event <InotifyEvent: src_path=b'/home/rabbia/To-DoList/test.log', wd=1, mask=IN_MODIFY, cookie=0, name=test.log>
2021-08-03 16:38:05,590:DEBUG:in-event <InotifyEvent: src_path=b'/home/rabbia/To-DoList/test.log', wd=1, mask=IN_MODIFY, cookie=0, name=test.log>
2021-08-03 16:38:05,590:DEBUG:in-event <InotifyEvent: src_path=b'/home/rabbia/To-DoList/test.log', wd=1, mask=IN_MODIFY, cookie=0, name=test.log>
2021-08-03 16:38:05,590:DEBUG:in-event <InotifyEvent: src_path=b'/home/rabbia/To-DoList/test.log', wd=1, mask=IN_MODIFY, cookie=0, name=test.log>
2021-08-03 16:38:05,590:DEBUG:in-event <InotifyEvent: src_path=b'/home/rabbia/To-DoList/test.log', wd=1, mask=IN_MODIFY, cookie=0, name=test.log>
2021-08-03 16:38:05,590:DEBUG:in-event <InotifyEvent: src_path=b'/home/rabbia/To-DoList/test.log', wd=1, mask=IN_MODIFY, cookie=0, name=test.log>
2021-08-03 16:38:05,590:DEBUG:in-event <InotifyEvent: src_path=b'/home/rabbia/To-DoList/test.log', wd=1, mask=IN_MODIFY, cookie=0, name=test.log>
2021-08-03 16:38:05,591:DEBUG:in-event <InotifyEvent: src_path=b'/home/rabbia/To-DoList/test.log', wd=1, mask=IN_MODIFY, cookie=0, name=test.log>
2021-08-03 16:38:05,591:DEBUG:in-event <InotifyEvent: src_path=b'/home/rabbia/To-DoList/test.log', wd=1, mask=IN_MODIFY, cookie=0, name=test.log>
2021-08-03 16:38:05,591:DEBUG:in-event <InotifyEvent: src_path=b'/home/rabbia/To-DoList/test.log', wd=1, mask=IN_MODIFY, cookie=0, name=test.log>
2021-08-03 16:38:05,591:DEBUG:in-event <InotifyEvent: src_path=b'/home/rabbia/To-DoList/test.log', wd=1, mask=IN_MODIFY, cookie=0, name=test.log>
2021-08-03 16:38:05,592:DEBUG:in-event <InotifyEvent: src_path=b'/home/rabbia/To-DoList/test.log', wd=1, mask=IN_MODIFY, cookie=0, name=test.log>
2021-08-03 16:38:05,592:DEBUG:in-event <InotifyEvent: src_path=b'/home/rabbia/To-DoList/test.log', wd=1, mask=IN_MODIFY, cookie=0, name=test.log>
2021-08-03 16:38:05,592:DEBUG:in-event <InotifyEvent: src_path=b'/home/rabbia/To-DoList/test.log', wd=1, mask=IN_MODIFY, cookie=0, name=test.log>
2021-08-03 16:38:05,592:DEBUG:in-event <InotifyEvent: src_path=b'/home/rabbia/To-DoList/test.log', wd=1, mask=IN_MODIFY, cookie=0, name=test.log>
2021-08-03 16:38:05,593:DEBUG:in-event <InotifyEvent: src_path=b'/home/rabbia/To-DoList/test.log', wd=1, mask=IN_MODIFY, cookie=0, name=test.log>
2021-08-03 16:38:05,593:DEBUG:in-event <InotifyEvent: src_path=b'/home/rabbia/To-DoList/test.log', wd=1, mask=IN_MODIFY, cookie=0, name=test.log>
2021-08-03 16:38:05,593:DEBUG:in-event <InotifyEvent: src_path=b'/home/rabbia/To-DoList/test.log', wd=1, mask=IN_MODIFY, cookie=0, name=test.log>
2021-08-03 16:38:05,593:DEBUG:in-event <InotifyEvent: src_path=b'/home/rabbia/To-DoList/test.log', wd=1, mask=IN_MODIFY, cookie=0, name=test.log>
2021-08-03 16:38:05,593:DEBUG:in-event <InotifyEvent: src_path=b'/home/rabbia/To-DoList/test.log', wd=1, mask=IN_MODIFY, cookie=0, name=test.log>
2021-08-03 16:38:05,593:DEBUG:in-event <InotifyEvent: src_path=b'/home/rabbia/To-DoList/test.log', wd=1, mask=IN_MODIFY, cookie=0, name=test.log>
2021-08-03 16:38:05,593:DEBUG:in-event <InotifyEvent: src_path=b'/home/rabbia/To-DoList/test.log', wd=1, mask=IN_MODIFY, cookie=0, name=test.log>
2021-08-03 16:38:05,593:DEBUG:in-event <InotifyEvent: src_path=b'/home/rabbia/To-DoList/test.log', wd=1, mask=IN_MODIFY, cookie=0, name=test.log>
2021-08-03 16:38:05,595:DEBUG:in-event <InotifyEvent: src_path=b'/home/rabbia/To-DoList/test.log', wd=1, mask=IN_MODIFY, cookie=0, name=test.log>
2021-08-03 16:38:05,595:DEBUG:in-event <InotifyEvent: src_path=b'/home/rabbia/To-DoList/test.log', wd=1, mask=IN_MODIFY, cookie=0, name=test.log>
2021-08-03 16:38:05,596:DEBUG:in-event <InotifyEvent: src_path=b'/home/rabbia/To-DoList/test.log', wd=1, mask=IN_MODIFY, cookie=0, name=test.log>
2021-08-03 16:38:05,596:DEBUG:in-event <InotifyEvent: src_path=b'/home/rabbia/To-DoList/test.log', wd=1, mask=IN_MODIFY, cookie=0, name=test.log>
2021-08-03 16:38:05,597:DEBUG:in-event <InotifyEvent: src_path=b'/home/rabbia/To-DoList/test.log', wd=1, mask=IN_MODIFY, cookie=0, name=test.log>
2021-08-03 16:38:05,597:DEBUG:in-event <InotifyEvent: src_path=b'/home/rabbia/To-DoList/test.log', wd=1, mask=IN_MODIFY, cookie=0, name=test.log>
2021-08-03 16:38:05,597:DEBUG:in-event <InotifyEvent: src_path=b'/home/rabbia/To-DoList/test.log', wd=1, mask=IN_MODIFY, cookie=0, name=test.log>
2021-08-03 16:38:05,598:DEBUG:in-event <InotifyEvent: src_path=b'/home/rabbia/To-DoList/test.log', wd=1, mask=IN_MODIFY, cookie=0, name=test.log>
2021-08-03 16:38:05,598:DEBUG:in-event <InotifyEvent: src_path=b'/home/rabbia/To-DoList/test.log', wd=1, mask=IN_MODIFY, cookie=0, name=test.log>
2021-08-03 16:38:05,598:DEBUG:in-event <InotifyEvent: src_path=b'/home/rabbia/To-DoList/test.log', wd=1, mask=IN_MODIFY, cookie=0, name=test.log>
2021-08-03 16:38:05,599:DEBUG:in-event <InotifyEvent: src_path=b'/home/rabbia/To-DoList/test.log', wd=1, mask=IN_MODIFY, cookie=0, name=test.log>
2021-08-03 16:38:05,599:DEBUG:in-event <InotifyEvent: src_path=b'/home/rabbia/To-DoList/test.log', wd=1, mask=IN_MODIFY, cookie=0, name=test.log>
2021-08-03 16:38:05,599:DEBUG:in-event <InotifyEvent: src_path=b'/home/rabbia/To-DoList/test.log', wd=1, mask=IN_MODIFY, cookie=0, name=test.log>
2021-08-03 16:38:05,600:DEBUG:in-event <InotifyEvent: src_path=b'/home/rabbia/To-DoList/test.log', wd=1, mask=IN_MODIFY, cookie=0, name=test.log>
2021-08-03 16:38:05,600:DEBUG:in-event <InotifyEvent: src_path=b'/home/rabbia/To-DoList/test.log', wd=1, mask=IN_MODIFY, cookie=0, name=test.log>
2021-08-03 16:38:05,601:DEBUG:in-event <InotifyEvent: src_path=b'/home/rabbia/To-DoList/test.log', wd=1, mask=IN_MODIFY, cookie=0, name=test.log>
2021-08-03 16:38:05,601:DEBUG:in-event <InotifyEvent: src_path=b'/home/rabbia/To-DoList/test.log', wd=1, mask=IN_MODIFY, cookie=0, name=test.log>
2021-08-03 16:38:05,601:DEBUG:in-event <InotifyEvent: src_path=b'/home/rabbia/To-DoList/test.log', wd=1, mask=IN_MODIFY, cookie=0, name=test.log>
2021-08-03 16:38:05,602:DEBUG:in-event <InotifyEvent: src_path=b'/home/rabbia/To-DoList/test.log', wd=1, mask=IN_MODIFY, cookie=0, name=test.log>
2021-08-03 16:38:05,602:DEBUG:in-event <InotifyEvent: src_path=b'/home/rabbia/To-DoList/test.log', wd=1, mask=IN_MODIFY, cookie=0, name=test.log>
2021-08-03 16:38:05,602:DEBUG:in-event <InotifyEvent: src_path=b'/home/rabbia/To-DoList/test.log', wd=1, mask=IN_MODIFY, cookie=0, name=test.log>
2021-08-03 16:38:05,602:DEBUG:in-event <InotifyEvent: src_path=b'/home/rabbia/To-DoList/test.log', wd=1, mask=IN_MODIFY, cookie=0, name=test.log>
2021-08-03 16:38:05,603:DEBUG:in-event <InotifyEvent: src_path=b'/home/rabbia/To-DoList/test.log', wd=1, mask=IN_MODIFY, cookie=0, name=test.log>
2021-08-03 16:38:05,603:DEBUG:in-event <InotifyEvent: src_path=b'/home/rabbia/To-DoList/test.log', wd=1, mask=IN_MODIFY, cookie=0, name=test.log>
2021-08-03 16:38:05,603:DEBUG:in-event <InotifyEvent: src_path=b'/home/rabbia/To-DoList/test.log', wd=1, mask=IN_MODIFY, cookie=0, name=test.log>
2021-08-03 16:38:05,603:DEBUG:in-event <InotifyEvent: src_path=b'/home/rabbia/To-DoList/test.log', wd=1, mask=IN_MODIFY, cookie=0, name=test.log>
2021-08-03 16:38:05,604:DEBUG:in-event <InotifyEvent: src_path=b'/home/rabbia/To-DoList/test.log', wd=1, mask=IN_MODIFY, cookie=0, name=test.log>
2021-08-03 16:38:05,604:DEBUG:in-event <InotifyEvent: src_path=b'/home/rabbia/To-DoList/test.log', wd=1, mask=IN_MODIFY, cookie=0, name=test.log>
2021-08-03 16:38:05,604:DEBUG:in-event <InotifyEvent: src_path=b'/home/rabbia/To-DoList/test.log', wd=1, mask=IN_MODIFY, cookie=0, name=test.log>
2021-08-03 16:38:05,604:DEBUG:in-event <InotifyEvent: src_path=b'/home/rabbia/To-DoList/test.log', wd=1, mask=IN_MODIFY, cookie=0, name=test.log>
2021-08-03 16:38:05,605:DEBUG:in-event <InotifyEvent: src_path=b'/home/rabbia/To-DoList/test.log', wd=1, mask=IN_MODIFY, cookie=0, name=test.log>
2021-08-03 16:38:05,605:DEBUG:in-event <InotifyEvent: src_path=b'/home/rabbia/To-DoList/test.log', wd=1, mask=IN_MODIFY, cookie=0, name=test.log>
2021-08-03 16:38:05,605:DEBUG:in-event <InotifyEvent: src_path=b'/home/rabbia/To-DoList/test.log', wd=1, mask=IN_MODIFY, cookie=0, name=test.log>
2021-08-03 16:38:05,605:DEBUG:in-event <InotifyEvent: src_path=b'/home/rabbia/To-DoList/test.log', wd=1, mask=IN_MODIFY, cookie=0, name=test.log>
2021-08-03 16:38:05,606:DEBUG:in-event <InotifyEvent: src_path=b'/home/rabbia/To-DoList/test.log', wd=1, mask=IN_MODIFY, cookie=0, name=test.log>
2021-08-03 16:38:05,606:DEBUG:in-event <InotifyEvent: src_path=b'/home/rabbia/To-DoList/test.log', wd=1, mask=IN_MODIFY, cookie=0, name=test.log>
2021-08-03 16:38:05,606:DEBUG:in-event <InotifyEvent: src_path=b'/home/rabbia/To-DoList/test.log', wd=1, mask=IN_MODIFY, cookie=0, name=test.log>
2021-08-03 16:38:05,606:DEBUG:in-event <InotifyEvent: src_path=b'/home/rabbia/To-DoList/test.log', wd=1, mask=IN_MODIFY, cookie=0, name=test.log>
2021-08-03 16:38:05,607:DEBUG:in-event <InotifyEvent: src_path=b'/home/rabbia/To-DoList/test.log', wd=1, mask=IN_MODIFY, cookie=0, name=test.log>
2021-08-03 16:38:05,607:DEBUG:in-event <InotifyEvent: src_path=b'/home/rabbia/To-DoList/test.log', wd=1, mask=IN_MODIFY, cookie=0, name=test.log>
2021-08-03 16:38:05,607:DEBUG:in-event <InotifyEvent: src_path=b'/home/rabbia/To-DoList/test.log', wd=1, mask=IN_MODIFY, cookie=0, name=test.log>
2021-08-03 16:38:05,608:DEBUG:in-event <InotifyEvent: src_path=b'/home/rabbia/To-DoList/test.log', wd=1, mask=IN_MODIFY, cookie=0, name=test.log>
2021-08-03 16:38:05,609:DEBUG:in-event <InotifyEvent: src_path=b'/home/rabbia/To-DoList/test.log', wd=1, mask=IN_MODIFY, cookie=0, name=test.log>
2021-08-03 16:38:05,609:DEBUG:in-event <InotifyEvent: src_path=b'/home/rabbia/To-DoList/test.log', wd=1, mask=IN_MODIFY, cookie=0, name=test.log>
2021-08-03 16:38:05,609:DEBUG:in-event <InotifyEvent: src_path=b'/home/rabbia/To-DoList/test.log', wd=1, mask=IN_MODIFY, cookie=0, name=test.log>
2021-08-03 16:38:05,610:DEBUG:in-event <InotifyEvent: src_path=b'/home/rabbia/To-DoList/test.log', wd=1, mask=IN_MODIFY, cookie=0, name=test.log>
2021-08-03 16:38:05,610:DEBUG:in-event <InotifyEvent: src_path=b'/home/rabbia/To-DoList/test.log', wd=1, mask=IN_MODIFY, cookie=0, name=test.log>
2021-08-03 16:38:05,610:DEBUG:in-event <InotifyEvent: src_path=b'/home/rabbia/To-DoList/test.log', wd=1, mask=IN_MODIFY, cookie=0, name=test.log>
2021-08-03 16:38:05,611:DEBUG:in-event <InotifyEvent: src_path=b'/home/rabbia/To-DoList/test.log', wd=1, mask=IN_MODIFY, cookie=0, name=test.log>
2021-08-03 16:38:05,611:DEBUG:in-event <InotifyEvent: src_path=b'/home/rabbia/To-DoList/test.log', wd=1, mask=IN_MODIFY, cookie=0, name=test.log>
2021-08-03 16:38:05,611:DEBUG:in-event <InotifyEvent: src_path=b'/home/rabbia/To-DoList/test.log', wd=1, mask=IN_MODIFY, cookie=0, name=test.log>
2021-08-03 16:38:05,612:DEBUG:in-event <InotifyEvent: src_path=b'/home/rabbia/To-DoList/test.log', wd=1, mask=IN_MODIFY, cookie=0, name=test.log>
2021-08-03 16:38:05,612:DEBUG:in-event <InotifyEvent: src_path=b'/home/rabbia/To-DoList/test.log', wd=1, mask=IN_MODIFY, cookie=0, name=test.log>
2021-08-03 16:38:05,612:DEBUG:in-event <InotifyEvent: src_path=b'/home/rabbia/To-DoList/test.log', wd=1, mask=IN_MODIFY, cookie=0, name=test.log>
2021-08-03 16:38:05,613:DEBUG:in-event <InotifyEvent: src_path=b'/home/rabbia/To-DoList/test.log', wd=1, mask=IN_MODIFY, cookie=0, name=test.log>
2021-08-03 16:38:05,613:DEBUG:in-event <InotifyEvent: src_path=b'/home/rabbia/To-DoList/test.log', wd=1, mask=IN_MODIFY, cookie=0, name=test.log>
2021-08-03 16:38:05,614:DEBUG:in-event <InotifyEvent: src_path=b'/home/rabbia/To-DoList/test.log', wd=1, mask=IN_MODIFY, cookie=0, name=test.log>
2021-08-03 16:38:05,614:DEBUG:in-event <InotifyEvent: src_path=b'/home/rabbia/To-DoList/test.log', wd=1, mask=IN_MODIFY, cookie=0, name=test.log>
2021-08-03 16:38:05,614:DEBUG:in-event <InotifyEvent: src_path=b'/home/rabbia/To-DoList/test.log', wd=1, mask=IN_MODIFY, cookie=0, name=test.log>
2021-08-03 16:38:05,615:DEBUG:in-event <InotifyEvent: src_path=b'/home/rabbia/To-DoList/test.log', wd=1, mask=IN_MODIFY, cookie=0, name=test.log>
2021-08-03 16:38:05,615:DEBUG:in-event <InotifyEvent: src_path=b'/home/rabbia/To-DoList/test.log', wd=1, mask=IN_MODIFY, cookie=0, name=test.log>
2021-08-03 16:38:05,615:DEBUG:in-event <InotifyEvent: src_path=b'/home/rabbia/To-DoList/test.log', wd=1, mask=IN_MODIFY, cookie=0, name=test.log>
2021-08-03 16:38:05,615:DEBUG:in-event <InotifyEvent: src_path=b'/home/rabbia/To-DoList/test.log', wd=1, mask=IN_MODIFY, cookie=0, name=test.log>
2021-08-03 16:38:05,615:DEBUG:in-event <InotifyEvent: src_path=b'/home/rabbia/To-DoList/test.log', wd=1, mask=IN_MODIFY, cookie=0, name=test.log>
2021-08-03 16:38:05,615:DEBUG:in-event <InotifyEvent: src_path=b'/home/rabbia/To-DoList/test.log', wd=1, mask=IN_MODIFY, cookie=0, name=test.log>
2021-08-03 16:38:05,616:DEBUG:in-event <InotifyEvent: src_path=b'/home/rabbia/To-DoList/test.log', wd=1, mask=IN_MODIFY, cookie=0, name=test.log>
2021-08-03 16:38:05,616:DEBUG:in-event <InotifyEvent: src_path=b'/home/rabbia/To-DoList/test.log', wd=1, mask=IN_MODIFY, cookie=0, name=test.log>
2021-08-03 16:38:05,616:DEBUG:in-event <InotifyEvent: src_path=b'/home/rabbia/To-DoList/test.log', wd=1, mask=IN_MODIFY, cookie=0, name=test.log>
2021-08-03 16:38:05,616:DEBUG:in-event <InotifyEvent: src_path=b'/home/rabbia/To-DoList/test.log', wd=1, mask=IN_MODIFY, cookie=0, name=test.log>
2021-08-03 16:38:05,616:DEBUG:in-event <InotifyEvent: src_path=b'/home/rabbia/To-DoList/test.log', wd=1, mask=IN_MODIFY, cookie=0, name=test.log>
2021-08-03 16:38:05,616:DEBUG:in-event <InotifyEvent: src_path=b'/home/rabbia/To-DoList/test.log', wd=1, mask=IN_MODIFY, cookie=0, name=test.log>
2021-08-03 16:38:05,616:DEBUG:in-event <InotifyEvent: src_path=b'/home/rabbia/To-DoList/test.log', wd=1, mask=IN_MODIFY, cookie=0, name=test.log>
2021-08-03 16:38:05,616:DEBUG:in-event <InotifyEvent: src_path=b'/home/rabbia/To-DoList/test.log', wd=1, mask=IN_MODIFY, cookie=0, name=test.log>
2021-08-03 16:38:05,616:DEBUG:in-event <InotifyEvent: src_path=b'/home/rabbia/To-DoList/test.log', wd=1, mask=IN_MODIFY, cookie=0, name=test.log>
2021-08-03 16:38:05,617:DEBUG:in-event <InotifyEvent: src_path=b'/home/rabbia/To-DoList/test.log', wd=1, mask=IN_MODIFY, cookie=0, name=test.log>
2021-08-03 16:38:05,617:DEBUG:in-event <InotifyEvent: src_path=b'/home/rabbia/To-DoList/test.log', wd=1, mask=IN_MODIFY, cookie=0, name=test.log>
2021-08-03 16:38:05,617:DEBUG:in-event <InotifyEvent: src_path=b'/home/rabbia/To-DoList/test.log', wd=1, mask=IN_MODIFY, cookie=0, name=test.log>
2021-08-03 16:38:05,617:DEBUG:in-event <InotifyEvent: src_path=b'/home/rabbia/To-DoList/test.log', wd=1, mask=IN_MODIFY, cookie=0, name=test.log>
2021-08-03 16:38:05,617:DEBUG:in-event <InotifyEvent: src_path=b'/home/rabbia/To-DoList/test.log', wd=1, mask=IN_MODIFY, cookie=0, name=test.log>
2021-08-03 16:38:05,617:DEBUG:in-event <InotifyEvent: src_path=b'/home/rabbia/To-DoList/test.log', wd=1, mask=IN_MODIFY, cookie=0, name=test.log>
2021-08-03 16:38:05,617:DEBUG:in-event <InotifyEvent: src_path=b'/home/rabbia/To-DoList/test.log', wd=1, mask=IN_MODIFY, cookie=0, name=test.log>
2021-08-03 16:38:05,617:DEBUG:in-event <InotifyEvent: src_path=b'/home/rabbia/To-DoList/test.log', wd=1, mask=IN_MODIFY, cookie=0, name=test.log>
2021-08-03 16:38:05,617:DEBUG:in-event <InotifyEvent: src_path=b'/home/rabbia/To-DoList/test.log', wd=1, mask=IN_MODIFY, cookie=0, name=test.log>
2021-08-03 16:38:05,618:DEBUG:in-event <InotifyEvent: src_path=b'/home/rabbia/To-DoList/test.log', wd=1, mask=IN_MODIFY, cookie=0, name=test.log>
2021-08-03 16:38:05,618:DEBUG:in-event <InotifyEvent: src_path=b'/home/rabbia/To-DoList/test.log', wd=1, mask=IN_MODIFY, cookie=0, name=test.log>
2021-08-03 16:38:05,619:DEBUG:in-event <InotifyEvent: src_path=b'/home/rabbia/To-DoList/test.log', wd=1, mask=IN_MODIFY, cookie=0, name=test.log>
2021-08-03 16:38:05,619:DEBUG:in-event <InotifyEvent: src_path=b'/home/rabbia/To-DoList/test.log', wd=1, mask=IN_MODIFY, cookie=0, name=test.log>
2021-08-03 16:38:05,620:DEBUG:in-event <InotifyEvent: src_path=b'/home/rabbia/To-DoList/test.log', wd=1, mask=IN_MODIFY, cookie=0, name=test.log>
2021-08-03 16:38:05,620:DEBUG:in-event <InotifyEvent: src_path=b'/home/rabbia/To-DoList/test.log', wd=1, mask=IN_MODIFY, cookie=0, name=test.log>
2021-08-03 16:38:05,620:DEBUG:in-event <InotifyEvent: src_path=b'/home/rabbia/To-DoList/test.log', wd=1, mask=IN_MODIFY, cookie=0, name=test.log>
2021-08-03 16:38:05,621:DEBUG:in-event <InotifyEvent: src_path=b'/home/rabbia/To-DoList/test.log', wd=1, mask=IN_MODIFY, cookie=0, name=test.log>
2021-08-03 16:38:05,621:DEBUG:in-event <InotifyEvent: src_path=b'/home/rabbia/To-DoList/test.log', wd=1, mask=IN_MODIFY, cookie=0, name=test.log>
2021-08-03 16:38:05,621:DEBUG:in-event <InotifyEvent: src_path=b'/home/rabbia/To-DoList/test.log', wd=1, mask=IN_MODIFY, cookie=0, name=test.log>
2021-08-03 16:38:05,621:DEBUG:in-event <InotifyEvent: src_path=b'/home/rabbia/To-DoList/test.log', wd=1, mask=IN_MODIFY, cookie=0, name=test.log>
2021-08-03 16:38:05,622:DEBUG:in-event <InotifyEvent: src_path=b'/home/rabbia/To-DoList/test.log', wd=1, mask=IN_MODIFY, cookie=0, name=test.log>
2021-08-03 16:38:05,622:DEBUG:in-event <InotifyEvent: src_path=b'/home/rabbia/To-DoList/test.log', wd=1, mask=IN_MODIFY, cookie=0, name=test.log>
2021-08-03 16:38:05,622:DEBUG:in-event <InotifyEvent: src_path=b'/home/rabbia/To-DoList/test.log', wd=1, mask=IN_MODIFY, cookie=0, name=test.log>
2021-08-03 16:38:05,622:DEBUG:in-event <InotifyEvent: src_path=b'/home/rabbia/To-DoList/test.log', wd=1, mask=IN_MODIFY, cookie=0, name=test.log>
2021-08-03 16:38:05,623:DEBUG:in-event <InotifyEvent: src_path=b'/home/rabbia/To-DoList/test.log', wd=1, mask=IN_MODIFY, cookie=0, name=test.log>
2021-08-03 16:38:05,623:DEBUG:in-event <InotifyEvent: src_path=b'/home/rabbia/To-DoList/test.log', wd=1, mask=IN_MODIFY, cookie=0, name=test.log>
2021-08-03 16:38:05,623:DEBUG:in-event <InotifyEvent: src_path=b'/home/rabbia/To-DoList/test.log', wd=1, mask=IN_MODIFY, cookie=0, name=test.log>
2021-08-03 16:38:05,623:DEBUG:in-event <InotifyEvent: src_path=b'/home/rabbia/To-DoList/test.log', wd=1, mask=IN_MODIFY, cookie=0, name=test.log>
2021-08-03 16:38:05,624:DEBUG:in-event <InotifyEvent: src_path=b'/home/rabbia/To-DoList/test.log', wd=1, mask=IN_MODIFY, cookie=0, name=test.log>
2021-08-03 16:38:05,624:DEBUG:in-event <InotifyEvent: src_path=b'/home/rabbia/To-DoList/test.log', wd=1, mask=IN_MODIFY, cookie=0, name=test.log>
2021-08-03 16:38:05,624:DEBUG:in-event <InotifyEvent: src_path=b'/home/rabbia/To-DoList/test.log', wd=1, mask=IN_MODIFY, cookie=0, name=test.log>
2021-08-03 16:38:05,625:DEBUG:in-event <InotifyEvent: src_path=b'/home/rabbia/To-DoList/test.log', wd=1, mask=IN_MODIFY, cookie=0, name=test.log>
2021-08-03 16:38:05,625:DEBUG:in-event <InotifyEvent: src_path=b'/home/rabbia/To-DoList/test.log', wd=1, mask=IN_MODIFY, cookie=0, name=test.log>
2021-08-03 16:38:05,625:DEBUG:in-event <InotifyEvent: src_path=b'/home/rabbia/To-DoList/test.log', wd=1, mask=IN_MODIFY, cookie=0, name=test.log>
2021-08-03 16:38:05,625:DEBUG:in-event <InotifyEvent: src_path=b'/home/rabbia/To-DoList/test.log', wd=1, mask=IN_MODIFY, cookie=0, name=test.log>
2021-08-03 16:38:05,626:DEBUG:in-event <InotifyEvent: src_path=b'/home/rabbia/To-DoList/test.log', wd=1, mask=IN_MODIFY, cookie=0, name=test.log>
2021-08-03 16:38:05,626:DEBUG:in-event <InotifyEvent: src_path=b'/home/rabbia/To-DoList/test.log', wd=1, mask=IN_MODIFY, cookie=0, name=test.log>
2021-08-03 16:38:05,626:DEBUG:in-event <InotifyEvent: src_path=b'/home/rabbia/To-DoList/test.log', wd=1, mask=IN_MODIFY, cookie=0, name=test.log>
2021-08-03 16:38:05,626:DEBUG:in-event <InotifyEvent: src_path=b'/home/rabbia/To-DoList/test.log', wd=1, mask=IN_MODIFY, cookie=0, name=test.log>
2021-08-03 16:38:05,627:DEBUG:in-event <InotifyEvent: src_path=b'/home/rabbia/To-DoList/test.log', wd=1, mask=IN_MODIFY, cookie=0, name=test.log>
2021-08-03 16:38:05,627:DEBUG:in-event <InotifyEvent: src_path=b'/home/rabbia/To-DoList/test.log', wd=1, mask=IN_MODIFY, cookie=0, name=test.log>
2021-08-03 16:38:05,628:DEBUG:in-event <InotifyEvent: src_path=b'/home/rabbia/To-DoList/test.log', wd=1, mask=IN_MODIFY, cookie=0, name=test.log>
2021-08-03 16:38:05,628:DEBUG:in-event <InotifyEvent: src_path=b'/home/rabbia/To-DoList/test.log', wd=1, mask=IN_MODIFY, cookie=0, name=test.log>
2021-08-03 16:38:05,628:DEBUG:in-event <InotifyEvent: src_path=b'/home/rabbia/To-DoList/test.log', wd=1, mask=IN_MODIFY, cookie=0, name=test.log>
2021-08-03 16:38:05,629:DEBUG:in-event <InotifyEvent: src_path=b'/home/rabbia/To-DoList/test.log', wd=1, mask=IN_MODIFY, cookie=0, name=test.log>
2021-08-03 16:38:05,629:DEBUG:in-event <InotifyEvent: src_path=b'/home/rabbia/To-DoList/test.log', wd=1, mask=IN_MODIFY, cookie=0, name=test.log>
2021-08-03 16:38:05,630:DEBUG:in-event <InotifyEvent: src_path=b'/home/rabbia/To-DoList/test.log', wd=1, mask=IN_MODIFY, cookie=0, name=test.log>
2021-08-03 16:38:05,630:DEBUG:in-event <InotifyEvent: src_path=b'/home/rabbia/To-DoList/test.log', wd=1, mask=IN_MODIFY, cookie=0, name=test.log>
2021-08-03 16:38:05,630:DEBUG:in-event <InotifyEvent: src_path=b'/home/rabbia/To-DoList/test.log', wd=1, mask=IN_MODIFY, cookie=0, name=test.log>
2021-08-03 16:38:05,631:DEBUG:in-event <InotifyEvent: src_path=b'/home/rabbia/To-DoList/test.log', wd=1, mask=IN_MODIFY, cookie=0, name=test.log>
2021-08-03 16:38:05,631:DEBUG:in-event <InotifyEvent: src_path=b'/home/rabbia/To-DoList/test.log', wd=1, mask=IN_MODIFY, cookie=0, name=test.log>
2021-08-03 16:38:05,631:DEBUG:in-event <InotifyEvent: src_path=b'/home/rabbia/To-DoList/test.log', wd=1, mask=IN_MODIFY, cookie=0, name=test.log>
2021-08-03 16:38:05,632:DEBUG:in-event <InotifyEvent: src_path=b'/home/rabbia/To-DoList/test.log', wd=1, mask=IN_MODIFY, cookie=0, name=test.log>
2021-08-03 16:38:05,632:DEBUG:in-event <InotifyEvent: src_path=b'/home/rabbia/To-DoList/test.log', wd=1, mask=IN_MODIFY, cookie=0, name=test.log>
2021-08-03 16:38:05,632:DEBUG:in-event <InotifyEvent: src_path=b'/home/rabbia/To-DoList/test.log', wd=1, mask=IN_MODIFY, cookie=0, name=test.log>
2021-08-03 16:38:05,633:DEBUG:in-event <InotifyEvent: src_path=b'/home/rabbia/To-DoList/test.log', wd=1, mask=IN_MODIFY, cookie=0, name=test.log>
2021-08-03 16:38:05,633:DEBUG:in-event <InotifyEvent: src_path=b'/home/rabbia/To-DoList/test.log', wd=1, mask=IN_MODIFY, cookie=0, name=test.log>
2021-08-03 16:38:05,633:DEBUG:in-event <InotifyEvent: src_path=b'/home/rabbia/To-DoList/test.log', wd=1, mask=IN_MODIFY, cookie=0, name=test.log>
2021-08-03 16:38:05,633:DEBUG:in-event <InotifyEvent: src_path=b'/home/rabbia/To-DoList/test.log', wd=1, mask=IN_MODIFY, cookie=0, name=test.log>
2021-08-03 16:38:05,634:DEBUG:in-event <InotifyEvent: src_path=b'/home/rabbia/To-DoList/test.log', wd=1, mask=IN_MODIFY, cookie=0, name=test.log>
2021-08-03 16:38:05,634:DEBUG:in-event <InotifyEvent: src_path=b'/home/rabbia/To-DoList/test.log', wd=1, mask=IN_MODIFY, cookie=0, name=test.log>
2021-08-03 16:38:05,634:DEBUG:in-event <InotifyEvent: src_path=b'/home/rabbia/To-DoList/test.log', wd=1, mask=IN_MODIFY, cookie=0, name=test.log>
2021-08-03 16:38:05,634:DEBUG:in-event <InotifyEvent: src_path=b'/home/rabbia/To-DoList/test.log', wd=1, mask=IN_MODIFY, cookie=0, name=test.log>
2021-08-03 16:38:05,635:DEBUG:in-event <InotifyEvent: src_path=b'/home/rabbia/To-DoList/test.log', wd=1, mask=IN_MODIFY, cookie=0, name=test.log>
2021-08-03 16:38:05,635:DEBUG:in-event <InotifyEvent: src_path=b'/home/rabbia/To-DoList/test.log', wd=1, mask=IN_MODIFY, cookie=0, name=test.log>
2021-08-03 16:38:05,635:DEBUG:in-event <InotifyEvent: src_path=b'/home/rabbia/To-DoList/test.log', wd=1, mask=IN_MODIFY, cookie=0, name=test.log>
2021-08-03 16:38:05,635:DEBUG:in-event <InotifyEvent: src_path=b'/home/rabbia/To-DoList/test.log', wd=1, mask=IN_MODIFY, cookie=0, name=test.log>
2021-08-03 16:38:05,636:DEBUG:in-event <InotifyEvent: src_path=b'/home/rabbia/To-DoList/test.log', wd=1, mask=IN_MODIFY, cookie=0, name=test.log>
2021-08-03 16:38:05,636:DEBUG:in-event <InotifyEvent: src_path=b'/home/rabbia/To-DoList/test.log', wd=1, mask=IN_MODIFY, cookie=0, name=test.log>
2021-08-03 16:38:05,636:DEBUG:in-event <InotifyEvent: src_path=b'/home/rabbia/To-DoList/test.log', wd=1, mask=IN_MODIFY, cookie=0, name=test.log>
2021-08-03 16:38:05,636:DEBUG:in-event <InotifyEvent: src_path=b'/home/rabbia/To-DoList/test.log', wd=1, mask=IN_MODIFY, cookie=0, name=test.log>
2021-08-03 16:38:05,636:DEBUG:in-event <InotifyEvent: src_path=b'/home/rabbia/To-DoList/test.log', wd=1, mask=IN_MODIFY, cookie=0, name=test.log>
2021-08-03 16:38:05,637:DEBUG:in-event <InotifyEvent: src_path=b'/home/rabbia/To-DoList/test.log', wd=1, mask=IN_MODIFY, cookie=0, name=test.log>
2021-08-03 16:38:05,637:DEBUG:in-event <InotifyEvent: src_path=b'/home/rabbia/To-DoList/test.log', wd=1, mask=IN_MODIFY, cookie=0, name=test.log>
2021-08-03 16:38:05,637:DEBUG:in-event <InotifyEvent: src_path=b'/home/rabbia/To-DoList/test.log', wd=1, mask=IN_MODIFY, cookie=0, name=test.log>
2021-08-03 16:38:05,637:DEBUG:in-event <InotifyEvent: src_path=b'/home/rabbia/To-DoList/test.log', wd=1, mask=IN_MODIFY, cookie=0, name=test.log>
2021-08-03 16:38:05,638:DEBUG:in-event <InotifyEvent: src_path=b'/home/rabbia/To-DoList/test.log', wd=1, mask=IN_MODIFY, cookie=0, name=test.log>
2021-08-03 16:38:05,638:DEBUG:in-event <InotifyEvent: src_path=b'/home/rabbia/To-DoList/test.log', wd=1, mask=IN_MODIFY, cookie=0, name=test.log>
2021-08-03 16:38:05,638:DEBUG:in-event <InotifyEvent: src_path=b'/home/rabbia/To-DoList/test.log', wd=1, mask=IN_MODIFY, cookie=0, name=test.log>
2021-08-03 16:38:05,638:DEBUG:in-event <InotifyEvent: src_path=b'/home/rabbia/To-DoList/test.log', wd=1, mask=IN_MODIFY, cookie=0, name=test.log>
2021-08-03 16:38:05,638:DEBUG:in-event <InotifyEvent: src_path=b'/home/rabbia/To-DoList/test.log', wd=1, mask=IN_MODIFY, cookie=0, name=test.log>
2021-08-03 16:38:05,639:DEBUG:in-event <InotifyEvent: src_path=b'/home/rabbia/To-DoList/test.log', wd=1, mask=IN_MODIFY, cookie=0, name=test.log>
2021-08-03 16:38:05,639:DEBUG:in-event <InotifyEvent: src_path=b'/home/rabbia/To-DoList/test.log', wd=1, mask=IN_MODIFY, cookie=0, name=test.log>
2021-08-03 16:38:05,639:DEBUG:in-event <InotifyEvent: src_path=b'/home/rabbia/To-DoList/test.log', wd=1, mask=IN_MODIFY, cookie=0, name=test.log>
2021-08-03 16:38:05,639:DEBUG:in-event <InotifyEvent: src_path=b'/home/rabbia/To-DoList/test.log', wd=1, mask=IN_MODIFY, cookie=0, name=test.log>
2021-08-03 16:38:05,639:DEBUG:in-event <InotifyEvent: src_path=b'/home/rabbia/To-DoList/test.log', wd=1, mask=IN_MODIFY, cookie=0, name=test.log>
2021-08-03 16:38:05,640:DEBUG:in-event <InotifyEvent: src_path=b'/home/rabbia/To-DoList/test.log', wd=1, mask=IN_MODIFY, cookie=0, name=test.log>
2021-08-03 16:38:05,640:DEBUG:in-event <InotifyEvent: src_path=b'/home/rabbia/To-DoList/test.log', wd=1, mask=IN_MODIFY, cookie=0, name=test.log>
2021-08-03 16:38:05,640:DEBUG:in-event <InotifyEvent: src_path=b'/home/rabbia/To-DoList/test.log', wd=1, mask=IN_MODIFY, cookie=0, name=test.log>
2021-08-03 16:38:05,640:DEBUG:in-event <InotifyEvent: src_path=b'/home/rabbia/To-DoList/test.log', wd=1, mask=IN_MODIFY, cookie=0, name=test.log>
2021-08-03 16:38:05,640:DEBUG:in-event <InotifyEvent: src_path=b'/home/rabbia/To-DoList/test.log', wd=1, mask=IN_MODIFY, cookie=0, name=test.log>
2021-08-03 16:38:05,641:DEBUG:in-event <InotifyEvent: src_path=b'/home/rabbia/To-DoList/test.log', wd=1, mask=IN_MODIFY, cookie=0, name=test.log>
2021-08-03 16:38:05,641:DEBUG:in-event <InotifyEvent: src_path=b'/home/rabbia/To-DoList/test.log', wd=1, mask=IN_MODIFY, cookie=0, name=test.log>
2021-08-03 16:38:05,641:DEBUG:in-event <InotifyEvent: src_path=b'/home/rabbia/To-DoList/test.log', wd=1, mask=IN_MODIFY, cookie=0, name=test.log>
2021-08-03 16:38:05,641:DEBUG:in-event <InotifyEvent: src_path=b'/home/rabbia/To-DoList/test.log', wd=1, mask=IN_MODIFY, cookie=0, name=test.log>
2021-08-03 16:38:05,642:DEBUG:in-event <InotifyEvent: src_path=b'/home/rabbia/To-DoList/test.log', wd=1, mask=IN_MODIFY, cookie=0, name=test.log>
2021-08-03 16:38:05,642:DEBUG:in-event <InotifyEvent: src_path=b'/home/rabbia/To-DoList/test.log', wd=1, mask=IN_MODIFY, cookie=0, name=test.log>
2021-08-03 16:38:05,642:DEBUG:in-event <InotifyEvent: src_path=b'/home/rabbia/To-DoList/test.log', wd=1, mask=IN_MODIFY, cookie=0, name=test.log>
2021-08-03 16:38:05,643:DEBUG:in-event <InotifyEvent: src_path=b'/home/rabbia/To-DoList/test.log', wd=1, mask=IN_MODIFY, cookie=0, name=test.log>
2021-08-03 16:38:05,643:DEBUG:in-event <InotifyEvent: src_path=b'/home/rabbia/To-DoList/test.log', wd=1, mask=IN_MODIFY, cookie=0, name=test.log>
2021-08-03 16:38:05,643:DEBUG:in-event <InotifyEvent: src_path=b'/home/rabbia/To-DoList/test.log', wd=1, mask=IN_MODIFY, cookie=0, name=test.log>
2021-08-03 16:38:05,644:DEBUG:in-event <InotifyEvent: src_path=b'/home/rabbia/To-DoList/test.log', wd=1, mask=IN_MODIFY, cookie=0, name=test.log>
2021-08-03 16:38:05,644:DEBUG:in-event <InotifyEvent: src_path=b'/home/rabbia/To-DoList/test.log', wd=1, mask=IN_MODIFY, cookie=0, name=test.log>
2021-08-03 16:38:05,644:DEBUG:in-event <InotifyEvent: src_path=b'/home/rabbia/To-DoList/test.log', wd=1, mask=IN_MODIFY, cookie=0, name=test.log>
2021-08-03 16:38:05,644:DEBUG:in-event <InotifyEvent: src_path=b'/home/rabbia/To-DoList/test.log', wd=1, mask=IN_MODIFY, cookie=0, name=test.log>
2021-08-03 16:38:05,645:DEBUG:in-event <InotifyEvent: src_path=b'/home/rabbia/To-DoList/test.log', wd=1, mask=IN_MODIFY, cookie=0, name=test.log>
2021-08-03 16:38:05,645:DEBUG:in-event <InotifyEvent: src_path=b'/home/rabbia/To-DoList/test.log', wd=1, mask=IN_MODIFY, cookie=0, name=test.log>
2021-08-03 16:38:05,645:DEBUG:in-event <InotifyEvent: src_path=b'/home/rabbia/To-DoList/test.log', wd=1, mask=IN_MODIFY, cookie=0, name=test.log>
2021-08-03 16:38:05,645:DEBUG:in-event <InotifyEvent: src_path=b'/home/rabbia/To-DoList/test.log', wd=1, mask=IN_MODIFY, cookie=0, name=test.log>
2021-08-03 16:38:05,645:DEBUG:in-event <InotifyEvent: src_path=b'/home/rabbia/To-DoList/test.log', wd=1, mask=IN_MODIFY, cookie=0, name=test.log>
2021-08-03 16:38:05,646:DEBUG:in-event <InotifyEvent: src_path=b'/home/rabbia/To-DoList/test.log', wd=1, mask=IN_MODIFY, cookie=0, name=test.log>
2021-08-03 16:38:05,646:DEBUG:in-event <InotifyEvent: src_path=b'/home/rabbia/To-DoList/test.log', wd=1, mask=IN_MODIFY, cookie=0, name=test.log>
2021-08-03 16:38:05,646:DEBUG:in-event <InotifyEvent: src_path=b'/home/rabbia/To-DoList/test.log', wd=1, mask=IN_MODIFY, cookie=0, name=test.log>
2021-08-03 16:38:05,646:DEBUG:in-event <InotifyEvent: src_path=b'/home/rabbia/To-DoList/test.log', wd=1, mask=IN_MODIFY, cookie=0, name=test.log>
2021-08-03 16:38:05,646:DEBUG:in-event <InotifyEvent: src_path=b'/home/rabbia/To-DoList/test.log', wd=1, mask=IN_MODIFY, cookie=0, name=test.log>
2021-08-03 16:38:05,646:DEBUG:in-event <InotifyEvent: src_path=b'/home/rabbia/To-DoList/test.log', wd=1, mask=IN_MODIFY, cookie=0, name=test.log>
2021-08-03 16:38:05,647:DEBUG:in-event <InotifyEvent: src_path=b'/home/rabbia/To-DoList/test.log', wd=1, mask=IN_MODIFY, cookie=0, name=test.log>
2021-08-03 16:38:05,647:DEBUG:in-event <InotifyEvent: src_path=b'/home/rabbia/To-DoList/test.log', wd=1, mask=IN_MODIFY, cookie=0, name=test.log>
2021-08-03 16:38:05,647:DEBUG:in-event <InotifyEvent: src_path=b'/home/rabbia/To-DoList/test.log', wd=1, mask=IN_MODIFY, cookie=0, name=test.log>
2021-08-03 16:38:05,647:DEBUG:in-event <InotifyEvent: src_path=b'/home/rabbia/To-DoList/test.log', wd=1, mask=IN_MODIFY, cookie=0, name=test.log>
2021-08-03 16:38:05,647:DEBUG:in-event <InotifyEvent: src_path=b'/home/rabbia/To-DoList/test.log', wd=1, mask=IN_MODIFY, cookie=0, name=test.log>
2021-08-03 16:38:05,648:DEBUG:in-event <InotifyEvent: src_path=b'/home/rabbia/To-DoList/test.log', wd=1, mask=IN_MODIFY, cookie=0, name=test.log>
2021-08-03 16:38:05,648:DEBUG:in-event <InotifyEvent: src_path=b'/home/rabbia/To-DoList/test.log', wd=1, mask=IN_MODIFY, cookie=0, name=test.log>
2021-08-03 16:38:05,648:DEBUG:in-event <InotifyEvent: src_path=b'/home/rabbia/To-DoList/test.log', wd=1, mask=IN_MODIFY, cookie=0, name=test.log>
2021-08-03 16:38:05,648:DEBUG:in-event <InotifyEvent: src_path=b'/home/rabbia/To-DoList/test.log', wd=1, mask=IN_MODIFY, cookie=0, name=test.log>
2021-08-03 16:38:05,648:DEBUG:in-event <InotifyEvent: src_path=b'/home/rabbia/To-DoList/test.log', wd=1, mask=IN_MODIFY, cookie=0, name=test.log>
2021-08-03 16:38:05,649:DEBUG:in-event <InotifyEvent: src_path=b'/home/rabbia/To-DoList/test.log', wd=1, mask=IN_MODIFY, cookie=0, name=test.log>
2021-08-03 16:38:05,649:DEBUG:in-event <InotifyEvent: src_path=b'/home/rabbia/To-DoList/test.log', wd=1, mask=IN_MODIFY, cookie=0, name=test.log>
2021-08-03 16:38:05,649:DEBUG:in-event <InotifyEvent: src_path=b'/home/rabbia/To-DoList/test.log', wd=1, mask=IN_MODIFY, cookie=0, name=test.log>
2021-08-03 16:38:05,649:DEBUG:in-event <InotifyEvent: src_path=b'/home/rabbia/To-DoList/test.log', wd=1, mask=IN_MODIFY, cookie=0, name=test.log>
2021-08-03 16:38:05,649:DEBUG:in-event <InotifyEvent: src_path=b'/home/rabbia/To-DoList/test.log', wd=1, mask=IN_MODIFY, cookie=0, name=test.log>
2021-08-03 16:38:05,650:DEBUG:in-event <InotifyEvent: src_path=b'/home/rabbia/To-DoList/test.log', wd=1, mask=IN_MODIFY, cookie=0, name=test.log>
2021-08-03 16:38:05,650:DEBUG:in-event <InotifyEvent: src_path=b'/home/rabbia/To-DoList/test.log', wd=1, mask=IN_MODIFY, cookie=0, name=test.log>
2021-08-03 16:38:05,650:DEBUG:in-event <InotifyEvent: src_path=b'/home/rabbia/To-DoList/test.log', wd=1, mask=IN_MODIFY, cookie=0, name=test.log>
2021-08-03 16:38:05,650:DEBUG:in-event <InotifyEvent: src_path=b'/home/rabbia/To-DoList/test.log', wd=1, mask=IN_MODIFY, cookie=0, name=test.log>
2021-08-03 16:38:05,650:DEBUG:in-event <InotifyEvent: src_path=b'/home/rabbia/To-DoList/test.log', wd=1, mask=IN_MODIFY, cookie=0, name=test.log>
2021-08-03 16:38:05,650:DEBUG:in-event <InotifyEvent: src_path=b'/home/rabbia/To-DoList/test.log', wd=1, mask=IN_MODIFY, cookie=0, name=test.log>
2021-08-03 16:38:05,651:DEBUG:in-event <InotifyEvent: src_path=b'/home/rabbia/To-DoList/test.log', wd=1, mask=IN_MODIFY, cookie=0, name=test.log>
2021-08-03 16:38:05,651:DEBUG:in-event <InotifyEvent: src_path=b'/home/rabbia/To-DoList/test.log', wd=1, mask=IN_MODIFY, cookie=0, name=test.log>
2021-08-03 16:38:05,651:DEBUG:in-event <InotifyEvent: src_path=b'/home/rabbia/To-DoList/test.log', wd=1, mask=IN_MODIFY, cookie=0, name=test.log>
2021-08-03 16:38:05,651:DEBUG:in-event <InotifyEvent: src_path=b'/home/rabbia/To-DoList/test.log', wd=1, mask=IN_MODIFY, cookie=0, name=test.log>
2021-08-03 16:38:05,652:DEBUG:in-event <InotifyEvent: src_path=b'/home/rabbia/To-DoList/test.log', wd=1, mask=IN_MODIFY, cookie=0, name=test.log>
2021-08-03 16:38:05,652:DEBUG:in-event <InotifyEvent: src_path=b'/home/rabbia/To-DoList/test.log', wd=1, mask=IN_MODIFY, cookie=0, name=test.log>
2021-08-03 16:38:05,652:DEBUG:in-event <InotifyEvent: src_path=b'/home/rabbia/To-DoList/test.log', wd=1, mask=IN_MODIFY, cookie=0, name=test.log>
2021-08-03 16:38:05,652:DEBUG:in-event <InotifyEvent: src_path=b'/home/rabbia/To-DoList/test.log', wd=1, mask=IN_MODIFY, cookie=0, name=test.log>
2021-08-03 16:38:05,653:DEBUG:in-event <InotifyEvent: src_path=b'/home/rabbia/To-DoList/test.log', wd=1, mask=IN_MODIFY, cookie=0, name=test.log>
2021-08-03 16:38:05,653:DEBUG:in-event <InotifyEvent: src_path=b'/home/rabbia/To-DoList/test.log', wd=1, mask=IN_MODIFY, cookie=0, name=test.log>
2021-08-03 16:38:05,653:DEBUG:in-event <InotifyEvent: src_path=b'/home/rabbia/To-DoList/test.log', wd=1, mask=IN_MODIFY, cookie=0, name=test.log>
2021-08-03 16:38:05,653:DEBUG:in-event <InotifyEvent: src_path=b'/home/rabbia/To-DoList/test.log', wd=1, mask=IN_MODIFY, cookie=0, name=test.log>
2021-08-03 16:38:05,654:DEBUG:in-event <InotifyEvent: src_path=b'/home/rabbia/To-DoList/test.log', wd=1, mask=IN_MODIFY, cookie=0, name=test.log>
2021-08-03 16:38:05,654:DEBUG:in-event <InotifyEvent: src_path=b'/home/rabbia/To-DoList/test.log', wd=1, mask=IN_MODIFY, cookie=0, name=test.log>
2021-08-03 16:38:05,654:DEBUG:in-event <InotifyEvent: src_path=b'/home/rabbia/To-DoList/test.log', wd=1, mask=IN_MODIFY, cookie=0, name=test.log>
2021-08-03 16:38:05,654:DEBUG:in-event <InotifyEvent: src_path=b'/home/rabbia/To-DoList/test.log', wd=1, mask=IN_MODIFY, cookie=0, name=test.log>
2021-08-03 16:38:05,655:DEBUG:in-event <InotifyEvent: src_path=b'/home/rabbia/To-DoList/test.log', wd=1, mask=IN_MODIFY, cookie=0, name=test.log>
2021-08-03 16:38:05,655:DEBUG:in-event <InotifyEvent: src_path=b'/home/rabbia/To-DoList/test.log', wd=1, mask=IN_MODIFY, cookie=0, name=test.log>
2021-08-03 16:38:05,655:DEBUG:in-event <InotifyEvent: src_path=b'/home/rabbia/To-DoList/test.log', wd=1, mask=IN_MODIFY, cookie=0, name=test.log>
2021-08-03 16:38:05,655:DEBUG:in-event <InotifyEvent: src_path=b'/home/rabbia/To-DoList/test.log', wd=1, mask=IN_MODIFY, cookie=0, name=test.log>
2021-08-03 16:38:05,655:DEBUG:in-event <InotifyEvent: src_path=b'/home/rabbia/To-DoList/test.log', wd=1, mask=IN_MODIFY, cookie=0, name=test.log>
2021-08-03 16:38:05,655:DEBUG:in-event <InotifyEvent: src_path=b'/home/rabbia/To-DoList/test.log', wd=1, mask=IN_MODIFY, cookie=0, name=test.log>
2021-08-03 16:38:05,656:DEBUG:in-event <InotifyEvent: src_path=b'/home/rabbia/To-DoList/test.log', wd=1, mask=IN_MODIFY, cookie=0, name=test.log>
2021-08-03 16:38:05,656:DEBUG:in-event <InotifyEvent: src_path=b'/home/rabbia/To-DoList/test.log', wd=1, mask=IN_MODIFY, cookie=0, name=test.log>
2021-08-03 16:38:05,656:DEBUG:in-event <InotifyEvent: src_path=b'/home/rabbia/To-DoList/test.log', wd=1, mask=IN_MODIFY, cookie=0, name=test.log>
2021-08-03 16:38:05,656:DEBUG:in-event <InotifyEvent: src_path=b'/home/rabbia/To-DoList/test.log', wd=1, mask=IN_MODIFY, cookie=0, name=test.log>
2021-08-03 16:38:05,657:DEBUG:in-event <InotifyEvent: src_path=b'/home/rabbia/To-DoList/test.log', wd=1, mask=IN_MODIFY, cookie=0, name=test.log>
2021-08-03 16:38:05,657:DEBUG:in-event <InotifyEvent: src_path=b'/home/rabbia/To-DoList/test.log', wd=1, mask=IN_MODIFY, cookie=0, name=test.log>
2021-08-03 16:38:05,657:DEBUG:in-event <InotifyEvent: src_path=b'/home/rabbia/To-DoList/test.log', wd=1, mask=IN_MODIFY, cookie=0, name=test.log>
2021-08-03 16:38:05,657:DEBUG:in-event <InotifyEvent: src_path=b'/home/rabbia/To-DoList/test.log', wd=1, mask=IN_MODIFY, cookie=0, name=test.log>
2021-08-03 16:38:05,658:DEBUG:in-event <InotifyEvent: src_path=b'/home/rabbia/To-DoList/test.log', wd=1, mask=IN_MODIFY, cookie=0, name=test.log>
2021-08-03 16:38:05,658:DEBUG:in-event <InotifyEvent: src_path=b'/home/rabbia/To-DoList/test.log', wd=1, mask=IN_MODIFY, cookie=0, name=test.log>
2021-08-03 16:38:05,658:DEBUG:in-event <InotifyEvent: src_path=b'/home/rabbia/To-DoList/test.log', wd=1, mask=IN_MODIFY, cookie=0, name=test.log>
2021-08-03 16:38:05,658:DEBUG:in-event <InotifyEvent: src_path=b'/home/rabbia/To-DoList/test.log', wd=1, mask=IN_MODIFY, cookie=0, name=test.log>
2021-08-03 16:38:05,659:DEBUG:in-event <InotifyEvent: src_path=b'/home/rabbia/To-DoList/test.log', wd=1, mask=IN_MODIFY, cookie=0, name=test.log>
2021-08-03 16:38:05,659:DEBUG:in-event <InotifyEvent: src_path=b'/home/rabbia/To-DoList/test.log', wd=1, mask=IN_MODIFY, cookie=0, name=test.log>
2021-08-03 16:38:05,659:DEBUG:in-event <InotifyEvent: src_path=b'/home/rabbia/To-DoList/test.log', wd=1, mask=IN_MODIFY, cookie=0, name=test.log>
2021-08-03 16:38:05,660:DEBUG:in-event <InotifyEvent: src_path=b'/home/rabbia/To-DoList/test.log', wd=1, mask=IN_MODIFY, cookie=0, name=test.log>
2021-08-03 16:38:05,660:DEBUG:in-event <InotifyEvent: src_path=b'/home/rabbia/To-DoList/test.log', wd=1, mask=IN_MODIFY, cookie=0, name=test.log>
2021-08-03 16:38:05,660:DEBUG:in-event <InotifyEvent: src_path=b'/home/rabbia/To-DoList/test.log', wd=1, mask=IN_MODIFY, cookie=0, name=test.log>
2021-08-03 16:38:05,660:DEBUG:in-event <InotifyEvent: src_path=b'/home/rabbia/To-DoList/test.log', wd=1, mask=IN_MODIFY, cookie=0, name=test.log>
2021-08-03 16:38:05,661:DEBUG:in-event <InotifyEvent: src_path=b'/home/rabbia/To-DoList/test.log', wd=1, mask=IN_MODIFY, cookie=0, name=test.log>
2021-08-03 16:38:05,661:DEBUG:in-event <InotifyEvent: src_path=b'/home/rabbia/To-DoList/test.log', wd=1, mask=IN_MODIFY, cookie=0, name=test.log>
2021-08-03 16:38:05,661:DEBUG:in-event <InotifyEvent: src_path=b'/home/rabbia/To-DoList/test.log', wd=1, mask=IN_MODIFY, cookie=0, name=test.log>
2021-08-03 16:38:05,661:DEBUG:in-event <InotifyEvent: src_path=b'/home/rabbia/To-DoList/test.log', wd=1, mask=IN_MODIFY, cookie=0, name=test.log>
2021-08-03 16:38:05,662:DEBUG:in-event <InotifyEvent: src_path=b'/home/rabbia/To-DoList/test.log', wd=1, mask=IN_MODIFY, cookie=0, name=test.log>
2021-08-03 16:38:05,662:DEBUG:in-event <InotifyEvent: src_path=b'/home/rabbia/To-DoList/test.log', wd=1, mask=IN_MODIFY, cookie=0, name=test.log>
2021-08-03 16:38:05,662:DEBUG:in-event <InotifyEvent: src_path=b'/home/rabbia/To-DoList/test.log', wd=1, mask=IN_MODIFY, cookie=0, name=test.log>
2021-08-03 16:38:05,662:DEBUG:in-event <InotifyEvent: src_path=b'/home/rabbia/To-DoList/test.log', wd=1, mask=IN_MODIFY, cookie=0, name=test.log>
2021-08-03 16:38:05,663:DEBUG:in-event <InotifyEvent: src_path=b'/home/rabbia/To-DoList/test.log', wd=1, mask=IN_MODIFY, cookie=0, name=test.log>
2021-08-03 16:38:05,663:DEBUG:in-event <InotifyEvent: src_path=b'/home/rabbia/To-DoList/test.log', wd=1, mask=IN_MODIFY, cookie=0, name=test.log>
2021-08-03 16:38:05,663:DEBUG:in-event <InotifyEvent: src_path=b'/home/rabbia/To-DoList/test.log', wd=1, mask=IN_MODIFY, cookie=0, name=test.log>
2021-08-03 16:38:05,663:DEBUG:in-event <InotifyEvent: src_path=b'/home/rabbia/To-DoList/test.log', wd=1, mask=IN_MODIFY, cookie=0, name=test.log>
2021-08-03 16:38:05,664:DEBUG:in-event <InotifyEvent: src_path=b'/home/rabbia/To-DoList/test.log', wd=1, mask=IN_MODIFY, cookie=0, name=test.log>
2021-08-03 16:38:05,664:DEBUG:in-event <InotifyEvent: src_path=b'/home/rabbia/To-DoList/test.log', wd=1, mask=IN_MODIFY, cookie=0, name=test.log>
2021-08-03 16:38:05,664:DEBUG:in-event <InotifyEvent: src_path=b'/home/rabbia/To-DoList/test.log', wd=1, mask=IN_MODIFY, cookie=0, name=test.log>
2021-08-03 16:38:05,664:DEBUG:in-event <InotifyEvent: src_path=b'/home/rabbia/To-DoList/test.log', wd=1, mask=IN_MODIFY, cookie=0, name=test.log>
2021-08-03 16:38:05,665:DEBUG:in-event <InotifyEvent: src_path=b'/home/rabbia/To-DoList/test.log', wd=1, mask=IN_MODIFY, cookie=0, name=test.log>
2021-08-03 16:38:05,665:DEBUG:in-event <InotifyEvent: src_path=b'/home/rabbia/To-DoList/test.log', wd=1, mask=IN_MODIFY, cookie=0, name=test.log>
2021-08-03 16:38:05,665:DEBUG:in-event <InotifyEvent: src_path=b'/home/rabbia/To-DoList/test.log', wd=1, mask=IN_MODIFY, cookie=0, name=test.log>
2021-08-03 16:38:05,665:DEBUG:in-event <InotifyEvent: src_path=b'/home/rabbia/To-DoList/test.log', wd=1, mask=IN_MODIFY, cookie=0, name=test.log>
2021-08-03 16:38:05,665:DEBUG:in-event <InotifyEvent: src_path=b'/home/rabbia/To-DoList/test.log', wd=1, mask=IN_MODIFY, cookie=0, name=test.log>
2021-08-03 16:38:05,666:DEBUG:in-event <InotifyEvent: src_path=b'/home/rabbia/To-DoList/test.log', wd=1, mask=IN_MODIFY, cookie=0, name=test.log>
2021-08-03 16:38:05,666:DEBUG:in-event <InotifyEvent: src_path=b'/home/rabbia/To-DoList/test.log', wd=1, mask=IN_MODIFY, cookie=0, name=test.log>
2021-08-03 16:38:05,666:DEBUG:in-event <InotifyEvent: src_path=b'/home/rabbia/To-DoList/test.log', wd=1, mask=IN_MODIFY, cookie=0, name=test.log>
2021-08-03 16:38:05,666:DEBUG:in-event <InotifyEvent: src_path=b'/home/rabbia/To-DoList/test.log', wd=1, mask=IN_MODIFY, cookie=0, name=test.log>
2021-08-03 16:38:05,667:DEBUG:in-event <InotifyEvent: src_path=b'/home/rabbia/To-DoList/test.log', wd=1, mask=IN_MODIFY, cookie=0, name=test.log>
2021-08-03 16:38:05,667:DEBUG:in-event <InotifyEvent: src_path=b'/home/rabbia/To-DoList/test.log', wd=1, mask=IN_MODIFY, cookie=0, name=test.log>
2021-08-03 16:38:05,667:DEBUG:in-event <InotifyEvent: src_path=b'/home/rabbia/To-DoList/test.log', wd=1, mask=IN_MODIFY, cookie=0, name=test.log>
2021-08-03 16:38:05,667:DEBUG:in-event <InotifyEvent: src_path=b'/home/rabbia/To-DoList/test.log', wd=1, mask=IN_MODIFY, cookie=0, name=test.log>
2021-08-03 16:38:05,668:DEBUG:in-event <InotifyEvent: src_path=b'/home/rabbia/To-DoList/test.log', wd=1, mask=IN_MODIFY, cookie=0, name=test.log>
2021-08-03 16:38:05,668:DEBUG:in-event <InotifyEvent: src_path=b'/home/rabbia/To-DoList/test.log', wd=1, mask=IN_MODIFY, cookie=0, name=test.log>
2021-08-03 16:38:05,668:DEBUG:in-event <InotifyEvent: src_path=b'/home/rabbia/To-DoList/test.log', wd=1, mask=IN_MODIFY, cookie=0, name=test.log>
2021-08-03 16:38:05,668:DEBUG:in-event <InotifyEvent: src_path=b'/home/rabbia/To-DoList/test.log', wd=1, mask=IN_MODIFY, cookie=0, name=test.log>
2021-08-03 16:38:05,669:DEBUG:in-event <InotifyEvent: src_path=b'/home/rabbia/To-DoList/test.log', wd=1, mask=IN_MODIFY, cookie=0, name=test.log>
2021-08-03 16:38:05,669:DEBUG:in-event <InotifyEvent: src_path=b'/home/rabbia/To-DoList/test.log', wd=1, mask=IN_MODIFY, cookie=0, name=test.log>
2021-08-03 16:38:05,669:DEBUG:in-event <InotifyEvent: src_path=b'/home/rabbia/To-DoList/test.log', wd=1, mask=IN_MODIFY, cookie=0, name=test.log>
2021-08-03 16:38:05,669:DEBUG:in-event <InotifyEvent: src_path=b'/home/rabbia/To-DoList/test.log', wd=1, mask=IN_MODIFY, cookie=0, name=test.log>
2021-08-03 16:38:05,670:DEBUG:in-event <InotifyEvent: src_path=b'/home/rabbia/To-DoList/test.log', wd=1, mask=IN_MODIFY, cookie=0, name=test.log>
2021-08-03 16:38:05,670:DEBUG:in-event <InotifyEvent: src_path=b'/home/rabbia/To-DoList/test.log', wd=1, mask=IN_MODIFY, cookie=0, name=test.log>
2021-08-03 16:38:05,670:DEBUG:in-event <InotifyEvent: src_path=b'/home/rabbia/To-DoList/test.log', wd=1, mask=IN_MODIFY, cookie=0, name=test.log>
2021-08-03 16:38:05,670:DEBUG:in-event <InotifyEvent: src_path=b'/home/rabbia/To-DoList/test.log', wd=1, mask=IN_MODIFY, cookie=0, name=test.log>
2021-08-03 16:38:05,670:DEBUG:in-event <InotifyEvent: src_path=b'/home/rabbia/To-DoList/test.log', wd=1, mask=IN_MODIFY, cookie=0, name=test.log>
2021-08-03 16:38:05,671:DEBUG:in-event <InotifyEvent: src_path=b'/home/rabbia/To-DoList/test.log', wd=1, mask=IN_MODIFY, cookie=0, name=test.log>
2021-08-03 16:38:05,671:DEBUG:in-event <InotifyEvent: src_path=b'/home/rabbia/To-DoList/test.log', wd=1, mask=IN_MODIFY, cookie=0, name=test.log>
2021-08-03 16:38:05,671:DEBUG:in-event <InotifyEvent: src_path=b'/home/rabbia/To-DoList/test.log', wd=1, mask=IN_MODIFY, cookie=0, name=test.log>
2021-08-03 16:38:05,671:DEBUG:in-event <InotifyEvent: src_path=b'/home/rabbia/To-DoList/test.log', wd=1, mask=IN_MODIFY, cookie=0, name=test.log>
2021-08-03 16:38:05,672:DEBUG:in-event <InotifyEvent: src_path=b'/home/rabbia/To-DoList/test.log', wd=1, mask=IN_MODIFY, cookie=0, name=test.log>
2021-08-03 16:38:05,672:DEBUG:in-event <InotifyEvent: src_path=b'/home/rabbia/To-DoList/test.log', wd=1, mask=IN_MODIFY, cookie=0, name=test.log>
2021-08-03 16:38:05,672:DEBUG:in-event <InotifyEvent: src_path=b'/home/rabbia/To-DoList/test.log', wd=1, mask=IN_MODIFY, cookie=0, name=test.log>
2021-08-03 16:38:05,672:DEBUG:in-event <InotifyEvent: src_path=b'/home/rabbia/To-DoList/test.log', wd=1, mask=IN_MODIFY, cookie=0, name=test.log>
2021-08-03 16:38:05,673:DEBUG:in-event <InotifyEvent: src_path=b'/home/rabbia/To-DoList/test.log', wd=1, mask=IN_MODIFY, cookie=0, name=test.log>
2021-08-03 16:38:05,673:DEBUG:in-event <InotifyEvent: src_path=b'/home/rabbia/To-DoList/test.log', wd=1, mask=IN_MODIFY, cookie=0, name=test.log>
2021-08-03 16:38:05,673:DEBUG:in-event <InotifyEvent: src_path=b'/home/rabbia/To-DoList/test.log', wd=1, mask=IN_MODIFY, cookie=0, name=test.log>
2021-08-03 16:38:05,673:DEBUG:in-event <InotifyEvent: src_path=b'/home/rabbia/To-DoList/test.log', wd=1, mask=IN_MODIFY, cookie=0, name=test.log>
2021-08-03 16:38:05,674:DEBUG:in-event <InotifyEvent: src_path=b'/home/rabbia/To-DoList/test.log', wd=1, mask=IN_MODIFY, cookie=0, name=test.log>
2021-08-03 16:38:05,674:DEBUG:in-event <InotifyEvent: src_path=b'/home/rabbia/To-DoList/test.log', wd=1, mask=IN_MODIFY, cookie=0, name=test.log>
2021-08-03 16:38:05,674:DEBUG:in-event <InotifyEvent: src_path=b'/home/rabbia/To-DoList/test.log', wd=1, mask=IN_MODIFY, cookie=0, name=test.log>
2021-08-03 16:38:05,675:DEBUG:in-event <InotifyEvent: src_path=b'/home/rabbia/To-DoList/test.log', wd=1, mask=IN_MODIFY, cookie=0, name=test.log>
2021-08-03 16:38:05,675:DEBUG:in-event <InotifyEvent: src_path=b'/home/rabbia/To-DoList/test.log', wd=1, mask=IN_MODIFY, cookie=0, name=test.log>
2021-08-03 16:38:05,675:DEBUG:in-event <InotifyEvent: src_path=b'/home/rabbia/To-DoList/test.log', wd=1, mask=IN_MODIFY, cookie=0, name=test.log>
2021-08-03 16:38:05,676:DEBUG:in-event <InotifyEvent: src_path=b'/home/rabbia/To-DoList/test.log', wd=1, mask=IN_MODIFY, cookie=0, name=test.log>
2021-08-03 16:38:05,676:DEBUG:in-event <InotifyEvent: src_path=b'/home/rabbia/To-DoList/test.log', wd=1, mask=IN_MODIFY, cookie=0, name=test.log>
2021-08-03 16:38:05,676:DEBUG:in-event <InotifyEvent: src_path=b'/home/rabbia/To-DoList/test.log', wd=1, mask=IN_MODIFY, cookie=0, name=test.log>
2021-08-03 16:38:05,676:DEBUG:in-event <InotifyEvent: src_path=b'/home/rabbia/To-DoList/test.log', wd=1, mask=IN_MODIFY, cookie=0, name=test.log>
2021-08-03 16:38:05,676:DEBUG:in-event <InotifyEvent: src_path=b'/home/rabbia/To-DoList/test.log', wd=1, mask=IN_MODIFY, cookie=0, name=test.log>
2021-08-03 16:38:05,677:DEBUG:in-event <InotifyEvent: src_path=b'/home/rabbia/To-DoList/test.log', wd=1, mask=IN_MODIFY, cookie=0, name=test.log>
2021-08-03 16:38:05,677:DEBUG:in-event <InotifyEvent: src_path=b'/home/rabbia/To-DoList/test.log', wd=1, mask=IN_MODIFY, cookie=0, name=test.log>
2021-08-03 16:38:05,677:DEBUG:in-event <InotifyEvent: src_path=b'/home/rabbia/To-DoList/test.log', wd=1, mask=IN_MODIFY, cookie=0, name=test.log>
2021-08-03 16:38:05,677:DEBUG:in-event <InotifyEvent: src_path=b'/home/rabbia/To-DoList/test.log', wd=1, mask=IN_MODIFY, cookie=0, name=test.log>
2021-08-03 16:38:05,677:DEBUG:in-event <InotifyEvent: src_path=b'/home/rabbia/To-DoList/test.log', wd=1, mask=IN_MODIFY, cookie=0, name=test.log>
2021-08-03 16:38:05,678:DEBUG:in-event <InotifyEvent: src_path=b'/home/rabbia/To-DoList/test.log', wd=1, mask=IN_MODIFY, cookie=0, name=test.log>
2021-08-03 16:38:05,678:DEBUG:in-event <InotifyEvent: src_path=b'/home/rabbia/To-DoList/test.log', wd=1, mask=IN_MODIFY, cookie=0, name=test.log>
2021-08-03 16:38:05,678:DEBUG:in-event <InotifyEvent: src_path=b'/home/rabbia/To-DoList/test.log', wd=1, mask=IN_MODIFY, cookie=0, name=test.log>
2021-08-03 16:38:05,678:DEBUG:in-event <InotifyEvent: src_path=b'/home/rabbia/To-DoList/test.log', wd=1, mask=IN_MODIFY, cookie=0, name=test.log>
2021-08-03 16:38:05,678:DEBUG:in-event <InotifyEvent: src_path=b'/home/rabbia/To-DoList/test.log', wd=1, mask=IN_MODIFY, cookie=0, name=test.log>
2021-08-03 16:38:05,679:DEBUG:in-event <InotifyEvent: src_path=b'/home/rabbia/To-DoList/test.log', wd=1, mask=IN_MODIFY, cookie=0, name=test.log>
2021-08-03 16:38:05,679:DEBUG:in-event <InotifyEvent: src_path=b'/home/rabbia/To-DoList/test.log', wd=1, mask=IN_MODIFY, cookie=0, name=test.log>
2021-08-03 16:38:05,679:DEBUG:in-event <InotifyEvent: src_path=b'/home/rabbia/To-DoList/test.log', wd=1, mask=IN_MODIFY, cookie=0, name=test.log>
2021-08-03 16:38:05,679:DEBUG:in-event <InotifyEvent: src_path=b'/home/rabbia/To-DoList/test.log', wd=1, mask=IN_MODIFY, cookie=0, name=test.log>
2021-08-03 16:38:05,679:DEBUG:in-event <InotifyEvent: src_path=b'/home/rabbia/To-DoList/test.log', wd=1, mask=IN_MODIFY, cookie=0, name=test.log>
2021-08-03 16:38:05,680:DEBUG:in-event <InotifyEvent: src_path=b'/home/rabbia/To-DoList/test.log', wd=1, mask=IN_MODIFY, cookie=0, name=test.log>
2021-08-03 16:38:05,680:DEBUG:in-event <InotifyEvent: src_path=b'/home/rabbia/To-DoList/test.log', wd=1, mask=IN_MODIFY, cookie=0, name=test.log>
2021-08-03 16:38:05,680:DEBUG:in-event <InotifyEvent: src_path=b'/home/rabbia/To-DoList/test.log', wd=1, mask=IN_MODIFY, cookie=0, name=test.log>
2021-08-03 16:38:05,680:DEBUG:in-event <InotifyEvent: src_path=b'/home/rabbia/To-DoList/test.log', wd=1, mask=IN_MODIFY, cookie=0, name=test.log>
2021-08-03 16:38:05,680:DEBUG:in-event <InotifyEvent: src_path=b'/home/rabbia/To-DoList/test.log', wd=1, mask=IN_MODIFY, cookie=0, name=test.log>
2021-08-03 16:38:05,680:DEBUG:in-event <InotifyEvent: src_path=b'/home/rabbia/To-DoList/test.log', wd=1, mask=IN_MODIFY, cookie=0, name=test.log>
2021-08-03 16:38:05,681:DEBUG:in-event <InotifyEvent: src_path=b'/home/rabbia/To-DoList/test.log', wd=1, mask=IN_MODIFY, cookie=0, name=test.log>
2021-08-03 16:38:05,681:DEBUG:in-event <InotifyEvent: src_path=b'/home/rabbia/To-DoList/test.log', wd=1, mask=IN_MODIFY, cookie=0, name=test.log>
2021-08-03 16:38:05,681:DEBUG:in-event <InotifyEvent: src_path=b'/home/rabbia/To-DoList/test.log', wd=1, mask=IN_MODIFY, cookie=0, name=test.log>
2021-08-03 16:38:05,681:DEBUG:in-event <InotifyEvent: src_path=b'/home/rabbia/To-DoList/test.log', wd=1, mask=IN_MODIFY, cookie=0, name=test.log>
2021-08-03 16:38:05,681:DEBUG:in-event <InotifyEvent: src_path=b'/home/rabbia/To-DoList/test.log', wd=1, mask=IN_MODIFY, cookie=0, name=test.log>
2021-08-03 16:38:05,682:DEBUG:in-event <InotifyEvent: src_path=b'/home/rabbia/To-DoList/test.log', wd=1, mask=IN_MODIFY, cookie=0, name=test.log>
2021-08-03 16:38:05,682:DEBUG:in-event <InotifyEvent: src_path=b'/home/rabbia/To-DoList/test.log', wd=1, mask=IN_MODIFY, cookie=0, name=test.log>
2021-08-03 16:38:05,682:DEBUG:in-event <InotifyEvent: src_path=b'/home/rabbia/To-DoList/test.log', wd=1, mask=IN_MODIFY, cookie=0, name=test.log>
2021-08-03 16:38:05,682:DEBUG:in-event <InotifyEvent: src_path=b'/home/rabbia/To-DoList/test.log', wd=1, mask=IN_MODIFY, cookie=0, name=test.log>
2021-08-03 16:38:05,682:DEBUG:in-event <InotifyEvent: src_path=b'/home/rabbia/To-DoList/test.log', wd=1, mask=IN_MODIFY, cookie=0, name=test.log>
2021-08-03 16:38:05,683:DEBUG:in-event <InotifyEvent: src_path=b'/home/rabbia/To-DoList/test.log', wd=1, mask=IN_MODIFY, cookie=0, name=test.log>
2021-08-03 16:38:05,683:DEBUG:in-event <InotifyEvent: src_path=b'/home/rabbia/To-DoList/test.log', wd=1, mask=IN_MODIFY, cookie=0, name=test.log>
2021-08-03 16:38:05,683:DEBUG:in-event <InotifyEvent: src_path=b'/home/rabbia/To-DoList/test.log', wd=1, mask=IN_MODIFY, cookie=0, name=test.log>
2021-08-03 16:38:05,683:DEBUG:in-event <InotifyEvent: src_path=b'/home/rabbia/To-DoList/test.log', wd=1, mask=IN_MODIFY, cookie=0, name=test.log>
2021-08-03 16:38:05,683:DEBUG:in-event <InotifyEvent: src_path=b'/home/rabbia/To-DoList/test.log', wd=1, mask=IN_MODIFY, cookie=0, name=test.log>
2021-08-03 16:38:05,683:DEBUG:in-event <InotifyEvent: src_path=b'/home/rabbia/To-DoList/test.log', wd=1, mask=IN_MODIFY, cookie=0, name=test.log>
2021-08-03 16:38:05,683:DEBUG:in-event <InotifyEvent: src_path=b'/home/rabbia/To-DoList/test.log', wd=1, mask=IN_MODIFY, cookie=0, name=test.log>
2021-08-03 16:38:05,683:DEBUG:in-event <InotifyEvent: src_path=b'/home/rabbia/To-DoList/test.log', wd=1, mask=IN_MODIFY, cookie=0, name=test.log>
2021-08-03 16:38:05,684:DEBUG:in-event <InotifyEvent: src_path=b'/home/rabbia/To-DoList/test.log', wd=1, mask=IN_MODIFY, cookie=0, name=test.log>
2021-08-03 16:38:05,684:DEBUG:in-event <InotifyEvent: src_path=b'/home/rabbia/To-DoList/test.log', wd=1, mask=IN_MODIFY, cookie=0, name=test.log>
2021-08-03 16:38:05,684:DEBUG:in-event <InotifyEvent: src_path=b'/home/rabbia/To-DoList/test.log', wd=1, mask=IN_MODIFY, cookie=0, name=test.log>
2021-08-03 16:38:05,684:DEBUG:in-event <InotifyEvent: src_path=b'/home/rabbia/To-DoList/test.log', wd=1, mask=IN_MODIFY, cookie=0, name=test.log>
2021-08-03 16:38:05,684:DEBUG:in-event <InotifyEvent: src_path=b'/home/rabbia/To-DoList/test.log', wd=1, mask=IN_MODIFY, cookie=0, name=test.log>
2021-08-03 16:38:05,684:DEBUG:in-event <InotifyEvent: src_path=b'/home/rabbia/To-DoList/test.log', wd=1, mask=IN_MODIFY, cookie=0, name=test.log>
2021-08-03 16:38:05,685:DEBUG:in-event <InotifyEvent: src_path=b'/home/rabbia/To-DoList/test.log', wd=1, mask=IN_MODIFY, cookie=0, name=test.log>
2021-08-03 16:38:05,685:DEBUG:in-event <InotifyEvent: src_path=b'/home/rabbia/To-DoList/test.log', wd=1, mask=IN_MODIFY, cookie=0, name=test.log>
2021-08-03 16:38:05,685:DEBUG:in-event <InotifyEvent: src_path=b'/home/rabbia/To-DoList/test.log', wd=1, mask=IN_MODIFY, cookie=0, name=test.log>
2021-08-03 16:38:05,685:DEBUG:in-event <InotifyEvent: src_path=b'/home/rabbia/To-DoList/test.log', wd=1, mask=IN_MODIFY, cookie=0, name=test.log>
2021-08-03 16:38:05,685:DEBUG:in-event <InotifyEvent: src_path=b'/home/rabbia/To-DoList/test.log', wd=1, mask=IN_MODIFY, cookie=0, name=test.log>
2021-08-03 16:38:05,685:DEBUG:in-event <InotifyEvent: src_path=b'/home/rabbia/To-DoList/test.log', wd=1, mask=IN_MODIFY, cookie=0, name=test.log>
2021-08-03 16:38:05,685:DEBUG:in-event <InotifyEvent: src_path=b'/home/rabbia/To-DoList/test.log', wd=1, mask=IN_MODIFY, cookie=0, name=test.log>
2021-08-03 16:38:05,686:DEBUG:in-event <InotifyEvent: src_path=b'/home/rabbia/To-DoList/test.log', wd=1, mask=IN_MODIFY, cookie=0, name=test.log>
2021-08-03 16:38:05,686:DEBUG:in-event <InotifyEvent: src_path=b'/home/rabbia/To-DoList/test.log', wd=1, mask=IN_MODIFY, cookie=0, name=test.log>
2021-08-03 16:38:05,686:DEBUG:in-event <InotifyEvent: src_path=b'/home/rabbia/To-DoList/test.log', wd=1, mask=IN_MODIFY, cookie=0, name=test.log>
2021-08-03 16:38:05,686:DEBUG:in-event <InotifyEvent: src_path=b'/home/rabbia/To-DoList/test.log', wd=1, mask=IN_MODIFY, cookie=0, name=test.log>
2021-08-03 16:38:05,686:DEBUG:in-event <InotifyEvent: src_path=b'/home/rabbia/To-DoList/test.log', wd=1, mask=IN_MODIFY, cookie=0, name=test.log>
2021-08-03 16:38:05,686:DEBUG:in-event <InotifyEvent: src_path=b'/home/rabbia/To-DoList/test.log', wd=1, mask=IN_MODIFY, cookie=0, name=test.log>
2021-08-03 16:38:05,686:DEBUG:in-event <InotifyEvent: src_path=b'/home/rabbia/To-DoList/test.log', wd=1, mask=IN_MODIFY, cookie=0, name=test.log>
2021-08-03 16:38:05,687:DEBUG:in-event <InotifyEvent: src_path=b'/home/rabbia/To-DoList/test.log', wd=1, mask=IN_MODIFY, cookie=0, name=test.log>
2021-08-03 16:38:05,687:DEBUG:in-event <InotifyEvent: src_path=b'/home/rabbia/To-DoList/test.log', wd=1, mask=IN_MODIFY, cookie=0, name=test.log>
2021-08-03 16:38:05,687:DEBUG:in-event <InotifyEvent: src_path=b'/home/rabbia/To-DoList/test.log', wd=1, mask=IN_MODIFY, cookie=0, name=test.log>
2021-08-03 16:38:05,687:DEBUG:in-event <InotifyEvent: src_path=b'/home/rabbia/To-DoList/test.log', wd=1, mask=IN_MODIFY, cookie=0, name=test.log>
2021-08-03 16:38:05,687:DEBUG:in-event <InotifyEvent: src_path=b'/home/rabbia/To-DoList/test.log', wd=1, mask=IN_MODIFY, cookie=0, name=test.log>
2021-08-03 16:38:05,687:DEBUG:in-event <InotifyEvent: src_path=b'/home/rabbia/To-DoList/test.log', wd=1, mask=IN_MODIFY, cookie=0, name=test.log>
2021-08-03 16:38:05,688:DEBUG:in-event <InotifyEvent: src_path=b'/home/rabbia/To-DoList/test.log', wd=1, mask=IN_MODIFY, cookie=0, name=test.log>
2021-08-03 16:38:05,688:DEBUG:in-event <InotifyEvent: src_path=b'/home/rabbia/To-DoList/test.log', wd=1, mask=IN_MODIFY, cookie=0, name=test.log>
2021-08-03 16:38:05,688:DEBUG:in-event <InotifyEvent: src_path=b'/home/rabbia/To-DoList/test.log', wd=1, mask=IN_MODIFY, cookie=0, name=test.log>
2021-08-03 16:38:05,688:DEBUG:in-event <InotifyEvent: src_path=b'/home/rabbia/To-DoList/test.log', wd=1, mask=IN_MODIFY, cookie=0, name=test.log>
2021-08-03 16:38:05,688:DEBUG:in-event <InotifyEvent: src_path=b'/home/rabbia/To-DoList/test.log', wd=1, mask=IN_MODIFY, cookie=0, name=test.log>
2021-08-03 16:38:05,689:DEBUG:in-event <InotifyEvent: src_path=b'/home/rabbia/To-DoList/test.log', wd=1, mask=IN_MODIFY, cookie=0, name=test.log>
2021-08-03 16:38:05,689:DEBUG:in-event <InotifyEvent: src_path=b'/home/rabbia/To-DoList/test.log', wd=1, mask=IN_MODIFY, cookie=0, name=test.log>
2021-08-03 16:38:05,690:DEBUG:in-event <InotifyEvent: src_path=b'/home/rabbia/To-DoList/test.log', wd=1, mask=IN_MODIFY, cookie=0, name=test.log>
2021-08-03 16:38:05,690:DEBUG:in-event <InotifyEvent: src_path=b'/home/rabbia/To-DoList/test.log', wd=1, mask=IN_MODIFY, cookie=0, name=test.log>
2021-08-03 16:38:05,690:DEBUG:in-event <InotifyEvent: src_path=b'/home/rabbia/To-DoList/test.log', wd=1, mask=IN_MODIFY, cookie=0, name=test.log>
2021-08-03 16:38:05,690:DEBUG:in-event <InotifyEvent: src_path=b'/home/rabbia/To-DoList/test.log', wd=1, mask=IN_MODIFY, cookie=0, name=test.log>
2021-08-03 16:38:05,690:DEBUG:in-event <InotifyEvent: src_path=b'/home/rabbia/To-DoList/test.log', wd=1, mask=IN_MODIFY, cookie=0, name=test.log>
2021-08-03 16:38:05,691:DEBUG:in-event <InotifyEvent: src_path=b'/home/rabbia/To-DoList/test.log', wd=1, mask=IN_MODIFY, cookie=0, name=test.log>
2021-08-03 16:38:05,691:DEBUG:in-event <InotifyEvent: src_path=b'/home/rabbia/To-DoList/test.log', wd=1, mask=IN_MODIFY, cookie=0, name=test.log>
2021-08-03 16:38:05,691:DEBUG:in-event <InotifyEvent: src_path=b'/home/rabbia/To-DoList/test.log', wd=1, mask=IN_MODIFY, cookie=0, name=test.log>
2021-08-03 16:38:05,692:DEBUG:in-event <InotifyEvent: src_path=b'/home/rabbia/To-DoList/test.log', wd=1, mask=IN_MODIFY, cookie=0, name=test.log>
2021-08-03 16:38:05,692:DEBUG:in-event <InotifyEvent: src_path=b'/home/rabbia/To-DoList/test.log', wd=1, mask=IN_MODIFY, cookie=0, name=test.log>
2021-08-03 16:38:05,692:DEBUG:in-event <InotifyEvent: src_path=b'/home/rabbia/To-DoList/test.log', wd=1, mask=IN_MODIFY, cookie=0, name=test.log>
2021-08-03 16:38:05,692:DEBUG:in-event <InotifyEvent: src_path=b'/home/rabbia/To-DoList/test.log', wd=1, mask=IN_MODIFY, cookie=0, name=test.log>
2021-08-03 16:38:05,692:DEBUG:in-event <InotifyEvent: src_path=b'/home/rabbia/To-DoList/test.log', wd=1, mask=IN_MODIFY, cookie=0, name=test.log>
2021-08-03 16:38:05,693:DEBUG:in-event <InotifyEvent: src_path=b'/home/rabbia/To-DoList/test.log', wd=1, mask=IN_MODIFY, cookie=0, name=test.log>
2021-08-03 16:38:05,693:DEBUG:in-event <InotifyEvent: src_path=b'/home/rabbia/To-DoList/test.log', wd=1, mask=IN_MODIFY, cookie=0, name=test.log>
2021-08-03 16:38:05,693:DEBUG:in-event <InotifyEvent: src_path=b'/home/rabbia/To-DoList/test.log', wd=1, mask=IN_MODIFY, cookie=0, name=test.log>
2021-08-03 16:38:05,693:DEBUG:in-event <InotifyEvent: src_path=b'/home/rabbia/To-DoList/test.log', wd=1, mask=IN_MODIFY, cookie=0, name=test.log>
2021-08-03 16:38:05,693:DEBUG:in-event <InotifyEvent: src_path=b'/home/rabbia/To-DoList/test.log', wd=1, mask=IN_MODIFY, cookie=0, name=test.log>
2021-08-03 16:38:05,693:DEBUG:in-event <InotifyEvent: src_path=b'/home/rabbia/To-DoList/test.log', wd=1, mask=IN_MODIFY, cookie=0, name=test.log>
2021-08-03 16:38:05,694:DEBUG:in-event <InotifyEvent: src_path=b'/home/rabbia/To-DoList/test.log', wd=1, mask=IN_MODIFY, cookie=0, name=test.log>
2021-08-03 16:38:05,694:DEBUG:in-event <InotifyEvent: src_path=b'/home/rabbia/To-DoList/test.log', wd=1, mask=IN_MODIFY, cookie=0, name=test.log>
2021-08-03 16:38:05,694:DEBUG:in-event <InotifyEvent: src_path=b'/home/rabbia/To-DoList/test.log', wd=1, mask=IN_MODIFY, cookie=0, name=test.log>
2021-08-03 16:38:05,694:DEBUG:in-event <InotifyEvent: src_path=b'/home/rabbia/To-DoList/test.log', wd=1, mask=IN_MODIFY, cookie=0, name=test.log>
2021-08-03 16:38:05,694:DEBUG:in-event <InotifyEvent: src_path=b'/home/rabbia/To-DoList/test.log', wd=1, mask=IN_MODIFY, cookie=0, name=test.log>
2021-08-03 16:38:05,695:DEBUG:in-event <InotifyEvent: src_path=b'/home/rabbia/To-DoList/test.log', wd=1, mask=IN_MODIFY, cookie=0, name=test.log>
2021-08-03 16:38:05,695:DEBUG:in-event <InotifyEvent: src_path=b'/home/rabbia/To-DoList/test.log', wd=1, mask=IN_MODIFY, cookie=0, name=test.log>
2021-08-03 16:38:05,695:DEBUG:in-event <InotifyEvent: src_path=b'/home/rabbia/To-DoList/test.log', wd=1, mask=IN_MODIFY, cookie=0, name=test.log>
2021-08-03 16:38:05,695:DEBUG:in-event <InotifyEvent: src_path=b'/home/rabbia/To-DoList/test.log', wd=1, mask=IN_MODIFY, cookie=0, name=test.log>
2021-08-03 16:38:05,696:DEBUG:in-event <InotifyEvent: src_path=b'/home/rabbia/To-DoList/test.log', wd=1, mask=IN_MODIFY, cookie=0, name=test.log>
2021-08-03 16:38:05,696:DEBUG:in-event <InotifyEvent: src_path=b'/home/rabbia/To-DoList/test.log', wd=1, mask=IN_MODIFY, cookie=0, name=test.log>
2021-08-03 16:38:05,696:DEBUG:in-event <InotifyEvent: src_path=b'/home/rabbia/To-DoList/test.log', wd=1, mask=IN_MODIFY, cookie=0, name=test.log>
2021-08-03 16:38:05,696:DEBUG:in-event <InotifyEvent: src_path=b'/home/rabbia/To-DoList/test.log', wd=1, mask=IN_MODIFY, cookie=0, name=test.log>
2021-08-03 16:38:05,696:DEBUG:in-event <InotifyEvent: src_path=b'/home/rabbia/To-DoList/test.log', wd=1, mask=IN_MODIFY, cookie=0, name=test.log>
2021-08-03 16:38:05,697:DEBUG:in-event <InotifyEvent: src_path=b'/home/rabbia/To-DoList/test.log', wd=1, mask=IN_MODIFY, cookie=0, name=test.log>
2021-08-03 16:38:05,697:DEBUG:in-event <InotifyEvent: src_path=b'/home/rabbia/To-DoList/test.log', wd=1, mask=IN_MODIFY, cookie=0, name=test.log>
2021-08-03 16:38:05,697:DEBUG:in-event <InotifyEvent: src_path=b'/home/rabbia/To-DoList/test.log', wd=1, mask=IN_MODIFY, cookie=0, name=test.log>
2021-08-03 16:38:05,697:DEBUG:in-event <InotifyEvent: src_path=b'/home/rabbia/To-DoList/test.log', wd=1, mask=IN_MODIFY, cookie=0, name=test.log>
2021-08-03 16:38:05,697:DEBUG:in-event <InotifyEvent: src_path=b'/home/rabbia/To-DoList/test.log', wd=1, mask=IN_MODIFY, cookie=0, name=test.log>
2021-08-03 16:38:05,698:DEBUG:in-event <InotifyEvent: src_path=b'/home/rabbia/To-DoList/test.log', wd=1, mask=IN_MODIFY, cookie=0, name=test.log>
2021-08-03 16:38:05,698:DEBUG:in-event <InotifyEvent: src_path=b'/home/rabbia/To-DoList/test.log', wd=1, mask=IN_MODIFY, cookie=0, name=test.log>
2021-08-03 16:38:05,698:DEBUG:in-event <InotifyEvent: src_path=b'/home/rabbia/To-DoList/test.log', wd=1, mask=IN_MODIFY, cookie=0, name=test.log>
2021-08-03 16:38:05,698:DEBUG:in-event <InotifyEvent: src_path=b'/home/rabbia/To-DoList/test.log', wd=1, mask=IN_MODIFY, cookie=0, name=test.log>
2021-08-03 16:38:05,698:DEBUG:in-event <InotifyEvent: src_path=b'/home/rabbia/To-DoList/test.log', wd=1, mask=IN_MODIFY, cookie=0, name=test.log>
2021-08-03 16:38:05,699:DEBUG:in-event <InotifyEvent: src_path=b'/home/rabbia/To-DoList/test.log', wd=1, mask=IN_MODIFY, cookie=0, name=test.log>
2021-08-03 16:38:05,699:DEBUG:in-event <InotifyEvent: src_path=b'/home/rabbia/To-DoList/test.log', wd=1, mask=IN_MODIFY, cookie=0, name=test.log>
2021-08-03 16:38:05,699:DEBUG:in-event <InotifyEvent: src_path=b'/home/rabbia/To-DoList/test.log', wd=1, mask=IN_MODIFY, cookie=0, name=test.log>
2021-08-03 16:38:05,699:DEBUG:in-event <InotifyEvent: src_path=b'/home/rabbia/To-DoList/test.log', wd=1, mask=IN_MODIFY, cookie=0, name=test.log>
2021-08-03 16:38:05,699:DEBUG:in-event <InotifyEvent: src_path=b'/home/rabbia/To-DoList/test.log', wd=1, mask=IN_MODIFY, cookie=0, name=test.log>
2021-08-03 16:38:05,700:DEBUG:in-event <InotifyEvent: src_path=b'/home/rabbia/To-DoList/test.log', wd=1, mask=IN_MODIFY, cookie=0, name=test.log>
2021-08-03 16:38:05,700:DEBUG:in-event <InotifyEvent: src_path=b'/home/rabbia/To-DoList/test.log', wd=1, mask=IN_MODIFY, cookie=0, name=test.log>
2021-08-03 16:38:05,700:DEBUG:in-event <InotifyEvent: src_path=b'/home/rabbia/To-DoList/test.log', wd=1, mask=IN_MODIFY, cookie=0, name=test.log>
2021-08-03 16:38:05,700:DEBUG:in-event <InotifyEvent: src_path=b'/home/rabbia/To-DoList/test.log', wd=1, mask=IN_MODIFY, cookie=0, name=test.log>
2021-08-03 16:38:05,700:DEBUG:in-event <InotifyEvent: src_path=b'/home/rabbia/To-DoList/test.log', wd=1, mask=IN_MODIFY, cookie=0, name=test.log>
2021-08-03 16:38:05,701:DEBUG:in-event <InotifyEvent: src_path=b'/home/rabbia/To-DoList/test.log', wd=1, mask=IN_MODIFY, cookie=0, name=test.log>
2021-08-03 16:38:05,701:DEBUG:in-event <InotifyEvent: src_path=b'/home/rabbia/To-DoList/test.log', wd=1, mask=IN_MODIFY, cookie=0, name=test.log>
2021-08-03 16:38:05,701:DEBUG:in-event <InotifyEvent: src_path=b'/home/rabbia/To-DoList/test.log', wd=1, mask=IN_MODIFY, cookie=0, name=test.log>
2021-08-03 16:38:05,701:DEBUG:in-event <InotifyEvent: src_path=b'/home/rabbia/To-DoList/test.log', wd=1, mask=IN_MODIFY, cookie=0, name=test.log>
2021-08-03 16:38:05,701:DEBUG:in-event <InotifyEvent: src_path=b'/home/rabbia/To-DoList/test.log', wd=1, mask=IN_MODIFY, cookie=0, name=test.log>
2021-08-03 16:38:05,702:DEBUG:in-event <InotifyEvent: src_path=b'/home/rabbia/To-DoList/test.log', wd=1, mask=IN_MODIFY, cookie=0, name=test.log>
2021-08-03 16:38:05,702:DEBUG:in-event <InotifyEvent: src_path=b'/home/rabbia/To-DoList/test.log', wd=1, mask=IN_MODIFY, cookie=0, name=test.log>
2021-08-03 16:38:05,702:DEBUG:in-event <InotifyEvent: src_path=b'/home/rabbia/To-DoList/test.log', wd=1, mask=IN_MODIFY, cookie=0, name=test.log>
2021-08-03 16:38:05,702:DEBUG:in-event <InotifyEvent: src_path=b'/home/rabbia/To-DoList/test.log', wd=1, mask=IN_MODIFY, cookie=0, name=test.log>
2021-08-03 16:38:05,702:DEBUG:in-event <InotifyEvent: src_path=b'/home/rabbia/To-DoList/test.log', wd=1, mask=IN_MODIFY, cookie=0, name=test.log>
2021-08-03 16:38:05,703:DEBUG:in-event <InotifyEvent: src_path=b'/home/rabbia/To-DoList/test.log', wd=1, mask=IN_MODIFY, cookie=0, name=test.log>
2021-08-03 16:38:05,703:DEBUG:in-event <InotifyEvent: src_path=b'/home/rabbia/To-DoList/test.log', wd=1, mask=IN_MODIFY, cookie=0, name=test.log>
2021-08-03 16:38:05,703:DEBUG:in-event <InotifyEvent: src_path=b'/home/rabbia/To-DoList/test.log', wd=1, mask=IN_MODIFY, cookie=0, name=test.log>
2021-08-03 16:38:05,703:DEBUG:in-event <InotifyEvent: src_path=b'/home/rabbia/To-DoList/test.log', wd=1, mask=IN_MODIFY, cookie=0, name=test.log>
2021-08-03 16:38:05,704:DEBUG:in-event <InotifyEvent: src_path=b'/home/rabbia/To-DoList/test.log', wd=1, mask=IN_MODIFY, cookie=0, name=test.log>
2021-08-03 16:38:05,704:DEBUG:in-event <InotifyEvent: src_path=b'/home/rabbia/To-DoList/test.log', wd=1, mask=IN_MODIFY, cookie=0, name=test.log>
2021-08-03 16:38:05,704:DEBUG:in-event <InotifyEvent: src_path=b'/home/rabbia/To-DoList/test.log', wd=1, mask=IN_MODIFY, cookie=0, name=test.log>
2021-08-03 16:38:05,704:DEBUG:in-event <InotifyEvent: src_path=b'/home/rabbia/To-DoList/test.log', wd=1, mask=IN_MODIFY, cookie=0, name=test.log>
2021-08-03 16:38:05,704:DEBUG:in-event <InotifyEvent: src_path=b'/home/rabbia/To-DoList/test.log', wd=1, mask=IN_MODIFY, cookie=0, name=test.log>
2021-08-03 16:38:05,705:DEBUG:in-event <InotifyEvent: src_path=b'/home/rabbia/To-DoList/test.log', wd=1, mask=IN_MODIFY, cookie=0, name=test.log>
2021-08-03 16:38:05,705:DEBUG:in-event <InotifyEvent: src_path=b'/home/rabbia/To-DoList/test.log', wd=1, mask=IN_MODIFY, cookie=0, name=test.log>
2021-08-03 16:38:05,705:DEBUG:in-event <InotifyEvent: src_path=b'/home/rabbia/To-DoList/test.log', wd=1, mask=IN_MODIFY, cookie=0, name=test.log>
2021-08-03 16:38:05,706:DEBUG:in-event <InotifyEvent: src_path=b'/home/rabbia/To-DoList/test.log', wd=1, mask=IN_MODIFY, cookie=0, name=test.log>
2021-08-03 16:38:05,706:DEBUG:in-event <InotifyEvent: src_path=b'/home/rabbia/To-DoList/test.log', wd=1, mask=IN_MODIFY, cookie=0, name=test.log>
2021-08-03 16:38:05,706:DEBUG:in-event <InotifyEvent: src_path=b'/home/rabbia/To-DoList/test.log', wd=1, mask=IN_MODIFY, cookie=0, name=test.log>
2021-08-03 16:38:05,706:DEBUG:in-event <InotifyEvent: src_path=b'/home/rabbia/To-DoList/test.log', wd=1, mask=IN_MODIFY, cookie=0, name=test.log>
2021-08-03 16:38:05,706:DEBUG:in-event <InotifyEvent: src_path=b'/home/rabbia/To-DoList/test.log', wd=1, mask=IN_MODIFY, cookie=0, name=test.log>
2021-08-03 16:38:05,707:DEBUG:in-event <InotifyEvent: src_path=b'/home/rabbia/To-DoList/test.log', wd=1, mask=IN_MODIFY, cookie=0, name=test.log>
2021-08-03 16:38:05,707:DEBUG:in-event <InotifyEvent: src_path=b'/home/rabbia/To-DoList/test.log', wd=1, mask=IN_MODIFY, cookie=0, name=test.log>
2021-08-03 16:38:05,707:DEBUG:in-event <InotifyEvent: src_path=b'/home/rabbia/To-DoList/test.log', wd=1, mask=IN_MODIFY, cookie=0, name=test.log>
2021-08-03 16:38:05,707:DEBUG:in-event <InotifyEvent: src_path=b'/home/rabbia/To-DoList/test.log', wd=1, mask=IN_MODIFY, cookie=0, name=test.log>
2021-08-03 16:38:05,707:DEBUG:in-event <InotifyEvent: src_path=b'/home/rabbia/To-DoList/test.log', wd=1, mask=IN_MODIFY, cookie=0, name=test.log>
2021-08-03 16:38:05,708:DEBUG:in-event <InotifyEvent: src_path=b'/home/rabbia/To-DoList/test.log', wd=1, mask=IN_MODIFY, cookie=0, name=test.log>
2021-08-03 16:38:05,708:DEBUG:in-event <InotifyEvent: src_path=b'/home/rabbia/To-DoList/test.log', wd=1, mask=IN_MODIFY, cookie=0, name=test.log>
2021-08-03 16:38:05,708:DEBUG:in-event <InotifyEvent: src_path=b'/home/rabbia/To-DoList/test.log', wd=1, mask=IN_MODIFY, cookie=0, name=test.log>
2021-08-03 16:38:05,708:DEBUG:in-event <InotifyEvent: src_path=b'/home/rabbia/To-DoList/test.log', wd=1, mask=IN_MODIFY, cookie=0, name=test.log>
2021-08-03 16:38:05,709:DEBUG:in-event <InotifyEvent: src_path=b'/home/rabbia/To-DoList/test.log', wd=1, mask=IN_MODIFY, cookie=0, name=test.log>
2021-08-03 16:38:05,709:DEBUG:in-event <InotifyEvent: src_path=b'/home/rabbia/To-DoList/test.log', wd=1, mask=IN_MODIFY, cookie=0, name=test.log>
2021-08-03 16:38:05,709:DEBUG:in-event <InotifyEvent: src_path=b'/home/rabbia/To-DoList/test.log', wd=1, mask=IN_MODIFY, cookie=0, name=test.log>
2021-08-03 16:38:05,709:DEBUG:in-event <InotifyEvent: src_path=b'/home/rabbia/To-DoList/test.log', wd=1, mask=IN_MODIFY, cookie=0, name=test.log>
2021-08-03 16:38:05,709:DEBUG:in-event <InotifyEvent: src_path=b'/home/rabbia/To-DoList/test.log', wd=1, mask=IN_MODIFY, cookie=0, name=test.log>
2021-08-03 16:38:05,709:DEBUG:in-event <InotifyEvent: src_path=b'/home/rabbia/To-DoList/test.log', wd=1, mask=IN_MODIFY, cookie=0, name=test.log>
2021-08-03 16:38:05,710:DEBUG:in-event <InotifyEvent: src_path=b'/home/rabbia/To-DoList/test.log', wd=1, mask=IN_MODIFY, cookie=0, name=test.log>
2021-08-03 16:38:05,710:DEBUG:in-event <InotifyEvent: src_path=b'/home/rabbia/To-DoList/test.log', wd=1, mask=IN_MODIFY, cookie=0, name=test.log>
2021-08-03 16:38:05,710:DEBUG:in-event <InotifyEvent: src_path=b'/home/rabbia/To-DoList/test.log', wd=1, mask=IN_MODIFY, cookie=0, name=test.log>
2021-08-03 16:38:05,710:DEBUG:in-event <InotifyEvent: src_path=b'/home/rabbia/To-DoList/test.log', wd=1, mask=IN_MODIFY, cookie=0, name=test.log>
2021-08-03 16:38:05,710:DEBUG:in-event <InotifyEvent: src_path=b'/home/rabbia/To-DoList/test.log', wd=1, mask=IN_MODIFY, cookie=0, name=test.log>
2021-08-03 16:38:05,711:DEBUG:in-event <InotifyEvent: src_path=b'/home/rabbia/To-DoList/test.log', wd=1, mask=IN_MODIFY, cookie=0, name=test.log>
2021-08-03 16:38:05,711:DEBUG:in-event <InotifyEvent: src_path=b'/home/rabbia/To-DoList/test.log', wd=1, mask=IN_MODIFY, cookie=0, name=test.log>
2021-08-03 16:38:05,711:DEBUG:in-event <InotifyEvent: src_path=b'/home/rabbia/To-DoList/test.log', wd=1, mask=IN_MODIFY, cookie=0, name=test.log>
2021-08-03 16:38:05,711:DEBUG:in-event <InotifyEvent: src_path=b'/home/rabbia/To-DoList/test.log', wd=1, mask=IN_MODIFY, cookie=0, name=test.log>
2021-08-03 16:38:05,711:DEBUG:in-event <InotifyEvent: src_path=b'/home/rabbia/To-DoList/test.log', wd=1, mask=IN_MODIFY, cookie=0, name=test.log>
2021-08-03 16:38:05,712:DEBUG:in-event <InotifyEvent: src_path=b'/home/rabbia/To-DoList/test.log', wd=1, mask=IN_MODIFY, cookie=0, name=test.log>
2021-08-03 16:38:05,712:DEBUG:in-event <InotifyEvent: src_path=b'/home/rabbia/To-DoList/test.log', wd=1, mask=IN_MODIFY, cookie=0, name=test.log>
2021-08-03 16:38:05,712:DEBUG:in-event <InotifyEvent: src_path=b'/home/rabbia/To-DoList/test.log', wd=1, mask=IN_MODIFY, cookie=0, name=test.log>
2021-08-03 16:38:05,712:DEBUG:in-event <InotifyEvent: src_path=b'/home/rabbia/To-DoList/test.log', wd=1, mask=IN_MODIFY, cookie=0, name=test.log>
2021-08-03 16:38:05,712:DEBUG:in-event <InotifyEvent: src_path=b'/home/rabbia/To-DoList/test.log', wd=1, mask=IN_MODIFY, cookie=0, name=test.log>
2021-08-03 16:38:05,713:DEBUG:in-event <InotifyEvent: src_path=b'/home/rabbia/To-DoList/test.log', wd=1, mask=IN_MODIFY, cookie=0, name=test.log>
2021-08-03 16:38:05,713:DEBUG:in-event <InotifyEvent: src_path=b'/home/rabbia/To-DoList/test.log', wd=1, mask=IN_MODIFY, cookie=0, name=test.log>
2021-08-03 16:38:05,713:DEBUG:in-event <InotifyEvent: src_path=b'/home/rabbia/To-DoList/test.log', wd=1, mask=IN_MODIFY, cookie=0, name=test.log>
2021-08-03 16:38:05,713:DEBUG:in-event <InotifyEvent: src_path=b'/home/rabbia/To-DoList/test.log', wd=1, mask=IN_MODIFY, cookie=0, name=test.log>
2021-08-03 16:38:05,713:DEBUG:in-event <InotifyEvent: src_path=b'/home/rabbia/To-DoList/test.log', wd=1, mask=IN_MODIFY, cookie=0, name=test.log>
2021-08-03 16:38:05,714:DEBUG:in-event <InotifyEvent: src_path=b'/home/rabbia/To-DoList/test.log', wd=1, mask=IN_MODIFY, cookie=0, name=test.log>
2021-08-03 16:38:05,714:DEBUG:in-event <InotifyEvent: src_path=b'/home/rabbia/To-DoList/test.log', wd=1, mask=IN_MODIFY, cookie=0, name=test.log>
2021-08-03 16:38:05,714:DEBUG:in-event <InotifyEvent: src_path=b'/home/rabbia/To-DoList/test.log', wd=1, mask=IN_MODIFY, cookie=0, name=test.log>
2021-08-03 16:38:05,714:DEBUG:in-event <InotifyEvent: src_path=b'/home/rabbia/To-DoList/test.log', wd=1, mask=IN_MODIFY, cookie=0, name=test.log>
2021-08-03 16:38:05,715:DEBUG:in-event <InotifyEvent: src_path=b'/home/rabbia/To-DoList/test.log', wd=1, mask=IN_MODIFY, cookie=0, name=test.log>
2021-08-03 16:38:05,715:DEBUG:in-event <InotifyEvent: src_path=b'/home/rabbia/To-DoList/test.log', wd=1, mask=IN_MODIFY, cookie=0, name=test.log>
2021-08-03 16:38:05,715:DEBUG:in-event <InotifyEvent: src_path=b'/home/rabbia/To-DoList/test.log', wd=1, mask=IN_MODIFY, cookie=0, name=test.log>
2021-08-03 16:38:05,715:DEBUG:in-event <InotifyEvent: src_path=b'/home/rabbia/To-DoList/test.log', wd=1, mask=IN_MODIFY, cookie=0, name=test.log>
2021-08-03 16:38:05,716:DEBUG:in-event <InotifyEvent: src_path=b'/home/rabbia/To-DoList/test.log', wd=1, mask=IN_MODIFY, cookie=0, name=test.log>
2021-08-03 16:38:05,716:DEBUG:in-event <InotifyEvent: src_path=b'/home/rabbia/To-DoList/test.log', wd=1, mask=IN_MODIFY, cookie=0, name=test.log>
2021-08-03 16:38:05,716:DEBUG:in-event <InotifyEvent: src_path=b'/home/rabbia/To-DoList/test.log', wd=1, mask=IN_MODIFY, cookie=0, name=test.log>
2021-08-03 16:38:05,716:DEBUG:in-event <InotifyEvent: src_path=b'/home/rabbia/To-DoList/test.log', wd=1, mask=IN_MODIFY, cookie=0, name=test.log>
2021-08-03 16:38:05,717:DEBUG:in-event <InotifyEvent: src_path=b'/home/rabbia/To-DoList/test.log', wd=1, mask=IN_MODIFY, cookie=0, name=test.log>
2021-08-03 16:38:05,717:DEBUG:in-event <InotifyEvent: src_path=b'/home/rabbia/To-DoList/test.log', wd=1, mask=IN_MODIFY, cookie=0, name=test.log>
2021-08-03 16:38:05,717:DEBUG:in-event <InotifyEvent: src_path=b'/home/rabbia/To-DoList/test.log', wd=1, mask=IN_MODIFY, cookie=0, name=test.log>
2021-08-03 16:38:05,717:DEBUG:in-event <InotifyEvent: src_path=b'/home/rabbia/To-DoList/test.log', wd=1, mask=IN_MODIFY, cookie=0, name=test.log>
2021-08-03 16:38:05,718:DEBUG:in-event <InotifyEvent: src_path=b'/home/rabbia/To-DoList/test.log', wd=1, mask=IN_MODIFY, cookie=0, name=test.log>
2021-08-03 16:38:05,718:DEBUG:in-event <InotifyEvent: src_path=b'/home/rabbia/To-DoList/test.log', wd=1, mask=IN_MODIFY, cookie=0, name=test.log>
2021-08-03 16:38:05,718:DEBUG:in-event <InotifyEvent: src_path=b'/home/rabbia/To-DoList/test.log', wd=1, mask=IN_MODIFY, cookie=0, name=test.log>
2021-08-03 16:38:05,718:DEBUG:in-event <InotifyEvent: src_path=b'/home/rabbia/To-DoList/test.log', wd=1, mask=IN_MODIFY, cookie=0, name=test.log>
2021-08-03 16:38:05,719:DEBUG:in-event <InotifyEvent: src_path=b'/home/rabbia/To-DoList/test.log', wd=1, mask=IN_MODIFY, cookie=0, name=test.log>
2021-08-03 16:38:05,719:DEBUG:in-event <InotifyEvent: src_path=b'/home/rabbia/To-DoList/test.log', wd=1, mask=IN_MODIFY, cookie=0, name=test.log>
2021-08-03 16:38:05,719:DEBUG:in-event <InotifyEvent: src_path=b'/home/rabbia/To-DoList/test.log', wd=1, mask=IN_MODIFY, cookie=0, name=test.log>
2021-08-03 16:38:05,719:DEBUG:in-event <InotifyEvent: src_path=b'/home/rabbia/To-DoList/test.log', wd=1, mask=IN_MODIFY, cookie=0, name=test.log>
2021-08-03 16:38:05,720:DEBUG:in-event <InotifyEvent: src_path=b'/home/rabbia/To-DoList/test.log', wd=1, mask=IN_MODIFY, cookie=0, name=test.log>
2021-08-03 16:38:05,720:DEBUG:in-event <InotifyEvent: src_path=b'/home/rabbia/To-DoList/test.log', wd=1, mask=IN_MODIFY, cookie=0, name=test.log>
2021-08-03 16:38:05,720:DEBUG:in-event <InotifyEvent: src_path=b'/home/rabbia/To-DoList/test.log', wd=1, mask=IN_MODIFY, cookie=0, name=test.log>
2021-08-03 16:38:05,720:DEBUG:in-event <InotifyEvent: src_path=b'/home/rabbia/To-DoList/test.log', wd=1, mask=IN_MODIFY, cookie=0, name=test.log>
2021-08-03 16:38:05,720:DEBUG:in-event <InotifyEvent: src_path=b'/home/rabbia/To-DoList/test.log', wd=1, mask=IN_MODIFY, cookie=0, name=test.log>
2021-08-03 16:38:05,721:DEBUG:in-event <InotifyEvent: src_path=b'/home/rabbia/To-DoList/test.log', wd=1, mask=IN_MODIFY, cookie=0, name=test.log>
2021-08-03 16:38:05,721:DEBUG:in-event <InotifyEvent: src_path=b'/home/rabbia/To-DoList/test.log', wd=1, mask=IN_MODIFY, cookie=0, name=test.log>
2021-08-03 16:38:05,721:DEBUG:in-event <InotifyEvent: src_path=b'/home/rabbia/To-DoList/test.log', wd=1, mask=IN_MODIFY, cookie=0, name=test.log>
2021-08-03 16:38:05,721:DEBUG:in-event <InotifyEvent: src_path=b'/home/rabbia/To-DoList/test.log', wd=1, mask=IN_MODIFY, cookie=0, name=test.log>
2021-08-03 16:38:05,721:DEBUG:in-event <InotifyEvent: src_path=b'/home/rabbia/To-DoList/test.log', wd=1, mask=IN_MODIFY, cookie=0, name=test.log>
2021-08-03 16:38:05,722:DEBUG:in-event <InotifyEvent: src_path=b'/home/rabbia/To-DoList/test.log', wd=1, mask=IN_MODIFY, cookie=0, name=test.log>
2021-08-03 16:38:05,722:DEBUG:in-event <InotifyEvent: src_path=b'/home/rabbia/To-DoList/test.log', wd=1, mask=IN_MODIFY, cookie=0, name=test.log>
2021-08-03 16:38:05,722:DEBUG:in-event <InotifyEvent: src_path=b'/home/rabbia/To-DoList/test.log', wd=1, mask=IN_MODIFY, cookie=0, name=test.log>
2021-08-03 16:38:05,722:DEBUG:in-event <InotifyEvent: src_path=b'/home/rabbia/To-DoList/test.log', wd=1, mask=IN_MODIFY, cookie=0, name=test.log>
2021-08-03 16:38:05,722:DEBUG:in-event <InotifyEvent: src_path=b'/home/rabbia/To-DoList/test.log', wd=1, mask=IN_MODIFY, cookie=0, name=test.log>
2021-08-03 16:38:05,722:DEBUG:in-event <InotifyEvent: src_path=b'/home/rabbia/To-DoList/test.log', wd=1, mask=IN_MODIFY, cookie=0, name=test.log>
2021-08-03 16:38:05,723:DEBUG:in-event <InotifyEvent: src_path=b'/home/rabbia/To-DoList/test.log', wd=1, mask=IN_MODIFY, cookie=0, name=test.log>
2021-08-03 16:38:05,723:DEBUG:in-event <InotifyEvent: src_path=b'/home/rabbia/To-DoList/test.log', wd=1, mask=IN_MODIFY, cookie=0, name=test.log>
2021-08-03 16:38:05,723:DEBUG:in-event <InotifyEvent: src_path=b'/home/rabbia/To-DoList/test.log', wd=1, mask=IN_MODIFY, cookie=0, name=test.log>
2021-08-03 16:38:05,723:DEBUG:in-event <InotifyEvent: src_path=b'/home/rabbia/To-DoList/test.log', wd=1, mask=IN_MODIFY, cookie=0, name=test.log>
2021-08-03 16:38:05,723:DEBUG:in-event <InotifyEvent: src_path=b'/home/rabbia/To-DoList/test.log', wd=1, mask=IN_MODIFY, cookie=0, name=test.log>
2021-08-03 16:38:05,724:DEBUG:in-event <InotifyEvent: src_path=b'/home/rabbia/To-DoList/test.log', wd=1, mask=IN_MODIFY, cookie=0, name=test.log>
2021-08-03 16:38:05,724:DEBUG:in-event <InotifyEvent: src_path=b'/home/rabbia/To-DoList/test.log', wd=1, mask=IN_MODIFY, cookie=0, name=test.log>
2021-08-03 16:38:05,724:DEBUG:in-event <InotifyEvent: src_path=b'/home/rabbia/To-DoList/test.log', wd=1, mask=IN_MODIFY, cookie=0, name=test.log>
2021-08-03 16:38:05,724:DEBUG:in-event <InotifyEvent: src_path=b'/home/rabbia/To-DoList/test.log', wd=1, mask=IN_MODIFY, cookie=0, name=test.log>
2021-08-03 16:38:05,724:DEBUG:in-event <InotifyEvent: src_path=b'/home/rabbia/To-DoList/test.log', wd=1, mask=IN_MODIFY, cookie=0, name=test.log>
2021-08-03 16:38:05,725:DEBUG:in-event <InotifyEvent: src_path=b'/home/rabbia/To-DoList/test.log', wd=1, mask=IN_MODIFY, cookie=0, name=test.log>
2021-08-03 16:38:05,725:DEBUG:in-event <InotifyEvent: src_path=b'/home/rabbia/To-DoList/test.log', wd=1, mask=IN_MODIFY, cookie=0, name=test.log>
2021-08-03 16:38:05,725:DEBUG:in-event <InotifyEvent: src_path=b'/home/rabbia/To-DoList/test.log', wd=1, mask=IN_MODIFY, cookie=0, name=test.log>
2021-08-03 16:38:05,725:DEBUG:in-event <InotifyEvent: src_path=b'/home/rabbia/To-DoList/test.log', wd=1, mask=IN_MODIFY, cookie=0, name=test.log>
2021-08-03 16:38:05,725:DEBUG:in-event <InotifyEvent: src_path=b'/home/rabbia/To-DoList/test.log', wd=1, mask=IN_MODIFY, cookie=0, name=test.log>
2021-08-03 16:38:05,726:DEBUG:in-event <InotifyEvent: src_path=b'/home/rabbia/To-DoList/test.log', wd=1, mask=IN_MODIFY, cookie=0, name=test.log>
2021-08-03 16:38:05,726:DEBUG:in-event <InotifyEvent: src_path=b'/home/rabbia/To-DoList/test.log', wd=1, mask=IN_MODIFY, cookie=0, name=test.log>
2021-08-03 16:38:05,726:DEBUG:in-event <InotifyEvent: src_path=b'/home/rabbia/To-DoList/test.log', wd=1, mask=IN_MODIFY, cookie=0, name=test.log>
2021-08-03 16:38:05,726:DEBUG:in-event <InotifyEvent: src_path=b'/home/rabbia/To-DoList/test.log', wd=1, mask=IN_MODIFY, cookie=0, name=test.log>
2021-08-03 16:38:05,726:DEBUG:in-event <InotifyEvent: src_path=b'/home/rabbia/To-DoList/test.log', wd=1, mask=IN_MODIFY, cookie=0, name=test.log>
2021-08-03 16:38:05,726:DEBUG:in-event <InotifyEvent: src_path=b'/home/rabbia/To-DoList/test.log', wd=1, mask=IN_MODIFY, cookie=0, name=test.log>
2021-08-03 16:38:05,727:DEBUG:in-event <InotifyEvent: src_path=b'/home/rabbia/To-DoList/test.log', wd=1, mask=IN_MODIFY, cookie=0, name=test.log>
2021-08-03 16:38:05,727:DEBUG:in-event <InotifyEvent: src_path=b'/home/rabbia/To-DoList/test.log', wd=1, mask=IN_MODIFY, cookie=0, name=test.log>
2021-08-03 16:38:05,727:DEBUG:in-event <InotifyEvent: src_path=b'/home/rabbia/To-DoList/test.log', wd=1, mask=IN_MODIFY, cookie=0, name=test.log>
2021-08-03 16:38:05,727:DEBUG:in-event <InotifyEvent: src_path=b'/home/rabbia/To-DoList/test.log', wd=1, mask=IN_MODIFY, cookie=0, name=test.log>
2021-08-03 16:38:05,727:DEBUG:in-event <InotifyEvent: src_path=b'/home/rabbia/To-DoList/test.log', wd=1, mask=IN_MODIFY, cookie=0, name=test.log>
2021-08-03 16:38:05,728:DEBUG:in-event <InotifyEvent: src_path=b'/home/rabbia/To-DoList/test.log', wd=1, mask=IN_MODIFY, cookie=0, name=test.log>
2021-08-03 16:38:05,728:DEBUG:in-event <InotifyEvent: src_path=b'/home/rabbia/To-DoList/test.log', wd=1, mask=IN_MODIFY, cookie=0, name=test.log>
2021-08-03 16:38:05,728:DEBUG:in-event <InotifyEvent: src_path=b'/home/rabbia/To-DoList/test.log', wd=1, mask=IN_MODIFY, cookie=0, name=test.log>
2021-08-03 16:38:05,728:DEBUG:in-event <InotifyEvent: src_path=b'/home/rabbia/To-DoList/test.log', wd=1, mask=IN_MODIFY, cookie=0, name=test.log>
2021-08-03 16:38:05,728:DEBUG:in-event <InotifyEvent: src_path=b'/home/rabbia/To-DoList/test.log', wd=1, mask=IN_MODIFY, cookie=0, name=test.log>
2021-08-03 16:38:05,728:DEBUG:in-event <InotifyEvent: src_path=b'/home/rabbia/To-DoList/test.log', wd=1, mask=IN_MODIFY, cookie=0, name=test.log>
2021-08-03 16:38:05,729:DEBUG:in-event <InotifyEvent: src_path=b'/home/rabbia/To-DoList/test.log', wd=1, mask=IN_MODIFY, cookie=0, name=test.log>
2021-08-03 16:38:05,729:DEBUG:in-event <InotifyEvent: src_path=b'/home/rabbia/To-DoList/test.log', wd=1, mask=IN_MODIFY, cookie=0, name=test.log>
2021-08-03 16:38:05,729:DEBUG:in-event <InotifyEvent: src_path=b'/home/rabbia/To-DoList/test.log', wd=1, mask=IN_MODIFY, cookie=0, name=test.log>
2021-08-03 16:38:05,729:DEBUG:in-event <InotifyEvent: src_path=b'/home/rabbia/To-DoList/test.log', wd=1, mask=IN_MODIFY, cookie=0, name=test.log>
2021-08-03 16:38:05,729:DEBUG:in-event <InotifyEvent: src_path=b'/home/rabbia/To-DoList/test.log', wd=1, mask=IN_MODIFY, cookie=0, name=test.log>
2021-08-03 16:38:05,729:DEBUG:in-event <InotifyEvent: src_path=b'/home/rabbia/To-DoList/test.log', wd=1, mask=IN_MODIFY, cookie=0, name=test.log>
2021-08-03 16:38:05,729:DEBUG:in-event <InotifyEvent: src_path=b'/home/rabbia/To-DoList/test.log', wd=1, mask=IN_MODIFY, cookie=0, name=test.log>
2021-08-03 16:38:05,730:DEBUG:in-event <InotifyEvent: src_path=b'/home/rabbia/To-DoList/test.log', wd=1, mask=IN_MODIFY, cookie=0, name=test.log>
2021-08-03 16:38:05,730:DEBUG:in-event <InotifyEvent: src_path=b'/home/rabbia/To-DoList/test.log', wd=1, mask=IN_MODIFY, cookie=0, name=test.log>
2021-08-03 16:38:05,730:DEBUG:in-event <InotifyEvent: src_path=b'/home/rabbia/To-DoList/test.log', wd=1, mask=IN_MODIFY, cookie=0, name=test.log>
2021-08-03 16:38:05,730:DEBUG:in-event <InotifyEvent: src_path=b'/home/rabbia/To-DoList/test.log', wd=1, mask=IN_MODIFY, cookie=0, name=test.log>
2021-08-03 16:38:05,730:DEBUG:in-event <InotifyEvent: src_path=b'/home/rabbia/To-DoList/test.log', wd=1, mask=IN_MODIFY, cookie=0, name=test.log>
2021-08-03 16:38:05,731:DEBUG:in-event <InotifyEvent: src_path=b'/home/rabbia/To-DoList/test.log', wd=1, mask=IN_MODIFY, cookie=0, name=test.log>
2021-08-03 16:38:05,731:DEBUG:in-event <InotifyEvent: src_path=b'/home/rabbia/To-DoList/test.log', wd=1, mask=IN_MODIFY, cookie=0, name=test.log>
2021-08-03 16:38:05,731:DEBUG:in-event <InotifyEvent: src_path=b'/home/rabbia/To-DoList/test.log', wd=1, mask=IN_MODIFY, cookie=0, name=test.log>
2021-08-03 16:38:05,731:DEBUG:in-event <InotifyEvent: src_path=b'/home/rabbia/To-DoList/test.log', wd=1, mask=IN_MODIFY, cookie=0, name=test.log>
2021-08-03 16:38:05,731:DEBUG:in-event <InotifyEvent: src_path=b'/home/rabbia/To-DoList/test.log', wd=1, mask=IN_MODIFY, cookie=0, name=test.log>
2021-08-03 16:38:05,731:DEBUG:in-event <InotifyEvent: src_path=b'/home/rabbia/To-DoList/test.log', wd=1, mask=IN_MODIFY, cookie=0, name=test.log>
2021-08-03 16:38:05,732:DEBUG:in-event <InotifyEvent: src_path=b'/home/rabbia/To-DoList/test.log', wd=1, mask=IN_MODIFY, cookie=0, name=test.log>
2021-08-03 16:38:05,732:DEBUG:in-event <InotifyEvent: src_path=b'/home/rabbia/To-DoList/test.log', wd=1, mask=IN_MODIFY, cookie=0, name=test.log>
2021-08-03 16:38:05,732:DEBUG:in-event <InotifyEvent: src_path=b'/home/rabbia/To-DoList/test.log', wd=1, mask=IN_MODIFY, cookie=0, name=test.log>
2021-08-03 16:38:05,732:DEBUG:in-event <InotifyEvent: src_path=b'/home/rabbia/To-DoList/test.log', wd=1, mask=IN_MODIFY, cookie=0, name=test.log>
2021-08-03 16:38:05,732:DEBUG:in-event <InotifyEvent: src_path=b'/home/rabbia/To-DoList/test.log', wd=1, mask=IN_MODIFY, cookie=0, name=test.log>
2021-08-03 16:38:05,733:DEBUG:in-event <InotifyEvent: src_path=b'/home/rabbia/To-DoList/test.log', wd=1, mask=IN_MODIFY, cookie=0, name=test.log>
2021-08-03 16:38:05,733:DEBUG:in-event <InotifyEvent: src_path=b'/home/rabbia/To-DoList/test.log', wd=1, mask=IN_MODIFY, cookie=0, name=test.log>
2021-08-03 16:38:05,733:DEBUG:in-event <InotifyEvent: src_path=b'/home/rabbia/To-DoList/test.log', wd=1, mask=IN_MODIFY, cookie=0, name=test.log>
2021-08-03 16:38:05,733:DEBUG:in-event <InotifyEvent: src_path=b'/home/rabbia/To-DoList/test.log', wd=1, mask=IN_MODIFY, cookie=0, name=test.log>
2021-08-03 16:38:05,734:DEBUG:in-event <InotifyEvent: src_path=b'/home/rabbia/To-DoList/test.log', wd=1, mask=IN_MODIFY, cookie=0, name=test.log>
2021-08-03 16:38:05,734:DEBUG:in-event <InotifyEvent: src_path=b'/home/rabbia/To-DoList/test.log', wd=1, mask=IN_MODIFY, cookie=0, name=test.log>
2021-08-03 16:38:05,734:DEBUG:in-event <InotifyEvent: src_path=b'/home/rabbia/To-DoList/test.log', wd=1, mask=IN_MODIFY, cookie=0, name=test.log>
2021-08-03 16:38:05,734:DEBUG:in-event <InotifyEvent: src_path=b'/home/rabbia/To-DoList/test.log', wd=1, mask=IN_MODIFY, cookie=0, name=test.log>
2021-08-03 16:38:05,734:DEBUG:in-event <InotifyEvent: src_path=b'/home/rabbia/To-DoList/test.log', wd=1, mask=IN_MODIFY, cookie=0, name=test.log>
2021-08-03 16:38:05,735:DEBUG:in-event <InotifyEvent: src_path=b'/home/rabbia/To-DoList/test.log', wd=1, mask=IN_MODIFY, cookie=0, name=test.log>
2021-08-03 16:38:05,735:DEBUG:in-event <InotifyEvent: src_path=b'/home/rabbia/To-DoList/test.log', wd=1, mask=IN_MODIFY, cookie=0, name=test.log>
2021-08-03 16:38:05,735:DEBUG:in-event <InotifyEvent: src_path=b'/home/rabbia/To-DoList/test.log', wd=1, mask=IN_MODIFY, cookie=0, name=test.log>
2021-08-03 16:38:05,735:DEBUG:in-event <InotifyEvent: src_path=b'/home/rabbia/To-DoList/test.log', wd=1, mask=IN_MODIFY, cookie=0, name=test.log>
2021-08-03 16:38:05,735:DEBUG:in-event <InotifyEvent: src_path=b'/home/rabbia/To-DoList/test.log', wd=1, mask=IN_MODIFY, cookie=0, name=test.log>
2021-08-03 16:38:05,736:DEBUG:in-event <InotifyEvent: src_path=b'/home/rabbia/To-DoList/test.log', wd=1, mask=IN_MODIFY, cookie=0, name=test.log>
2021-08-03 16:38:05,736:DEBUG:in-event <InotifyEvent: src_path=b'/home/rabbia/To-DoList/test.log', wd=1, mask=IN_MODIFY, cookie=0, name=test.log>
2021-08-03 16:38:05,736:DEBUG:in-event <InotifyEvent: src_path=b'/home/rabbia/To-DoList/test.log', wd=1, mask=IN_MODIFY, cookie=0, name=test.log>
2021-08-03 16:38:05,736:DEBUG:in-event <InotifyEvent: src_path=b'/home/rabbia/To-DoList/test.log', wd=1, mask=IN_MODIFY, cookie=0, name=test.log>
2021-08-03 16:38:05,736:DEBUG:in-event <InotifyEvent: src_path=b'/home/rabbia/To-DoList/test.log', wd=1, mask=IN_MODIFY, cookie=0, name=test.log>
2021-08-03 16:38:05,736:DEBUG:in-event <InotifyEvent: src_path=b'/home/rabbia/To-DoList/test.log', wd=1, mask=IN_MODIFY, cookie=0, name=test.log>
2021-08-03 16:38:05,737:DEBUG:in-event <InotifyEvent: src_path=b'/home/rabbia/To-DoList/test.log', wd=1, mask=IN_MODIFY, cookie=0, name=test.log>
2021-08-03 16:38:05,737:DEBUG:in-event <InotifyEvent: src_path=b'/home/rabbia/To-DoList/test.log', wd=1, mask=IN_MODIFY, cookie=0, name=test.log>
2021-08-03 16:38:05,737:DEBUG:in-event <InotifyEvent: src_path=b'/home/rabbia/To-DoList/test.log', wd=1, mask=IN_MODIFY, cookie=0, name=test.log>
2021-08-03 16:38:05,737:DEBUG:in-event <InotifyEvent: src_path=b'/home/rabbia/To-DoList/test.log', wd=1, mask=IN_MODIFY, cookie=0, name=test.log>
2021-08-03 16:38:05,738:DEBUG:in-event <InotifyEvent: src_path=b'/home/rabbia/To-DoList/test.log', wd=1, mask=IN_MODIFY, cookie=0, name=test.log>
2021-08-03 16:38:05,738:DEBUG:in-event <InotifyEvent: src_path=b'/home/rabbia/To-DoList/test.log', wd=1, mask=IN_MODIFY, cookie=0, name=test.log>
2021-08-03 16:38:05,738:DEBUG:in-event <InotifyEvent: src_path=b'/home/rabbia/To-DoList/test.log', wd=1, mask=IN_MODIFY, cookie=0, name=test.log>
2021-08-03 16:38:05,738:DEBUG:in-event <InotifyEvent: src_path=b'/home/rabbia/To-DoList/test.log', wd=1, mask=IN_MODIFY, cookie=0, name=test.log>
2021-08-03 16:38:05,738:DEBUG:in-event <InotifyEvent: src_path=b'/home/rabbia/To-DoList/test.log', wd=1, mask=IN_MODIFY, cookie=0, name=test.log>
2021-08-03 16:38:05,739:DEBUG:in-event <InotifyEvent: src_path=b'/home/rabbia/To-DoList/test.log', wd=1, mask=IN_MODIFY, cookie=0, name=test.log>
2021-08-03 16:38:05,739:DEBUG:in-event <InotifyEvent: src_path=b'/home/rabbia/To-DoList/test.log', wd=1, mask=IN_MODIFY, cookie=0, name=test.log>
2021-08-03 16:38:05,739:DEBUG:in-event <InotifyEvent: src_path=b'/home/rabbia/To-DoList/test.log', wd=1, mask=IN_MODIFY, cookie=0, name=test.log>
2021-08-03 16:38:05,739:DEBUG:in-event <InotifyEvent: src_path=b'/home/rabbia/To-DoList/test.log', wd=1, mask=IN_MODIFY, cookie=0, name=test.log>
2021-08-03 16:38:05,739:DEBUG:in-event <InotifyEvent: src_path=b'/home/rabbia/To-DoList/test.log', wd=1, mask=IN_MODIFY, cookie=0, name=test.log>
2021-08-03 16:38:05,740:DEBUG:in-event <InotifyEvent: src_path=b'/home/rabbia/To-DoList/test.log', wd=1, mask=IN_MODIFY, cookie=0, name=test.log>
2021-08-03 16:38:05,740:DEBUG:in-event <InotifyEvent: src_path=b'/home/rabbia/To-DoList/test.log', wd=1, mask=IN_MODIFY, cookie=0, name=test.log>
2021-08-03 16:38:05,740:DEBUG:in-event <InotifyEvent: src_path=b'/home/rabbia/To-DoList/test.log', wd=1, mask=IN_MODIFY, cookie=0, name=test.log>
2021-08-03 16:38:05,741:DEBUG:in-event <InotifyEvent: src_path=b'/home/rabbia/To-DoList/test.log', wd=1, mask=IN_MODIFY, cookie=0, name=test.log>
2021-08-03 16:38:05,741:DEBUG:in-event <InotifyEvent: src_path=b'/home/rabbia/To-DoList/test.log', wd=1, mask=IN_MODIFY, cookie=0, name=test.log>
2021-08-03 16:38:05,741:DEBUG:in-event <InotifyEvent: src_path=b'/home/rabbia/To-DoList/test.log', wd=1, mask=IN_MODIFY, cookie=0, name=test.log>
2021-08-03 16:38:05,741:DEBUG:in-event <InotifyEvent: src_path=b'/home/rabbia/To-DoList/test.log', wd=1, mask=IN_MODIFY, cookie=0, name=test.log>
2021-08-03 16:38:05,741:DEBUG:in-event <InotifyEvent: src_path=b'/home/rabbia/To-DoList/test.log', wd=1, mask=IN_MODIFY, cookie=0, name=test.log>
2021-08-03 16:38:05,742:DEBUG:in-event <InotifyEvent: src_path=b'/home/rabbia/To-DoList/test.log', wd=1, mask=IN_MODIFY, cookie=0, name=test.log>
2021-08-03 16:38:05,742:DEBUG:in-event <InotifyEvent: src_path=b'/home/rabbia/To-DoList/test.log', wd=1, mask=IN_MODIFY, cookie=0, name=test.log>
2021-08-03 16:38:05,742:DEBUG:in-event <InotifyEvent: src_path=b'/home/rabbia/To-DoList/test.log', wd=1, mask=IN_MODIFY, cookie=0, name=test.log>
2021-08-03 16:38:05,742:DEBUG:in-event <InotifyEvent: src_path=b'/home/rabbia/To-DoList/test.log', wd=1, mask=IN_MODIFY, cookie=0, name=test.log>
2021-08-03 16:38:05,742:DEBUG:in-event <InotifyEvent: src_path=b'/home/rabbia/To-DoList/test.log', wd=1, mask=IN_MODIFY, cookie=0, name=test.log>
2021-08-03 16:38:05,742:DEBUG:in-event <InotifyEvent: src_path=b'/home/rabbia/To-DoList/test.log', wd=1, mask=IN_MODIFY, cookie=0, name=test.log>
2021-08-03 16:38:05,743:DEBUG:in-event <InotifyEvent: src_path=b'/home/rabbia/To-DoList/test.log', wd=1, mask=IN_MODIFY, cookie=0, name=test.log>
2021-08-03 16:38:05,743:DEBUG:in-event <InotifyEvent: src_path=b'/home/rabbia/To-DoList/test.log', wd=1, mask=IN_MODIFY, cookie=0, name=test.log>
2021-08-03 16:38:05,743:DEBUG:in-event <InotifyEvent: src_path=b'/home/rabbia/To-DoList/test.log', wd=1, mask=IN_MODIFY, cookie=0, name=test.log>
2021-08-03 16:38:05,743:DEBUG:in-event <InotifyEvent: src_path=b'/home/rabbia/To-DoList/test.log', wd=1, mask=IN_MODIFY, cookie=0, name=test.log>
2021-08-03 16:38:05,743:DEBUG:in-event <InotifyEvent: src_path=b'/home/rabbia/To-DoList/test.log', wd=1, mask=IN_MODIFY, cookie=0, name=test.log>
2021-08-03 16:38:05,744:DEBUG:in-event <InotifyEvent: src_path=b'/home/rabbia/To-DoList/test.log', wd=1, mask=IN_MODIFY, cookie=0, name=test.log>
2021-08-03 16:38:05,744:DEBUG:in-event <InotifyEvent: src_path=b'/home/rabbia/To-DoList/test.log', wd=1, mask=IN_MODIFY, cookie=0, name=test.log>
2021-08-03 16:38:05,744:DEBUG:in-event <InotifyEvent: src_path=b'/home/rabbia/To-DoList/test.log', wd=1, mask=IN_MODIFY, cookie=0, name=test.log>
2021-08-03 16:38:05,744:DEBUG:in-event <InotifyEvent: src_path=b'/home/rabbia/To-DoList/test.log', wd=1, mask=IN_MODIFY, cookie=0, name=test.log>
2021-08-03 16:38:05,744:DEBUG:in-event <InotifyEvent: src_path=b'/home/rabbia/To-DoList/test.log', wd=1, mask=IN_MODIFY, cookie=0, name=test.log>
2021-08-03 16:38:05,745:DEBUG:in-event <InotifyEvent: src_path=b'/home/rabbia/To-DoList/test.log', wd=1, mask=IN_MODIFY, cookie=0, name=test.log>
2021-08-03 16:38:05,745:DEBUG:in-event <InotifyEvent: src_path=b'/home/rabbia/To-DoList/test.log', wd=1, mask=IN_MODIFY, cookie=0, name=test.log>
2021-08-03 16:38:05,745:DEBUG:in-event <InotifyEvent: src_path=b'/home/rabbia/To-DoList/test.log', wd=1, mask=IN_MODIFY, cookie=0, name=test.log>
2021-08-03 16:38:05,745:DEBUG:in-event <InotifyEvent: src_path=b'/home/rabbia/To-DoList/test.log', wd=1, mask=IN_MODIFY, cookie=0, name=test.log>
2021-08-03 16:38:05,745:DEBUG:in-event <InotifyEvent: src_path=b'/home/rabbia/To-DoList/test.log', wd=1, mask=IN_MODIFY, cookie=0, name=test.log>
2021-08-03 16:38:05,746:DEBUG:in-event <InotifyEvent: src_path=b'/home/rabbia/To-DoList/test.log', wd=1, mask=IN_MODIFY, cookie=0, name=test.log>
2021-08-03 16:38:05,746:DEBUG:in-event <InotifyEvent: src_path=b'/home/rabbia/To-DoList/test.log', wd=1, mask=IN_MODIFY, cookie=0, name=test.log>
2021-08-03 16:38:05,746:DEBUG:in-event <InotifyEvent: src_path=b'/home/rabbia/To-DoList/test.log', wd=1, mask=IN_MODIFY, cookie=0, name=test.log>
2021-08-03 16:38:05,746:DEBUG:in-event <InotifyEvent: src_path=b'/home/rabbia/To-DoList/test.log', wd=1, mask=IN_MODIFY, cookie=0, name=test.log>
2021-08-03 16:38:05,747:DEBUG:in-event <InotifyEvent: src_path=b'/home/rabbia/To-DoList/test.log', wd=1, mask=IN_MODIFY, cookie=0, name=test.log>
2021-08-03 16:38:05,747:DEBUG:in-event <InotifyEvent: src_path=b'/home/rabbia/To-DoList/test.log', wd=1, mask=IN_MODIFY, cookie=0, name=test.log>
2021-08-03 16:38:05,747:DEBUG:in-event <InotifyEvent: src_path=b'/home/rabbia/To-DoList/test.log', wd=1, mask=IN_MODIFY, cookie=0, name=test.log>
2021-08-03 16:38:05,747:DEBUG:in-event <InotifyEvent: src_path=b'/home/rabbia/To-DoList/test.log', wd=1, mask=IN_MODIFY, cookie=0, name=test.log>
2021-08-03 16:38:05,748:DEBUG:in-event <InotifyEvent: src_path=b'/home/rabbia/To-DoList/test.log', wd=1, mask=IN_MODIFY, cookie=0, name=test.log>
2021-08-03 16:38:05,748:DEBUG:in-event <InotifyEvent: src_path=b'/home/rabbia/To-DoList/test.log', wd=1, mask=IN_MODIFY, cookie=0, name=test.log>
2021-08-03 16:38:05,748:DEBUG:in-event <InotifyEvent: src_path=b'/home/rabbia/To-DoList/test.log', wd=1, mask=IN_MODIFY, cookie=0, name=test.log>
2021-08-03 16:38:05,748:DEBUG:in-event <InotifyEvent: src_path=b'/home/rabbia/To-DoList/test.log', wd=1, mask=IN_MODIFY, cookie=0, name=test.log>
2021-08-03 16:38:05,748:DEBUG:in-event <InotifyEvent: src_path=b'/home/rabbia/To-DoList/test.log', wd=1, mask=IN_MODIFY, cookie=0, name=test.log>
2021-08-03 16:38:05,748:DEBUG:in-event <InotifyEvent: src_path=b'/home/rabbia/To-DoList/test.log', wd=1, mask=IN_MODIFY, cookie=0, name=test.log>
2021-08-03 16:38:05,749:DEBUG:in-event <InotifyEvent: src_path=b'/home/rabbia/To-DoList/test.log', wd=1, mask=IN_MODIFY, cookie=0, name=test.log>
2021-08-03 16:38:05,749:DEBUG:in-event <InotifyEvent: src_path=b'/home/rabbia/To-DoList/test.log', wd=1, mask=IN_MODIFY, cookie=0, name=test.log>
2021-08-03 16:38:05,749:DEBUG:in-event <InotifyEvent: src_path=b'/home/rabbia/To-DoList/test.log', wd=1, mask=IN_MODIFY, cookie=0, name=test.log>
2021-08-03 16:38:05,749:DEBUG:in-event <InotifyEvent: src_path=b'/home/rabbia/To-DoList/test.log', wd=1, mask=IN_MODIFY, cookie=0, name=test.log>
2021-08-03 16:38:05,749:DEBUG:in-event <InotifyEvent: src_path=b'/home/rabbia/To-DoList/test.log', wd=1, mask=IN_MODIFY, cookie=0, name=test.log>
2021-08-03 16:38:05,750:DEBUG:in-event <InotifyEvent: src_path=b'/home/rabbia/To-DoList/test.log', wd=1, mask=IN_MODIFY, cookie=0, name=test.log>
2021-08-03 16:38:05,750:DEBUG:in-event <InotifyEvent: src_path=b'/home/rabbia/To-DoList/test.log', wd=1, mask=IN_MODIFY, cookie=0, name=test.log>
2021-08-03 16:38:05,750:DEBUG:in-event <InotifyEvent: src_path=b'/home/rabbia/To-DoList/test.log', wd=1, mask=IN_MODIFY, cookie=0, name=test.log>
2021-08-03 16:38:05,750:DEBUG:in-event <InotifyEvent: src_path=b'/home/rabbia/To-DoList/test.log', wd=1, mask=IN_MODIFY, cookie=0, name=test.log>
2021-08-03 16:38:05,751:DEBUG:in-event <InotifyEvent: src_path=b'/home/rabbia/To-DoList/test.log', wd=1, mask=IN_MODIFY, cookie=0, name=test.log>
2021-08-03 16:38:05,751:DEBUG:in-event <InotifyEvent: src_path=b'/home/rabbia/To-DoList/test.log', wd=1, mask=IN_MODIFY, cookie=0, name=test.log>
2021-08-03 16:38:05,751:DEBUG:in-event <InotifyEvent: src_path=b'/home/rabbia/To-DoList/test.log', wd=1, mask=IN_MODIFY, cookie=0, name=test.log>
2021-08-03 16:38:05,751:DEBUG:in-event <InotifyEvent: src_path=b'/home/rabbia/To-DoList/test.log', wd=1, mask=IN_MODIFY, cookie=0, name=test.log>
2021-08-03 16:38:05,751:DEBUG:in-event <InotifyEvent: src_path=b'/home/rabbia/To-DoList/test.log', wd=1, mask=IN_MODIFY, cookie=0, name=test.log>
2021-08-03 16:38:05,751:DEBUG:in-event <InotifyEvent: src_path=b'/home/rabbia/To-DoList/test.log', wd=1, mask=IN_MODIFY, cookie=0, name=test.log>
2021-08-03 16:38:05,752:DEBUG:in-event <InotifyEvent: src_path=b'/home/rabbia/To-DoList/test.log', wd=1, mask=IN_MODIFY, cookie=0, name=test.log>
2021-08-03 16:38:05,752:DEBUG:in-event <InotifyEvent: src_path=b'/home/rabbia/To-DoList/test.log', wd=1, mask=IN_MODIFY, cookie=0, name=test.log>
2021-08-03 16:38:05,752:DEBUG:in-event <InotifyEvent: src_path=b'/home/rabbia/To-DoList/test.log', wd=1, mask=IN_MODIFY, cookie=0, name=test.log>
2021-08-03 16:38:05,752:DEBUG:in-event <InotifyEvent: src_path=b'/home/rabbia/To-DoList/test.log', wd=1, mask=IN_MODIFY, cookie=0, name=test.log>
2021-08-03 16:38:05,752:DEBUG:in-event <InotifyEvent: src_path=b'/home/rabbia/To-DoList/test.log', wd=1, mask=IN_MODIFY, cookie=0, name=test.log>
2021-08-03 16:38:05,752:DEBUG:in-event <InotifyEvent: src_path=b'/home/rabbia/To-DoList/test.log', wd=1, mask=IN_MODIFY, cookie=0, name=test.log>
2021-08-03 16:38:05,753:DEBUG:in-event <InotifyEvent: src_path=b'/home/rabbia/To-DoList/test.log', wd=1, mask=IN_MODIFY, cookie=0, name=test.log>
2021-08-03 16:38:05,753:DEBUG:in-event <InotifyEvent: src_path=b'/home/rabbia/To-DoList/test.log', wd=1, mask=IN_MODIFY, cookie=0, name=test.log>
2021-08-03 16:38:05,753:DEBUG:in-event <InotifyEvent: src_path=b'/home/rabbia/To-DoList/test.log', wd=1, mask=IN_MODIFY, cookie=0, name=test.log>
2021-08-03 16:38:05,753:DEBUG:in-event <InotifyEvent: src_path=b'/home/rabbia/To-DoList/test.log', wd=1, mask=IN_MODIFY, cookie=0, name=test.log>
2021-08-03 16:38:05,754:DEBUG:in-event <InotifyEvent: src_path=b'/home/rabbia/To-DoList/test.log', wd=1, mask=IN_MODIFY, cookie=0, name=test.log>
2021-08-03 16:38:05,754:DEBUG:in-event <InotifyEvent: src_path=b'/home/rabbia/To-DoList/test.log', wd=1, mask=IN_MODIFY, cookie=0, name=test.log>
2021-08-03 16:38:05,754:DEBUG:in-event <InotifyEvent: src_path=b'/home/rabbia/To-DoList/test.log', wd=1, mask=IN_MODIFY, cookie=0, name=test.log>
2021-08-03 16:38:05,754:DEBUG:in-event <InotifyEvent: src_path=b'/home/rabbia/To-DoList/test.log', wd=1, mask=IN_MODIFY, cookie=0, name=test.log>
2021-08-03 16:38:05,754:DEBUG:in-event <InotifyEvent: src_path=b'/home/rabbia/To-DoList/test.log', wd=1, mask=IN_MODIFY, cookie=0, name=test.log>
2021-08-03 16:38:05,755:DEBUG:in-event <InotifyEvent: src_path=b'/home/rabbia/To-DoList/test.log', wd=1, mask=IN_MODIFY, cookie=0, name=test.log>
2021-08-03 16:38:05,755:DEBUG:in-event <InotifyEvent: src_path=b'/home/rabbia/To-DoList/test.log', wd=1, mask=IN_MODIFY, cookie=0, name=test.log>
2021-08-03 16:38:05,755:DEBUG:in-event <InotifyEvent: src_path=b'/home/rabbia/To-DoList/test.log', wd=1, mask=IN_MODIFY, cookie=0, name=test.log>
2021-08-03 16:38:05,755:DEBUG:in-event <InotifyEvent: src_path=b'/home/rabbia/To-DoList/test.log', wd=1, mask=IN_MODIFY, cookie=0, name=test.log>
2021-08-03 16:38:05,755:DEBUG:in-event <InotifyEvent: src_path=b'/home/rabbia/To-DoList/test.log', wd=1, mask=IN_MODIFY, cookie=0, name=test.log>
2021-08-03 16:38:05,756:DEBUG:in-event <InotifyEvent: src_path=b'/home/rabbia/To-DoList/test.log', wd=1, mask=IN_MODIFY, cookie=0, name=test.log>
2021-08-03 16:38:05,756:DEBUG:in-event <InotifyEvent: src_path=b'/home/rabbia/To-DoList/test.log', wd=1, mask=IN_MODIFY, cookie=0, name=test.log>
2021-08-03 16:38:05,756:DEBUG:in-event <InotifyEvent: src_path=b'/home/rabbia/To-DoList/test.log', wd=1, mask=IN_MODIFY, cookie=0, name=test.log>
2021-08-03 16:38:05,756:DEBUG:in-event <InotifyEvent: src_path=b'/home/rabbia/To-DoList/test.log', wd=1, mask=IN_MODIFY, cookie=0, name=test.log>
2021-08-03 16:38:05,756:DEBUG:in-event <InotifyEvent: src_path=b'/home/rabbia/To-DoList/test.log', wd=1, mask=IN_MODIFY, cookie=0, name=test.log>
2021-08-03 16:38:05,756:DEBUG:in-event <InotifyEvent: src_path=b'/home/rabbia/To-DoList/test.log', wd=1, mask=IN_MODIFY, cookie=0, name=test.log>
2021-08-03 16:38:05,757:DEBUG:in-event <InotifyEvent: src_path=b'/home/rabbia/To-DoList/test.log', wd=1, mask=IN_MODIFY, cookie=0, name=test.log>
2021-08-03 16:38:05,757:DEBUG:in-event <InotifyEvent: src_path=b'/home/rabbia/To-DoList/test.log', wd=1, mask=IN_MODIFY, cookie=0, name=test.log>
2021-08-03 16:38:05,757:DEBUG:in-event <InotifyEvent: src_path=b'/home/rabbia/To-DoList/test.log', wd=1, mask=IN_MODIFY, cookie=0, name=test.log>
2021-08-03 16:38:05,757:DEBUG:in-event <InotifyEvent: src_path=b'/home/rabbia/To-DoList/test.log', wd=1, mask=IN_MODIFY, cookie=0, name=test.log>
2021-08-03 16:38:05,757:DEBUG:in-event <InotifyEvent: src_path=b'/home/rabbia/To-DoList/test.log', wd=1, mask=IN_MODIFY, cookie=0, name=test.log>
2021-08-03 16:38:05,758:DEBUG:in-event <InotifyEvent: src_path=b'/home/rabbia/To-DoList/test.log', wd=1, mask=IN_MODIFY, cookie=0, name=test.log>
2021-08-03 16:38:05,758:DEBUG:in-event <InotifyEvent: src_path=b'/home/rabbia/To-DoList/test.log', wd=1, mask=IN_MODIFY, cookie=0, name=test.log>
2021-08-03 16:38:05,758:DEBUG:in-event <InotifyEvent: src_path=b'/home/rabbia/To-DoList/test.log', wd=1, mask=IN_MODIFY, cookie=0, name=test.log>
2021-08-03 16:38:05,758:DEBUG:in-event <InotifyEvent: src_path=b'/home/rabbia/To-DoList/test.log', wd=1, mask=IN_MODIFY, cookie=0, name=test.log>
2021-08-03 16:38:05,759:DEBUG:in-event <InotifyEvent: src_path=b'/home/rabbia/To-DoList/test.log', wd=1, mask=IN_MODIFY, cookie=0, name=test.log>
2021-08-03 16:38:05,759:DEBUG:in-event <InotifyEvent: src_path=b'/home/rabbia/To-DoList/test.log', wd=1, mask=IN_MODIFY, cookie=0, name=test.log>
2021-08-03 16:38:05,759:DEBUG:in-event <InotifyEvent: src_path=b'/home/rabbia/To-DoList/test.log', wd=1, mask=IN_MODIFY, cookie=0, name=test.log>
2021-08-03 16:38:05,759:DEBUG:in-event <InotifyEvent: src_path=b'/home/rabbia/To-DoList/test.log', wd=1, mask=IN_MODIFY, cookie=0, name=test.log>
2021-08-03 16:38:05,759:DEBUG:in-event <InotifyEvent: src_path=b'/home/rabbia/To-DoList/test.log', wd=1, mask=IN_MODIFY, cookie=0, name=test.log>
2021-08-03 16:38:05,760:DEBUG:in-event <InotifyEvent: src_path=b'/home/rabbia/To-DoList/test.log', wd=1, mask=IN_MODIFY, cookie=0, name=test.log>
2021-08-03 16:38:05,760:DEBUG:in-event <InotifyEvent: src_path=b'/home/rabbia/To-DoList/test.log', wd=1, mask=IN_MODIFY, cookie=0, name=test.log>
2021-08-03 16:38:05,760:DEBUG:in-event <InotifyEvent: src_path=b'/home/rabbia/To-DoList/test.log', wd=1, mask=IN_MODIFY, cookie=0, name=test.log>
2021-08-03 16:38:05,760:DEBUG:in-event <InotifyEvent: src_path=b'/home/rabbia/To-DoList/test.log', wd=1, mask=IN_MODIFY, cookie=0, name=test.log>
2021-08-03 16:38:05,761:DEBUG:in-event <InotifyEvent: src_path=b'/home/rabbia/To-DoList/test.log', wd=1, mask=IN_MODIFY, cookie=0, name=test.log>
2021-08-03 16:38:05,761:DEBUG:in-event <InotifyEvent: src_path=b'/home/rabbia/To-DoList/test.log', wd=1, mask=IN_MODIFY, cookie=0, name=test.log>
2021-08-03 16:38:05,761:DEBUG:in-event <InotifyEvent: src_path=b'/home/rabbia/To-DoList/test.log', wd=1, mask=IN_MODIFY, cookie=0, name=test.log>
2021-08-03 16:38:05,761:DEBUG:in-event <InotifyEvent: src_path=b'/home/rabbia/To-DoList/test.log', wd=1, mask=IN_MODIFY, cookie=0, name=test.log>
2021-08-03 16:38:05,762:DEBUG:in-event <InotifyEvent: src_path=b'/home/rabbia/To-DoList/test.log', wd=1, mask=IN_MODIFY, cookie=0, name=test.log>
2021-08-03 16:38:05,762:DEBUG:in-event <InotifyEvent: src_path=b'/home/rabbia/To-DoList/test.log', wd=1, mask=IN_MODIFY, cookie=0, name=test.log>
2021-08-03 16:38:05,762:DEBUG:in-event <InotifyEvent: src_path=b'/home/rabbia/To-DoList/test.log', wd=1, mask=IN_MODIFY, cookie=0, name=test.log>
2021-08-03 16:38:05,762:DEBUG:in-event <InotifyEvent: src_path=b'/home/rabbia/To-DoList/test.log', wd=1, mask=IN_MODIFY, cookie=0, name=test.log>
2021-08-03 16:38:05,762:DEBUG:in-event <InotifyEvent: src_path=b'/home/rabbia/To-DoList/test.log', wd=1, mask=IN_MODIFY, cookie=0, name=test.log>
2021-08-03 16:38:05,763:DEBUG:in-event <InotifyEvent: src_path=b'/home/rabbia/To-DoList/test.log', wd=1, mask=IN_MODIFY, cookie=0, name=test.log>
2021-08-03 16:38:05,763:DEBUG:in-event <InotifyEvent: src_path=b'/home/rabbia/To-DoList/test.log', wd=1, mask=IN_MODIFY, cookie=0, name=test.log>
2021-08-03 16:38:05,763:DEBUG:in-event <InotifyEvent: src_path=b'/home/rabbia/To-DoList/test.log', wd=1, mask=IN_MODIFY, cookie=0, name=test.log>
2021-08-03 16:38:05,763:DEBUG:in-event <InotifyEvent: src_path=b'/home/rabbia/To-DoList/test.log', wd=1, mask=IN_MODIFY, cookie=0, name=test.log>
2021-08-03 16:38:05,764:DEBUG:in-event <InotifyEvent: src_path=b'/home/rabbia/To-DoList/test.log', wd=1, mask=IN_MODIFY, cookie=0, name=test.log>
2021-08-03 16:38:05,764:DEBUG:in-event <InotifyEvent: src_path=b'/home/rabbia/To-DoList/test.log', wd=1, mask=IN_MODIFY, cookie=0, name=test.log>
2021-08-03 16:38:05,764:DEBUG:in-event <InotifyEvent: src_path=b'/home/rabbia/To-DoList/test.log', wd=1, mask=IN_MODIFY, cookie=0, name=test.log>
2021-08-03 16:38:05,764:DEBUG:in-event <InotifyEvent: src_path=b'/home/rabbia/To-DoList/test.log', wd=1, mask=IN_MODIFY, cookie=0, name=test.log>
2021-08-03 16:38:05,764:DEBUG:in-event <InotifyEvent: src_path=b'/home/rabbia/To-DoList/test.log', wd=1, mask=IN_MODIFY, cookie=0, name=test.log>
2021-08-03 16:38:05,764:DEBUG:in-event <InotifyEvent: src_path=b'/home/rabbia/To-DoList/test.log', wd=1, mask=IN_MODIFY, cookie=0, name=test.log>
2021-08-03 16:38:05,765:DEBUG:in-event <InotifyEvent: src_path=b'/home/rabbia/To-DoList/test.log', wd=1, mask=IN_MODIFY, cookie=0, name=test.log>
2021-08-03 16:38:05,765:DEBUG:in-event <InotifyEvent: src_path=b'/home/rabbia/To-DoList/test.log', wd=1, mask=IN_MODIFY, cookie=0, name=test.log>
2021-08-03 16:38:05,765:DEBUG:in-event <InotifyEvent: src_path=b'/home/rabbia/To-DoList/test.log', wd=1, mask=IN_MODIFY, cookie=0, name=test.log>
2021-08-03 16:38:05,766:DEBUG:in-event <InotifyEvent: src_path=b'/home/rabbia/To-DoList/test.log', wd=1, mask=IN_MODIFY, cookie=0, name=test.log>
2021-08-03 16:38:05,766:DEBUG:in-event <InotifyEvent: src_path=b'/home/rabbia/To-DoList/test.log', wd=1, mask=IN_MODIFY, cookie=0, name=test.log>
2021-08-03 16:38:05,766:DEBUG:in-event <InotifyEvent: src_path=b'/home/rabbia/To-DoList/test.log', wd=1, mask=IN_MODIFY, cookie=0, name=test.log>
2021-08-03 16:38:05,766:DEBUG:in-event <InotifyEvent: src_path=b'/home/rabbia/To-DoList/test.log', wd=1, mask=IN_MODIFY, cookie=0, name=test.log>
2021-08-03 16:38:05,767:DEBUG:in-event <InotifyEvent: src_path=b'/home/rabbia/To-DoList/test.log', wd=1, mask=IN_MODIFY, cookie=0, name=test.log>
2021-08-03 16:38:05,767:DEBUG:in-event <InotifyEvent: src_path=b'/home/rabbia/To-DoList/test.log', wd=1, mask=IN_MODIFY, cookie=0, name=test.log>
2021-08-03 16:38:05,767:DEBUG:in-event <InotifyEvent: src_path=b'/home/rabbia/To-DoList/test.log', wd=1, mask=IN_MODIFY, cookie=0, name=test.log>
2021-08-03 16:38:05,767:DEBUG:in-event <InotifyEvent: src_path=b'/home/rabbia/To-DoList/test.log', wd=1, mask=IN_MODIFY, cookie=0, name=test.log>
2021-08-03 16:38:05,767:DEBUG:in-event <InotifyEvent: src_path=b'/home/rabbia/To-DoList/test.log', wd=1, mask=IN_MODIFY, cookie=0, name=test.log>
2021-08-03 16:38:05,767:DEBUG:in-event <InotifyEvent: src_path=b'/home/rabbia/To-DoList/test.log', wd=1, mask=IN_MODIFY, cookie=0, name=test.log>
2021-08-03 16:38:05,768:DEBUG:in-event <InotifyEvent: src_path=b'/home/rabbia/To-DoList/test.log', wd=1, mask=IN_MODIFY, cookie=0, name=test.log>
2021-08-03 16:38:05,768:DEBUG:in-event <InotifyEvent: src_path=b'/home/rabbia/To-DoList/test.log', wd=1, mask=IN_MODIFY, cookie=0, name=test.log>
2021-08-03 16:38:05,768:DEBUG:in-event <InotifyEvent: src_path=b'/home/rabbia/To-DoList/test.log', wd=1, mask=IN_MODIFY, cookie=0, name=test.log>
2021-08-03 16:38:05,768:DEBUG:in-event <InotifyEvent: src_path=b'/home/rabbia/To-DoList/test.log', wd=1, mask=IN_MODIFY, cookie=0, name=test.log>
2021-08-03 16:38:05,768:DEBUG:in-event <InotifyEvent: src_path=b'/home/rabbia/To-DoList/test.log', wd=1, mask=IN_MODIFY, cookie=0, name=test.log>
2021-08-03 16:38:05,769:DEBUG:in-event <InotifyEvent: src_path=b'/home/rabbia/To-DoList/test.log', wd=1, mask=IN_MODIFY, cookie=0, name=test.log>
2021-08-03 16:38:05,769:DEBUG:in-event <InotifyEvent: src_path=b'/home/rabbia/To-DoList/test.log', wd=1, mask=IN_MODIFY, cookie=0, name=test.log>
2021-08-03 16:38:05,769:DEBUG:in-event <InotifyEvent: src_path=b'/home/rabbia/To-DoList/test.log', wd=1, mask=IN_MODIFY, cookie=0, name=test.log>
2021-08-03 16:38:05,769:DEBUG:in-event <InotifyEvent: src_path=b'/home/rabbia/To-DoList/test.log', wd=1, mask=IN_MODIFY, cookie=0, name=test.log>
2021-08-03 16:38:05,769:DEBUG:in-event <InotifyEvent: src_path=b'/home/rabbia/To-DoList/test.log', wd=1, mask=IN_MODIFY, cookie=0, name=test.log>
2021-08-03 16:38:05,770:DEBUG:in-event <InotifyEvent: src_path=b'/home/rabbia/To-DoList/test.log', wd=1, mask=IN_MODIFY, cookie=0, name=test.log>
2021-08-03 16:38:05,770:DEBUG:in-event <InotifyEvent: src_path=b'/home/rabbia/To-DoList/test.log', wd=1, mask=IN_MODIFY, cookie=0, name=test.log>
2021-08-03 16:38:05,770:DEBUG:in-event <InotifyEvent: src_path=b'/home/rabbia/To-DoList/test.log', wd=1, mask=IN_MODIFY, cookie=0, name=test.log>
2021-08-03 16:38:05,770:DEBUG:in-event <InotifyEvent: src_path=b'/home/rabbia/To-DoList/test.log', wd=1, mask=IN_MODIFY, cookie=0, name=test.log>
2021-08-03 16:38:05,770:DEBUG:in-event <InotifyEvent: src_path=b'/home/rabbia/To-DoList/test.log', wd=1, mask=IN_MODIFY, cookie=0, name=test.log>
2021-08-03 16:38:05,770:DEBUG:in-event <InotifyEvent: src_path=b'/home/rabbia/To-DoList/test.log', wd=1, mask=IN_MODIFY, cookie=0, name=test.log>
2021-08-03 16:38:05,770:DEBUG:in-event <InotifyEvent: src_path=b'/home/rabbia/To-DoList/test.log', wd=1, mask=IN_MODIFY, cookie=0, name=test.log>
2021-08-03 16:38:05,770:DEBUG:in-event <InotifyEvent: src_path=b'/home/rabbia/To-DoList/test.log', wd=1, mask=IN_MODIFY, cookie=0, name=test.log>
2021-08-03 16:38:05,770:DEBUG:in-event <InotifyEvent: src_path=b'/home/rabbia/To-DoList/test.log', wd=1, mask=IN_MODIFY, cookie=0, name=test.log>
2021-08-03 16:38:05,770:DEBUG:in-event <InotifyEvent: src_path=b'/home/rabbia/To-DoList/test.log', wd=1, mask=IN_MODIFY, cookie=0, name=test.log>
2021-08-03 16:38:05,771:DEBUG:in-event <InotifyEvent: src_path=b'/home/rabbia/To-DoList/test.log', wd=1, mask=IN_MODIFY, cookie=0, name=test.log>
2021-08-03 16:38:05,771:DEBUG:in-event <InotifyEvent: src_path=b'/home/rabbia/To-DoList/test.log', wd=1, mask=IN_MODIFY, cookie=0, name=test.log>
2021-08-03 16:38:05,771:DEBUG:in-event <InotifyEvent: src_path=b'/home/rabbia/To-DoList/test.log', wd=1, mask=IN_MODIFY, cookie=0, name=test.log>
2021-08-03 16:38:05,771:DEBUG:in-event <InotifyEvent: src_path=b'/home/rabbia/To-DoList/test.log', wd=1, mask=IN_MODIFY, cookie=0, name=test.log>
2021-08-03 16:38:05,771:DEBUG:in-event <InotifyEvent: src_path=b'/home/rabbia/To-DoList/test.log', wd=1, mask=IN_MODIFY, cookie=0, name=test.log>
2021-08-03 16:38:05,771:DEBUG:in-event <InotifyEvent: src_path=b'/home/rabbia/To-DoList/test.log', wd=1, mask=IN_MODIFY, cookie=0, name=test.log>
2021-08-03 16:38:05,771:DEBUG:in-event <InotifyEvent: src_path=b'/home/rabbia/To-DoList/test.log', wd=1, mask=IN_MODIFY, cookie=0, name=test.log>
2021-08-03 16:38:05,771:DEBUG:in-event <InotifyEvent: src_path=b'/home/rabbia/To-DoList/test.log', wd=1, mask=IN_MODIFY, cookie=0, name=test.log>
2021-08-03 16:38:05,771:DEBUG:in-event <InotifyEvent: src_path=b'/home/rabbia/To-DoList/test.log', wd=1, mask=IN_MODIFY, cookie=0, name=test.log>
2021-08-03 16:38:05,772:DEBUG:in-event <InotifyEvent: src_path=b'/home/rabbia/To-DoList/test.log', wd=1, mask=IN_MODIFY, cookie=0, name=test.log>
2021-08-03 16:38:05,772:DEBUG:in-event <InotifyEvent: src_path=b'/home/rabbia/To-DoList/test.log', wd=1, mask=IN_MODIFY, cookie=0, name=test.log>
2021-08-03 16:38:05,772:DEBUG:in-event <InotifyEvent: src_path=b'/home/rabbia/To-DoList/test.log', wd=1, mask=IN_MODIFY, cookie=0, name=test.log>
2021-08-03 16:38:05,772:DEBUG:in-event <InotifyEvent: src_path=b'/home/rabbia/To-DoList/test.log', wd=1, mask=IN_MODIFY, cookie=0, name=test.log>
2021-08-03 16:38:05,772:DEBUG:in-event <InotifyEvent: src_path=b'/home/rabbia/To-DoList/test.log', wd=1, mask=IN_MODIFY, cookie=0, name=test.log>
2021-08-03 16:38:05,772:DEBUG:in-event <InotifyEvent: src_path=b'/home/rabbia/To-DoList/test.log', wd=1, mask=IN_MODIFY, cookie=0, name=test.log>
2021-08-03 16:38:05,772:DEBUG:in-event <InotifyEvent: src_path=b'/home/rabbia/To-DoList/test.log', wd=1, mask=IN_MODIFY, cookie=0, name=test.log>
2021-08-03 16:38:05,772:DEBUG:in-event <InotifyEvent: src_path=b'/home/rabbia/To-DoList/test.log', wd=1, mask=IN_MODIFY, cookie=0, name=test.log>
2021-08-03 16:38:05,773:DEBUG:in-event <InotifyEvent: src_path=b'/home/rabbia/To-DoList/test.log', wd=1, mask=IN_MODIFY, cookie=0, name=test.log>
2021-08-03 16:38:05,773:DEBUG:in-event <InotifyEvent: src_path=b'/home/rabbia/To-DoList/test.log', wd=1, mask=IN_MODIFY, cookie=0, name=test.log>
2021-08-03 16:38:05,773:DEBUG:in-event <InotifyEvent: src_path=b'/home/rabbia/To-DoList/test.log', wd=1, mask=IN_MODIFY, cookie=0, name=test.log>
2021-08-03 16:38:05,773:DEBUG:in-event <InotifyEvent: src_path=b'/home/rabbia/To-DoList/test.log', wd=1, mask=IN_MODIFY, cookie=0, name=test.log>
2021-08-03 16:38:05,773:DEBUG:in-event <InotifyEvent: src_path=b'/home/rabbia/To-DoList/test.log', wd=1, mask=IN_MODIFY, cookie=0, name=test.log>
2021-08-03 16:38:05,773:DEBUG:in-event <InotifyEvent: src_path=b'/home/rabbia/To-DoList/test.log', wd=1, mask=IN_MODIFY, cookie=0, name=test.log>
2021-08-03 16:38:05,773:DEBUG:in-event <InotifyEvent: src_path=b'/home/rabbia/To-DoList/test.log', wd=1, mask=IN_MODIFY, cookie=0, name=test.log>
2021-08-03 16:38:05,774:DEBUG:in-event <InotifyEvent: src_path=b'/home/rabbia/To-DoList/test.log', wd=1, mask=IN_MODIFY, cookie=0, name=test.log>
2021-08-03 16:38:05,774:DEBUG:in-event <InotifyEvent: src_path=b'/home/rabbia/To-DoList/test.log', wd=1, mask=IN_MODIFY, cookie=0, name=test.log>
2021-08-03 16:38:05,774:DEBUG:in-event <InotifyEvent: src_path=b'/home/rabbia/To-DoList/test.log', wd=1, mask=IN_MODIFY, cookie=0, name=test.log>
2021-08-03 16:38:05,774:DEBUG:in-event <InotifyEvent: src_path=b'/home/rabbia/To-DoList/test.log', wd=1, mask=IN_MODIFY, cookie=0, name=test.log>
2021-08-03 16:38:05,774:DEBUG:in-event <InotifyEvent: src_path=b'/home/rabbia/To-DoList/test.log', wd=1, mask=IN_MODIFY, cookie=0, name=test.log>
2021-08-03 16:38:05,774:DEBUG:in-event <InotifyEvent: src_path=b'/home/rabbia/To-DoList/test.log', wd=1, mask=IN_MODIFY, cookie=0, name=test.log>
2021-08-03 16:38:05,774:DEBUG:in-event <InotifyEvent: src_path=b'/home/rabbia/To-DoList/test.log', wd=1, mask=IN_MODIFY, cookie=0, name=test.log>
2021-08-03 16:38:05,774:DEBUG:in-event <InotifyEvent: src_path=b'/home/rabbia/To-DoList/test.log', wd=1, mask=IN_MODIFY, cookie=0, name=test.log>
2021-08-03 16:38:05,774:DEBUG:in-event <InotifyEvent: src_path=b'/home/rabbia/To-DoList/test.log', wd=1, mask=IN_MODIFY, cookie=0, name=test.log>
2021-08-03 16:38:05,775:DEBUG:in-event <InotifyEvent: src_path=b'/home/rabbia/To-DoList/test.log', wd=1, mask=IN_MODIFY, cookie=0, name=test.log>
2021-08-03 16:38:05,775:DEBUG:in-event <InotifyEvent: src_path=b'/home/rabbia/To-DoList/test.log', wd=1, mask=IN_MODIFY, cookie=0, name=test.log>
2021-08-03 16:38:05,775:DEBUG:in-event <InotifyEvent: src_path=b'/home/rabbia/To-DoList/test.log', wd=1, mask=IN_MODIFY, cookie=0, name=test.log>
2021-08-03 16:38:05,775:DEBUG:in-event <InotifyEvent: src_path=b'/home/rabbia/To-DoList/test.log', wd=1, mask=IN_MODIFY, cookie=0, name=test.log>
2021-08-03 16:38:05,775:DEBUG:in-event <InotifyEvent: src_path=b'/home/rabbia/To-DoList/test.log', wd=1, mask=IN_MODIFY, cookie=0, name=test.log>
2021-08-03 16:38:05,775:DEBUG:in-event <InotifyEvent: src_path=b'/home/rabbia/To-DoList/test.log', wd=1, mask=IN_MODIFY, cookie=0, name=test.log>
2021-08-03 16:38:05,775:DEBUG:in-event <InotifyEvent: src_path=b'/home/rabbia/To-DoList/test.log', wd=1, mask=IN_MODIFY, cookie=0, name=test.log>
2021-08-03 16:38:05,775:DEBUG:in-event <InotifyEvent: src_path=b'/home/rabbia/To-DoList/test.log', wd=1, mask=IN_MODIFY, cookie=0, name=test.log>
2021-08-03 16:38:05,775:DEBUG:in-event <InotifyEvent: src_path=b'/home/rabbia/To-DoList/test.log', wd=1, mask=IN_MODIFY, cookie=0, name=test.log>
2021-08-03 16:38:05,776:DEBUG:in-event <InotifyEvent: src_path=b'/home/rabbia/To-DoList/test.log', wd=1, mask=IN_MODIFY, cookie=0, name=test.log>
2021-08-03 16:38:05,776:DEBUG:in-event <InotifyEvent: src_path=b'/home/rabbia/To-DoList/test.log', wd=1, mask=IN_MODIFY, cookie=0, name=test.log>
2021-08-03 16:38:05,776:DEBUG:in-event <InotifyEvent: src_path=b'/home/rabbia/To-DoList/test.log', wd=1, mask=IN_MODIFY, cookie=0, name=test.log>
2021-08-03 16:38:05,776:DEBUG:in-event <InotifyEvent: src_path=b'/home/rabbia/To-DoList/test.log', wd=1, mask=IN_MODIFY, cookie=0, name=test.log>
2021-08-03 16:38:05,776:DEBUG:in-event <InotifyEvent: src_path=b'/home/rabbia/To-DoList/test.log', wd=1, mask=IN_MODIFY, cookie=0, name=test.log>
2021-08-03 16:38:05,776:DEBUG:in-event <InotifyEvent: src_path=b'/home/rabbia/To-DoList/test.log', wd=1, mask=IN_MODIFY, cookie=0, name=test.log>
2021-08-03 16:38:05,776:DEBUG:in-event <InotifyEvent: src_path=b'/home/rabbia/To-DoList/test.log', wd=1, mask=IN_MODIFY, cookie=0, name=test.log>
2021-08-03 16:38:05,776:DEBUG:in-event <InotifyEvent: src_path=b'/home/rabbia/To-DoList/test.log', wd=1, mask=IN_MODIFY, cookie=0, name=test.log>
2021-08-03 16:38:05,776:DEBUG:in-event <InotifyEvent: src_path=b'/home/rabbia/To-DoList/test.log', wd=1, mask=IN_MODIFY, cookie=0, name=test.log>
2021-08-03 16:38:05,777:DEBUG:in-event <InotifyEvent: src_path=b'/home/rabbia/To-DoList/test.log', wd=1, mask=IN_MODIFY, cookie=0, name=test.log>
2021-08-03 16:38:05,777:DEBUG:in-event <InotifyEvent: src_path=b'/home/rabbia/To-DoList/test.log', wd=1, mask=IN_MODIFY, cookie=0, name=test.log>
2021-08-03 16:38:05,777:DEBUG:in-event <InotifyEvent: src_path=b'/home/rabbia/To-DoList/test.log', wd=1, mask=IN_MODIFY, cookie=0, name=test.log>
2021-08-03 16:38:05,777:DEBUG:in-event <InotifyEvent: src_path=b'/home/rabbia/To-DoList/test.log', wd=1, mask=IN_MODIFY, cookie=0, name=test.log>
2021-08-03 16:38:05,777:DEBUG:in-event <InotifyEvent: src_path=b'/home/rabbia/To-DoList/test.log', wd=1, mask=IN_MODIFY, cookie=0, name=test.log>
2021-08-03 16:38:05,777:DEBUG:in-event <InotifyEvent: src_path=b'/home/rabbia/To-DoList/test.log', wd=1, mask=IN_MODIFY, cookie=0, name=test.log>
2021-08-03 16:38:05,777:DEBUG:in-event <InotifyEvent: src_path=b'/home/rabbia/To-DoList/test.log', wd=1, mask=IN_MODIFY, cookie=0, name=test.log>
2021-08-03 16:38:05,777:DEBUG:in-event <InotifyEvent: src_path=b'/home/rabbia/To-DoList/test.log', wd=1, mask=IN_MODIFY, cookie=0, name=test.log>
2021-08-03 16:38:05,777:DEBUG:in-event <InotifyEvent: src_path=b'/home/rabbia/To-DoList/test.log', wd=1, mask=IN_MODIFY, cookie=0, name=test.log>
2021-08-03 16:38:05,778:DEBUG:in-event <InotifyEvent: src_path=b'/home/rabbia/To-DoList/test.log', wd=1, mask=IN_MODIFY, cookie=0, name=test.log>
2021-08-03 16:38:05,778:DEBUG:in-event <InotifyEvent: src_path=b'/home/rabbia/To-DoList/test.log', wd=1, mask=IN_MODIFY, cookie=0, name=test.log>
2021-08-03 16:38:05,778:DEBUG:in-event <InotifyEvent: src_path=b'/home/rabbia/To-DoList/test.log', wd=1, mask=IN_MODIFY, cookie=0, name=test.log>
2021-08-03 16:38:05,778:DEBUG:in-event <InotifyEvent: src_path=b'/home/rabbia/To-DoList/test.log', wd=1, mask=IN_MODIFY, cookie=0, name=test.log>
2021-08-03 16:38:05,778:DEBUG:in-event <InotifyEvent: src_path=b'/home/rabbia/To-DoList/test.log', wd=1, mask=IN_MODIFY, cookie=0, name=test.log>
2021-08-03 16:38:05,778:DEBUG:in-event <InotifyEvent: src_path=b'/home/rabbia/To-DoList/test.log', wd=1, mask=IN_MODIFY, cookie=0, name=test.log>
2021-08-03 16:38:05,778:DEBUG:in-event <InotifyEvent: src_path=b'/home/rabbia/To-DoList/test.log', wd=1, mask=IN_MODIFY, cookie=0, name=test.log>
2021-08-03 16:38:05,778:DEBUG:in-event <InotifyEvent: src_path=b'/home/rabbia/To-DoList/test.log', wd=1, mask=IN_MODIFY, cookie=0, name=test.log>
2021-08-03 16:38:05,778:DEBUG:in-event <InotifyEvent: src_path=b'/home/rabbia/To-DoList/test.log', wd=1, mask=IN_MODIFY, cookie=0, name=test.log>
2021-08-03 16:38:05,779:DEBUG:in-event <InotifyEvent: src_path=b'/home/rabbia/To-DoList/test.log', wd=1, mask=IN_MODIFY, cookie=0, name=test.log>
2021-08-03 16:38:05,779:DEBUG:in-event <InotifyEvent: src_path=b'/home/rabbia/To-DoList/test.log', wd=1, mask=IN_MODIFY, cookie=0, name=test.log>
2021-08-03 16:38:05,779:DEBUG:in-event <InotifyEvent: src_path=b'/home/rabbia/To-DoList/test.log', wd=1, mask=IN_MODIFY, cookie=0, name=test.log>
2021-08-03 16:38:05,779:DEBUG:in-event <InotifyEvent: src_path=b'/home/rabbia/To-DoList/test.log', wd=1, mask=IN_MODIFY, cookie=0, name=test.log>
2021-08-03 16:38:05,779:DEBUG:in-event <InotifyEvent: src_path=b'/home/rabbia/To-DoList/test.log', wd=1, mask=IN_MODIFY, cookie=0, name=test.log>
2021-08-03 16:38:05,779:DEBUG:in-event <InotifyEvent: src_path=b'/home/rabbia/To-DoList/test.log', wd=1, mask=IN_MODIFY, cookie=0, name=test.log>
2021-08-03 16:38:05,779:DEBUG:in-event <InotifyEvent: src_path=b'/home/rabbia/To-DoList/test.log', wd=1, mask=IN_MODIFY, cookie=0, name=test.log>
2021-08-03 16:38:05,779:DEBUG:in-event <InotifyEvent: src_path=b'/home/rabbia/To-DoList/test.log', wd=1, mask=IN_MODIFY, cookie=0, name=test.log>
2021-08-03 16:38:05,779:DEBUG:in-event <InotifyEvent: src_path=b'/home/rabbia/To-DoList/test.log', wd=1, mask=IN_MODIFY, cookie=0, name=test.log>
2021-08-03 16:38:05,780:DEBUG:in-event <InotifyEvent: src_path=b'/home/rabbia/To-DoList/test.log', wd=1, mask=IN_MODIFY, cookie=0, name=test.log>
2021-08-03 16:38:05,780:DEBUG:in-event <InotifyEvent: src_path=b'/home/rabbia/To-DoList/test.log', wd=1, mask=IN_MODIFY, cookie=0, name=test.log>
2021-08-03 16:38:05,780:DEBUG:in-event <InotifyEvent: src_path=b'/home/rabbia/To-DoList/test.log', wd=1, mask=IN_MODIFY, cookie=0, name=test.log>
2021-08-03 16:38:05,780:DEBUG:in-event <InotifyEvent: src_path=b'/home/rabbia/To-DoList/test.log', wd=1, mask=IN_MODIFY, cookie=0, name=test.log>
2021-08-03 16:38:05,780:DEBUG:in-event <InotifyEvent: src_path=b'/home/rabbia/To-DoList/test.log', wd=1, mask=IN_MODIFY, cookie=0, name=test.log>
2021-08-03 16:38:05,780:DEBUG:in-event <InotifyEvent: src_path=b'/home/rabbia/To-DoList/test.log', wd=1, mask=IN_MODIFY, cookie=0, name=test.log>
2021-08-03 16:38:05,780:DEBUG:in-event <InotifyEvent: src_path=b'/home/rabbia/To-DoList/test.log', wd=1, mask=IN_MODIFY, cookie=0, name=test.log>
2021-08-03 16:38:05,781:DEBUG:in-event <InotifyEvent: src_path=b'/home/rabbia/To-DoList/test.log', wd=1, mask=IN_MODIFY, cookie=0, name=test.log>
2021-08-03 16:38:05,781:DEBUG:in-event <InotifyEvent: src_path=b'/home/rabbia/To-DoList/test.log', wd=1, mask=IN_MODIFY, cookie=0, name=test.log>
2021-08-03 16:38:05,781:DEBUG:in-event <InotifyEvent: src_path=b'/home/rabbia/To-DoList/test.log', wd=1, mask=IN_MODIFY, cookie=0, name=test.log>
2021-08-03 16:38:05,781:DEBUG:in-event <InotifyEvent: src_path=b'/home/rabbia/To-DoList/test.log', wd=1, mask=IN_MODIFY, cookie=0, name=test.log>
2021-08-03 16:38:05,781:DEBUG:in-event <InotifyEvent: src_path=b'/home/rabbia/To-DoList/test.log', wd=1, mask=IN_MODIFY, cookie=0, name=test.log>
2021-08-03 16:38:05,781:DEBUG:in-event <InotifyEvent: src_path=b'/home/rabbia/To-DoList/test.log', wd=1, mask=IN_MODIFY, cookie=0, name=test.log>
2021-08-03 16:38:05,781:DEBUG:in-event <InotifyEvent: src_path=b'/home/rabbia/To-DoList/test.log', wd=1, mask=IN_MODIFY, cookie=0, name=test.log>
2021-08-03 16:38:05,781:DEBUG:in-event <InotifyEvent: src_path=b'/home/rabbia/To-DoList/test.log', wd=1, mask=IN_MODIFY, cookie=0, name=test.log>
2021-08-03 16:38:05,782:DEBUG:in-event <InotifyEvent: src_path=b'/home/rabbia/To-DoList/test.log', wd=1, mask=IN_MODIFY, cookie=0, name=test.log>
2021-08-03 16:38:05,782:DEBUG:in-event <InotifyEvent: src_path=b'/home/rabbia/To-DoList/test.log', wd=1, mask=IN_MODIFY, cookie=0, name=test.log>
INFO:werkzeug: * Restarting with watchdog (inotify)
2021-08-03 16:38:06,428:WARNING: * Debugger is active!
2021-08-03 16:38:06,428:INFO: * Debugger PIN: 122-158-031
2021-08-03 16:45:44,925:INFO:127.0.0.1 - - [03/Aug/2021 16:45:44] "[33mGET / HTTP/1.1[0m" 404 -
2021-08-03 16:45:55,152:INFO: * Running on http://127.0.0.1:5000/ (Press CTRL+C to quit)
2021-08-03 16:45:55,158:INFO: * Restarting with watchdog (inotify)
2021-08-03 16:45:55,640:WARNING: * Debugger is active!
2021-08-03 16:45:55,640:INFO: * Debugger PIN: 122-158-031
2021-08-03 16:49:04,508:INFO: * Detected change in '/home/rabbia/To-DoList/insertion.py', reloading
2021-08-03 16:49:04,510:INFO: * Detected change in '/home/rabbia/To-DoList/insertion.py', reloading
2021-08-03 16:49:04,746:INFO: * Detected change in '/home/rabbia/To-DoList/insertion.py', reloading
2021-08-03 16:49:05,883:INFO: * Restarting with watchdog (inotify)
2021-08-03 16:49:06,724:WARNING: * Debugger is active!
2021-08-03 16:49:06,725:INFO: * Debugger PIN: 122-158-031
2021-08-03 16:50:07,621:INFO:127.0.0.1 - - [03/Aug/2021 16:50:07] "[31m[1mGET /registeruser HTTP/1.1[0m" 405 -
2021-08-03 16:50:13,440:INFO:127.0.0.1 - - [03/Aug/2021 16:50:13] "[35m[1mPOST /registeruser HTTP/1.1[0m" 500 -
2021-08-03 16:50:34,915:INFO: * Detected change in '/home/rabbia/To-DoList/insertion.py', reloading
2021-08-03 16:50:34,917:INFO: * Detected change in '/home/rabbia/To-DoList/insertion.py', reloading
2021-08-03 16:50:34,948:INFO: * Detected change in '/home/rabbia/To-DoList/insertion.py', reloading
2021-08-03 16:50:36,095:INFO: * Restarting with watchdog (inotify)
2021-08-03 16:50:36,691:WARNING: * Debugger is active!
2021-08-03 16:50:36,691:INFO: * Debugger PIN: 122-158-031
2021-08-03 16:50:39,123:INFO:Creating User with user ID:18
2021-08-03 16:50:39,395:INFO:User created with user ID:18
2021-08-03 16:50:39,411:INFO:127.0.0.1 - - [03/Aug/2021 16:50:39] "POST /registeruser HTTP/1.1" 200 -
2021-08-03 17:00:21,735:INFO: * Detected change in '/home/rabbia/To-DoList/insertion.py', reloading
2021-08-03 17:00:21,735:INFO: * Detected change in '/home/rabbia/To-DoList/insertion.py', reloading
2021-08-03 17:00:22,090:INFO: * Detected change in '/home/rabbia/To-DoList/insertion.py', reloading
2021-08-03 17:00:23,213:INFO: * Restarting with watchdog (inotify)
2021-08-03 17:00:23,716:WARNING: * Debugger is active!
2021-08-03 17:00:23,717:INFO: * Debugger PIN: 122-158-031
2021-08-03 17:32:53,857:INFO: * Detected change in '/home/rabbia/To-DoList/insertion.py', reloading
2021-08-03 17:32:53,858:INFO: * Detected change in '/home/rabbia/To-DoList/insertion.py', reloading
2021-08-03 17:32:54,059:INFO: * Restarting with watchdog (inotify)
2021-08-03 17:32:54,752:WARNING: * Debugger is active!
2021-08-03 17:32:54,753:INFO: * Debugger PIN: 122-158-031
2021-08-04 10:32:31,071:INFO: * Running on http://127.0.0.1:5000/ (Press CTRL+C to quit)
2021-08-04 10:32:31,317:INFO: * Restarting with watchdog (inotify)
2021-08-04 10:32:31,833:WARNING: * Debugger is active!
2021-08-04 10:32:31,931:INFO: * Debugger PIN: 122-479-409
2021-08-04 10:32:45,496:INFO:127.0.0.1 - - [04/Aug/2021 10:32:45] "[35m[1mGET /process/Rabbia HTTP/1.1[0m" 500 -
2021-08-04 10:32:45,620:INFO:127.0.0.1 - - [04/Aug/2021 10:32:45] "GET /process/Rabbia?__debugger__=yes&cmd=resource&f=style.css HTTP/1.1" 200 -
2021-08-04 10:32:45,628:INFO:127.0.0.1 - - [04/Aug/2021 10:32:45] "GET /process/Rabbia?__debugger__=yes&cmd=resource&f=debugger.js HTTP/1.1" 200 -
2021-08-04 10:32:45,660:INFO:127.0.0.1 - - [04/Aug/2021 10:32:45] "GET /process/Rabbia?__debugger__=yes&cmd=resource&f=console.png HTTP/1.1" 200 -
2021-08-04 10:32:45,753:INFO:127.0.0.1 - - [04/Aug/2021 10:32:45] "GET /process/Rabbia?__debugger__=yes&cmd=resource&f=console.png HTTP/1.1" 200 -
2021-08-04 10:33:09,157:INFO: * Detected change in '/home/rabbia/To-DoList/insertion.py', reloading
2021-08-04 10:33:09,159:INFO: * Detected change in '/home/rabbia/To-DoList/insertion.py', reloading
2021-08-04 10:33:09,283:INFO: * Detected change in '/home/rabbia/To-DoList/insertion.py', reloading
2021-08-04 10:33:10,414:INFO: * Restarting with watchdog (inotify)
2021-08-04 10:33:11,093:WARNING: * Debugger is active!
2021-08-04 10:33:11,093:INFO: * Debugger PIN: 122-479-409
2021-08-04 10:33:13,921:INFO:127.0.0.1 - - [04/Aug/2021 10:33:13] "GET /process/Rabbia HTTP/1.1" 200 -
2021-08-04 10:33:13,944:INFO:127.0.0.1 - - [04/Aug/2021 10:33:13] "[33mGET /favicon.ico HTTP/1.1[0m" 404 -
2021-08-04 10:37:06,000:INFO: * Detected change in '/home/rabbia/To-DoList/celeryconfig.py', reloading
2021-08-04 10:37:06,001:INFO: * Detected change in '/home/rabbia/To-DoList/celeryconfig.py', reloading
2021-08-04 10:37:07,106:INFO: * Restarting with watchdog (inotify)
2021-08-04 10:37:07,774:WARNING: * Debugger is active!
2021-08-04 10:37:07,774:INFO: * Debugger PIN: 122-479-409
2021-08-04 10:37:22,950:INFO:127.0.0.1 - - [04/Aug/2021 10:37:22] "GET /process/Rabbia HTTP/1.1" 200 -
2021-08-04 10:37:23,828:INFO:127.0.0.1 - - [04/Aug/2021 10:37:23] "GET /process/Rabbia HTTP/1.1" 200 -
2021-08-04 10:46:24,127:INFO: * Detected change in '/home/rabbia/To-DoList/main.py', reloading
2021-08-04 10:46:24,128:INFO: * Detected change in '/home/rabbia/To-DoList/main.py', reloading
2021-08-04 10:46:24,251:INFO: * Detected change in '/home/rabbia/To-DoList/main.py', reloading
2021-08-04 10:46:25,403:INFO: * Restarting with watchdog (inotify)
2021-08-04 10:46:25,945:WARNING: * Debugger is active!
2021-08-04 10:46:25,945:INFO: * Debugger PIN: 122-479-409
2021-08-04 11:09:24,398:INFO:127.0.0.1 - - [04/Aug/2021 11:09:24] "GET /process/Rabbia HTTP/1.1" 200 -
2021-08-04 11:09:27,791:INFO:127.0.0.1 - - [04/Aug/2021 11:09:27] "[33mGET /process HTTP/1.1[0m" 404 -
2021-08-04 11:09:30,849:INFO:127.0.0.1 - - [04/Aug/2021 11:09:30] "[33mGET / HTTP/1.1[0m" 404 -
2021-08-04 11:10:21,290:INFO: * Detected change in '/home/rabbia/To-DoList/insertion.py', reloading
2021-08-04 11:10:21,291:INFO: * Detected change in '/home/rabbia/To-DoList/insertion.py', reloading
2021-08-04 11:10:21,441:INFO: * Detected change in '/home/rabbia/To-DoList/insertion.py', reloading
2021-08-04 11:10:22,576:INFO: * Restarting with watchdog (inotify)
2021-08-04 11:10:23,344:WARNING: * Debugger is active!
2021-08-04 11:10:23,344:INFO: * Debugger PIN: 122-479-409
2021-08-04 11:10:31,279:INFO:127.0.0.1 - - [04/Aug/2021 11:10:31] "[35m[1mGET /process/Rabbia HTTP/1.1[0m" 500 -
2021-08-04 11:10:31,299:INFO:127.0.0.1 - - [04/Aug/2021 11:10:31] "GET /process/Rabbia?__debugger__=yes&cmd=resource&f=style.css HTTP/1.1" 200 -
2021-08-04 11:10:31,301:INFO:127.0.0.1 - - [04/Aug/2021 11:10:31] "GET /process/Rabbia?__debugger__=yes&cmd=resource&f=debugger.js HTTP/1.1" 200 -
2021-08-04 11:10:31,314:INFO:127.0.0.1 - - [04/Aug/2021 11:10:31] "GET /process/Rabbia?__debugger__=yes&cmd=resource&f=console.png HTTP/1.1" 200 -
2021-08-04 11:10:31,347:INFO:127.0.0.1 - - [04/Aug/2021 11:10:31] "GET /process/Rabbia?__debugger__=yes&cmd=resource&f=console.png HTTP/1.1" 200 -
2021-08-04 11:10:50,480:INFO: * Detected change in '/home/rabbia/To-DoList/insertion.py', reloading
2021-08-04 11:10:50,482:INFO: * Detected change in '/home/rabbia/To-DoList/insertion.py', reloading
2021-08-04 11:10:50,603:INFO: * Detected change in '/home/rabbia/To-DoList/insertion.py', reloading
2021-08-04 11:10:51,737:INFO: * Restarting with watchdog (inotify)
2021-08-04 11:10:52,421:WARNING: * Debugger is active!
2021-08-04 11:10:52,422:INFO: * Debugger PIN: 122-479-409
2021-08-04 11:10:54,591:INFO:127.0.0.1 - - [04/Aug/2021 11:10:54] "[35m[1mGET /process/Rabbia HTTP/1.1[0m" 500 -
2021-08-04 11:10:54,608:INFO:127.0.0.1 - - [04/Aug/2021 11:10:54] "GET /process/Rabbia?__debugger__=yes&cmd=resource&f=style.css HTTP/1.1" 200 -
2021-08-04 11:10:54,611:INFO:127.0.0.1 - - [04/Aug/2021 11:10:54] "GET /process/Rabbia?__debugger__=yes&cmd=resource&f=debugger.js HTTP/1.1" 200 -
2021-08-04 11:10:54,620:INFO:127.0.0.1 - - [04/Aug/2021 11:10:54] "GET /process/Rabbia?__debugger__=yes&cmd=resource&f=console.png HTTP/1.1" 200 -
2021-08-04 11:10:54,637:INFO:127.0.0.1 - - [04/Aug/2021 11:10:54] "GET /process/Rabbia?__debugger__=yes&cmd=resource&f=console.png HTTP/1.1" 200 -
2021-08-04 11:11:05,291:INFO: * Detected change in '/home/rabbia/To-DoList/insertion.py', reloading
2021-08-04 11:11:05,293:INFO: * Detected change in '/home/rabbia/To-DoList/insertion.py', reloading
2021-08-04 11:11:05,336:INFO: * Detected change in '/home/rabbia/To-DoList/insertion.py', reloading
2021-08-04 11:11:06,486:INFO: * Restarting with watchdog (inotify)
2021-08-04 11:11:07,026:WARNING: * Debugger is active!
2021-08-04 11:11:07,027:INFO: * Debugger PIN: 122-479-409
2021-08-04 11:11:07,948:INFO:127.0.0.1 - - [04/Aug/2021 11:11:07] "[35m[1mGET /process/Rabbia HTTP/1.1[0m" 500 -
2021-08-04 11:11:07,966:INFO:127.0.0.1 - - [04/Aug/2021 11:11:07] "GET /process/Rabbia?__debugger__=yes&cmd=resource&f=style.css HTTP/1.1" 200 -
2021-08-04 11:11:07,967:INFO:127.0.0.1 - - [04/Aug/2021 11:11:07] "GET /process/Rabbia?__debugger__=yes&cmd=resource&f=debugger.js HTTP/1.1" 200 -
2021-08-04 11:11:07,979:INFO:127.0.0.1 - - [04/Aug/2021 11:11:07] "GET /process/Rabbia?__debugger__=yes&cmd=resource&f=console.png HTTP/1.1" 200 -
2021-08-04 11:11:08,002:INFO:127.0.0.1 - - [04/Aug/2021 11:11:08] "GET /process/Rabbia?__debugger__=yes&cmd=resource&f=console.png HTTP/1.1" 200 -
2021-08-04 11:11:15,087:INFO: * Detected change in '/home/rabbia/To-DoList/insertion.py', reloading
2021-08-04 11:11:15,088:INFO: * Detected change in '/home/rabbia/To-DoList/insertion.py', reloading
2021-08-04 11:11:16,236:INFO: * Restarting with watchdog (inotify)
2021-08-04 11:11:16,795:WARNING: * Debugger is active!
2021-08-04 11:11:16,796:INFO: * Debugger PIN: 122-479-409
2021-08-04 11:11:19,774:INFO:127.0.0.1 - - [04/Aug/2021 11:11:19] "[35m[1mGET /process/Rabbia HTTP/1.1[0m" 500 -
2021-08-04 11:11:19,795:INFO:127.0.0.1 - - [04/Aug/2021 11:11:19] "GET /process/Rabbia?__debugger__=yes&cmd=resource&f=style.css HTTP/1.1" 200 -
2021-08-04 11:11:19,795:INFO:127.0.0.1 - - [04/Aug/2021 11:11:19] "GET /process/Rabbia?__debugger__=yes&cmd=resource&f=debugger.js HTTP/1.1" 200 -
2021-08-04 11:11:19,808:INFO:127.0.0.1 - - [04/Aug/2021 11:11:19] "GET /process/Rabbia?__debugger__=yes&cmd=resource&f=console.png HTTP/1.1" 200 -
2021-08-04 11:11:19,832:INFO:127.0.0.1 - - [04/Aug/2021 11:11:19] "GET /process/Rabbia?__debugger__=yes&cmd=resource&f=console.png HTTP/1.1" 200 -
2021-08-04 11:16:03,193:INFO: * Detected change in '/home/rabbia/To-DoList/insertion.py', reloading
2021-08-04 11:16:03,195:INFO: * Detected change in '/home/rabbia/To-DoList/insertion.py', reloading
2021-08-04 11:16:03,284:INFO: * Detected change in '/home/rabbia/To-DoList/insertion.py', reloading
2021-08-04 11:16:04,422:INFO: * Restarting with watchdog (inotify)
2021-08-04 11:16:05,108:WARNING: * Debugger is active!
2021-08-04 11:16:05,109:INFO: * Debugger PIN: 122-479-409
2021-08-04 11:16:19,455:INFO:127.0.0.1 - - [04/Aug/2021 11:16:19] "[33mGET / HTTP/1.1[0m" 404 -
2021-08-04 11:16:25,737:INFO:127.0.0.1 - - [04/Aug/2021 11:16:25] "[35m[1mGET /process/Rabbia HTTP/1.1[0m" 500 -
2021-08-04 11:16:25,755:INFO:127.0.0.1 - - [04/Aug/2021 11:16:25] "GET /process/Rabbia?__debugger__=yes&cmd=resource&f=style.css HTTP/1.1" 200 -
2021-08-04 11:16:25,756:INFO:127.0.0.1 - - [04/Aug/2021 11:16:25] "GET /process/Rabbia?__debugger__=yes&cmd=resource&f=debugger.js HTTP/1.1" 200 -
2021-08-04 11:16:25,768:INFO:127.0.0.1 - - [04/Aug/2021 11:16:25] "GET /process/Rabbia?__debugger__=yes&cmd=resource&f=console.png HTTP/1.1" 200 -
2021-08-04 11:17:14,220:INFO: * Detected change in '/home/rabbia/To-DoList/insertion.py', reloading
2021-08-04 11:17:14,222:INFO: * Detected change in '/home/rabbia/To-DoList/insertion.py', reloading
2021-08-04 11:17:14,254:INFO: * Detected change in '/home/rabbia/To-DoList/insertion.py', reloading
2021-08-04 11:17:15,412:INFO: * Restarting with watchdog (inotify)
2021-08-04 11:17:16,006:WARNING: * Debugger is active!
2021-08-04 11:17:16,007:INFO: * Debugger PIN: 122-479-409
2021-08-04 11:17:19,774:INFO:127.0.0.1 - - [04/Aug/2021 11:17:19] "GET /process/Rabbia HTTP/1.1" 200 -
2021-08-04 11:17:33,734:INFO: * Detected change in '/home/rabbia/To-DoList/insertion.py', reloading
2021-08-04 11:17:33,736:INFO: * Detected change in '/home/rabbia/To-DoList/insertion.py', reloading
2021-08-04 11:17:34,030:INFO: * Detected change in '/home/rabbia/To-DoList/insertion.py', reloading
2021-08-04 11:17:35,172:INFO: * Restarting with watchdog (inotify)
2021-08-04 11:17:35,841:WARNING: * Debugger is active!
2021-08-04 11:17:35,841:INFO: * Debugger PIN: 122-479-409
2021-08-04 11:17:38,754:INFO:127.0.0.1 - - [04/Aug/2021 11:17:38] "GET /process/Rabbia HTTP/1.1" 200 -
2021-08-04 11:17:39,489:INFO:127.0.0.1 - - [04/Aug/2021 11:17:39] "GET /process/Rabbia HTTP/1.1" 200 -
2021-08-04 11:18:06,288:INFO: * Detected change in '/home/rabbia/To-DoList/insertion.py', reloading
2021-08-04 11:18:06,290:INFO: * Detected change in '/home/rabbia/To-DoList/insertion.py', reloading
2021-08-04 11:18:07,432:INFO: * Restarting with watchdog (inotify)
2021-08-04 11:18:07,991:WARNING: * Debugger is active!
2021-08-04 11:18:07,991:INFO: * Debugger PIN: 122-479-409
2021-08-04 11:18:09,395:INFO:127.0.0.1 - - [04/Aug/2021 11:18:09] "[35m[1mGET /process/Rabbia HTTP/1.1[0m" 500 -
2021-08-04 11:18:09,415:INFO:127.0.0.1 - - [04/Aug/2021 11:18:09] "GET /process/Rabbia?__debugger__=yes&cmd=resource&f=debugger.js HTTP/1.1" 200 -
2021-08-04 11:18:09,415:INFO:127.0.0.1 - - [04/Aug/2021 11:18:09] "GET /process/Rabbia?__debugger__=yes&cmd=resource&f=style.css HTTP/1.1" 200 -
2021-08-04 11:18:09,429:INFO:127.0.0.1 - - [04/Aug/2021 11:18:09] "GET /process/Rabbia?__debugger__=yes&cmd=resource&f=console.png HTTP/1.1" 200 -
2021-08-04 11:18:09,454:INFO:127.0.0.1 - - [04/Aug/2021 11:18:09] "GET /process/Rabbia?__debugger__=yes&cmd=resource&f=console.png HTTP/1.1" 200 -
2021-08-04 11:18:16,731:INFO: * Detected change in '/home/rabbia/To-DoList/insertion.py', reloading
2021-08-04 11:18:16,732:INFO: * Detected change in '/home/rabbia/To-DoList/insertion.py', reloading
2021-08-04 11:18:16,775:INFO: * Detected change in '/home/rabbia/To-DoList/insertion.py', reloading
2021-08-04 11:18:17,921:INFO: * Restarting with watchdog (inotify)
2021-08-04 11:18:18,463:WARNING: * Debugger is active!
2021-08-04 11:18:18,464:INFO: * Debugger PIN: 122-479-409
2021-08-04 11:18:54,073:INFO:127.0.0.1 - - [04/Aug/2021 11:18:54] "GET /process/Rabbia HTTP/1.1" 200 -
2021-08-04 11:37:00,380:INFO: * Detected change in '/home/rabbia/To-DoList/insertion.py', reloading
2021-08-04 11:37:00,381:INFO: * Detected change in '/home/rabbia/To-DoList/insertion.py', reloading
2021-08-04 11:37:00,510:INFO: * Detected change in '/home/rabbia/To-DoList/insertion.py', reloading
2021-08-04 11:37:01,667:INFO: * Restarting with watchdog (inotify)
2021-08-04 11:37:02,266:WARNING: * Debugger is active!
2021-08-04 11:37:02,267:INFO: * Debugger PIN: 122-479-409
2021-08-04 11:37:03,648:INFO:127.0.0.1 - - [04/Aug/2021 11:37:03] "GET /process/Rabbia HTTP/1.1" 200 -
2021-08-04 11:38:13,390:INFO:127.0.0.1 - - [04/Aug/2021 11:38:13] "GET /process/Rabbia HTTP/1.1" 200 -
2021-08-04 11:48:22,072:INFO: * Running on http://127.0.0.1:5000/ (Press CTRL+C to quit)
2021-08-04 11:48:22,078:INFO: * Restarting with watchdog (inotify)
2021-08-04 11:48:22,561:WARNING: * Debugger is active!
2021-08-04 11:48:22,561:INFO: * Debugger PIN: 122-479-409
2021-08-04 11:53:43,563:INFO: * Detected change in '/home/rabbia/To-DoList/main.py', reloading
2021-08-04 11:53:43,565:INFO: * Detected change in '/home/rabbia/To-DoList/main.py', reloading
2021-08-04 11:53:43,607:INFO: * Detected change in '/home/rabbia/To-DoList/main.py', reloading
2021-08-04 11:53:44,749:INFO: * Restarting with watchdog (inotify)
2021-08-04 11:53:45,418:WARNING: * Debugger is active!
2021-08-04 11:53:45,419:INFO: * Debugger PIN: 122-479-409
2021-08-04 11:54:07,699:INFO: * Detected change in '/home/rabbia/To-DoList/main.py', reloading
2021-08-04 11:54:07,700:INFO: * Detected change in '/home/rabbia/To-DoList/main.py', reloading
2021-08-04 11:54:07,741:INFO: * Detected change in '/home/rabbia/To-DoList/main.py', reloading
2021-08-04 11:54:08,882:INFO: * Restarting with watchdog (inotify)
2021-08-04 11:54:09,460:WARNING: * Debugger is active!
2021-08-04 11:54:09,460:INFO: * Debugger PIN: 122-479-409
2021-08-04 11:54:47,107:INFO: * Detected change in '/home/rabbia/To-DoList/app.py', reloading
2021-08-04 11:54:48,236:INFO: * Restarting with watchdog (inotify)
2021-08-04 11:54:48,721:WARNING: * Debugger is active!
2021-08-04 11:54:48,721:INFO: * Debugger PIN: 122-479-409
2021-08-04 11:57:35,159:INFO: * Detected change in '/home/rabbia/To-DoList/test.py', reloading
2021-08-04 11:57:36,271:INFO: * Restarting with watchdog (inotify)
2021-08-04 11:57:36,758:WARNING: * Debugger is active!
2021-08-04 11:57:36,758:INFO: * Debugger PIN: 122-479-409
2021-08-04 11:57:42,310:INFO: * Detected change in '/home/rabbia/To-DoList/script.py', reloading
2021-08-04 11:57:43,437:INFO: * Restarting with watchdog (inotify)
2021-08-04 11:57:43,980:WARNING: * Debugger is active!
2021-08-04 11:57:43,981:INFO: * Debugger PIN: 122-479-409
2021-08-04 12:03:33,016:INFO: * Detected change in '/home/rabbia/To-DoList/insertion.py', reloading
2021-08-04 12:03:33,016:INFO: * Detected change in '/home/rabbia/To-DoList/insertion.py', reloading
2021-08-04 12:03:33,195:INFO: * Detected change in '/home/rabbia/To-DoList/insertion.py', reloading
2021-08-04 12:03:34,342:INFO: * Restarting with watchdog (inotify)
2021-08-04 12:03:34,866:WARNING: * Debugger is active!
2021-08-04 12:03:34,866:INFO: * Debugger PIN: 122-479-409
2021-08-04 12:03:53,387:INFO: * Detected change in '/home/rabbia/To-DoList/celeryconfig.py', reloading
2021-08-04 12:03:53,389:INFO: * Detected change in '/home/rabbia/To-DoList/celeryconfig.py', reloading
2021-08-04 12:03:53,515:INFO: * Detected change in '/home/rabbia/To-DoList/celeryconfig.py', reloading
2021-08-04 12:03:54,058:INFO: * Detected change in '/home/rabbia/To-DoList/celeryconfig.py', reloading
2021-08-04 12:03:54,060:INFO: * Detected change in '/home/rabbia/To-DoList/celeryconfig.py', reloading
2021-08-04 12:03:54,100:INFO: * Detected change in '/home/rabbia/To-DoList/celeryconfig.py', reloading
2021-08-04 12:03:55,243:INFO: * Restarting with watchdog (inotify)
2021-08-04 12:03:55,748:WARNING: * Debugger is active!
2021-08-04 12:03:55,748:INFO: * Debugger PIN: 122-479-409
2021-08-04 12:04:30,578:INFO:127.0.0.1 - - [04/Aug/2021 12:04:30] "GET /process/Rabbia HTTP/1.1" 200 -
2021-08-04 12:04:32,432:INFO:127.0.0.1 - - [04/Aug/2021 12:04:32] "GET /process/Rabbia HTTP/1.1" 200 -
2021-08-04 12:05:38,847:INFO: * Detected change in '/home/rabbia/To-DoList/insertion.py', reloading
2021-08-04 12:05:38,848:INFO: * Detected change in '/home/rabbia/To-DoList/insertion.py', reloading
2021-08-04 12:05:38,881:INFO: * Detected change in '/home/rabbia/To-DoList/insertion.py', reloading
2021-08-04 12:05:40,038:INFO: * Restarting with watchdog (inotify)
2021-08-04 12:05:40,592:WARNING: * Debugger is active!
2021-08-04 12:05:40,592:INFO: * Debugger PIN: 122-479-409
2021-08-04 12:06:00,324:INFO:127.0.0.1 - - [04/Aug/2021 12:06:00] "GET /process/Rabbia HTTP/1.1" 200 -
2021-08-04 12:06:01,206:INFO:127.0.0.1 - - [04/Aug/2021 12:06:01] "GET /process/Rabbia HTTP/1.1" 200 -
2021-08-04 12:08:22,398:INFO: * Detected change in '/home/rabbia/To-DoList/insertion.py', reloading
2021-08-04 12:08:22,534:INFO: * Detected change in '/home/rabbia/To-DoList/insertion.py', reloading
2021-08-04 12:08:23,660:INFO: * Restarting with watchdog (inotify)
2021-08-04 12:08:24,319:WARNING: * Debugger is active!
2021-08-04 12:08:24,319:INFO: * Debugger PIN: 122-479-409
2021-08-04 12:08:38,628:INFO:127.0.0.1 - - [04/Aug/2021 12:08:38] "GET /process/Rabbia HTTP/1.1" 200 -
2021-08-04 12:18:09,005:INFO:127.0.0.1 - - [04/Aug/2021 12:18:09] "GET /process/Rabbia HTTP/1.1" 200 -
2021-08-04 12:19:44,597:INFO: * Detected change in '/home/rabbia/To-DoList/insertion.py', reloading
2021-08-04 12:19:44,598:INFO: * Detected change in '/home/rabbia/To-DoList/insertion.py', reloading
2021-08-04 12:19:44,631:INFO: * Detected change in '/home/rabbia/To-DoList/insertion.py', reloading
2021-08-04 12:19:45,738:INFO: * Restarting with watchdog (inotify)
2021-08-04 12:19:46,242:WARNING: * Debugger is active!
2021-08-04 12:19:46,242:INFO: * Debugger PIN: 122-479-409
2021-08-04 12:19:50,420:INFO: * Detected change in '/home/rabbia/To-DoList/celeryconfig.py', reloading
2021-08-04 12:19:50,421:INFO: * Detected change in '/home/rabbia/To-DoList/celeryconfig.py', reloading
2021-08-04 12:19:51,576:INFO: * Restarting with watchdog (inotify)
2021-08-04 12:19:52,155:WARNING: * Debugger is active!
2021-08-04 12:19:52,156:INFO: * Debugger PIN: 122-479-409
2021-08-04 12:20:04,550:INFO:127.0.0.1 - - [04/Aug/2021 12:20:04] "GET /process/Rabbia HTTP/1.1" 200 -
2021-08-04 12:20:05,967:INFO:127.0.0.1 - - [04/Aug/2021 12:20:05] "GET /process/Rabbia HTTP/1.1" 200 -
2021-08-04 12:20:06,790:INFO:127.0.0.1 - - [04/Aug/2021 12:20:06] "GET /process/Rabbia HTTP/1.1" 200 -
2021-08-04 12:20:13,103:INFO:127.0.0.1 - - [04/Aug/2021 12:20:13] "GET /process/Rabbia HTTP/1.1" 200 -
2021-08-04 12:27:42,326:INFO: * Detected change in '/home/rabbia/To-DoList/celeryconfig.py', reloading
2021-08-04 12:27:42,328:INFO: * Detected change in '/home/rabbia/To-DoList/celeryconfig.py', reloading
2021-08-04 12:27:42,586:INFO: * Detected change in '/home/rabbia/To-DoList/celeryconfig.py', reloading
2021-08-04 12:27:43,984:INFO: * Restarting with watchdog (inotify)
2021-08-04 12:27:44,708:WARNING: * Debugger is active!
2021-08-04 12:27:44,709:INFO: * Debugger PIN: 122-479-409
2021-08-04 12:27:46,044:INFO: * Detected change in '/home/rabbia/To-DoList/celeryconfig.py', reloading
2021-08-04 12:27:46,046:INFO: * Detected change in '/home/rabbia/To-DoList/celeryconfig.py', reloading
2021-08-04 12:27:46,084:INFO: * Detected change in '/home/rabbia/To-DoList/celeryconfig.py', reloading
2021-08-04 12:27:47,174:INFO: * Restarting with watchdog (inotify)
2021-08-04 12:27:47,681:WARNING: * Debugger is active!
2021-08-04 12:27:47,681:INFO: * Debugger PIN: 122-479-409
2021-08-04 12:27:51,159:INFO: * Detected change in '/home/rabbia/To-DoList/celeryconfig.py', reloading
2021-08-04 12:27:51,160:INFO: * Detected change in '/home/rabbia/To-DoList/celeryconfig.py', reloading
2021-08-04 12:27:51,194:INFO: * Detected change in '/home/rabbia/To-DoList/celeryconfig.py', reloading
2021-08-04 12:27:52,388:INFO: * Restarting with watchdog (inotify)
2021-08-04 12:27:53,077:WARNING: * Debugger is active!
2021-08-04 12:27:53,078:INFO: * Debugger PIN: 122-479-409
2021-08-04 12:28:04,939:INFO:127.0.0.1 - - [04/Aug/2021 12:28:04] "GET /process/Rabbia HTTP/1.1" 200 -
2021-08-04 12:28:05,814:INFO:127.0.0.1 - - [04/Aug/2021 12:28:05] "GET /process/Rabbia HTTP/1.1" 200 -
2021-08-04 12:44:17,093:INFO: * Detected change in '/home/rabbia/To-DoList/app/__init__.py', reloading
2021-08-04 12:44:17,221:INFO: * Detected change in '/home/rabbia/To-DoList/app/__init__.py', reloading
2021-08-04 12:44:18,321:INFO: * Restarting with watchdog (inotify)
2021-08-04 12:44:18,873:WARNING: * Debugger is active!
2021-08-04 12:44:18,874:INFO: * Debugger PIN: 122-479-409
2021-08-04 12:46:43,512:INFO: * Detected change in '/home/rabbia/To-DoList/app/__init__.py', reloading
2021-08-04 12:46:43,514:INFO: * Detected change in '/home/rabbia/To-DoList/app/__init__.py', reloading
2021-08-04 12:46:43,751:INFO: * Detected change in '/home/rabbia/To-DoList/app/__init__.py', reloading
2021-08-04 12:46:44,894:INFO: * Restarting with watchdog (inotify)
2021-08-04 12:46:45,457:WARNING: * Debugger is active!
2021-08-04 12:46:45,457:INFO: * Debugger PIN: 122-479-409
2021-08-04 12:47:04,679:INFO: * Detected change in '/home/rabbia/To-DoList/app/celery_utils.py', reloading
2021-08-04 12:47:04,805:INFO: * Detected change in '/home/rabbia/To-DoList/app/celery_utils.py', reloading
2021-08-04 12:47:05,939:INFO: * Restarting with watchdog (inotify)
2021-08-04 12:47:06,480:WARNING: * Debugger is active!
2021-08-04 12:47:06,481:INFO: * Debugger PIN: 122-479-409
2021-08-04 12:48:35,100:INFO: * Detected change in '/home/rabbia/To-DoList/app/factory.py', reloading
2021-08-04 12:48:35,231:INFO: * Detected change in '/home/rabbia/To-DoList/app/factory.py', reloading
2021-08-04 12:48:36,366:INFO: * Restarting with watchdog (inotify)
2021-08-04 12:48:36,980:WARNING: * Debugger is active!
2021-08-04 12:48:36,981:INFO: * Debugger PIN: 122-479-409
2021-08-04 12:53:13,095:INFO: * Detected change in '/home/rabbia/To-DoList/app/factory.py', reloading
2021-08-04 12:53:13,095:INFO: * Detected change in '/home/rabbia/To-DoList/app/factory.py', reloading
2021-08-04 12:53:14,220:INFO: * Restarting with watchdog (inotify)
2021-08-04 12:53:14,888:WARNING: * Debugger is active!
2021-08-04 12:53:14,889:INFO: * Debugger PIN: 122-479-409
2021-08-04 12:53:15,032:INFO: * Detected change in '/home/rabbia/To-DoList/app/celery_utils.py', reloading
2021-08-04 12:53:16,151:INFO: * Restarting with watchdog (inotify)
2021-08-04 12:53:16,814:WARNING: * Debugger is active!
2021-08-04 12:53:16,815:INFO: * Debugger PIN: 122-479-409
2021-08-04 12:53:30,216:INFO: * Detected change in '/home/rabbia/To-DoList/app/run.py', reloading
2021-08-04 12:53:30,459:INFO: * Detected change in '/home/rabbia/To-DoList/app/run.py', reloading
2021-08-04 12:53:31,601:INFO: * Restarting with watchdog (inotify)
2021-08-04 12:53:32,216:WARNING: * Debugger is active!
2021-08-04 12:53:32,217:INFO: * Debugger PIN: 122-479-409
2021-08-04 12:54:46,002:INFO: * Detected change in '/home/rabbia/To-DoList/app/run.py', reloading
2021-08-04 12:54:46,003:INFO: * Detected change in '/home/rabbia/To-DoList/app/run.py', reloading
2021-08-04 12:54:46,123:INFO: * Detected change in '/home/rabbia/To-DoList/app/run.py', reloading
2021-08-04 12:54:47,243:INFO: * Restarting with watchdog (inotify)
2021-08-04 12:54:47,774:WARNING: * Debugger is active!
2021-08-04 12:54:47,775:INFO: * Debugger PIN: 122-479-409
2021-08-04 12:55:34,899:INFO: * Detected change in '/home/rabbia/To-DoList/app/tasks.py', reloading
2021-08-04 12:55:35,027:INFO: * Detected change in '/home/rabbia/To-DoList/app/tasks.py', reloading
2021-08-04 12:55:36,151:INFO: * Restarting with watchdog (inotify)
2021-08-04 12:55:36,752:WARNING: * Debugger is active!
2021-08-04 12:55:36,752:INFO: * Debugger PIN: 122-479-409
2021-08-04 12:57:01,241:INFO: * Detected change in '/home/rabbia/To-DoList/app/tasks.py', reloading
2021-08-04 12:57:01,243:INFO: * Detected change in '/home/rabbia/To-DoList/app/tasks.py', reloading
2021-08-04 12:57:01,941:INFO: * Detected change in '/home/rabbia/To-DoList/app/tasks.py', reloading
2021-08-04 12:57:03,077:INFO: * Restarting with watchdog (inotify)
2021-08-04 12:57:03,738:WARNING: * Debugger is active!
2021-08-04 12:57:03,739:INFO: * Debugger PIN: 122-479-409
2021-08-04 12:57:17,295:INFO: * Detected change in '/home/rabbia/To-DoList/app/all.py', reloading
2021-08-04 12:57:17,421:INFO: * Detected change in '/home/rabbia/To-DoList/app/all.py', reloading
2021-08-04 12:57:18,556:INFO: * Restarting with watchdog (inotify)
2021-08-04 12:57:19,173:WARNING: * Debugger is active!
2021-08-04 12:57:19,173:INFO: * Debugger PIN: 122-479-409
2021-08-04 12:58:47,984:INFO: * Detected change in '/home/rabbia/To-DoList/app/all.py', reloading
2021-08-04 12:58:47,985:INFO: * Detected change in '/home/rabbia/To-DoList/app/all.py', reloading
2021-08-04 12:58:48,027:INFO: * Detected change in '/home/rabbia/To-DoList/app/all.py', reloading
2021-08-04 12:58:49,170:INFO: * Restarting with watchdog (inotify)
2021-08-04 12:58:49,817:WARNING: * Debugger is active!
2021-08-04 12:58:49,817:INFO: * Debugger PIN: 122-479-409
2021-08-04 13:38:46,556:INFO: * Detected change in '/home/rabbia/To-DoList/app/all.py', reloading
2021-08-04 13:38:46,583:INFO: * Detected change in '/home/rabbia/To-DoList/app/all.py', reloading
2021-08-04 13:38:46,605:INFO: * Detected change in '/home/rabbia/To-DoList/app/all.py', reloading
2021-08-04 13:38:47,743:INFO: * Restarting with watchdog (inotify)
2021-08-04 13:38:49,459:WARNING: * Debugger is active!
2021-08-04 13:38:49,459:INFO: * Debugger PIN: 122-479-409
2021-08-04 13:39:15,512:INFO: * Detected change in '/home/rabbia/To-DoList/app/celery_worker.py', reloading
2021-08-04 13:39:15,640:INFO: * Detected change in '/home/rabbia/To-DoList/app/celery_worker.py', reloading
2021-08-04 13:39:16,787:INFO: * Restarting with watchdog (inotify)
2021-08-04 13:39:17,373:WARNING: * Debugger is active!
2021-08-04 13:39:17,374:INFO: * Debugger PIN: 122-479-409
2021-08-04 13:41:08,612:INFO: * Detected change in '/home/rabbia/To-DoList/app/celery_worker.py', reloading
2021-08-04 13:41:08,614:INFO: * Detected change in '/home/rabbia/To-DoList/app/celery_worker.py', reloading
2021-08-04 13:41:08,655:INFO: * Detected change in '/home/rabbia/To-DoList/app/celery_worker.py', reloading
2021-08-04 13:41:09,772:INFO: * Restarting with watchdog (inotify)
2021-08-04 13:41:10,299:WARNING: * Debugger is active!
2021-08-04 13:41:10,300:INFO: * Debugger PIN: 122-479-409
2021-08-04 13:42:18,289:INFO: * Detected change in '/home/rabbia/To-DoList/celery_worker.py', reloading
2021-08-04 13:42:19,440:INFO: * Restarting with watchdog (inotify)
2021-08-04 13:42:20,251:WARNING: * Debugger is active!
2021-08-04 13:42:20,251:INFO: * Debugger PIN: 122-479-409
2021-08-04 13:42:25,362:INFO: * Detected change in '/home/rabbia/To-DoList/app/celery_worker.py', reloading
2021-08-04 13:42:26,501:INFO: * Restarting with watchdog (inotify)
2021-08-04 13:42:27,020:WARNING: * Debugger is active!
2021-08-04 13:42:27,020:INFO: * Debugger PIN: 122-479-409
2021-08-04 13:42:27,324:INFO: * Detected change in '/home/rabbia/To-DoList/celery_worker.py', reloading
2021-08-04 13:42:27,326:INFO: * Detected change in '/home/rabbia/To-DoList/celery_worker.py', reloading
2021-08-04 13:42:27,358:INFO: * Detected change in '/home/rabbia/To-DoList/celery_worker.py', reloading
2021-08-04 13:42:28,492:INFO: * Restarting with watchdog (inotify)
2021-08-04 13:42:29,102:WARNING: * Debugger is active!
2021-08-04 13:42:29,102:INFO: * Debugger PIN: 122-479-409
2021-08-04 13:44:04,267:INFO: * Detected change in '/home/rabbia/To-DoList/app/run.py', reloading
2021-08-04 13:44:04,269:INFO: * Detected change in '/home/rabbia/To-DoList/app/run.py', reloading
2021-08-04 13:44:04,307:INFO: * Detected change in '/home/rabbia/To-DoList/app/run.py', reloading
2021-08-04 13:44:05,479:INFO: * Restarting with watchdog (inotify)
2021-08-04 13:44:06,055:WARNING: * Debugger is active!
2021-08-04 13:44:06,056:INFO: * Debugger PIN: 122-479-409
2021-08-04 13:45:13,484:INFO: * Detected change in '/home/rabbia/To-DoList/run.py', reloading
2021-08-04 13:45:13,527:INFO: * Detected change in '/home/rabbia/To-DoList/run.py', reloading
2021-08-04 13:45:14,673:INFO: * Restarting with watchdog (inotify)
2021-08-04 13:45:15,271:WARNING: * Debugger is active!
2021-08-04 13:45:15,272:INFO: * Debugger PIN: 122-479-409
2021-08-04 13:45:16,348:INFO: * Detected change in '/home/rabbia/To-DoList/run.py', reloading
2021-08-04 13:45:16,382:INFO: * Detected change in '/home/rabbia/To-DoList/run.py', reloading
2021-08-04 13:45:17,530:INFO: * Restarting with watchdog (inotify)
2021-08-04 13:45:18,054:WARNING: * Debugger is active!
2021-08-04 13:45:18,054:INFO: * Debugger PIN: 122-479-409
2021-08-04 13:45:21,884:INFO: * Detected change in '/home/rabbia/To-DoList/app/run.py', reloading
2021-08-04 13:45:23,006:INFO: * Restarting with watchdog (inotify)
2021-08-04 13:45:23,546:WARNING: * Debugger is active!
2021-08-04 13:45:23,546:INFO: * Debugger PIN: 122-479-409
2021-08-04 13:46:08,839:INFO: * Detected change in '/home/rabbia/To-DoList/app/__init__.py', reloading
2021-08-04 13:46:08,840:INFO: * Detected change in '/home/rabbia/To-DoList/app/__init__.py', reloading
2021-08-04 13:46:08,966:INFO: * Detected change in '/home/rabbia/To-DoList/app/__init__.py', reloading
2021-08-04 13:46:10,108:INFO: * Restarting with watchdog (inotify)
2021-08-04 13:46:10,613:WARNING: * Debugger is active!
2021-08-04 13:46:10,613:INFO: * Debugger PIN: 122-479-409
2021-08-04 13:46:46,116:INFO: * Detected change in '/home/rabbia/To-DoList/run.py', reloading
2021-08-04 13:46:46,118:INFO: * Detected change in '/home/rabbia/To-DoList/run.py', reloading
2021-08-04 13:46:47,261:INFO: * Restarting with watchdog (inotify)
2021-08-04 13:46:47,862:WARNING: * Debugger is active!
2021-08-04 13:46:47,862:INFO: * Debugger PIN: 122-479-409
2021-08-04 13:46:53,461:INFO: * Detected change in '/home/rabbia/To-DoList/run.py', reloading
2021-08-04 13:46:53,462:INFO: * Detected change in '/home/rabbia/To-DoList/run.py', reloading
2021-08-04 13:46:53,496:INFO: * Detected change in '/home/rabbia/To-DoList/run.py', reloading
2021-08-04 13:46:54,642:INFO: * Restarting with watchdog (inotify)
2021-08-04 13:46:55,144:WARNING: * Debugger is active!
2021-08-04 13:46:55,144:INFO: * Debugger PIN: 122-479-409
2021-08-04 13:47:48,343:INFO: * Detected change in '/home/rabbia/To-DoList/app/celery_utils.py', reloading
2021-08-04 13:47:48,386:INFO: * Detected change in '/home/rabbia/To-DoList/app/celery_utils.py', reloading
2021-08-04 13:47:49,512:INFO: * Restarting with watchdog (inotify)
2021-08-04 13:47:50,174:WARNING: * Debugger is active!
2021-08-04 13:47:50,174:INFO: * Debugger PIN: 122-479-409
2021-08-04 14:20:34,386:INFO: * Running on http://127.0.0.1:5000/ (Press CTRL+C to quit)
2021-08-04 14:20:34,394:INFO: * Restarting with watchdog (inotify)
2021-08-04 14:20:34,924:WARNING: * Debugger is active!
2021-08-04 14:20:34,924:INFO: * Debugger PIN: 122-479-409
2021-08-04 14:30:39,668:INFO: * Running on http://127.0.0.1:5000/ (Press CTRL+C to quit)
2021-08-04 14:30:39,684:INFO: * Restarting with watchdog (inotify)
2021-08-04 14:30:40,172:WARNING: * Debugger is active!
2021-08-04 14:30:40,173:INFO: * Debugger PIN: 122-479-409
2021-08-04 14:31:33,865:INFO: * Detected change in '/home/rabbia/.local/lib/python3.8/site-packages/Levenshtein/StringMatcher.py', reloading
2021-08-04 14:31:33,865:INFO: * Detected change in '/home/rabbia/.local/lib/python3.8/site-packages/Levenshtein/StringMatcher.py', reloading
2021-08-04 14:31:33,865:INFO: * Detected change in '/home/rabbia/.local/lib/python3.8/site-packages/Levenshtein/StringMatcher.py', reloading
2021-08-04 14:31:33,866:INFO: * Detected change in '/home/rabbia/.local/lib/python3.8/site-packages/Levenshtein/__init__.py', reloading
2021-08-04 14:31:33,866:INFO: * Detected change in '/home/rabbia/.local/lib/python3.8/site-packages/Levenshtein/__init__.py', reloading
2021-08-04 14:31:33,867:INFO: * Detected change in '/home/rabbia/.local/lib/python3.8/site-packages/Levenshtein/__init__.py', reloading
2021-08-04 14:31:35,101:INFO: * Restarting with watchdog (inotify)
2021-08-04 14:31:35,592:WARNING: * Debugger is active!
2021-08-04 14:31:35,592:INFO: * Debugger PIN: 122-479-409
2021-08-04 14:31:48,221:INFO: * Running on http://127.0.0.1:5000/ (Press CTRL+C to quit)
2021-08-04 14:31:48,227:INFO: * Restarting with watchdog (inotify)
2021-08-04 14:31:48,706:WARNING: * Debugger is active!
2021-08-04 14:31:48,706:INFO: * Debugger PIN: 122-479-409
2021-08-04 14:32:27,757:INFO:127.0.0.1 - - [04/Aug/2021 14:32:27] "GET /process/Rabbia HTTP/1.1" 200 -
2021-08-04 14:32:42,121:INFO:127.0.0.1 - - [04/Aug/2021 14:32:42] "[31m[1mPOST /process/Rabbia HTTP/1.1[0m" 405 -
2021-08-04 14:32:46,133:INFO:127.0.0.1 - - [04/Aug/2021 14:32:46] "GET /process/Rabbia HTTP/1.1" 200 -
2021-08-04 14:37:03,976:INFO: * Detected change in '/home/rabbia/To-DoList/app/__init__.py', reloading
2021-08-04 14:37:04,001:INFO: * Detected change in '/home/rabbia/To-DoList/app/__init__.py', reloading
2021-08-04 14:37:04,024:INFO: * Detected change in '/home/rabbia/To-DoList/app/__init__.py', reloading
2021-08-04 14:37:05,228:INFO: * Restarting with watchdog (inotify)
2021-08-04 14:39:49,511:INFO: * Running on http://127.0.0.1:5000/ (Press CTRL+C to quit)
2021-08-04 14:39:49,518:INFO: * Restarting with watchdog (inotify)
2021-08-04 14:39:50,000:WARNING: * Debugger is active!
2021-08-04 14:39:50,001:INFO: * Debugger PIN: 122-479-409
2021-08-04 14:42:16,931:INFO:127.0.0.1 - - [04/Aug/2021 14:42:16] "GET /process/Rabbia HTTP/1.1" 200 -
2021-08-04 14:42:20,230:INFO:127.0.0.1 - - [04/Aug/2021 14:42:20] "GET /process/Rabbia HTTP/1.1" 200 -
2021-08-04 14:46:29,510:INFO:127.0.0.1 - - [04/Aug/2021 14:46:29] "GET /process/Rabbia HTTP/1.1" 200 -
2021-08-04 14:51:38,800:INFO: * Detected change in '/home/rabbia/To-DoList/celeryconfig.py', reloading
2021-08-04 14:51:38,801:INFO: * Detected change in '/home/rabbia/To-DoList/celeryconfig.py', reloading
2021-08-04 14:51:38,835:INFO: * Detected change in '/home/rabbia/To-DoList/celeryconfig.py', reloading
2021-08-04 14:51:39,995:INFO: * Restarting with watchdog (inotify)
2021-08-04 14:51:40,717:WARNING: * Debugger is active!
2021-08-04 14:51:40,718:INFO: * Debugger PIN: 122-479-409
2021-08-04 14:52:07,110:INFO: * Detected change in '/home/rabbia/To-DoList/app/__init__.py', reloading
2021-08-04 14:52:07,112:INFO: * Detected change in '/home/rabbia/To-DoList/app/__init__.py', reloading
2021-08-04 14:52:07,148:INFO: * Detected change in '/home/rabbia/To-DoList/app/__init__.py', reloading
2021-08-04 14:52:08,295:INFO: * Restarting with watchdog (inotify)
2021-08-04 14:52:08,818:WARNING: * Debugger is active!
2021-08-04 14:52:08,818:INFO: * Debugger PIN: 122-479-409
2021-08-04 15:04:22,504:INFO: * Detected change in '/home/rabbia/To-DoList/app/__init__.py', reloading
2021-08-04 15:04:22,505:INFO: * Detected change in '/home/rabbia/To-DoList/app/__init__.py', reloading
2021-08-04 15:04:22,542:INFO: * Detected change in '/home/rabbia/To-DoList/app/__init__.py', reloading
2021-08-04 15:04:23,674:INFO: * Restarting with watchdog (inotify)
2021-08-04 15:04:25,948:WARNING: * Debugger is active!
2021-08-04 15:04:25,948:INFO: * Debugger PIN: 122-479-409
2021-08-04 15:22:36,872:INFO:127.0.0.1 - - [04/Aug/2021 15:22:36] "GET /process/Rabbia HTTP/1.1" 200 -
2021-08-04 15:22:37,625:INFO:127.0.0.1 - - [04/Aug/2021 15:22:37] "GET /process/Rabbia HTTP/1.1" 200 -
2021-08-04 15:23:05,104:INFO: * Detected change in '/home/rabbia/To-DoList/insertion.py', reloading
2021-08-04 15:23:05,106:INFO: * Detected change in '/home/rabbia/To-DoList/insertion.py', reloading
2021-08-04 15:23:06,249:INFO: * Restarting with watchdog (inotify)
2021-08-04 15:23:07,013:WARNING: * Debugger is active!
2021-08-04 15:23:07,013:INFO: * Debugger PIN: 122-479-409
2021-08-04 15:25:45,377:INFO:127.0.0.1 - - [04/Aug/2021 15:25:45] "GET /process/Rabbia HTTP/1.1" 200 -
2021-08-04 15:25:47,022:INFO:127.0.0.1 - - [04/Aug/2021 15:25:47] "GET /process/Rabbia HTTP/1.1" 200 -
2021-08-04 15:26:10,920:INFO: * Detected change in '/home/rabbia/To-DoList/celeryconfig.py', reloading
2021-08-04 15:26:10,922:INFO: * Detected change in '/home/rabbia/To-DoList/celeryconfig.py', reloading
2021-08-04 15:26:10,962:INFO: * Detected change in '/home/rabbia/To-DoList/celeryconfig.py', reloading
2021-08-04 15:26:12,131:INFO: * Restarting with watchdog (inotify)
2021-08-04 15:26:12,753:WARNING: * Debugger is active!
2021-08-04 15:26:12,753:INFO: * Debugger PIN: 122-479-409
2021-08-04 15:26:15,597:INFO:127.0.0.1 - - [04/Aug/2021 15:26:15] "GET /process/Rabbia HTTP/1.1" 200 -
2021-08-04 15:27:11,263:INFO: * Detected change in '/home/rabbia/To-DoList/insertion.py', reloading
2021-08-04 15:27:11,265:INFO: * Detected change in '/home/rabbia/To-DoList/insertion.py', reloading
2021-08-04 15:27:11,296:INFO: * Detected change in '/home/rabbia/To-DoList/insertion.py', reloading
2021-08-04 15:27:12,464:INFO: * Restarting with watchdog (inotify)
2021-08-04 15:27:13,197:WARNING: * Debugger is active!
2021-08-04 15:27:13,198:INFO: * Debugger PIN: 122-479-409
2021-08-04 15:27:37,246:INFO:127.0.0.1 - - [04/Aug/2021 15:27:37] "GET /process/Rabbia HTTP/1.1" 200 -
2021-08-04 15:27:44,924:INFO:127.0.0.1 - - [04/Aug/2021 15:27:44] "GET /process/Rabbia HTTP/1.1" 200 -
2021-08-04 15:28:04,295:INFO: * Detected change in '/home/rabbia/To-DoList/insertion.py', reloading
2021-08-04 15:28:04,297:INFO: * Detected change in '/home/rabbia/To-DoList/insertion.py', reloading
2021-08-04 15:28:04,559:INFO: * Detected change in '/home/rabbia/To-DoList/insertion.py', reloading
2021-08-04 15:28:05,723:INFO: * Restarting with watchdog (inotify)
2021-08-04 15:28:06,295:WARNING: * Debugger is active!
2021-08-04 15:28:06,296:INFO: * Debugger PIN: 122-479-409
2021-08-04 15:35:05,019:INFO: * Running on http://127.0.0.1:5000/ (Press CTRL+C to quit)
2021-08-04 15:35:05,025:INFO: * Restarting with watchdog (inotify)
2021-08-04 15:35:05,503:WARNING: * Debugger is active!
2021-08-04 15:35:05,504:INFO: * Debugger PIN: 122-479-409
2021-08-04 15:36:24,732:INFO:127.0.0.1 - - [04/Aug/2021 15:36:24] "GET /process/Rabbia HTTP/1.1" 200 -
2021-08-04 15:36:25,590:INFO:127.0.0.1 - - [04/Aug/2021 15:36:25] "GET /process/Rabbia HTTP/1.1" 200 -
2021-08-04 15:37:45,574:INFO:127.0.0.1 - - [04/Aug/2021 15:37:45] "GET /process/Rabbia HTTP/1.1" 200 -
2021-08-04 15:37:46,901:INFO:127.0.0.1 - - [04/Aug/2021 15:37:46] "GET /process/Rabbia HTTP/1.1" 200 -
2021-08-04 15:40:38,065:INFO:127.0.0.1 - - [04/Aug/2021 15:40:38] "GET /process/Rabbia HTTP/1.1" 200 -
2021-08-04 15:40:38,835:INFO:127.0.0.1 - - [04/Aug/2021 15:40:38] "GET /process/Rabbia HTTP/1.1" 200 -
2021-08-04 15:42:32,255:INFO: * Detected change in '/home/rabbia/To-DoList/app/__init__.py', reloading
2021-08-04 15:42:32,255:INFO: * Detected change in '/home/rabbia/To-DoList/app/__init__.py', reloading
2021-08-04 15:42:33,388:INFO: * Restarting with watchdog (inotify)
2021-08-04 15:42:34,013:WARNING: * Debugger is active!
2021-08-04 15:42:34,014:INFO: * Debugger PIN: 122-479-409
2021-08-04 15:42:58,525:INFO: * Detected change in '/home/rabbia/To-DoList/app/__init__.py', reloading
2021-08-04 15:42:58,527:INFO: * Detected change in '/home/rabbia/To-DoList/app/__init__.py', reloading
2021-08-04 15:42:59,124:INFO: * Detected change in '/home/rabbia/To-DoList/app/__init__.py', reloading
2021-08-04 15:43:00,211:INFO: * Restarting with watchdog (inotify)
2021-08-04 15:43:00,763:WARNING: * Debugger is active!
2021-08-04 15:43:00,764:INFO: * Debugger PIN: 122-479-409
2021-08-04 16:36:38,167:INFO: * Running on http://127.0.0.1:5000/ (Press CTRL+C to quit)
2021-08-04 16:36:38,173:INFO: * Restarting with watchdog (inotify)
2021-08-04 16:36:38,653:WARNING: * Debugger is active!
2021-08-04 16:36:38,653:INFO: * Debugger PIN: 122-479-409
2021-08-04 16:37:49,560:INFO:127.0.0.1 - - [04/Aug/2021 16:37:49] "GET /process/Rabbia HTTP/1.1" 200 -
2021-08-09 10:34:03,155:INFO: * Running on http://127.0.0.1:5000/ (Press CTRL+C to quit)
2021-08-09 10:34:03,389:INFO: * Restarting with watchdog (inotify)
2021-08-09 10:34:03,894:WARNING: * Debugger is active!
2021-08-09 10:34:03,976:INFO: * Debugger PIN: 655-804-257
2021-08-09 10:34:40,534:INFO:127.0.0.1 - - [09/Aug/2021 10:34:40] "GET / HTTP/1.1" 200 -
2021-08-09 10:34:40,566:INFO:127.0.0.1 - - [09/Aug/2021 10:34:40] "GET /swaggerui/droid-sans.css HTTP/1.1" 200 -
2021-08-09 10:34:40,572:INFO:127.0.0.1 - - [09/Aug/2021 10:34:40] "GET /swaggerui/swagger-ui.css HTTP/1.1" 200 -
2021-08-09 10:34:40,573:INFO:127.0.0.1 - - [09/Aug/2021 10:34:40] "GET /swaggerui/swagger-ui-standalone-preset.js HTTP/1.1" 200 -
2021-08-09 10:34:40,574:INFO:127.0.0.1 - - [09/Aug/2021 10:34:40] "GET /swaggerui/swagger-ui-bundle.js HTTP/1.1" 200 -
2021-08-09 10:34:40,767:INFO:127.0.0.1 - - [09/Aug/2021 10:34:40] "GET /swagger.json HTTP/1.1" 200 -
2021-08-09 10:34:40,823:INFO:127.0.0.1 - - [09/Aug/2021 10:34:40] "GET /swaggerui/favicon-32x32.png HTTP/1.1" 200 -
2021-08-09 10:37:18,698:INFO: * Running on http://127.0.0.1:5000/ (Press CTRL+C to quit)
2021-08-09 10:37:18,704:INFO: * Restarting with watchdog (inotify)
2021-08-09 10:37:19,225:WARNING: * Debugger is active!
2021-08-09 10:37:19,226:INFO: * Debugger PIN: 655-804-257
2021-08-09 10:37:19,385:INFO:127.0.0.1 - - [09/Aug/2021 10:37:19] "GET / HTTP/1.1" 200 -
2021-08-09 10:37:19,428:INFO:127.0.0.1 - - [09/Aug/2021 10:37:19] "[36mGET /swaggerui/droid-sans.css HTTP/1.1[0m" 304 -
2021-08-09 10:37:19,431:INFO:127.0.0.1 - - [09/Aug/2021 10:37:19] "[36mGET /swaggerui/swagger-ui.css HTTP/1.1[0m" 304 -
2021-08-09 10:37:19,434:INFO:127.0.0.1 - - [09/Aug/2021 10:37:19] "[36mGET /swaggerui/swagger-ui-bundle.js HTTP/1.1[0m" 304 -
2021-08-09 10:37:19,435:INFO:127.0.0.1 - - [09/Aug/2021 10:37:19] "[36mGET /swaggerui/swagger-ui-standalone-preset.js HTTP/1.1[0m" 304 -
2021-08-09 10:37:19,641:INFO:127.0.0.1 - - [09/Aug/2021 10:37:19] "GET /swagger.json HTTP/1.1" 200 -
2021-08-09 10:37:19,693:INFO:127.0.0.1 - - [09/Aug/2021 10:37:19] "GET /swaggerui/favicon-32x32.png HTTP/1.1" 200 -
2021-08-09 10:37:21,774:INFO:127.0.0.1 - - [09/Aug/2021 10:37:21] "GET / HTTP/1.1" 200 -
2021-08-09 10:37:21,807:INFO:127.0.0.1 - - [09/Aug/2021 10:37:21] "[36mGET /swaggerui/swagger-ui.css HTTP/1.1[0m" 304 -
2021-08-09 10:37:21,810:INFO:127.0.0.1 - - [09/Aug/2021 10:37:21] "[36mGET /swaggerui/swagger-ui-bundle.js HTTP/1.1[0m" 304 -
2021-08-09 10:37:21,814:INFO:127.0.0.1 - - [09/Aug/2021 10:37:21] "[36mGET /swaggerui/droid-sans.css HTTP/1.1[0m" 304 -
2021-08-09 10:37:21,815:INFO:127.0.0.1 - - [09/Aug/2021 10:37:21] "[36mGET /swaggerui/swagger-ui-standalone-preset.js HTTP/1.1[0m" 304 -
2021-08-09 10:37:21,900:INFO:127.0.0.1 - - [09/Aug/2021 10:37:21] "GET /swagger.json HTTP/1.1" 200 -
2021-08-09 10:37:21,904:INFO:127.0.0.1 - - [09/Aug/2021 10:37:21] "GET /swaggerui/favicon-32x32.png HTTP/1.1" 200 -
2021-08-09 10:47:20,794:INFO: * Running on http://127.0.0.1:5000/ (Press CTRL+C to quit)
2021-08-09 10:47:20,799:INFO: * Restarting with watchdog (inotify)
2021-08-09 10:47:21,346:WARNING: * Debugger is active!
2021-08-09 10:47:21,346:INFO: * Debugger PIN: 655-804-257
2021-08-09 10:47:23,856:INFO:127.0.0.1 - - [09/Aug/2021 10:47:23] "GET / HTTP/1.1" 200 -
2021-08-09 10:47:23,900:INFO:127.0.0.1 - - [09/Aug/2021 10:47:23] "[36mGET /swaggerui/droid-sans.css HTTP/1.1[0m" 304 -
2021-08-09 10:47:23,901:INFO:127.0.0.1 - - [09/Aug/2021 10:47:23] "[36mGET /swaggerui/swagger-ui.css HTTP/1.1[0m" 304 -
2021-08-09 10:47:23,907:INFO:127.0.0.1 - - [09/Aug/2021 10:47:23] "[36mGET /swaggerui/swagger-ui-standalone-preset.js HTTP/1.1[0m" 304 -
2021-08-09 10:47:23,907:INFO:127.0.0.1 - - [09/Aug/2021 10:47:23] "[36mGET /swaggerui/swagger-ui-bundle.js HTTP/1.1[0m" 304 -
2021-08-09 10:47:23,979:INFO:127.0.0.1 - - [09/Aug/2021 10:47:23] "GET /swagger.json HTTP/1.1" 200 -
2021-08-09 10:47:23,982:INFO:127.0.0.1 - - [09/Aug/2021 10:47:23] "GET /swaggerui/favicon-32x32.png HTTP/1.1" 200 -
2021-08-09 10:47:50,273:INFO: * Running on http://127.0.0.1:5000/ (Press CTRL+C to quit)
2021-08-09 10:47:50,279:INFO: * Restarting with watchdog (inotify)
2021-08-09 10:47:50,786:WARNING: * Debugger is active!
2021-08-09 10:47:50,786:INFO: * Debugger PIN: 655-804-257
2021-08-09 10:47:53,680:INFO:127.0.0.1 - - [09/Aug/2021 10:47:53] "GET / HTTP/1.1" 200 -
2021-08-09 10:47:53,700:INFO:127.0.0.1 - - [09/Aug/2021 10:47:53] "[36mGET /swaggerui/swagger-ui.css HTTP/1.1[0m" 304 -
2021-08-09 10:47:53,703:INFO:127.0.0.1 - - [09/Aug/2021 10:47:53] "[36mGET /swaggerui/droid-sans.css HTTP/1.1[0m" 304 -
2021-08-09 10:47:53,707:INFO:127.0.0.1 - - [09/Aug/2021 10:47:53] "[36mGET /swaggerui/swagger-ui-bundle.js HTTP/1.1[0m" 304 -
2021-08-09 10:47:53,708:INFO:127.0.0.1 - - [09/Aug/2021 10:47:53] "[36mGET /swaggerui/swagger-ui-standalone-preset.js HTTP/1.1[0m" 304 -
2021-08-09 10:47:53,789:INFO:127.0.0.1 - - [09/Aug/2021 10:47:53] "GET /swagger.json HTTP/1.1" 200 -
2021-08-09 10:47:53,791:INFO:127.0.0.1 - - [09/Aug/2021 10:47:53] "GET /swaggerui/favicon-32x32.png HTTP/1.1" 200 -
